Prepared selective IQ3_XXS full-pool check: /home/yayoi/.local/state/strata-sycl/cpu-ggml-dot-gcc-probe/pool-iq3xxs
{"kind": "validation_passed", "baseline": {"summary": {"kind": "completed", "cases": 396, "finite_guard_checked_floats": 34412784}, "sha256": "24ac38306a79350a575a4bb6fd5c648ae7280f1f9ca9a7ef7fef636373f276f9", "bytes": 137651136}, "iq3xxs": {"summary": {"kind": "completed", "cases": 396, "finite_guard_checked_floats": 34412784}, "sha256": "24ac38306a79350a575a4bb6fd5c648ae7280f1f9ca9a7ef7fef636373f276f9", "bytes": 137651136}, "all_bits_equal": true}
{"kind": "case_completed", "layer": 0, "experts": 12, "pattern": 1, "process_round": 0, "median_speed_ratio": 0.963630146774094}
{"kind": "case_completed", "layer": 0, "experts": 12, "pattern": 2, "process_round": 0, "median_speed_ratio": 0.9863198617060936}
{"kind": "case_completed", "layer": 0, "experts": 12, "pattern": 4, "process_round": 0, "median_speed_ratio": 0.9782023940266138}
{"kind": "case_completed", "layer": 0, "experts": 12, "pattern": -4, "process_round": 0, "median_speed_ratio": 0.9568860982477029}
{"kind": "case_completed", "layer": 0, "experts": 48, "pattern": 1, "process_round": 0, "median_speed_ratio": 1.046620303298205}
{"kind": "case_completed", "layer": 0, "experts": 48, "pattern": 2, "process_round": 0, "median_speed_ratio": 1.0018316602098298}
{"kind": "case_completed", "layer": 0, "experts": 48, "pattern": 4, "process_round": 0, "median_speed_ratio": 0.9850940621316855}
{"kind": "case_completed", "layer": 0, "experts": 48, "pattern": -4, "process_round": 0, "median_speed_ratio": 1.0533294731118084}
{"kind": "case_completed", "layer": 46, "experts": 12, "pattern": 1, "process_round": 0, "median_speed_ratio": 1.0847695759554814}
{"kind": "case_completed", "layer": 46, "experts": 12, "pattern": 2, "process_round": 0, "median_speed_ratio": 0.9832136337805766}
{"kind": "case_completed", "layer": 46, "experts": 12, "pattern": 4, "process_round": 0, "median_speed_ratio": 0.9774558584680406}
{"kind": "case_completed", "layer": 46, "experts": 12, "pattern": -4, "process_round": 0, "median_speed_ratio": 1.0339075854254844}
{"kind": "case_completed", "layer": 46, "experts": 48, "pattern": 1, "process_round": 0, "median_speed_ratio": 1.0093467594699075}
{"kind": "case_completed", "layer": 46, "experts": 48, "pattern": 2, "process_round": 0, "median_speed_ratio": 1.0093579777940713}
{"kind": "case_completed", "layer": 46, "experts": 48, "pattern": 4, "process_round": 0, "median_speed_ratio": 0.9864632649087233}
{"kind": "case_completed", "layer": 46, "experts": 48, "pattern": -4, "process_round": 0, "median_speed_ratio": 1.1279314493847314}
{"kind": "case_completed", "layer": 1, "experts": 12, "pattern": 1, "process_round": 0, "median_speed_ratio": 0.9621515224783354}
{"kind": "case_completed", "layer": 1, "experts": 12, "pattern": 2, "process_round": 0, "median_speed_ratio": 1.0482846179522824}
{"kind": "case_completed", "layer": 1, "experts": 12, "pattern": 4, "process_round": 0, "median_speed_ratio": 0.992122669269718}
{"kind": "case_completed", "layer": 1, "experts": 12, "pattern": -4, "process_round": 0, "median_speed_ratio": 1.0401232724836327}
{"kind": "case_completed", "layer": 1, "experts": 48, "pattern": 1, "process_round": 0, "median_speed_ratio": 1.016768653673424}
{"kind": "case_completed", "layer": 1, "experts": 48, "pattern": 2, "process_round": 0, "median_speed_ratio": 0.9937630829069685}
{"kind": "case_completed", "layer": 1, "experts": 48, "pattern": 4, "process_round": 0, "median_speed_ratio": 0.9704895263483825}
{"kind": "case_completed", "layer": 1, "experts": 48, "pattern": -4, "process_round": 0, "median_speed_ratio": 0.958973246993824}
{"kind": "case_completed", "layer": 17, "experts": 12, "pattern": 1, "process_round": 0, "median_speed_ratio": 0.9921690669132136}
{"kind": "case_completed", "layer": 17, "experts": 12, "pattern": 2, "process_round": 0, "median_speed_ratio": 1.0264002948913855}
{"kind": "case_completed", "layer": 17, "experts": 12, "pattern": 4, "process_round": 0, "median_speed_ratio": 0.9960727254294057}
{"kind": "case_completed", "layer": 17, "experts": 12, "pattern": -4, "process_round": 0, "median_speed_ratio": 1.0218426939116239}
{"kind": "case_completed", "layer": 17, "experts": 48, "pattern": 1, "process_round": 0, "median_speed_ratio": 0.9990906002804225}
{"kind": "case_completed", "layer": 17, "experts": 48, "pattern": 2, "process_round": 0, "median_speed_ratio": 0.9681966107205545}
{"kind": "case_completed", "layer": 17, "experts": 48, "pattern": 4, "process_round": 0, "median_speed_ratio": 0.9819720145174645}
{"kind": "case_completed", "layer": 17, "experts": 48, "pattern": -4, "process_round": 0, "median_speed_ratio": 0.9634696664000026}
{"kind": "case_completed", "layer": 0, "experts": 12, "pattern": 1, "process_round": 1, "median_speed_ratio": 1.06548493923755}
{"kind": "case_completed", "layer": 0, "experts": 12, "pattern": 2, "process_round": 1, "median_speed_ratio": 0.9730963592566668}
{"kind": "case_completed", "layer": 0, "experts": 12, "pattern": 4, "process_round": 1, "median_speed_ratio": 0.9600115757424648}
{"kind": "case_completed", "layer": 0, "experts": 12, "pattern": -4, "process_round": 1, "median_speed_ratio": 1.0297717319839816}
{"kind": "case_completed", "layer": 0, "experts": 48, "pattern": 1, "process_round": 1, "median_speed_ratio": 0.9524684374656153}
{"kind": "case_completed", "layer": 0, "experts": 48, "pattern": 2, "process_round": 1, "median_speed_ratio": 0.9476435187200498}
{"kind": "case_completed", "layer": 0, "experts": 48, "pattern": 4, "process_round": 1, "median_speed_ratio": 0.9825174569983998}
{"kind": "case_completed", "layer": 0, "experts": 48, "pattern": -4, "process_round": 1, "median_speed_ratio": 0.9884845797089787}
{"kind": "case_completed", "layer": 46, "experts": 12, "pattern": 1, "process_round": 1, "median_speed_ratio": 1.026678775221}
{"kind": "case_completed", "layer": 46, "experts": 12, "pattern": 2, "process_round": 1, "median_speed_ratio": 0.9144770323457898}
{"kind": "case_completed", "layer": 46, "experts": 12, "pattern": 4, "process_round": 1, "median_speed_ratio": 0.9594056169084648}
{"kind": "case_completed", "layer": 46, "experts": 12, "pattern": -4, "process_round": 1, "median_speed_ratio": 0.9842113511239269}
{"kind": "case_completed", "layer": 46, "experts": 48, "pattern": 1, "process_round": 1, "median_speed_ratio": 1.0031131153868897}
{"kind": "case_completed", "layer": 46, "experts": 48, "pattern": 2, "process_round": 1, "median_speed_ratio": 1.0194075723002463}
{"kind": "case_completed", "layer": 46, "experts": 48, "pattern": 4, "process_round": 1, "median_speed_ratio": 0.9541448309136243}
{"kind": "case_completed", "layer": 46, "experts": 48, "pattern": -4, "process_round": 1, "median_speed_ratio": 1.0058915328612148}
{"kind": "case_completed", "layer": 1, "experts": 12, "pattern": 1, "process_round": 1, "median_speed_ratio": 0.9860480223045859}
{"kind": "case_completed", "layer": 1, "experts": 12, "pattern": 2, "process_round": 1, "median_speed_ratio": 0.9182353118636143}
{"kind": "case_completed", "layer": 1, "experts": 12, "pattern": 4, "process_round": 1, "median_speed_ratio": 1.1372016684982706}
{"kind": "case_completed", "layer": 1, "experts": 12, "pattern": -4, "process_round": 1, "median_speed_ratio": 0.9572228516852942}
{"kind": "case_completed", "layer": 1, "experts": 48, "pattern": 1, "process_round": 1, "median_speed_ratio": 0.9896842094602976}
{"kind": "case_completed", "layer": 1, "experts": 48, "pattern": 2, "process_round": 1, "median_speed_ratio": 0.969859487669981}
{"kind": "case_completed", "layer": 1, "experts": 48, "pattern": 4, "process_round": 1, "median_speed_ratio": 1.0185942486175732}
{"kind": "case_completed", "layer": 1, "experts": 48, "pattern": -4, "process_round": 1, "median_speed_ratio": 0.9198972203411213}
{"kind": "case_completed", "layer": 17, "experts": 12, "pattern": 1, "process_round": 1, "median_speed_ratio": 0.9894762498383912}
{"kind": "case_completed", "layer": 17, "experts": 12, "pattern": 2, "process_round": 1, "median_speed_ratio": 0.9606092418138511}
{"kind": "case_completed", "layer": 17, "experts": 12, "pattern": 4, "process_round": 1, "median_speed_ratio": 0.9893773904601026}
{"kind": "case_completed", "layer": 17, "experts": 12, "pattern": -4, "process_round": 1, "median_speed_ratio": 0.9788312192826599}
{"kind": "case_completed", "layer": 17, "experts": 48, "pattern": 1, "process_round": 1, "median_speed_ratio": 1.0010375091456873}
{"kind": "case_completed", "layer": 17, "experts": 48, "pattern": 2, "process_round": 1, "median_speed_ratio": 0.9918494012706477}
{"kind": "case_completed", "layer": 17, "experts": 48, "pattern": 4, "process_round": 1, "median_speed_ratio": 0.9433221564890003}
{"kind": "case_completed", "layer": 17, "experts": 48, "pattern": -4, "process_round": 1, "median_speed_ratio": 1.0699245336591707}
{"kind": "case_completed", "layer": 0, "experts": 12, "pattern": 1, "process_round": 2, "median_speed_ratio": 0.9717157081555157}
{"kind": "case_completed", "layer": 0, "experts": 12, "pattern": 2, "process_round": 2, "median_speed_ratio": 0.9577232931353457}
{"kind": "case_completed", "layer": 0, "experts": 12, "pattern": 4, "process_round": 2, "median_speed_ratio": 0.9505559689084943}
{"kind": "case_completed", "layer": 0, "experts": 12, "pattern": -4, "process_round": 2, "median_speed_ratio": 1.0493274453717434}
{"kind": "case_completed", "layer": 0, "experts": 48, "pattern": 1, "process_round": 2, "median_speed_ratio": 1.1269767056829085}
{"kind": "case_completed", "layer": 0, "experts": 48, "pattern": 2, "process_round": 2, "median_speed_ratio": 0.8854435261270922}
{"kind": "case_completed", "layer": 0, "experts": 48, "pattern": 4, "process_round": 2, "median_speed_ratio": 0.9164486356526957}
{"kind": "case_completed", "layer": 0, "experts": 48, "pattern": -4, "process_round": 2, "median_speed_ratio": 1.0430585244771964}
{"kind": "case_completed", "layer": 46, "experts": 12, "pattern": 1, "process_round": 2, "median_speed_ratio": 0.9825811632364859}
{"kind": "case_completed", "layer": 46, "experts": 12, "pattern": 2, "process_round": 2, "median_speed_ratio": 0.9906422297455268}
{"kind": "case_completed", "layer": 46, "experts": 12, "pattern": 4, "process_round": 2, "median_speed_ratio": 0.9325260356133036}
{"kind": "case_completed", "layer": 46, "experts": 12, "pattern": -4, "process_round": 2, "median_speed_ratio": 0.9455397262227698}
{"kind": "case_completed", "layer": 46, "experts": 48, "pattern": 1, "process_round": 2, "median_speed_ratio": 0.9590531222621269}
{"kind": "case_completed", "layer": 46, "experts": 48, "pattern": 2, "process_round": 2, "median_speed_ratio": 1.020840253306662}
{"kind": "case_completed", "layer": 46, "experts": 48, "pattern": 4, "process_round": 2, "median_speed_ratio": 0.9580253892637858}
{"kind": "case_completed", "layer": 46, "experts": 48, "pattern": -4, "process_round": 2, "median_speed_ratio": 1.0588371749312262}
{"kind": "case_completed", "layer": 1, "experts": 12, "pattern": 1, "process_round": 2, "median_speed_ratio": 0.9459611058678679}
{"kind": "case_completed", "layer": 1, "experts": 12, "pattern": 2, "process_round": 2, "median_speed_ratio": 1.0306470447715463}
{"kind": "case_completed", "layer": 1, "experts": 12, "pattern": 4, "process_round": 2, "median_speed_ratio": 1.0490949590841263}
{"kind": "case_completed", "layer": 1, "experts": 12, "pattern": -4, "process_round": 2, "median_speed_ratio": 0.8119841579091329}
{"kind": "case_completed", "layer": 1, "experts": 48, "pattern": 1, "process_round": 2, "median_speed_ratio": 0.9943230115269002}
{"kind": "case_completed", "layer": 1, "experts": 48, "pattern": 2, "process_round": 2, "median_speed_ratio": 0.9407034036085734}
{"kind": "case_completed", "layer": 1, "experts": 48, "pattern": 4, "process_round": 2, "median_speed_ratio": 1.028979130180423}
{"kind": "case_completed", "layer": 1, "experts": 48, "pattern": -4, "process_round": 2, "median_speed_ratio": 0.9993367546688514}
{"kind": "case_completed", "layer": 17, "experts": 12, "pattern": 1, "process_round": 2, "median_speed_ratio": 1.0292966185866326}
{"kind": "case_completed", "layer": 17, "experts": 12, "pattern": 2, "process_round": 2, "median_speed_ratio": 0.9557564854674823}
{"kind": "case_completed", "layer": 17, "experts": 12, "pattern": 4, "process_round": 2, "median_speed_ratio": 0.9929704607682166}
{"kind": "case_completed", "layer": 17, "experts": 12, "pattern": -4, "process_round": 2, "median_speed_ratio": 0.9887411885523842}
{"kind": "case_completed", "layer": 17, "experts": 48, "pattern": 1, "process_round": 2, "median_speed_ratio": 0.9982570770475325}
{"kind": "case_completed", "layer": 17, "experts": 48, "pattern": 2, "process_round": 2, "median_speed_ratio": 0.9987432458468287}
{"kind": "case_completed", "layer": 17, "experts": 48, "pattern": 4, "process_round": 2, "median_speed_ratio": 0.989973322554972}
{"kind": "case_completed", "layer": 17, "experts": 48, "pattern": -4, "process_round": 2, "median_speed_ratio": 0.9443002160391103}
{"kind": "completed", "paired_cases": 32, "pairs": 864}
