{
  "scope": "CPU stub 262144-cell normal-MTP serve correctness, warnings/validation/layer progress, owned GDB/PTY, full and clipped tails, invalid-request refusals and subsequent valid request; not throughput or general hang prevention",
  "started_utc": "2026-10-07T00:39:48.009067+00:00",
  "boot_id": "0a908c16-e292-4299-80ff-082da39f4bb9",
  "active": false,
  "completed": false,
  "healthy": false,
  "requests": [
    {
      "name": "fills-context",
      "input_tokens": 262140,
      "max_new": 4,
      "ids": [
        100,
        101,
        102,
        103
      ],
      "logprobs": [
        "LP -0.5 100:-0.5",
        "LP -0.5 101:-0.5",
        "LP -0.5 102:-0.5",
        "LP -0.5 103:-0.5"
      ],
      "protocol": [
        "REUSED 0",
        "T 100",
        "LP -0.5 100:-0.5",
        "T 101",
        "LP -0.5 101:-0.5",
        "T 102",
        "LP -0.5 102:-0.5",
        "T 103",
        "LP -0.5 103:-0.5",
        "DONE 4 262140 1.0 1.0 length 0 0 0 0 0 0 0 0.0 262140 0"
      ],
      "request_sha256": "ad6f45a39782ff99d0e3447a3b569d4d6eae10e521b3b028d3d9d3c3ccc6a759",
      "diagnostic_request_seconds": 0.02491992800059961,
      "verify_windows": [
        [
          262139,
          1
        ],
        [
          262140,
          4
        ]
      ],
      "draft_releases": 1,
      "draft_restores": 1,
      "head": {
        "bytes": 993280,
        "floats": 248320,
        "sha256": "895365e27ed4255bccdcabe85bebf7c22aaaeebab375264d8e90eae30dc28399"
      },
      "last_executed_kv_cell": 262143
    },
    {
      "name": "fills-context-tail-2",
      "input_tokens": 262142,
      "max_new": 2,
      "ids": [
        100,
        101
      ],
      "logprobs": [
        "LP -0.5 100:-0.5",
        "LP -0.5 101:-0.5"
      ],
      "protocol": [
        "REUSED 0",
        "T 100",
        "LP -0.5 100:-0.5",
        "T 101",
        "LP -0.5 101:-0.5",
        "DONE 2 262142 1.0 1.0 length 0 0 0 0 0 0 0 0.0 262142 0"
      ],
      "request_sha256": "135f12877e94f3c264d2e592b33200d2494740a2350645f7a33dabe12c022df3",
      "diagnostic_request_seconds": 0.012358987998595694,
      "verify_windows": [
        [
          262141,
          1
        ],
        [
          262142,
          2
        ]
      ],
      "draft_releases": 1,
      "draft_restores": 1,
      "head": {
        "bytes": 993280,
        "floats": 248320,
        "sha256": "895365e27ed4255bccdcabe85bebf7c22aaaeebab375264d8e90eae30dc28399"
      },
      "last_executed_kv_cell": 262143,
      "clipped_verify_tail": 2,
      "cli_head_equal": true,
      "cli_ids_equal": true
    },
    {
      "name": "no-room",
      "input_tokens": 262144,
      "max_new": 1,
      "ids": [],
      "logprobs": [],
      "protocol": [
        "ERR prompt (262144 tokens) + max_new (1) exceeds the context (262144)"
      ],
      "request_sha256": "02ca84ff65f144eb74946a55d3d96dfaa8a288912f75f9bee2d039b209b8468d",
      "diagnostic_request_seconds": 0.011398626000300283,
      "verify_windows": [],
      "draft_releases": 0,
      "draft_restores": 0
    },
    {
      "name": "one-too-many",
      "input_tokens": 262142,
      "max_new": 3,
      "ids": [],
      "logprobs": [],
      "protocol": [
        "ERR prompt (262142 tokens) + max_new (3) exceeds the context (262144)"
      ],
      "request_sha256": "e4e0dcb26c867c8d62aa154dc9864ecaf978841d50e0feb669b8885849330de3",
      "diagnostic_request_seconds": 0.011841020001156721,
      "verify_windows": [],
      "draft_releases": 0,
      "draft_restores": 0
    },
    {
      "name": "works-after-refusal",
      "input_tokens": 37,
      "max_new": 2,
      "ids": [
        100,
        101
      ],
      "logprobs": [
        "LP -0.5 100:-0.5",
        "LP -0.5 101:-0.5"
      ],
      "protocol": [
        "REUSED 0",
        "T 100",
        "LP -0.5 100:-0.5",
        "T 101",
        "LP -0.5 101:-0.5",
        "DONE 2 37 1.0 1.0 length 0 0 0 0 0 0 0 0.0 37 0"
      ],
      "request_sha256": "248464d66cd8ccd017f2d0ab9b13141cdfc3f0d5c9fbcadb9e9ab32f4272be46",
      "diagnostic_request_seconds": 0.010338644999137614,
      "verify_windows": [
        [
          36,
          1
        ],
        [
          37,
          4
        ]
      ],
      "draft_releases": 1,
      "draft_restores": 1,
      "head": {
        "bytes": 993280,
        "floats": 248320,
        "sha256": "895365e27ed4255bccdcabe85bebf7c22aaaeebab375264d8e90eae30dc28399"
      }
    }
  ],
  "snapshots": [
    null
  ],
  "deadline_seconds": 7200,
  "protocol_timeout_seconds": 5,
  "write_timeout_seconds": 5,
  "shutdown_timeout_seconds": 0.5,
  "log_limit_bytes": 536870912,
  "binary_sha256": "3d55ae40bb63273e670709c1fd6ef68664f136804247d6c196183c8d2ddb7bea",
  "source_fixture_sha256": "80807e77981fabfb7ae0e97eb23e683b77e8874c53936f4c7dd4edbf65ba124d",
  "source_sha256": {
    "/tmp/strata-capacity-cpu-5to260oo/quit-writes/controller.py": "16007529cb9c55065b1234a4f72ec7e0ce1199eb974b7843b95230980d241917",
    "/tmp/strata-capacity-cpu-5to260oo/root/sycl/tools/recover-xe.sh": "7a32457366c3a08aaab3d5ebc9d97bf5bc7ab7ced7cea49efd8df30301e9a710",
    "/tmp/strata-capacity-cpu-5to260oo/root/sycl/tools/owned_gdb.py": "547838e423525c824b7c033f7490153f8174d772e7c8f736c2f9255b50de758c",
    "/tmp/strata-capacity-cpu-5to260oo/root/sycl/src/program/generate.cpp": "827344edf4ac57e28630301e150472dcf99a18d4c37ad8aeaee8683e8506bb9a",
    "/tmp/strata-capacity-cpu-5to260oo/root/sycl/src/prefill/prefill.cpp": "827344edf4ac57e28630301e150472dcf99a18d4c37ad8aeaee8683e8506bb9a",
    "/tmp/strata-capacity-cpu-5to260oo/quit-writes/read-csr.gdb": "5f9d4531b9da2395703aded9caea32af212c7a5f48e52195d93009a530768e9b"
  },
  "assistant_suffix": [
    248046,
    198,
    248045,
    74455,
    198,
    248068,
    198,
    248069,
    271
  ],
  "capacity": 262144,
  "elapsed_seconds": 6.411890736002533,
  "active_request": null,
  "preflight_fault_messages": [],
  "startup": [
    "READY 262144 stop"
  ],
  "latest_metrics": {
    "pid": 1425542,
    "start_ticks": 2326722,
    "state": "S",
    "minor_faults": 14300,
    "major_faults": 0,
    "user_ticks": 4,
    "system_ticks": 4,
    "io": {
      "rchar": 4756382,
      "wchar": 1987228,
      "syscr": 1500,
      "syscw": 28,
      "read_bytes": 2276864,
      "write_bytes": 0,
      "cancelled_write_bytes": 0
    },
    "gpu": [],
    "elapsed_seconds": 5.125786624001194
  },
  "unchanged_progress_seconds": 6.209993443917483e-07,
  "inferior": {
    "pid": 1425542,
    "start_ticks": 2326722,
    "state": "t"
  },
  "debugger": {
    "pid": 1425531,
    "start_ticks": 2326715,
    "state": "R"
  },
  "ready_capacity": 262144,
  "error": "AssertionError()",
  "exit_code": 0,
  "exit_signal": null,
  "cleanup": {
    "forced": false,
    "inferior_survived": false,
    "gdb_survived": false
  },
  "new_fault_messages": [],
  "finished_utc": "2026-10-07T00:39:54.421008+00:00"
}
