{
  "scope": "Actual 262144-cell normal-MTP serve with the installed legacy Level Zero adapter, copy engines off and no expert backpressure; baseline full-cell CLI already passed but this candidate CLI remains pending; owned GDB/PTY and warning/validation/progress profile; no throughput or prevention claim",
  "started_utc": "2026-10-07T02:20:46.254400+00:00",
  "boot_id": "0a908c16-e292-4299-80ff-082da39f4bb9",
  "active": false,
  "completed": false,
  "healthy": false,
  "requests": [],
  "snapshots": [
    {
      "label": "failure",
      "stop": "*stopped,reason=\"signal-received\",signal-name=\"SIGABRT\",signal-meaning=\"Aborted\",frame={addr=\"0x00007fffdc659c0c\",func=\"__pthread_kill_implementation\",args=[{name=\"no_tid\",value=\"0\"},{name=\"signo\",value=\"6\"},{name=\"threadid\",value=\"<optimized out>\"}],file=\"./nptl/pthread_kill.c\",fullname=\"./nptl/./nptl/pthread_kill.c\",line=\"44\",arch=\"i386:x86-64\"},thread-id=\"34\",stopped-threads=\"all\",core=\"0\"",
      "path": "/home/yayoi/.local/state/strata-sycl/post-reboot-tuning-20261007/full-context-legacy-l0-serve/debugger/failure.mi.txt",
      "resumed": false,
      "register_thread_id": "34",
      "main_thread_id": "1",
      "main_registers_captured": true,
      "main_stack_words_captured": true,
      "main_instructions_captured": true,
      "capture_errors": [],
      "read_only_csr_dump": "/home/yayoi/.local/state/strata-sycl/post-reboot-tuning-20261007/full-context-legacy-l0-serve/debugger/failure.csr.mi.txt",
      "submission_counter": null,
      "syscall_eagain": false
    }
  ],
  "deadline_seconds": 10800,
  "protocol_timeout_seconds": 5400,
  "write_timeout_seconds": 30,
  "shutdown_timeout_seconds": 30,
  "log_limit_bytes": 1610612736,
  "baseline_cli_binary_sha256": "b81a7d6fbc1c6d524cf3b64e196f5866c91ec56c76e460a66b63b28ce3aed461",
  "binary_sha256": "a63f66eb289afa8b406434ccd7996b171fa93965e10b06eb7ba5decf528dab1c",
  "source_fixture_sha256": "cc29e4427bcacb21c9f7df2d1f1a7d41897fce5bd76a8ca43d8c3c34d914dd2a",
  "adapter_sha256": "ec3e2a2672db65f99c0d55b233f42602a8415ab19c177c4330f2e5ed5a78eedf",
  "source_sha256": {
    "/home/yayoi/.local/state/strata-sycl/post-reboot-tuning-20261007/run_full_legacy_l0_serve.py": "d02d5a62656c3a321c335f5860f761056118007a20dd33339987152208f67348",
    "/home/yayoi/ghq/github.com/yqYo1/Strata/.worktree/sync-upstream-2026-10-05/sycl/tools/recover-xe.sh": "2f90005f79d2309747d917cff51dc53d8ee6192d68cb1feca074f84af8b0796c",
    "/home/yayoi/ghq/github.com/yqYo1/Strata/.worktree/sync-upstream-2026-10-05/sycl/tools/owned_gdb.py": "61e1d206bf57bb320051cdd65943d23722bc523a602d80c54b7e7a2ad0d3f0d1",
    "/home/yayoi/ghq/github.com/yqYo1/Strata/.worktree/sync-upstream-2026-10-05/sycl/src/program/generate.cpp": "4e170cf0c06d6100debd3b447991291fb42431afc43fa0c240fe6559dcb1b4fd",
    "/home/yayoi/ghq/github.com/yqYo1/Strata/.worktree/sync-upstream-2026-10-05/sycl/src/prefill/prefill.cpp": "c7ba0822a4f67b9a308eda8024d684e695c5b7ce5ba359143d790e2b9789243c",
    "/home/yayoi/.local/state/strata-sycl/post-reboot-tuning-20261007/read-csr-wait.gdb": "b7245a5792f60cfd6e09f59d5ad30868ac5743a34232001360f0613a4785a7df"
  },
  "assistant_suffix": [
    248046,
    198,
    248045,
    74455,
    198,
    248068,
    198,
    248069,
    271
  ],
  "capacity": 262144,
  "elapsed_seconds": 183.79631764000078,
  "active_request": "fills-context",
  "preflight_fault_messages": [],
  "startup": [
    "INFO context=262144 kv=int8 kv_resident=0 expert_slots=128 expert_cache_mib=325 expert_slots_primary=128 expert_cache_primary_mib=325 spec=4 mtp_max=0 lookup=0 vram_free_mib=41 cvec=0 arena_mib=47962 pool_workers=5 pcie_frac=0.00 spec_min_p=0.00 conversation_cache_mib=0 conversation_cache_slots=4 conversation_cache_min_free_mib=2560 tail_role_token=-1 vram_elastic=1 engine=0.1.39-sycl",
    "READY 262144 stop"
  ],
  "latest_metrics": {
    "pid": 1784070,
    "start_ticks": 2932629,
    "state": "R",
    "minor_faults": 15574615,
    "major_faults": 0,
    "user_ticks": 8793,
    "system_ticks": 6848,
    "io": {
      "rchar": 55123194635,
      "wchar": 112520,
      "syscr": 596248,
      "syscw": 1519,
      "read_bytes": 135100890624,
      "write_bytes": 112105,
      "cancelled_write_bytes": 0
    },
    "gpu": [
      {
        "fd": "5",
        "raw": "pos:\t0\nflags:\t02100002\nmnt_id:\t30\nino:\t1161\ndrm-driver:\txe\ndrm-client-id:\t663\ndrm-pdev:\t0000:05:00.0\ndrm-total-system:\t125824 KiB\ndrm-shared-system:\t0\ndrm-active-system:\t0\ndrm-resident-system:\t0\ndrm-purgeable-system:\t0\ndrm-total-gtt:\t555048 KiB\ndrm-shared-gtt:\t0\ndrm-active-gtt:\t0\ndrm-resident-gtt:\t555048 KiB\ndrm-total-vram0:\t10366100 KiB\ndrm-shared-vram0:\t0\ndrm-active-vram0:\t0\ndrm-resident-vram0:\t10366100 KiB\ndrm-total-stolen:\t0\ndrm-shared-stolen:\t0\ndrm-active-stolen:\t0\ndrm-resident-stolen:\t0\ndrm-cycles-rcs:\t0\ndrm-total-cycles-rcs:\t566795446428\ndrm-cycles-vcs:\t0\ndrm-total-cycles-vcs:\t566795446428\ndrm-engine-capacity-vcs:\t2\ndrm-cycles-vecs:\t0\ndrm-total-cycles-vecs:\t566795446428\ndrm-engine-capacity-vecs:\t2\ndrm-cycles-bcs:\t0\ndrm-total-cycles-bcs:\t566795446428\ndrm-cycles-ccs:\t1750976095\ndrm-total-cycles-ccs:\t566795446428\n"
      }
    ],
    "elapsed_seconds": 171.63859612599845
  },
  "unchanged_progress_seconds": 6.510017556138337e-07,
  "inferior": {
    "pid": 1784070,
    "start_ticks": 2932629,
    "state": "t"
  },
  "debugger": {
    "pid": 1784051,
    "start_ticks": 2932621,
    "state": "R"
  },
  "ready_capacity": 262144,
  "error": "RuntimeError('Inferior stopped: *stopped,reason=\"signal-received\",signal-name=\"SIGABRT\",signal-meaning=\"Aborted\",frame={addr=\"0x00007fffdc659c0c\",func=\"__pthread_kill_implementation\",args=[{name=\"no_tid\",value=\"0\"},{name=\"signo\",value=\"6\"},{name=\"threadid\",value=\"<optimized out>\"}],file=\"./nptl/pthread_kill.c\",fullname=\"./nptl/./nptl/pthread_kill.c\",line=\"44\",arch=\"i386:x86-64\"},thread-id=\"34\",stopped-threads=\"all\",core=\"0\"')",
  "exit_code": null,
  "exit_signal": null,
  "cleanup": {
    "forced": true,
    "inferior_survived": false,
    "gdb_survived": false
  },
  "new_fault_messages": [],
  "finished_utc": "2026-10-07T02:23:50.050760+00:00"
}
