{
  "scope": "One bounded logged B570 H2D/kernel/D2H probe after the one-expert queue-wait normal-MTP watchdog-abort cleanup; no reset or service/driver changes",
  "healthy": true,
  "started_utc": "2026-10-07T02:06:21.778443+00:00",
  "boot_id": "0a908c16-e292-4299-80ff-082da39f4bb9",
  "helper_sha256": "2f90005f79d2309747d917cff51dc53d8ee6192d68cb1feca074f84af8b0796c",
  "source_sha256": "d4f5f910d434849e74da1b7b61fdff1ad6b05834edb4689a2d00e35eb1aec6bf",
  "NEO_environment": {
    "NEOReadDebugKeys": "1",
    "EnableDirectSubmission": "0"
  },
  "binary_sha256": "7375211a3a97a2b284215dcdad6ba652fc9af2fa2e1a92bc47361e3893931d3b",
  "steps": [
    {
      "label": "health-runtime",
      "argv": [
        "/usr/bin/python3",
        "-c",
        "import ctypes,sys; ctypes.CDLL(sys.argv[1])",
        "/opt/intel/oneapi/compiler/2026.1/lib/libur_adapter_level_zero_v2.so.0"
      ],
      "pid": 1733411,
      "exit_code": 0,
      "timed_out": false,
      "still_alive": false,
      "elapsed_seconds": 0.05079930099964258
    },
    {
      "label": "before-health-cursor",
      "argv": [
        "/usr/bin/journalctl",
        "-k",
        "-n",
        "0",
        "--show-cursor",
        "--no-pager"
      ],
      "pid": 1733416,
      "exit_code": 0,
      "timed_out": false,
      "still_alive": false,
      "elapsed_seconds": 0.050710995001281844
    },
    {
      "label": "health",
      "argv": [
        "/home/yayoi/.local/bin/strata-xe-health",
        "0000:05:00.0"
      ],
      "pid": 1733419,
      "exit_code": 0,
      "timed_out": false,
      "still_alive": false,
      "elapsed_seconds": 0.2010757329990156
    },
    {
      "label": "health-kernel",
      "argv": [
        "/usr/bin/journalctl",
        "-k",
        "--after-cursor",
        "s=3ad31c4e321d43ad949846afdb43877a;i=bf06418;b=0a908c16e292429980ff082da39f4bb9;m=6a059410a;t=65d368fb527c7;x=87ad188a1a886434",
        "--no-pager",
        "-o",
        "short-iso-precise"
      ],
      "pid": 1733435,
      "exit_code": 0,
      "timed_out": false,
      "still_alive": false,
      "elapsed_seconds": 0.0507175870006904
    }
  ],
  "finished_utc": "2026-10-07T02:06:22.150456+00:00"
}
