	linux-vdso.so.1 (0x00007fe1dfeb5000)
	libze_loader.so.1 => /usr/lib/x86_64-linux-gnu/libze_loader.so.1 (0x00007fe1dfdee000)
	libmkl_sycl_blas.so.6 => /opt/intel/oneapi/mkl/2026.1/lib/libmkl_sycl_blas.so.6 (0x00007fe1dc117000)
	libmkl_sycl_lapack.so.6 => /opt/intel/oneapi/mkl/2026.1/lib/libmkl_sycl_lapack.so.6 (0x00007fe1da622000)
	libmkl_sycl_dft.so.6 => /opt/intel/oneapi/mkl/2026.1/lib/libmkl_sycl_dft.so.6 (0x00007fe1d837b000)
	libmkl_sycl_sparse.so.6 => /opt/intel/oneapi/mkl/2026.1/lib/libmkl_sycl_sparse.so.6 (0x00007fe1d4cdf000)
	libmkl_sycl_rng.so.6 => /opt/intel/oneapi/mkl/2026.1/lib/libmkl_sycl_rng.so.6 (0x00007fe1d0f8e000)
	libmkl_sycl_stats.so.6 => /opt/intel/oneapi/mkl/2026.1/lib/libmkl_sycl_stats.so.6 (0x00007fe1d0225000)
	libmkl_sycl_vm.so.6 => /opt/intel/oneapi/mkl/2026.1/lib/libmkl_sycl_vm.so.6 (0x00007fe1cc0fe000)
	libmkl_sycl_data_fitting.so.6 => /opt/intel/oneapi/mkl/2026.1/lib/libmkl_sycl_data_fitting.so.6 (0x00007fe1cbaa0000)
	libmkl_intel_lp64.so.3 => /opt/intel/oneapi/mkl/2026.1/lib/libmkl_intel_lp64.so.3 (0x00007fe1caa9b000)
	libmkl_sequential.so.3 => /opt/intel/oneapi/mkl/2026.1/lib/libmkl_sequential.so.3 (0x00007fe1c93c5000)
	libmkl_core.so.3 => /opt/intel/oneapi/mkl/2026.1/lib/libmkl_core.so.3 (0x00007fe1c4d88000)
	libstdc++.so.6 => /usr/lib/x86_64-linux-gnu/libstdc++.so.6 (0x00007fe1c4b0a000)
	libm.so.6 => /usr/lib/x86_64-linux-gnu/libm.so.6 (0x00007fe1c4a1f000)
	libgcc_s.so.1 => /usr/lib/x86_64-linux-gnu/libgcc_s.so.1 (0x00007fe1c49f1000)
	libsycl.so.9 => /opt/intel/oneapi/compiler/2026.1/lib/libsycl.so.9 (0x00007fe1c4615000)
	libOpenCL.so.1 => /opt/intel/oneapi/compiler/2026.1/lib/libOpenCL.so.1 (0x00007fe1c4601000)
	libc.so.6 => /usr/lib/x86_64-linux-gnu/libc.so.6 (0x00007fe1c43ee000)
	/lib64/ld-linux-x86-64.so.2 (0x00007fe1dfeb7000)
	libdl.so.2 => /usr/lib/x86_64-linux-gnu/libdl.so.2 (0x00007fe1c43e9000)
	libpthread.so.0 => /usr/lib/x86_64-linux-gnu/libpthread.so.0 (0x00007fe1c43e2000)
	libur_loader.so.0 => /opt/intel/oneapi/compiler/2026.1/lib/libur_loader.so.0 (0x00007fe1c361e000)
	libsvml.so => /opt/intel/oneapi/compiler/2026.1/lib/libsvml.so (0x00007fe1c1e6d000)
	libirng.so => /opt/intel/oneapi/compiler/2026.1/lib/libirng.so (0x00007fe1c1d74000)
	libimf.so => /opt/intel/oneapi/compiler/2026.1/lib/libimf.so (0x00007fe1c1925000)
	libintlc.so.5 => /opt/intel/oneapi/compiler/2026.1/lib/libintlc.so.5 (0x00007fe1c18c0000)
	librt.so.1 => /usr/lib/x86_64-linux-gnu/librt.so.1 (0x00007fe1c18bb000)
	libz.so.1 => /usr/lib/x86_64-linux-gnu/libz.so.1 (0x00007fe1c189f000)
