=thread-group-added,id="i1"
(gdb) 
1^done
(gdb) 
2^done
(gdb) 
3^done
(gdb) 
4^done
(gdb) 
5^done
(gdb) 
6^done
(gdb) 
7^done
(gdb) 
8^done
(gdb) 
9^done
(gdb) 
10^done
(gdb) 
=thread-group-started,id="i1",pid="1433932"
=thread-created,id="1",group-id="i1"
=library-loaded,id="/lib64/ld-linux-x86-64.so.2",target-name="/lib64/ld-linux-x86-64.so.2",host-name="/lib64/ld-linux-x86-64.so.2",symbols-loaded="0",thread-group="i1",ranges=[{from="0x00007ffff7fc6000",to="0x00007ffff7ff0195"}]
11^running
*running,thread-id="all"
(gdb) 
=library-loaded,id="/lib/x86_64-linux-gnu/libm.so.6",target-name="/lib/x86_64-linux-gnu/libm.so.6",host-name="/lib/x86_64-linux-gnu/libm.so.6",symbols-loaded="0",thread-group="i1",ranges=[{from="0x00007ffff7ec5420",to="0x00007ffff7f433a6"}]
=library-loaded,id="/lib/x86_64-linux-gnu/libz.so.1",target-name="/lib/x86_64-linux-gnu/libz.so.1",host-name="/lib/x86_64-linux-gnu/libz.so.1",symbols-loaded="0",thread-group="i1",ranges=[{from="0x00007ffff7e9b260",to="0x00007ffff7eacc60"}]
=library-loaded,id="/lib/x86_64-linux-gnu/libexpat.so.1",target-name="/lib/x86_64-linux-gnu/libexpat.so.1",host-name="/lib/x86_64-linux-gnu/libexpat.so.1",symbols-loaded="0",thread-group="i1",ranges=[{from="0x00007ffff7e6f210",to="0x00007ffff7e8d473"}]
=library-loaded,id="/lib/x86_64-linux-gnu/libc.so.6",target-name="/lib/x86_64-linux-gnu/libc.so.6",host-name="/lib/x86_64-linux-gnu/libc.so.6",symbols-loaded="0",thread-group="i1",ranges=[{from="0x00007ffff7c80800",to="0x00007ffff7e08039"}]
~"[Thread debugging using libthread_db enabled]\n"
~"Using host libthread_db library \"/lib/x86_64-linux-gnu/libthread_db.so.1\".\n"
=library-loaded,id="/usr/lib/python3.12/lib-dynload/_json.cpython-312-x86_64-linux-gnu.so",target-name="/usr/lib/python3.12/lib-dynload/_json.cpython-312-x86_64-linux-gnu.so",host-name="/usr/lib/python3.12/lib-dynload/_json.cpython-312-x86_64-linux-gnu.so",symbols-loaded="0",thread-group="i1",ranges=[{from="0x00007ffff7fa56a0",to="0x00007ffff7fab60d"}]
~"process 1433932 is executing new program: /usr/bin/python3.12\n"
=library-unloaded,id="/lib64/ld-linux-x86-64.so.2",target-name="/lib64/ld-linux-x86-64.so.2",host-name="/lib64/ld-linux-x86-64.so.2",thread-group="i1"
=library-unloaded,id="/lib/x86_64-linux-gnu/libm.so.6",target-name="/lib/x86_64-linux-gnu/libm.so.6",host-name="/lib/x86_64-linux-gnu/libm.so.6",thread-group="i1"
=library-unloaded,id="/lib/x86_64-linux-gnu/libz.so.1",target-name="/lib/x86_64-linux-gnu/libz.so.1",host-name="/lib/x86_64-linux-gnu/libz.so.1",thread-group="i1"
=library-unloaded,id="/lib/x86_64-linux-gnu/libexpat.so.1",target-name="/lib/x86_64-linux-gnu/libexpat.so.1",host-name="/lib/x86_64-linux-gnu/libexpat.so.1",thread-group="i1"
=library-unloaded,id="/lib/x86_64-linux-gnu/libc.so.6",target-name="/lib/x86_64-linux-gnu/libc.so.6",host-name="/lib/x86_64-linux-gnu/libc.so.6",thread-group="i1"
=library-unloaded,id="/usr/lib/python3.12/lib-dynload/_json.cpython-312-x86_64-linux-gnu.so",target-name="/usr/lib/python3.12/lib-dynload/_json.cpython-312-x86_64-linux-gnu.so",host-name="/usr/lib/python3.12/lib-dynload/_json.cpython-312-x86_64-linux-gnu.so",thread-group="i1"
=library-loaded,id="/lib64/ld-linux-x86-64.so.2",target-name="/lib64/ld-linux-x86-64.so.2",host-name="/lib64/ld-linux-x86-64.so.2",symbols-loaded="0",thread-group="i1",ranges=[{from="0x00007ffff7fc6000",to="0x00007ffff7ff0195"}]
=library-loaded,id="/lib/x86_64-linux-gnu/libm.so.6",target-name="/lib/x86_64-linux-gnu/libm.so.6",host-name="/lib/x86_64-linux-gnu/libm.so.6",symbols-loaded="0",thread-group="i1",ranges=[{from="0x00007ffff7ec5420",to="0x00007ffff7f433a6"}]
=library-loaded,id="/lib/x86_64-linux-gnu/libz.so.1",target-name="/lib/x86_64-linux-gnu/libz.so.1",host-name="/lib/x86_64-linux-gnu/libz.so.1",symbols-loaded="0",thread-group="i1",ranges=[{from="0x00007ffff7e9b260",to="0x00007ffff7eacc60"}]
=library-loaded,id="/lib/x86_64-linux-gnu/libexpat.so.1",target-name="/lib/x86_64-linux-gnu/libexpat.so.1",host-name="/lib/x86_64-linux-gnu/libexpat.so.1",symbols-loaded="0",thread-group="i1",ranges=[{from="0x00007ffff7e6f210",to="0x00007ffff7e8d473"}]
=library-loaded,id="/lib/x86_64-linux-gnu/libc.so.6",target-name="/lib/x86_64-linux-gnu/libc.so.6",host-name="/lib/x86_64-linux-gnu/libc.so.6",symbols-loaded="0",thread-group="i1",ranges=[{from="0x00007ffff7c80800",to="0x00007ffff7e08039"}]
~"[Thread debugging using libthread_db enabled]\n"
~"Using host libthread_db library \"/lib/x86_64-linux-gnu/libthread_db.so.1\".\n"
12^done
(gdb) 
~"\nProgram"
~" received signal SIGINT, Interrupt.\n"
~"0x00007ffff7d44b7a in __GI___clock_nanosleep (clock_id=1, flags=1, req=0x7fffffffe240, rem=0x0) at ../sysdeps/unix/sysv/linux/clock_nanosleep.c:78\n"
&"warning: 78\t../sysdeps/unix/sysv/linux/clock_nanosleep.c: No such file or directory\n"
*stopped,reason="signal-received",signal-name="SIGINT",signal-meaning="Interrupt",frame={addr="0x00007ffff7d44b7a",func="__GI___clock_nanosleep",args=[{name="clock_id",value="1"},{name="flags",value="1"},{name="req",value="0x7fffffffe240"},{name="rem",value="0x0"}],file="../sysdeps/unix/sysv/linux/clock_nanosleep.c",fullname="./time/../sysdeps/unix/sysv/linux/clock_nanosleep.c",line="78",arch="i386:x86-64"},thread-id="1",stopped-threads="all",core="0"
13^done,threads=[{id="1",target-id="Thread 0x7ffff7c57080 (LWP 1433932)",name="strata-prefill-",frame={level="0",addr="0x00007ffff7d44b7a",func="__GI___clock_nanosleep",args=[{name="clock_id",value="1"},{name="flags",value="1"},{name="req",value="0x7fffffffe240"},{name="rem",value="0x0"}],file="../sysdeps/unix/sysv/linux/clock_nanosleep.c",fullname="./time/../sysdeps/unix/sysv/linux/clock_nanosleep.c",line="78",arch="i386:x86-64"},state="stopped",core="0"}],current-thread-id="1"
(gdb) 
~"\nThread 1 (Thread 0x7ffff7c57080 (LWP 1433932) \"strata-prefill-\"):\n"
~"#0  0x00007ffff7d44b7a in __GI___clock_nanosleep (clock_id=1, flags=1, req=0x7fffffffe240, rem=0x0) at ../sysdeps/unix/sysv/linux/clock_nanosleep.c:78\n#1  0x000000000064dcaa in ?? ()\n#2  0x0000000000582082 in ?? ()\n#3  0x00000000005499b5 in PyObject_Vectorcall ()\n#4  0x00000000005d710f in _PyEval_EvalFrameDefault ()\n#5  0x00000000005d55eb in PyEval_EvalCode ()\n#6  0x0000000000608852 in ?? ()\n#7  0x00000000006b50d3 in ?? ()\n#8  0x00000000006b4e3a in _PyRun_SimpleFileObject ()\n#9  0x00000000006b4c6f in _PyRun_AnyFileObject ()\n#10 0x00000000006bccd5 in Py_RunMain ()\n#11 0x00000000006bc7bd in Py_BytesMain ()\n#12 0x00007ffff7c821ca in __libc_start_call_main (main=main@entry=0x5188c0, argc=argc@entry=39, argv=argv@entry=0x7fffffffe878) at ../sysdeps/nptl/libc_start_call_main.h:58\n#13 0x00007ffff7c8228b in __libc_start_main_impl (main=0x5188c0, argc=39, argv=0x7fffffffe878, init=<optimized out>, fini=<optimized out>, rtld_fini=<optimized out>, stack_end=0x7fffffffe868) at ../csu/libc-start.c:360\n#14 0x0000000000657a05 in _start ()\n"
14^done
(gdb) 
~"rax            0xfffffffffffffdfe  -514\n"
~"rbx            0x15588996f55f      23470009677151\n"
~"rcx            0x7ffff7d44b7a      140737351273338\n"
~"rdx            0x7fffffffe240      140737488347712\n"
~"rsi            0x1                 1\n"
~"rdi            0x1                 1\n"
~"rbp            0x7fffffffe220      0x7fffffffe220\n"
~"rsp            0x7fffffffe1b0      0x7fffffffe1b0\n"
~"r8             0x0                 0\n"
~"r9             0x0                 0\n"
~"r10            0x0                 0\n"
~"r11            0x202               514\n"
~"r12            0x7fffffffe240      140737488347712\n"
~"r13            0x1                 1\n"
~"r14            0x0                 0\n"
~"r15            0x0                 0\n"
~"rip            0x7ffff7d44b7a      0x7ffff7d44b7a <__GI___clock_nanosleep+90>\n"
~"eflags         0x202               [ IF ]\n"
~"cs             0x33                51\n"
~"ss             0x2b                43\n"
~"ds             0x0                 0\n"
~"es             0x0                 0\n"
~"fs             0x0                 0\n"
~"gs             0x0                 0\n"
~"fs_base        0x7ffff7c57080      140737350299776\n"
~"gs_base        0x0                 0\n"
15^done
(gdb) 
~"From                To                  Syms Read   Shared Object Library\n"
~"0x00007ffff7fc6000  0x00007ffff7ff0195  Yes         /lib64/ld-linux-x86-64.so.2\n"
~"0x00007ffff7ec5420  0x00007ffff7f433a6  Yes         /lib/x86_64-linux-gnu/libm.so.6\n"
~"0x00007ffff7e9b260  0x00007ffff7eacc60  Yes         /lib/x86_64-linux-gnu/libz.so.1\n"
~"0x00007ffff7e6f210  0x00007ffff7e8d473  Yes         /lib/x86_64-linux-gnu/libexpat.so.1\n"
~"0x00007ffff7c80800  0x00007ffff7e08039  Yes         /lib/x86_64-linux-gnu/libc.so.6\n"
16^done
(gdb) 
17^exit
=thread-exited,id="1",group-id="i1"
=thread-group-exited,id="i1"
