/usr/bin/ld: /tmp/icpx-47b1199604/iq_kernels-380f68.o: in function `strata::kernels::iq_set_old_kernels(bool)':
iq_kernels.dp.cpp:(.text+0x0): multiple definition of `strata::kernels::iq_set_old_kernels(bool)'; /home/yayoi/ghq/github.com/yqYo1/Strata/.worktree/sync-upstream-2026-10-05/build-sycl-refresh-20261007/libstrata_kernels.a(iq_kernels.dp.cpp.o):iq_kernels.dp.cpp:(.text+0x0): first defined here
/usr/bin/ld: /tmp/icpx-47b1199604/iq_kernels-380f68.o: in function `strata::kernels::iq_old_kernels()':
iq_kernels.dp.cpp:(.text+0x10): multiple definition of `strata::kernels::iq_old_kernels()'; /home/yayoi/ghq/github.com/yqYo1/Strata/.worktree/sync-upstream-2026-10-05/build-sycl-refresh-20261007/libstrata_kernels.a(iq_kernels.dp.cpp.o):iq_kernels.dp.cpp:(.text+0x10): first defined here
/usr/bin/ld: /tmp/icpx-47b1199604/iq_kernels-380f68.o: in function `strata::kernels::iq_supported(int)':
iq_kernels.dp.cpp:(.text+0x20): multiple definition of `strata::kernels::iq_supported(int)'; /home/yayoi/ghq/github.com/yqYo1/Strata/.worktree/sync-upstream-2026-10-05/build-sycl-refresh-20261007/libstrata_kernels.a(iq_kernels.dp.cpp.o):iq_kernels.dp.cpp:(.text+0x20): first defined here
/usr/bin/ld: /tmp/icpx-47b1199604/iq_kernels-380f68.o: in function `strata::kernels::embed_type_supported(int)':
iq_kernels.dp.cpp:(.text+0x60): multiple definition of `strata::kernels::embed_type_supported(int)'; /home/yayoi/ghq/github.com/yqYo1/Strata/.worktree/sync-upstream-2026-10-05/build-sycl-refresh-20261007/libstrata_kernels.a(iq_kernels.dp.cpp.o):iq_kernels.dp.cpp:(.text+0x60): first defined here
/usr/bin/ld: /tmp/icpx-47b1199604/iq_kernels-380f68.o: in function `strata::kernels::iq_row_bytes(int, long)':
iq_kernels.dp.cpp:(.text+0xb0): multiple definition of `strata::kernels::iq_row_bytes(int, long)'; /home/yayoi/ghq/github.com/yqYo1/Strata/.worktree/sync-upstream-2026-10-05/build-sycl-refresh-20261007/libstrata_kernels.a(iq_kernels.dp.cpp.o):iq_kernels.dp.cpp:(.text+0xb0): first defined here
/usr/bin/ld: /tmp/icpx-47b1199604/iq_kernels-380f68.o: in function `strata::kernels::quantize_q8_1_rows(float const*, long, long, void*, void*)':
iq_kernels.dp.cpp:(.text+0x230): multiple definition of `strata::kernels::quantize_q8_1_rows(float const*, long, long, void*, void*)'; /home/yayoi/ghq/github.com/yqYo1/Strata/.worktree/sync-upstream-2026-10-05/build-sycl-refresh-20261007/libstrata_kernels.a(iq_kernels.dp.cpp.o):iq_kernels.dp.cpp:(.text+0x230): first defined here
/usr/bin/ld: /tmp/icpx-47b1199604/iq_kernels-380f68.o: in function `strata::kernels::iq_mmvq(int, void const*, void const*, float*, int, int, int, void*)':
iq_kernels.dp.cpp:(.text+0x550): multiple definition of `strata::kernels::iq_mmvq(int, void const*, void const*, float*, int, int, int, void*)'; /home/yayoi/ghq/github.com/yqYo1/Strata/.worktree/sync-upstream-2026-10-05/build-sycl-refresh-20261007/libstrata_kernels.a(iq_kernels.dp.cpp.o):iq_kernels.dp.cpp:(.text+0x550): first defined here
/usr/bin/ld: /tmp/icpx-47b1199604/iq_kernels-380f68.o: in function `strata::kernels::iq_dequant_f16(int, void const*, long, unsigned short*, void*)':
iq_kernels.dp.cpp:(.text+0x4460): multiple definition of `strata::kernels::iq_dequant_f16(int, void const*, long, unsigned short*, void*)'; /home/yayoi/ghq/github.com/yqYo1/Strata/.worktree/sync-upstream-2026-10-05/build-sycl-refresh-20261007/libstrata_kernels.a(iq_kernels.dp.cpp.o):iq_kernels.dp.cpp:(.text+0x4460): first defined here
/usr/bin/ld: /tmp/icpx-47b1199604/iq_kernels-380f68.o: in function `strata::kernels::iq_embed_rows(int, void const*, unsigned long, int const*, long, long, float*, void*)':
iq_kernels.dp.cpp:(.text+0x4680): multiple definition of `strata::kernels::iq_embed_rows(int, void const*, unsigned long, int const*, long, long, float*, void*)'; /home/yayoi/ghq/github.com/yqYo1/Strata/.worktree/sync-upstream-2026-10-05/build-sycl-refresh-20261007/libstrata_kernels.a(iq_kernels.dp.cpp.o):iq_kernels.dp.cpp:(.text+0x4680): first defined here
/usr/bin/ld: /tmp/icpx-47b1199604/iq_kernels-380f68.o: in function `strata::kernels::iq_dequant_f32(int, void const*, long, float*, void*)':
iq_kernels.dp.cpp:(.text+0x48e0): multiple definition of `strata::kernels::iq_dequant_f32(int, void const*, long, float*, void*)'; /home/yayoi/ghq/github.com/yqYo1/Strata/.worktree/sync-upstream-2026-10-05/build-sycl-refresh-20261007/libstrata_kernels.a(iq_kernels.dp.cpp.o):iq_kernels.dp.cpp:(.text+0x48e0): first defined here
/usr/bin/ld: /tmp/icpx-47b1199604/iq_kernels-380f68.o: in function `strata::kernels::iq_dequant_gu_f16(int, void const*, void const*, long, long, unsigned short*, void*)':
iq_kernels.dp.cpp:(.text+0x4b00): multiple definition of `strata::kernels::iq_dequant_gu_f16(int, void const*, void const*, long, long, unsigned short*, void*)'; /home/yayoi/ghq/github.com/yqYo1/Strata/.worktree/sync-upstream-2026-10-05/build-sycl-refresh-20261007/libstrata_kernels.a(iq_kernels.dp.cpp.o):iq_kernels.dp.cpp:(.text+0x4b00): first defined here
/usr/bin/ld: /tmp/icpx-47b1199604/iq_kernels-380f68.o: in function `strata::kernels::native_expert_supported(int, int, long, long)':
iq_kernels.dp.cpp:(.text+0x4d50): multiple definition of `strata::kernels::native_expert_supported(int, int, long, long)'; /home/yayoi/ghq/github.com/yqYo1/Strata/.worktree/sync-upstream-2026-10-05/build-sycl-refresh-20261007/libstrata_kernels.a(iq_kernels.dp.cpp.o):iq_kernels.dp.cpp:(.text+0x4d50): first defined here
/usr/bin/ld: /tmp/icpx-47b1199604/iq_kernels-380f68.o: in function `strata::kernels::native_expert_layout(int, int, long, long)':
iq_kernels.dp.cpp:(.text+0x4e70): multiple definition of `strata::kernels::native_expert_layout(int, int, long, long)'; /home/yayoi/ghq/github.com/yqYo1/Strata/.worktree/sync-upstream-2026-10-05/build-sycl-refresh-20261007/libstrata_kernels.a(iq_kernels.dp.cpp.o):iq_kernels.dp.cpp:(.text+0x4e70): first defined here
/usr/bin/ld: /tmp/icpx-47b1199604/iq_kernels-380f68.o: in function `strata::kernels::native_expert_scratch_bytes(long, long)':
iq_kernels.dp.cpp:(.text+0x4ee0): multiple definition of `strata::kernels::native_expert_scratch_bytes(long, long)'; /home/yayoi/ghq/github.com/yqYo1/Strata/.worktree/sync-upstream-2026-10-05/build-sycl-refresh-20261007/libstrata_kernels.a(iq_kernels.dp.cpp.o):iq_kernels.dp.cpp:(.text+0x4ee0): first defined here
/usr/bin/ld: /tmp/icpx-47b1199604/iq_kernels-380f68.o: in function `strata::kernels::native_grouped_set_v1(bool)':
iq_kernels.dp.cpp:(.text+0x4f30): multiple definition of `strata::kernels::native_grouped_set_v1(bool)'; /home/yayoi/ghq/github.com/yqYo1/Strata/.worktree/sync-upstream-2026-10-05/build-sycl-refresh-20261007/libstrata_kernels.a(iq_kernels.dp.cpp.o):iq_kernels.dp.cpp:(.text+0x4f30): first defined here
/usr/bin/ld: /tmp/icpx-47b1199604/iq_kernels-380f68.o: in function `strata::kernels::native_expert_grouped(strata::kernels::NativeExpertLayout const&, unsigned long long const*, int const*, int const*, int const*, int const*, long, long, void const*, void*, float*, void*, long)':
iq_kernels.dp.cpp:(.text+0x4f40): multiple definition of `strata::kernels::native_expert_grouped(strata::kernels::NativeExpertLayout const&, unsigned long long const*, int const*, int const*, int const*, int const*, long, long, void const*, void*, float*, void*, long)'; /home/yayoi/ghq/github.com/yqYo1/Strata/.worktree/sync-upstream-2026-10-05/build-sycl-refresh-20261007/libstrata_kernels.a(iq_kernels.dp.cpp.o):iq_kernels.dp.cpp:(.text+0x4f40): first defined here
/usr/bin/ld: /tmp/icpx-47b1199604/iq_kernels-380f68.o: in function `strata::kernels::xmx::gemm_kernel(strata::kernels::xmx::Src, sycl::_V1::detail::half_impl::half const*, int, int, float*, long, int, int, strata::kernels::xmx::Smem)':
iq_kernels.dp.cpp:(.text+0x14140): multiple definition of `strata::kernels::xmx::gemm_kernel(strata::kernels::xmx::Src, sycl::_V1::detail::half_impl::half const*, int, int, float*, long, int, int, strata::kernels::xmx::Smem)'; /home/yayoi/ghq/github.com/yqYo1/Strata/.worktree/sync-upstream-2026-10-05/build-sycl-refresh-20261007/libstrata_kernels.a(iq_kernels.dp.cpp.o):iq_kernels.dp.cpp:(.text+0x14140): first defined here
/usr/bin/ld: /tmp/icpx-47b1199604/iq_kernels-380f68.o: in function `strata::kernels::xmx_gemm_iq(int, void const*, void const*, long, int, unsigned short const*, int, float*, long, void*)':
iq_kernels.dp.cpp:(.text+0x14190): multiple definition of `strata::kernels::xmx_gemm_iq(int, void const*, void const*, long, int, unsigned short const*, int, float*, long, void*)'; /home/yayoi/ghq/github.com/yqYo1/Strata/.worktree/sync-upstream-2026-10-05/build-sycl-refresh-20261007/libstrata_kernels.a(iq_kernels.dp.cpp.o):iq_kernels.dp.cpp:(.text+0x14190): first defined here
icpx: error: linker command failed with exit code 1 (use -v to see invocation)
