In file included from /home/yayoi/ghq/github.com/yqYo1/Strata/.worktree/sync-upstream-2026-10-05/build-sycl-event-ack-no-root-prefill-20261008/source/kernels.dp.cpp:5:
In file included from /home/yayoi/ghq/github.com/yqYo1/Strata/.worktree/sync-upstream-2026-10-05/build-sycl-event-ack-registered-copy-v3-20261008/source/sycl/include/dpct/dpct.hpp:53:
In file included from /home/yayoi/ghq/github.com/yqYo1/Strata/.worktree/sync-upstream-2026-10-05/build-sycl-event-ack-registered-copy-v3-20261008/source/sycl/include/dpct/image.hpp:14:
In file included from /home/yayoi/ghq/github.com/yqYo1/Strata/.worktree/sync-upstream-2026-10-05/build-sycl-event-ack-registered-copy-v3-20261008/source/sycl/include/dpct/memory.hpp:112:
/home/yayoi/ghq/github.com/yqYo1/Strata/.worktree/sync-upstream-2026-10-05/build-sycl-event-ack-registered-copy-v3-20261008/source/sycl/include/dpct/detail/memory_detail.hpp:343:30: warning: unused parameter 'direction' [-Wunused-parameter]
  343 |             memcpy_direction direction,
      |                              ^
/home/yayoi/ghq/github.com/yqYo1/Strata/.worktree/sync-upstream-2026-10-05/build-sycl-event-ack-registered-copy-v3-20261008/source/sycl/include/dpct/detail/memory_detail.hpp:901:29: warning: unused parameter 'cgh' [-Wunused-parameter]
  901 |   get_access(sycl::handler &cgh) {
      |                             ^
In file included from /home/yayoi/ghq/github.com/yqYo1/Strata/.worktree/sync-upstream-2026-10-05/build-sycl-event-ack-no-root-prefill-20261008/source/kernels.dp.cpp:5:
In file included from /home/yayoi/ghq/github.com/yqYo1/Strata/.worktree/sync-upstream-2026-10-05/build-sycl-event-ack-registered-copy-v3-20261008/source/sycl/include/dpct/dpct.hpp:53:
In file included from /home/yayoi/ghq/github.com/yqYo1/Strata/.worktree/sync-upstream-2026-10-05/build-sycl-event-ack-registered-copy-v3-20261008/source/sycl/include/dpct/image.hpp:14:
/home/yayoi/ghq/github.com/yqYo1/Strata/.worktree/sync-upstream-2026-10-05/build-sycl-event-ack-registered-copy-v3-20261008/source/sycl/include/dpct/memory.hpp:816:23: warning: comparison of integers of different signs: 'int' and 'unsigned int' [-Wsign-compare]
  816 |     for (int i = 0; i < numAttributes; i++) {
      |                     ~ ^ ~~~~~~~~~~~~~
In file included from /home/yayoi/ghq/github.com/yqYo1/Strata/.worktree/sync-upstream-2026-10-05/build-sycl-event-ack-no-root-prefill-20261008/source/kernels.dp.cpp:5:
In file included from /home/yayoi/ghq/github.com/yqYo1/Strata/.worktree/sync-upstream-2026-10-05/build-sycl-event-ack-registered-copy-v3-20261008/source/sycl/include/dpct/dpct.hpp:53:
In file included from /home/yayoi/ghq/github.com/yqYo1/Strata/.worktree/sync-upstream-2026-10-05/build-sycl-event-ack-registered-copy-v3-20261008/source/sycl/include/dpct/image.hpp:15:
/home/yayoi/ghq/github.com/yqYo1/Strata/.worktree/sync-upstream-2026-10-05/build-sycl-event-ack-registered-copy-v3-20261008/source/sycl/include/dpct/util.hpp:466:38: warning: unused parameter 'member_mask' [-Wunused-parameter]
  466 | T select_from_sub_group(unsigned int member_mask,
      |                                      ^
/home/yayoi/ghq/github.com/yqYo1/Strata/.worktree/sync-upstream-2026-10-05/build-sycl-event-ack-registered-copy-v3-20261008/source/sycl/include/dpct/util.hpp:507:37: warning: unused parameter 'member_mask' [-Wunused-parameter]
  507 | T shift_sub_group_left(unsigned int member_mask,
      |                                     ^
/home/yayoi/ghq/github.com/yqYo1/Strata/.worktree/sync-upstream-2026-10-05/build-sycl-event-ack-registered-copy-v3-20261008/source/sycl/include/dpct/util.hpp:551:38: warning: unused parameter 'member_mask' [-Wunused-parameter]
  551 | T shift_sub_group_right(unsigned int member_mask,
      |                                      ^
/home/yayoi/ghq/github.com/yqYo1/Strata/.worktree/sync-upstream-2026-10-05/build-sycl-event-ack-registered-copy-v3-20261008/source/sycl/include/dpct/util.hpp:671:41: warning: unused parameter 'member_mask' [-Wunused-parameter]
  671 | T permute_sub_group_by_xor(unsigned int member_mask,
      |                                         ^
/home/yayoi/ghq/github.com/yqYo1/Strata/.worktree/sync-upstream-2026-10-05/build-sycl-event-ack-registered-copy-v3-20261008/source/sycl/include/dpct/util.hpp:680:47: warning: comparison of integers of different signs: 'unsigned int' and 'int' [-Wsign-compare]
  680 |   unsigned logical_remote_id = (target_offset < logical_sub_group_size) ? start_index + target_offset : id;
      |                                 ~~~~~~~~~~~~~ ^ ~~~~~~~~~~~~~~~~~~~~~~
/home/yayoi/ghq/github.com/yqYo1/Strata/.worktree/sync-upstream-2026-10-05/build-sycl-event-ack-registered-copy-v3-20261008/source/sycl/include/dpct/util.hpp:959:15: warning: comparison of integers of different signs: 'int' and 'size_t' (aka 'unsigned long') [-Wsign-compare]
  959 |   if (wg_size > max_wg_size) {
      |       ~~~~~~~ ^ ~~~~~~~~~~~
/home/yayoi/ghq/github.com/yqYo1/Strata/.worktree/sync-upstream-2026-10-05/build-sycl-event-ack-registered-copy-v3-20261008/source/sycl/include/dpct/util.hpp:1021:35: warning: comparison of integers of different signs: 'int' and 'size_t' (aka 'unsigned long') [-Wsign-compare]
 1021 |       max_ws_size_for_device_code >= max_wg_size)
      |       ~~~~~~~~~~~~~~~~~~~~~~~~~~~ ^  ~~~~~~~~~~~
/home/yayoi/ghq/github.com/yqYo1/Strata/.worktree/sync-upstream-2026-10-05/build-sycl-event-ack-registered-copy-v3-20261008/source/sycl/include/dpct/util.hpp:1291:17: warning: '&' within '|' [-Wbitwise-op-parentheses]
 1291 |     result = (a & b | c) ^ a;
      |               ~~^~~ ~
/home/yayoi/ghq/github.com/yqYo1/Strata/.worktree/sync-upstream-2026-10-05/build-sycl-event-ack-registered-copy-v3-20261008/source/sycl/include/dpct/util.hpp:1291:17: note: place parentheses around the '&' expression to silence this warning
 1291 |     result = (a & b | c) ^ a;
      |                 ^
      |               (    )
/home/yayoi/ghq/github.com/yqYo1/Strata/.worktree/sync-upstream-2026-10-05/build-sycl-event-ack-registered-copy-v3-20261008/source/sycl/include/dpct/util.hpp:1315:16: warning: '&' within '|' [-Wbitwise-op-parentheses]
 1315 |     result = a & (b | c) | (b & c);
      |              ~~^~~~~~~~~ ~
/home/yayoi/ghq/github.com/yqYo1/Strata/.worktree/sync-upstream-2026-10-05/build-sycl-event-ack-registered-copy-v3-20261008/source/sycl/include/dpct/util.hpp:1315:16: note: place parentheses around the '&' expression to silence this warning
 1315 |     result = a & (b | c) | (b & c);
      |                ^
      |              (          )
/home/yayoi/ghq/github.com/yqYo1/Strata/.worktree/sync-upstream-2026-10-05/build-sycl-event-ack-registered-copy-v3-20261008/source/sycl/include/dpct/util.hpp:1318:16: warning: '&' within '|' [-Wbitwise-op-parentheses]
 1318 |     result = a & b | c;
      |              ~~^~~ ~
/home/yayoi/ghq/github.com/yqYo1/Strata/.worktree/sync-upstream-2026-10-05/build-sycl-event-ack-registered-copy-v3-20261008/source/sycl/include/dpct/util.hpp:1318:16: note: place parentheses around the '&' expression to silence this warning
 1318 |     result = a & b | c;
      |                ^
      |              (    )
In file included from /home/yayoi/ghq/github.com/yqYo1/Strata/.worktree/sync-upstream-2026-10-05/build-sycl-event-ack-no-root-prefill-20261008/source/kernels.dp.cpp:5:
In file included from /home/yayoi/ghq/github.com/yqYo1/Strata/.worktree/sync-upstream-2026-10-05/build-sycl-event-ack-registered-copy-v3-20261008/source/sycl/include/dpct/dpct.hpp:54:
/home/yayoi/ghq/github.com/yqYo1/Strata/.worktree/sync-upstream-2026-10-05/build-sycl-event-ack-registered-copy-v3-20261008/source/sycl/include/dpct/kernel.hpp:50:57: warning: unused parameter 'function' [-Wunused-parameter]
   50 |                                             const void *function) {
      |                                                         ^
/home/yayoi/ghq/github.com/yqYo1/Strata/.worktree/sync-upstream-2026-10-05/build-sycl-event-ack-registered-copy-v3-20261008/source/sycl/include/dpct/kernel.hpp:57:38: warning: unused parameter 'function' [-Wunused-parameter]
   57 | get_kernel_function_info(const void *function) {
      |                                      ^
In file included from /home/yayoi/ghq/github.com/yqYo1/Strata/.worktree/sync-upstream-2026-10-05/build-sycl-event-ack-no-root-prefill-20261008/source/kernels.dp.cpp:5:
In file included from /home/yayoi/ghq/github.com/yqYo1/Strata/.worktree/sync-upstream-2026-10-05/build-sycl-event-ack-registered-copy-v3-20261008/source/sycl/include/dpct/dpct.hpp:59:
/home/yayoi/ghq/github.com/yqYo1/Strata/.worktree/sync-upstream-2026-10-05/build-sycl-event-ack-registered-copy-v3-20261008/source/sycl/include/dpct/bindless_images.hpp:629:35: warning: unused parameter 'q' [-Wunused-parameter]
  629 |   void unmap_resource(sycl::queue q) {
      |                                   ^
/home/yayoi/ghq/github.com/yqYo1/Strata/.worktree/sync-upstream-2026-10-05/build-sycl-event-ack-registered-copy-v3-20261008/source/sycl/include/dpct/bindless_images.hpp:656:9: warning: field '_res_external_mem' will be initialized after field '_res_reg_flags' [-Wreorder-ctor]
  656 |       : _res_external_mem(external_mem), _res_reg_flags(reg_flags) {}
      |         ^~~~~~~~~~~~~~~~~~~~~~~~~~~~~~~  ~~~~~~~~~~~~~~~~~~~~~~~~~
      |         _res_reg_flags(reg_flags)        _res_external_mem(external_mem)
/home/yayoi/ghq/github.com/yqYo1/Strata/.worktree/sync-upstream-2026-10-05/build-sycl-event-ack-registered-copy-v3-20261008/source/sycl/include/dpct/bindless_images.hpp:1163:24: warning: comparison of integers of different signs: 'size_t' (aka 'unsigned long') and 'int' [-Wsign-compare]
 1163 |   for (size_t i = 0; i < count; ++i) {
      |                      ~ ^ ~~~~~
/home/yayoi/ghq/github.com/yqYo1/Strata/.worktree/sync-upstream-2026-10-05/build-sycl-event-ack-registered-copy-v3-20261008/source/sycl/include/dpct/bindless_images.hpp:1350:21: warning: comparison of integers of different signs: 'int' and 'unsigned int' [-Wsign-compare]
 1350 |   for (int i = 0; i < numExtSems; i++) {
      |                   ~ ^ ~~~~~~~~~~
/home/yayoi/ghq/github.com/yqYo1/Strata/.worktree/sync-upstream-2026-10-05/build-sycl-event-ack-registered-copy-v3-20261008/source/sycl/include/dpct/bindless_images.hpp:1393:21: warning: comparison of integers of different signs: 'int' and 'unsigned int' [-Wsign-compare]
 1393 |   for (int i = 0; i < numExtSems; i++) {
      |                   ~ ^ ~~~~~~~~~~
/home/yayoi/ghq/github.com/yqYo1/Strata/.worktree/sync-upstream-2026-10-05/build-sycl-event-ack-registered-copy-v3-20261008/source/sycl/include/dpct/bindless_images.hpp:1686:60: warning: unused parameter 'channel' [-Wunused-parameter]
 1686 |   void attach(image_mem_wrapper *mem, const image_channel &channel,
      |                                                            ^
/home/yayoi/ghq/github.com/yqYo1/Strata/.worktree/sync-upstream-2026-10-05/build-sycl-event-ack-no-root-prefill-20261008/source/kernels.dp.cpp:109:35: warning: comparison of integers of different signs: 'size_t' (aka 'unsigned long') and 'const int' [-Wsign-compare]
  109 |         (item_ct1.get_local_id(2) < nw) ? sh[item_ct1.get_local_id(2)] : 0.0f;
      |          ~~~~~~~~~~~~~~~~~~~~~~~~ ^ ~~
/home/yayoi/ghq/github.com/yqYo1/Strata/.worktree/sync-upstream-2026-10-05/build-sycl-event-ack-no-root-prefill-20261008/source/kernels.dp.cpp:120:24: warning: unused parameter 'what' [-Wunused-parameter]
  120 | void check(const char* what) {
      |                        ^
/home/yayoi/ghq/github.com/yqYo1/Strata/.worktree/sync-upstream-2026-10-05/build-sycl-event-ack-no-root-prefill-20261008/source/kernels.dp.cpp:2161:42: warning: unused parameter 'item_ct1' [-Wunused-parameter]
 2161 |                     [=](sycl::nd_item<3> item_ct1)
      |                                          ^
/home/yayoi/ghq/github.com/yqYo1/Strata/.worktree/sync-upstream-2026-10-05/build-sycl-event-ack-no-root-prefill-20261008/source/kernels.dp.cpp:2199:49: warning: unused parameter 'item_ct1' [-Wunused-parameter]
 2199 |                 exp_props, [=](sycl::nd_item<3> item_ct1) {
      |                                                 ^
/home/yayoi/ghq/github.com/yqYo1/Strata/.worktree/sync-upstream-2026-10-05/build-sycl-event-ack-no-root-prefill-20261008/source/kernels.dp.cpp:2219:49: warning: unused parameter 'item_ct1' [-Wunused-parameter]
 2219 |                 exp_props, [=](sycl::nd_item<3> item_ct1) {
      |                                                 ^
/home/yayoi/ghq/github.com/yqYo1/Strata/.worktree/sync-upstream-2026-10-05/build-sycl-event-ack-no-root-prefill-20261008/source/kernels.dp.cpp:2239:49: warning: unused parameter 'item_ct1' [-Wunused-parameter]
 2239 |                 exp_props, [=](sycl::nd_item<3> item_ct1) {
      |                                                 ^
/home/yayoi/ghq/github.com/yqYo1/Strata/.worktree/sync-upstream-2026-10-05/build-sycl-event-ack-no-root-prefill-20261008/source/kernels.dp.cpp:2258:38: warning: unused parameter 'item_ct1' [-Wunused-parameter]
 2258 |                 [=](sycl::nd_item<3> item_ct1)
      |                                      ^
/home/yayoi/ghq/github.com/yqYo1/Strata/.worktree/sync-upstream-2026-10-05/build-sycl-event-ack-no-root-prefill-20261008/source/kernels.dp.cpp:2283:42: warning: unused parameter 'item_ct1' [-Wunused-parameter]
 2283 |                     [=](sycl::nd_item<3> item_ct1)
      |                                          ^
/home/yayoi/ghq/github.com/yqYo1/Strata/.worktree/sync-upstream-2026-10-05/build-sycl-event-ack-no-root-prefill-20261008/source/kernels.dp.cpp:2303:49: warning: unused parameter 'item_ct1' [-Wunused-parameter]
 2303 |                 exp_props, [=](sycl::nd_item<3> item_ct1) {
      |                                                 ^
/home/yayoi/ghq/github.com/yqYo1/Strata/.worktree/sync-upstream-2026-10-05/build-sycl-event-ack-no-root-prefill-20261008/source/kernels.dp.cpp:2348:42: warning: unused parameter 'item_ct1' [-Wunused-parameter]
 2348 |                     [=](sycl::nd_item<3> item_ct1)
      |                                          ^
/home/yayoi/ghq/github.com/yqYo1/Strata/.worktree/sync-upstream-2026-10-05/build-sycl-event-ack-no-root-prefill-20261008/source/kernels.dp.cpp:2375:42: warning: unused parameter 'item_ct1' [-Wunused-parameter]
 2375 |                     [=](sycl::nd_item<3> item_ct1)
      |                                          ^
/home/yayoi/ghq/github.com/yqYo1/Strata/.worktree/sync-upstream-2026-10-05/build-sycl-event-ack-no-root-prefill-20261008/source/kernels.dp.cpp:2399:53: warning: unused parameter 'item_ct1' [-Wunused-parameter]
 2399 |                     exp_props, [=](sycl::nd_item<3> item_ct1) {
      |                                                     ^
/home/yayoi/ghq/github.com/yqYo1/Strata/.worktree/sync-upstream-2026-10-05/build-sycl-event-ack-no-root-prefill-20261008/source/kernels.dp.cpp:2417:49: warning: unused parameter 'item_ct1' [-Wunused-parameter]
 2417 |                 exp_props, [=](sycl::nd_item<3> item_ct1) {
      |                                                 ^
/home/yayoi/ghq/github.com/yqYo1/Strata/.worktree/sync-upstream-2026-10-05/build-sycl-event-ack-no-root-prefill-20261008/source/kernels.dp.cpp:2434:49: warning: unused parameter 'item_ct1' [-Wunused-parameter]
 2434 |                 exp_props, [=](sycl::nd_item<3> item_ct1) {
      |                                                 ^
/home/yayoi/ghq/github.com/yqYo1/Strata/.worktree/sync-upstream-2026-10-05/build-sycl-event-ack-no-root-prefill-20261008/source/kernels.dp.cpp:2450:49: warning: unused parameter 'item_ct1' [-Wunused-parameter]
 2450 |                 exp_props, [=](sycl::nd_item<3> item_ct1) {
      |                                                 ^
/home/yayoi/ghq/github.com/yqYo1/Strata/.worktree/sync-upstream-2026-10-05/build-sycl-event-ack-no-root-prefill-20261008/source/kernels.dp.cpp:2466:49: warning: unused parameter 'item_ct1' [-Wunused-parameter]
 2466 |                 exp_props, [=](sycl::nd_item<3> item_ct1) {
      |                                                 ^
/home/yayoi/ghq/github.com/yqYo1/Strata/.worktree/sync-upstream-2026-10-05/build-sycl-event-ack-no-root-prefill-20261008/source/kernels.dp.cpp:2483:49: warning: unused parameter 'item_ct1' [-Wunused-parameter]
 2483 |                 exp_props, [=](sycl::nd_item<3> item_ct1) {
      |                                                 ^
/home/yayoi/ghq/github.com/yqYo1/Strata/.worktree/sync-upstream-2026-10-05/build-sycl-event-ack-no-root-prefill-20261008/source/kernels.dp.cpp:2503:46: warning: unused parameter 'item_ct1' [-Wunused-parameter]
 2503 |                         [=](sycl::nd_item<3> item_ct1)
      |                                              ^
/home/yayoi/ghq/github.com/yqYo1/Strata/.worktree/sync-upstream-2026-10-05/build-sycl-event-ack-no-root-prefill-20261008/source/kernels.dp.cpp:2519:57: warning: unused parameter 'item_ct1' [-Wunused-parameter]
 2519 |                         exp_props, [=](sycl::nd_item<3> item_ct1) {
      |                                                         ^
/home/yayoi/ghq/github.com/yqYo1/Strata/.worktree/sync-upstream-2026-10-05/build-sycl-event-ack-no-root-prefill-20261008/source/kernels.dp.cpp:2539:53: warning: unused parameter 'item_ct1' [-Wunused-parameter]
 2539 |                     exp_props, [=](sycl::nd_item<3> item_ct1) {
      |                                                     ^
/home/yayoi/ghq/github.com/yqYo1/Strata/.worktree/sync-upstream-2026-10-05/build-sycl-event-ack-no-root-prefill-20261008/source/kernels.dp.cpp:2553:53: warning: unused parameter 'item_ct1' [-Wunused-parameter]
 2553 |                     exp_props, [=](sycl::nd_item<3> item_ct1) {
      |                                                     ^
/home/yayoi/ghq/github.com/yqYo1/Strata/.worktree/sync-upstream-2026-10-05/build-sycl-event-ack-no-root-prefill-20261008/source/kernels.dp.cpp:2568:38: warning: unused parameter 'item_ct1' [-Wunused-parameter]
 2568 |                 [=](sycl::nd_item<3> item_ct1)
      |                                      ^
/home/yayoi/ghq/github.com/yqYo1/Strata/.worktree/sync-upstream-2026-10-05/build-sycl-event-ack-no-root-prefill-20261008/source/kernels.dp.cpp:2582:30: warning: unused parameter 'item_ct1' [-Wunused-parameter]
 2582 |         [=](sycl::nd_item<3> item_ct1)
      |                              ^
/home/yayoi/ghq/github.com/yqYo1/Strata/.worktree/sync-upstream-2026-10-05/build-sycl-event-ack-no-root-prefill-20261008/source/kernels.dp.cpp:2665:38: warning: unused parameter 'item_ct1' [-Wunused-parameter]
 2665 |                 [=](sycl::nd_item<3> item_ct1)
      |                                      ^
/home/yayoi/ghq/github.com/yqYo1/Strata/.worktree/sync-upstream-2026-10-05/build-sycl-event-ack-no-root-prefill-20261008/source/kernels.dp.cpp:2690:53: warning: unused parameter 'item_ct1' [-Wunused-parameter]
 2690 |                     exp_props, [=](sycl::nd_item<3> item_ct1) {
      |                                                     ^
/home/yayoi/ghq/github.com/yqYo1/Strata/.worktree/sync-upstream-2026-10-05/build-sycl-event-ack-no-root-prefill-20261008/source/kernels.dp.cpp:2706:53: warning: unused parameter 'item_ct1' [-Wunused-parameter]
 2706 |                     exp_props, [=](sycl::nd_item<3> item_ct1) {
      |                                                     ^
/home/yayoi/ghq/github.com/yqYo1/Strata/.worktree/sync-upstream-2026-10-05/build-sycl-event-ack-no-root-prefill-20261008/source/kernels.dp.cpp:2719:53: warning: unused parameter 'item_ct1' [-Wunused-parameter]
 2719 |                     exp_props, [=](sycl::nd_item<3> item_ct1) {
      |                                                     ^
/home/yayoi/ghq/github.com/yqYo1/Strata/.worktree/sync-upstream-2026-10-05/build-sycl-event-ack-no-root-prefill-20261008/source/kernels.dp.cpp:2734:42: warning: unused parameter 'item_ct1' [-Wunused-parameter]
 2734 |                     [=](sycl::nd_item<3> item_ct1)
      |                                          ^
/home/yayoi/ghq/github.com/yqYo1/Strata/.worktree/sync-upstream-2026-10-05/build-sycl-event-ack-no-root-prefill-20261008/source/kernels.dp.cpp:2764:38: warning: unused parameter 'item_ct1' [-Wunused-parameter]
 2764 |                 [=](sycl::nd_item<3> item_ct1)
      |                                      ^
/home/yayoi/ghq/github.com/yqYo1/Strata/.worktree/sync-upstream-2026-10-05/build-sycl-event-ack-no-root-prefill-20261008/source/kernels.dp.cpp:2780:38: warning: unused parameter 'item_ct1' [-Wunused-parameter]
 2780 |                 [=](sycl::nd_item<3> item_ct1)
      |                                      ^
/home/yayoi/ghq/github.com/yqYo1/Strata/.worktree/sync-upstream-2026-10-05/build-sycl-event-ack-no-root-prefill-20261008/source/kernels.dp.cpp:2800:49: warning: unused parameter 'item_ct1' [-Wunused-parameter]
 2800 |                 exp_props, [=](sycl::nd_item<3> item_ct1) {
      |                                                 ^
/home/yayoi/ghq/github.com/yqYo1/Strata/.worktree/sync-upstream-2026-10-05/build-sycl-event-ack-no-root-prefill-20261008/source/kernels.dp.cpp:2818:49: warning: unused parameter 'item_ct1' [-Wunused-parameter]
 2818 |                 exp_props, [=](sycl::nd_item<3> item_ct1) {
      |                                                 ^
/home/yayoi/ghq/github.com/yqYo1/Strata/.worktree/sync-upstream-2026-10-05/build-sycl-event-ack-no-root-prefill-20261008/source/kernels.dp.cpp:2835:49: warning: unused parameter 'item_ct1' [-Wunused-parameter]
 2835 |                 exp_props, [=](sycl::nd_item<3> item_ct1) {
      |                                                 ^
/home/yayoi/ghq/github.com/yqYo1/Strata/.worktree/sync-upstream-2026-10-05/build-sycl-event-ack-no-root-prefill-20261008/source/kernels.dp.cpp:2851:49: warning: unused parameter 'item_ct1' [-Wunused-parameter]
 2851 |                 exp_props, [=](sycl::nd_item<3> item_ct1) {
      |                                                 ^
/home/yayoi/ghq/github.com/yqYo1/Strata/.worktree/sync-upstream-2026-10-05/build-sycl-event-ack-no-root-prefill-20261008/source/kernels.dp.cpp:2897:49: warning: unused parameter 'item_ct1' [-Wunused-parameter]
 2897 |                 exp_props, [=](sycl::nd_item<3> item_ct1) {
      |                                                 ^
/home/yayoi/ghq/github.com/yqYo1/Strata/.worktree/sync-upstream-2026-10-05/build-sycl-event-ack-no-root-prefill-20261008/source/kernels.dp.cpp:2918:49: warning: unused parameter 'item_ct1' [-Wunused-parameter]
 2918 |                 exp_props, [=](sycl::nd_item<3> item_ct1) {
      |                                                 ^
/home/yayoi/ghq/github.com/yqYo1/Strata/.worktree/sync-upstream-2026-10-05/build-sycl-event-ack-no-root-prefill-20261008/source/kernels.dp.cpp:2936:49: warning: unused parameter 'item_ct1' [-Wunused-parameter]
 2936 |                 exp_props, [=](sycl::nd_item<3> item_ct1) {
      |                                                 ^
/home/yayoi/ghq/github.com/yqYo1/Strata/.worktree/sync-upstream-2026-10-05/build-sycl-event-ack-no-root-prefill-20261008/source/kernels.dp.cpp:2957:53: warning: unused parameter 'item_ct1' [-Wunused-parameter]
 2957 |                     exp_props, [=](sycl::nd_item<3> item_ct1) {
      |                                                     ^
/home/yayoi/ghq/github.com/yqYo1/Strata/.worktree/sync-upstream-2026-10-05/build-sycl-event-ack-no-root-prefill-20261008/source/kernels.dp.cpp:2974:49: warning: unused parameter 'item_ct1' [-Wunused-parameter]
 2974 |                 exp_props, [=](sycl::nd_item<3> item_ct1) {
      |                                                 ^
/home/yayoi/ghq/github.com/yqYo1/Strata/.worktree/sync-upstream-2026-10-05/build-sycl-event-ack-no-root-prefill-20261008/source/kernels.dp.cpp:2992:38: warning: unused parameter 'item_ct1' [-Wunused-parameter]
 2992 |                 [=](sycl::nd_item<3> item_ct1)
      |                                      ^
/home/yayoi/ghq/github.com/yqYo1/Strata/.worktree/sync-upstream-2026-10-05/build-sycl-event-ack-no-root-prefill-20261008/source/kernels.dp.cpp:3025:53: warning: unused parameter 'item_ct1' [-Wunused-parameter]
 3025 |                     exp_props, [=](sycl::nd_item<3> item_ct1) {
      |                                                     ^
/home/yayoi/ghq/github.com/yqYo1/Strata/.worktree/sync-upstream-2026-10-05/build-sycl-event-ack-no-root-prefill-20261008/source/kernels.dp.cpp:3046:53: warning: unused parameter 'item_ct1' [-Wunused-parameter]
 3046 |                     exp_props, [=](sycl::nd_item<3> item_ct1) {
      |                                                     ^
/home/yayoi/ghq/github.com/yqYo1/Strata/.worktree/sync-upstream-2026-10-05/build-sycl-event-ack-no-root-prefill-20261008/source/kernels.dp.cpp:3066:49: warning: unused parameter 'item_ct1' [-Wunused-parameter]
 3066 |                 exp_props, [=](sycl::nd_item<3> item_ct1) {
      |                                                 ^
/home/yayoi/ghq/github.com/yqYo1/Strata/.worktree/sync-upstream-2026-10-05/build-sycl-event-ack-no-root-prefill-20261008/source/kernels.dp.cpp:3089:53: warning: unused parameter 'item_ct1' [-Wunused-parameter]
 3089 |                     exp_props, [=](sycl::nd_item<3> item_ct1) {
      |                                                     ^
In file included from /home/yayoi/ghq/github.com/yqYo1/Strata/.worktree/sync-upstream-2026-10-05/build-sycl-event-ack-no-root-prefill-20261008/source/kernels.dp.cpp:5:
In file included from /home/yayoi/ghq/github.com/yqYo1/Strata/.worktree/sync-upstream-2026-10-05/build-sycl-event-ack-registered-copy-v3-20261008/source/sycl/include/dpct/dpct.hpp:53:
In file included from /home/yayoi/ghq/github.com/yqYo1/Strata/.worktree/sync-upstream-2026-10-05/build-sycl-event-ack-registered-copy-v3-20261008/source/sycl/include/dpct/image.hpp:15:
/home/yayoi/ghq/github.com/yqYo1/Strata/.worktree/sync-upstream-2026-10-05/build-sycl-event-ack-registered-copy-v3-20261008/source/sycl/include/dpct/util.hpp:680:47: warning: comparison of integers of different signs: 'unsigned int' and 'int' [-Wsign-compare]
  680 |   unsigned logical_remote_id = (target_offset < logical_sub_group_size) ? start_index + target_offset : id;
      |                                 ~~~~~~~~~~~~~ ^ ~~~~~~~~~~~~~~~~~~~~~~
/home/yayoi/ghq/github.com/yqYo1/Strata/.worktree/sync-upstream-2026-10-05/build-sycl-event-ack-no-root-prefill-20261008/source/kernels.dp.cpp:37:29: note: in instantiation of function template specialization 'dpct::experimental::permute_sub_group_by_xor<float>' requested here
   37 |         dpct::experimental::permute_sub_group_by_xor(
      |                             ^
In file included from /home/yayoi/ghq/github.com/yqYo1/Strata/.worktree/sync-upstream-2026-10-05/build-sycl-event-ack-no-root-prefill-20261008/source/kernels.dp.cpp:5:
In file included from /home/yayoi/ghq/github.com/yqYo1/Strata/.worktree/sync-upstream-2026-10-05/build-sycl-event-ack-registered-copy-v3-20261008/source/sycl/include/dpct/dpct.hpp:53:
In file included from /home/yayoi/ghq/github.com/yqYo1/Strata/.worktree/sync-upstream-2026-10-05/build-sycl-event-ack-registered-copy-v3-20261008/source/sycl/include/dpct/image.hpp:15:
/home/yayoi/ghq/github.com/yqYo1/Strata/.worktree/sync-upstream-2026-10-05/build-sycl-event-ack-registered-copy-v3-20261008/source/sycl/include/dpct/util.hpp:680:47: warning: comparison of integers of different signs: 'unsigned int' and 'int' [-Wsign-compare]
  680 |   unsigned logical_remote_id = (target_offset < logical_sub_group_size) ? start_index + target_offset : id;
      |                                 ~~~~~~~~~~~~~ ^ ~~~~~~~~~~~~~~~~~~~~~~
/home/yayoi/ghq/github.com/yqYo1/Strata/.worktree/sync-upstream-2026-10-05/build-sycl-event-ack-no-root-prefill-20261008/source/kernels.dp.cpp:1723:48: note: in instantiation of function template specialization 'dpct::experimental::permute_sub_group_by_xor<int>' requested here
 1723 |             const int oi = dpct::experimental::permute_sub_group_by_xor(
      |                                                ^
/home/yayoi/ghq/github.com/yqYo1/Strata/.worktree/sync-upstream-2026-10-05/build-sycl-event-ack-no-root-prefill-20261008/source/kernels.dp.cpp:2766:25: note: in instantiation of function template specialization 'strata::prefill::(anonymous namespace)::route_kernel<16>' requested here
 2766 |                         route_kernel<16>(logits, ids, weights, T);
      |                         ^
/home/yayoi/ghq/github.com/yqYo1/Strata/.worktree/sync-upstream-2026-10-05/build-sycl-event-ack-no-root-prefill-20261008/source/kernels.dp.cpp:2595:33: warning: kernel has both attribute 'sycl::reqd_sub_group_size' and kernel properties; if the kernel properties contains the property "sycl::ext::oneapi::experimental::sub_group_size" it will be ignored [-Wignored-attributes]
 2595 |         [=](sycl::nd_item<3>) [[sycl::reqd_sub_group_size(16)]] { gdn_rec_kh_kernel(state, h, gate, beta, y, T); });
      |                                 ^
In file included from /home/yayoi/ghq/github.com/yqYo1/Strata/.worktree/sync-upstream-2026-10-05/build-sycl-event-ack-no-root-prefill-20261008/source/kernels.dp.cpp:5:
In file included from /home/yayoi/ghq/github.com/yqYo1/Strata/.worktree/sync-upstream-2026-10-05/build-sycl-event-ack-registered-copy-v3-20261008/source/sycl/include/dpct/dpct.hpp:52:
/home/yayoi/ghq/github.com/yqYo1/Strata/.worktree/sync-upstream-2026-10-05/build-sycl-event-ack-registered-copy-v3-20261008/source/sycl/include/dpct/device.hpp:86:13: warning: unused function 'destroy_event' [-Wunused-function]
   86 | static void destroy_event(event_ptr event) {
      |             ^~~~~~~~~~~~~
In file included from /home/yayoi/ghq/github.com/yqYo1/Strata/.worktree/sync-upstream-2026-10-05/build-sycl-event-ack-no-root-prefill-20261008/source/kernels.dp.cpp:5:
In file included from /home/yayoi/ghq/github.com/yqYo1/Strata/.worktree/sync-upstream-2026-10-05/build-sycl-event-ack-registered-copy-v3-20261008/source/sycl/include/dpct/dpct.hpp:53:
In file included from /home/yayoi/ghq/github.com/yqYo1/Strata/.worktree/sync-upstream-2026-10-05/build-sycl-event-ack-registered-copy-v3-20261008/source/sycl/include/dpct/image.hpp:14:
/home/yayoi/ghq/github.com/yqYo1/Strata/.worktree/sync-upstream-2026-10-05/build-sycl-event-ack-registered-copy-v3-20261008/source/sycl/include/dpct/memory.hpp:165:17: warning: 'static' function 'get_buffer' declared in header file should be declared 'static inline' [-Wunneeded-internal-declaration]
  165 | static buffer_t get_buffer(const void *ptr) {
      |                 ^~~~~~~~~~
/home/yayoi/ghq/github.com/yqYo1/Strata/.worktree/sync-upstream-2026-10-05/build-sycl-event-ack-registered-copy-v3-20261008/source/sycl/include/dpct/memory.hpp:141:36: warning: 'static' function 'get_buffer_and_offset' declared in header file should be declared 'static inline' [-Wunneeded-internal-declaration]
  141 | static std::pair<buffer_t, size_t> get_buffer_and_offset(const void *ptr) {
      |                                    ^~~~~~~~~~~~~~~~~~~~~
/home/yayoi/ghq/github.com/yqYo1/Strata/.worktree/sync-upstream-2026-10-05/build-sycl-event-ack-registered-copy-v3-20261008/source/sycl/include/dpct/memory.hpp:304:13: warning: unused function 'dpct_memcpy' [-Wunused-function]
  304 | static void dpct_memcpy(void *to_ptr, const void *from_ptr, size_t size,
      |             ^~~~~~~~~~~
/home/yayoi/ghq/github.com/yqYo1/Strata/.worktree/sync-upstream-2026-10-05/build-sycl-event-ack-registered-copy-v3-20261008/source/sycl/include/dpct/memory.hpp:322:13: warning: unused function 'dpct_memcpy' [-Wunused-function]
  322 | static void dpct_memcpy(void *to_ptr, int to_dev_id, const void *from_ptr,
      |             ^~~~~~~~~~~
/home/yayoi/ghq/github.com/yqYo1/Strata/.worktree/sync-upstream-2026-10-05/build-sycl-event-ack-registered-copy-v3-20261008/source/sycl/include/dpct/memory.hpp:340:13: warning: unused function 'async_dpct_memcpy' [-Wunused-function]
  340 | static void async_dpct_memcpy(void *to_ptr, const void *from_ptr, size_t size,
      |             ^~~~~~~~~~~~~~~~~
/home/yayoi/ghq/github.com/yqYo1/Strata/.worktree/sync-upstream-2026-10-05/build-sycl-event-ack-registered-copy-v3-20261008/source/sycl/include/dpct/memory.hpp:358:13: warning: unused function 'async_dpct_memcpy' [-Wunused-function]
  358 | static void async_dpct_memcpy(void *to_ptr, int to_dev_id, const void *from_ptr,
      |             ^~~~~~~~~~~~~~~~~
/home/yayoi/ghq/github.com/yqYo1/Strata/.worktree/sync-upstream-2026-10-05/build-sycl-event-ack-registered-copy-v3-20261008/source/sycl/include/dpct/memory.hpp:494:13: warning: unused function 'dpct_memset' [-Wunused-function]
  494 | static void dpct_memset(void *dev_ptr, int value, size_t size,
      |             ^~~~~~~~~~~
/home/yayoi/ghq/github.com/yqYo1/Strata/.worktree/sync-upstream-2026-10-05/build-sycl-event-ack-registered-copy-v3-20261008/source/sycl/include/dpct/memory.hpp:507:13: warning: unused function 'dpct_memset_d16' [-Wunused-function]
  507 | static void dpct_memset_d16(void *dev_ptr, unsigned short value, size_t size,
      |             ^~~~~~~~~~~~~~~
/home/yayoi/ghq/github.com/yqYo1/Strata/.worktree/sync-upstream-2026-10-05/build-sycl-event-ack-registered-copy-v3-20261008/source/sycl/include/dpct/memory.hpp:519:13: warning: unused function 'dpct_memset_d32' [-Wunused-function]
  519 | static void dpct_memset_d32(void *dev_ptr, unsigned int value, size_t size,
      |             ^~~~~~~~~~~~~~~
/home/yayoi/ghq/github.com/yqYo1/Strata/.worktree/sync-upstream-2026-10-05/build-sycl-event-ack-registered-copy-v3-20261008/source/sycl/include/dpct/memory.hpp:532:13: warning: unused function 'async_dpct_memset' [-Wunused-function]
  532 | static void async_dpct_memset(void *dev_ptr, int value, size_t size,
      |             ^~~~~~~~~~~~~~~~~
/home/yayoi/ghq/github.com/yqYo1/Strata/.worktree/sync-upstream-2026-10-05/build-sycl-event-ack-registered-copy-v3-20261008/source/sycl/include/dpct/memory.hpp:544:13: warning: unused function 'async_dpct_memset_d16' [-Wunused-function]
  544 | static void async_dpct_memset_d16(void *dev_ptr, unsigned short value, size_t size,
      |             ^~~~~~~~~~~~~~~~~~~~~
/home/yayoi/ghq/github.com/yqYo1/Strata/.worktree/sync-upstream-2026-10-05/build-sycl-event-ack-registered-copy-v3-20261008/source/sycl/include/dpct/memory.hpp:556:13: warning: unused function 'async_dpct_memset_d32' [-Wunused-function]
  556 | static void async_dpct_memset_d32(void *dev_ptr, unsigned int value, size_t size,
      |             ^~~~~~~~~~~~~~~~~~~~~
In file included from /home/yayoi/ghq/github.com/yqYo1/Strata/.worktree/sync-upstream-2026-10-05/build-sycl-event-ack-no-root-prefill-20261008/source/kernels.dp.cpp:5:
In file included from /home/yayoi/ghq/github.com/yqYo1/Strata/.worktree/sync-upstream-2026-10-05/build-sycl-event-ack-registered-copy-v3-20261008/source/sycl/include/dpct/dpct.hpp:60:
/home/yayoi/ghq/github.com/yqYo1/Strata/.worktree/sync-upstream-2026-10-05/build-sycl-event-ack-registered-copy-v3-20261008/source/sycl/include/dpct/graph.hpp:136:1: warning: unused function 'add_empty_node' [-Wunused-function]
  136 | add_empty_node(dpct::experimental::node_ptr *newNode,
      | ^~~~~~~~~~~~~~
/home/yayoi/ghq/github.com/yqYo1/Strata/.worktree/sync-upstream-2026-10-05/build-sycl-event-ack-registered-copy-v3-20261008/source/sycl/include/dpct/graph.hpp:162:13: warning: unused function 'add_dependencies' [-Wunused-function]
  162 | static void add_dependencies(dpct::experimental::command_graph_ptr graph,
      |             ^~~~~~~~~~~~~~~~
/home/yayoi/ghq/github.com/yqYo1/Strata/.worktree/sync-upstream-2026-10-05/build-sycl-event-ack-registered-copy-v3-20261008/source/sycl/include/dpct/graph.hpp:176:13: warning: unused function 'get_nodes' [-Wunused-function]
  176 | static void get_nodes(dpct::experimental::command_graph_ptr graph,
      |             ^~~~~~~~~
/home/yayoi/ghq/github.com/yqYo1/Strata/.worktree/sync-upstream-2026-10-05/build-sycl-event-ack-registered-copy-v3-20261008/source/sycl/include/dpct/graph.hpp:187:13: warning: unused function 'get_root_nodes' [-Wunused-function]
  187 | static void get_root_nodes(dpct::experimental::command_graph_ptr graph,
      |             ^~~~~~~~~~~~~~
85 warnings generated.
In file included from /home/yayoi/ghq/github.com/yqYo1/Strata/.worktree/sync-upstream-2026-10-05/build-sycl-event-ack-no-root-prefill-20261008/source/kernels.dp.cpp:5:
In file included from /home/yayoi/ghq/github.com/yqYo1/Strata/.worktree/sync-upstream-2026-10-05/build-sycl-event-ack-registered-copy-v3-20261008/source/sycl/include/dpct/dpct.hpp:53:
In file included from /home/yayoi/ghq/github.com/yqYo1/Strata/.worktree/sync-upstream-2026-10-05/build-sycl-event-ack-registered-copy-v3-20261008/source/sycl/include/dpct/image.hpp:14:
In file included from /home/yayoi/ghq/github.com/yqYo1/Strata/.worktree/sync-upstream-2026-10-05/build-sycl-event-ack-registered-copy-v3-20261008/source/sycl/include/dpct/memory.hpp:112:
/home/yayoi/ghq/github.com/yqYo1/Strata/.worktree/sync-upstream-2026-10-05/build-sycl-event-ack-registered-copy-v3-20261008/source/sycl/include/dpct/detail/memory_detail.hpp:343:30: warning: unused parameter 'direction' [-Wunused-parameter]
  343 |             memcpy_direction direction,
      |                              ^
/home/yayoi/ghq/github.com/yqYo1/Strata/.worktree/sync-upstream-2026-10-05/build-sycl-event-ack-registered-copy-v3-20261008/source/sycl/include/dpct/detail/memory_detail.hpp:901:29: warning: unused parameter 'cgh' [-Wunused-parameter]
  901 |   get_access(sycl::handler &cgh) {
      |                             ^
In file included from /home/yayoi/ghq/github.com/yqYo1/Strata/.worktree/sync-upstream-2026-10-05/build-sycl-event-ack-no-root-prefill-20261008/source/kernels.dp.cpp:5:
In file included from /home/yayoi/ghq/github.com/yqYo1/Strata/.worktree/sync-upstream-2026-10-05/build-sycl-event-ack-registered-copy-v3-20261008/source/sycl/include/dpct/dpct.hpp:53:
In file included from /home/yayoi/ghq/github.com/yqYo1/Strata/.worktree/sync-upstream-2026-10-05/build-sycl-event-ack-registered-copy-v3-20261008/source/sycl/include/dpct/image.hpp:14:
/home/yayoi/ghq/github.com/yqYo1/Strata/.worktree/sync-upstream-2026-10-05/build-sycl-event-ack-registered-copy-v3-20261008/source/sycl/include/dpct/memory.hpp:816:23: warning: comparison of integers of different signs: 'int' and 'unsigned int' [-Wsign-compare]
  816 |     for (int i = 0; i < numAttributes; i++) {
      |                     ~ ^ ~~~~~~~~~~~~~
In file included from /home/yayoi/ghq/github.com/yqYo1/Strata/.worktree/sync-upstream-2026-10-05/build-sycl-event-ack-no-root-prefill-20261008/source/kernels.dp.cpp:5:
In file included from /home/yayoi/ghq/github.com/yqYo1/Strata/.worktree/sync-upstream-2026-10-05/build-sycl-event-ack-registered-copy-v3-20261008/source/sycl/include/dpct/dpct.hpp:53:
In file included from /home/yayoi/ghq/github.com/yqYo1/Strata/.worktree/sync-upstream-2026-10-05/build-sycl-event-ack-registered-copy-v3-20261008/source/sycl/include/dpct/image.hpp:15:
/home/yayoi/ghq/github.com/yqYo1/Strata/.worktree/sync-upstream-2026-10-05/build-sycl-event-ack-registered-copy-v3-20261008/source/sycl/include/dpct/util.hpp:959:15: warning: comparison of integers of different signs: 'int' and 'size_t' (aka 'unsigned long') [-Wsign-compare]
  959 |   if (wg_size > max_wg_size) {
      |       ~~~~~~~ ^ ~~~~~~~~~~~
/home/yayoi/ghq/github.com/yqYo1/Strata/.worktree/sync-upstream-2026-10-05/build-sycl-event-ack-registered-copy-v3-20261008/source/sycl/include/dpct/util.hpp:1021:35: warning: comparison of integers of different signs: 'int' and 'size_t' (aka 'unsigned long') [-Wsign-compare]
 1021 |       max_ws_size_for_device_code >= max_wg_size)
      |       ~~~~~~~~~~~~~~~~~~~~~~~~~~~ ^  ~~~~~~~~~~~
/home/yayoi/ghq/github.com/yqYo1/Strata/.worktree/sync-upstream-2026-10-05/build-sycl-event-ack-registered-copy-v3-20261008/source/sycl/include/dpct/util.hpp:1291:17: warning: '&' within '|' [-Wbitwise-op-parentheses]
 1291 |     result = (a & b | c) ^ a;
      |               ~~^~~ ~
/home/yayoi/ghq/github.com/yqYo1/Strata/.worktree/sync-upstream-2026-10-05/build-sycl-event-ack-registered-copy-v3-20261008/source/sycl/include/dpct/util.hpp:1291:17: note: place parentheses around the '&' expression to silence this warning
 1291 |     result = (a & b | c) ^ a;
      |                 ^
      |               (    )
/home/yayoi/ghq/github.com/yqYo1/Strata/.worktree/sync-upstream-2026-10-05/build-sycl-event-ack-registered-copy-v3-20261008/source/sycl/include/dpct/util.hpp:1315:16: warning: '&' within '|' [-Wbitwise-op-parentheses]
 1315 |     result = a & (b | c) | (b & c);
      |              ~~^~~~~~~~~ ~
/home/yayoi/ghq/github.com/yqYo1/Strata/.worktree/sync-upstream-2026-10-05/build-sycl-event-ack-registered-copy-v3-20261008/source/sycl/include/dpct/util.hpp:1315:16: note: place parentheses around the '&' expression to silence this warning
 1315 |     result = a & (b | c) | (b & c);
      |                ^
      |              (          )
/home/yayoi/ghq/github.com/yqYo1/Strata/.worktree/sync-upstream-2026-10-05/build-sycl-event-ack-registered-copy-v3-20261008/source/sycl/include/dpct/util.hpp:1318:16: warning: '&' within '|' [-Wbitwise-op-parentheses]
 1318 |     result = a & b | c;
      |              ~~^~~ ~
/home/yayoi/ghq/github.com/yqYo1/Strata/.worktree/sync-upstream-2026-10-05/build-sycl-event-ack-registered-copy-v3-20261008/source/sycl/include/dpct/util.hpp:1318:16: note: place parentheses around the '&' expression to silence this warning
 1318 |     result = a & b | c;
      |                ^
      |              (    )
In file included from /home/yayoi/ghq/github.com/yqYo1/Strata/.worktree/sync-upstream-2026-10-05/build-sycl-event-ack-no-root-prefill-20261008/source/kernels.dp.cpp:5:
In file included from /home/yayoi/ghq/github.com/yqYo1/Strata/.worktree/sync-upstream-2026-10-05/build-sycl-event-ack-registered-copy-v3-20261008/source/sycl/include/dpct/dpct.hpp:54:
/home/yayoi/ghq/github.com/yqYo1/Strata/.worktree/sync-upstream-2026-10-05/build-sycl-event-ack-registered-copy-v3-20261008/source/sycl/include/dpct/kernel.hpp:50:57: warning: unused parameter 'function' [-Wunused-parameter]
   50 |                                             const void *function) {
      |                                                         ^
/home/yayoi/ghq/github.com/yqYo1/Strata/.worktree/sync-upstream-2026-10-05/build-sycl-event-ack-registered-copy-v3-20261008/source/sycl/include/dpct/kernel.hpp:57:38: warning: unused parameter 'function' [-Wunused-parameter]
   57 | get_kernel_function_info(const void *function) {
      |                                      ^
In file included from /home/yayoi/ghq/github.com/yqYo1/Strata/.worktree/sync-upstream-2026-10-05/build-sycl-event-ack-no-root-prefill-20261008/source/kernels.dp.cpp:5:
In file included from /home/yayoi/ghq/github.com/yqYo1/Strata/.worktree/sync-upstream-2026-10-05/build-sycl-event-ack-registered-copy-v3-20261008/source/sycl/include/dpct/dpct.hpp:59:
/home/yayoi/ghq/github.com/yqYo1/Strata/.worktree/sync-upstream-2026-10-05/build-sycl-event-ack-registered-copy-v3-20261008/source/sycl/include/dpct/bindless_images.hpp:629:35: warning: unused parameter 'q' [-Wunused-parameter]
  629 |   void unmap_resource(sycl::queue q) {
      |                                   ^
/home/yayoi/ghq/github.com/yqYo1/Strata/.worktree/sync-upstream-2026-10-05/build-sycl-event-ack-registered-copy-v3-20261008/source/sycl/include/dpct/bindless_images.hpp:656:9: warning: field '_res_external_mem' will be initialized after field '_res_reg_flags' [-Wreorder-ctor]
  656 |       : _res_external_mem(external_mem), _res_reg_flags(reg_flags) {}
      |         ^~~~~~~~~~~~~~~~~~~~~~~~~~~~~~~  ~~~~~~~~~~~~~~~~~~~~~~~~~
      |         _res_reg_flags(reg_flags)        _res_external_mem(external_mem)
/home/yayoi/ghq/github.com/yqYo1/Strata/.worktree/sync-upstream-2026-10-05/build-sycl-event-ack-registered-copy-v3-20261008/source/sycl/include/dpct/bindless_images.hpp:1163:24: warning: comparison of integers of different signs: 'size_t' (aka 'unsigned long') and 'int' [-Wsign-compare]
 1163 |   for (size_t i = 0; i < count; ++i) {
      |                      ~ ^ ~~~~~
/home/yayoi/ghq/github.com/yqYo1/Strata/.worktree/sync-upstream-2026-10-05/build-sycl-event-ack-registered-copy-v3-20261008/source/sycl/include/dpct/bindless_images.hpp:1350:21: warning: comparison of integers of different signs: 'int' and 'unsigned int' [-Wsign-compare]
 1350 |   for (int i = 0; i < numExtSems; i++) {
      |                   ~ ^ ~~~~~~~~~~
/home/yayoi/ghq/github.com/yqYo1/Strata/.worktree/sync-upstream-2026-10-05/build-sycl-event-ack-registered-copy-v3-20261008/source/sycl/include/dpct/bindless_images.hpp:1393:21: warning: comparison of integers of different signs: 'int' and 'unsigned int' [-Wsign-compare]
 1393 |   for (int i = 0; i < numExtSems; i++) {
      |                   ~ ^ ~~~~~~~~~~
/home/yayoi/ghq/github.com/yqYo1/Strata/.worktree/sync-upstream-2026-10-05/build-sycl-event-ack-registered-copy-v3-20261008/source/sycl/include/dpct/bindless_images.hpp:1686:60: warning: unused parameter 'channel' [-Wunused-parameter]
 1686 |   void attach(image_mem_wrapper *mem, const image_channel &channel,
      |                                                            ^
/home/yayoi/ghq/github.com/yqYo1/Strata/.worktree/sync-upstream-2026-10-05/build-sycl-event-ack-no-root-prefill-20261008/source/kernels.dp.cpp:109:35: warning: comparison of integers of different signs: 'size_t' (aka 'unsigned long') and 'const int' [-Wsign-compare]
  109 |         (item_ct1.get_local_id(2) < nw) ? sh[item_ct1.get_local_id(2)] : 0.0f;
      |          ~~~~~~~~~~~~~~~~~~~~~~~~ ^ ~~
/home/yayoi/ghq/github.com/yqYo1/Strata/.worktree/sync-upstream-2026-10-05/build-sycl-event-ack-no-root-prefill-20261008/source/kernels.dp.cpp:120:24: warning: unused parameter 'what' [-Wunused-parameter]
  120 | void check(const char* what) {
      |                        ^
/home/yayoi/ghq/github.com/yqYo1/Strata/.worktree/sync-upstream-2026-10-05/build-sycl-event-ack-no-root-prefill-20261008/source/kernels.dp.cpp:2161:42: warning: unused parameter 'item_ct1' [-Wunused-parameter]
 2161 |                     [=](sycl::nd_item<3> item_ct1)
      |                                          ^
/home/yayoi/ghq/github.com/yqYo1/Strata/.worktree/sync-upstream-2026-10-05/build-sycl-event-ack-no-root-prefill-20261008/source/kernels.dp.cpp:2199:49: warning: unused parameter 'item_ct1' [-Wunused-parameter]
 2199 |                 exp_props, [=](sycl::nd_item<3> item_ct1) {
      |                                                 ^
/home/yayoi/ghq/github.com/yqYo1/Strata/.worktree/sync-upstream-2026-10-05/build-sycl-event-ack-no-root-prefill-20261008/source/kernels.dp.cpp:2219:49: warning: unused parameter 'item_ct1' [-Wunused-parameter]
 2219 |                 exp_props, [=](sycl::nd_item<3> item_ct1) {
      |                                                 ^
/home/yayoi/ghq/github.com/yqYo1/Strata/.worktree/sync-upstream-2026-10-05/build-sycl-event-ack-no-root-prefill-20261008/source/kernels.dp.cpp:2239:49: warning: unused parameter 'item_ct1' [-Wunused-parameter]
 2239 |                 exp_props, [=](sycl::nd_item<3> item_ct1) {
      |                                                 ^
/home/yayoi/ghq/github.com/yqYo1/Strata/.worktree/sync-upstream-2026-10-05/build-sycl-event-ack-no-root-prefill-20261008/source/kernels.dp.cpp:2258:38: warning: unused parameter 'item_ct1' [-Wunused-parameter]
 2258 |                 [=](sycl::nd_item<3> item_ct1)
      |                                      ^
/home/yayoi/ghq/github.com/yqYo1/Strata/.worktree/sync-upstream-2026-10-05/build-sycl-event-ack-no-root-prefill-20261008/source/kernels.dp.cpp:2283:42: warning: unused parameter 'item_ct1' [-Wunused-parameter]
 2283 |                     [=](sycl::nd_item<3> item_ct1)
      |                                          ^
/home/yayoi/ghq/github.com/yqYo1/Strata/.worktree/sync-upstream-2026-10-05/build-sycl-event-ack-no-root-prefill-20261008/source/kernels.dp.cpp:2303:49: warning: unused parameter 'item_ct1' [-Wunused-parameter]
 2303 |                 exp_props, [=](sycl::nd_item<3> item_ct1) {
      |                                                 ^
/home/yayoi/ghq/github.com/yqYo1/Strata/.worktree/sync-upstream-2026-10-05/build-sycl-event-ack-no-root-prefill-20261008/source/kernels.dp.cpp:2348:42: warning: unused parameter 'item_ct1' [-Wunused-parameter]
 2348 |                     [=](sycl::nd_item<3> item_ct1)
      |                                          ^
/home/yayoi/ghq/github.com/yqYo1/Strata/.worktree/sync-upstream-2026-10-05/build-sycl-event-ack-no-root-prefill-20261008/source/kernels.dp.cpp:2375:42: warning: unused parameter 'item_ct1' [-Wunused-parameter]
 2375 |                     [=](sycl::nd_item<3> item_ct1)
      |                                          ^
/home/yayoi/ghq/github.com/yqYo1/Strata/.worktree/sync-upstream-2026-10-05/build-sycl-event-ack-no-root-prefill-20261008/source/kernels.dp.cpp:2399:53: warning: unused parameter 'item_ct1' [-Wunused-parameter]
 2399 |                     exp_props, [=](sycl::nd_item<3> item_ct1) {
      |                                                     ^
/home/yayoi/ghq/github.com/yqYo1/Strata/.worktree/sync-upstream-2026-10-05/build-sycl-event-ack-no-root-prefill-20261008/source/kernels.dp.cpp:2417:49: warning: unused parameter 'item_ct1' [-Wunused-parameter]
 2417 |                 exp_props, [=](sycl::nd_item<3> item_ct1) {
      |                                                 ^
/home/yayoi/ghq/github.com/yqYo1/Strata/.worktree/sync-upstream-2026-10-05/build-sycl-event-ack-no-root-prefill-20261008/source/kernels.dp.cpp:2434:49: warning: unused parameter 'item_ct1' [-Wunused-parameter]
 2434 |                 exp_props, [=](sycl::nd_item<3> item_ct1) {
      |                                                 ^
/home/yayoi/ghq/github.com/yqYo1/Strata/.worktree/sync-upstream-2026-10-05/build-sycl-event-ack-no-root-prefill-20261008/source/kernels.dp.cpp:2450:49: warning: unused parameter 'item_ct1' [-Wunused-parameter]
 2450 |                 exp_props, [=](sycl::nd_item<3> item_ct1) {
      |                                                 ^
/home/yayoi/ghq/github.com/yqYo1/Strata/.worktree/sync-upstream-2026-10-05/build-sycl-event-ack-no-root-prefill-20261008/source/kernels.dp.cpp:2466:49: warning: unused parameter 'item_ct1' [-Wunused-parameter]
 2466 |                 exp_props, [=](sycl::nd_item<3> item_ct1) {
      |                                                 ^
/home/yayoi/ghq/github.com/yqYo1/Strata/.worktree/sync-upstream-2026-10-05/build-sycl-event-ack-no-root-prefill-20261008/source/kernels.dp.cpp:2483:49: warning: unused parameter 'item_ct1' [-Wunused-parameter]
 2483 |                 exp_props, [=](sycl::nd_item<3> item_ct1) {
      |                                                 ^
/home/yayoi/ghq/github.com/yqYo1/Strata/.worktree/sync-upstream-2026-10-05/build-sycl-event-ack-no-root-prefill-20261008/source/kernels.dp.cpp:2503:46: warning: unused parameter 'item_ct1' [-Wunused-parameter]
 2503 |                         [=](sycl::nd_item<3> item_ct1)
      |                                              ^
/home/yayoi/ghq/github.com/yqYo1/Strata/.worktree/sync-upstream-2026-10-05/build-sycl-event-ack-no-root-prefill-20261008/source/kernels.dp.cpp:2519:57: warning: unused parameter 'item_ct1' [-Wunused-parameter]
 2519 |                         exp_props, [=](sycl::nd_item<3> item_ct1) {
      |                                                         ^
/home/yayoi/ghq/github.com/yqYo1/Strata/.worktree/sync-upstream-2026-10-05/build-sycl-event-ack-no-root-prefill-20261008/source/kernels.dp.cpp:2539:53: warning: unused parameter 'item_ct1' [-Wunused-parameter]
 2539 |                     exp_props, [=](sycl::nd_item<3> item_ct1) {
      |                                                     ^
/home/yayoi/ghq/github.com/yqYo1/Strata/.worktree/sync-upstream-2026-10-05/build-sycl-event-ack-no-root-prefill-20261008/source/kernels.dp.cpp:2553:53: warning: unused parameter 'item_ct1' [-Wunused-parameter]
 2553 |                     exp_props, [=](sycl::nd_item<3> item_ct1) {
      |                                                     ^
/home/yayoi/ghq/github.com/yqYo1/Strata/.worktree/sync-upstream-2026-10-05/build-sycl-event-ack-no-root-prefill-20261008/source/kernels.dp.cpp:2568:38: warning: unused parameter 'item_ct1' [-Wunused-parameter]
 2568 |                 [=](sycl::nd_item<3> item_ct1)
      |                                      ^
/home/yayoi/ghq/github.com/yqYo1/Strata/.worktree/sync-upstream-2026-10-05/build-sycl-event-ack-no-root-prefill-20261008/source/kernels.dp.cpp:2582:30: warning: unused parameter 'item_ct1' [-Wunused-parameter]
 2582 |         [=](sycl::nd_item<3> item_ct1)
      |                              ^
/home/yayoi/ghq/github.com/yqYo1/Strata/.worktree/sync-upstream-2026-10-05/build-sycl-event-ack-no-root-prefill-20261008/source/kernels.dp.cpp:2665:38: warning: unused parameter 'item_ct1' [-Wunused-parameter]
 2665 |                 [=](sycl::nd_item<3> item_ct1)
      |                                      ^
/home/yayoi/ghq/github.com/yqYo1/Strata/.worktree/sync-upstream-2026-10-05/build-sycl-event-ack-no-root-prefill-20261008/source/kernels.dp.cpp:2690:53: warning: unused parameter 'item_ct1' [-Wunused-parameter]
 2690 |                     exp_props, [=](sycl::nd_item<3> item_ct1) {
      |                                                     ^
/home/yayoi/ghq/github.com/yqYo1/Strata/.worktree/sync-upstream-2026-10-05/build-sycl-event-ack-no-root-prefill-20261008/source/kernels.dp.cpp:2706:53: warning: unused parameter 'item_ct1' [-Wunused-parameter]
 2706 |                     exp_props, [=](sycl::nd_item<3> item_ct1) {
      |                                                     ^
/home/yayoi/ghq/github.com/yqYo1/Strata/.worktree/sync-upstream-2026-10-05/build-sycl-event-ack-no-root-prefill-20261008/source/kernels.dp.cpp:2719:53: warning: unused parameter 'item_ct1' [-Wunused-parameter]
 2719 |                     exp_props, [=](sycl::nd_item<3> item_ct1) {
      |                                                     ^
/home/yayoi/ghq/github.com/yqYo1/Strata/.worktree/sync-upstream-2026-10-05/build-sycl-event-ack-no-root-prefill-20261008/source/kernels.dp.cpp:2734:42: warning: unused parameter 'item_ct1' [-Wunused-parameter]
 2734 |                     [=](sycl::nd_item<3> item_ct1)
      |                                          ^
/home/yayoi/ghq/github.com/yqYo1/Strata/.worktree/sync-upstream-2026-10-05/build-sycl-event-ack-no-root-prefill-20261008/source/kernels.dp.cpp:2764:38: warning: unused parameter 'item_ct1' [-Wunused-parameter]
 2764 |                 [=](sycl::nd_item<3> item_ct1)
      |                                      ^
/home/yayoi/ghq/github.com/yqYo1/Strata/.worktree/sync-upstream-2026-10-05/build-sycl-event-ack-no-root-prefill-20261008/source/kernels.dp.cpp:2780:38: warning: unused parameter 'item_ct1' [-Wunused-parameter]
 2780 |                 [=](sycl::nd_item<3> item_ct1)
      |                                      ^
/home/yayoi/ghq/github.com/yqYo1/Strata/.worktree/sync-upstream-2026-10-05/build-sycl-event-ack-no-root-prefill-20261008/source/kernels.dp.cpp:2800:49: warning: unused parameter 'item_ct1' [-Wunused-parameter]
 2800 |                 exp_props, [=](sycl::nd_item<3> item_ct1) {
      |                                                 ^
/home/yayoi/ghq/github.com/yqYo1/Strata/.worktree/sync-upstream-2026-10-05/build-sycl-event-ack-no-root-prefill-20261008/source/kernels.dp.cpp:2818:49: warning: unused parameter 'item_ct1' [-Wunused-parameter]
 2818 |                 exp_props, [=](sycl::nd_item<3> item_ct1) {
      |                                                 ^
/home/yayoi/ghq/github.com/yqYo1/Strata/.worktree/sync-upstream-2026-10-05/build-sycl-event-ack-no-root-prefill-20261008/source/kernels.dp.cpp:2835:49: warning: unused parameter 'item_ct1' [-Wunused-parameter]
 2835 |                 exp_props, [=](sycl::nd_item<3> item_ct1) {
      |                                                 ^
/home/yayoi/ghq/github.com/yqYo1/Strata/.worktree/sync-upstream-2026-10-05/build-sycl-event-ack-no-root-prefill-20261008/source/kernels.dp.cpp:2851:49: warning: unused parameter 'item_ct1' [-Wunused-parameter]
 2851 |                 exp_props, [=](sycl::nd_item<3> item_ct1) {
      |                                                 ^
/home/yayoi/ghq/github.com/yqYo1/Strata/.worktree/sync-upstream-2026-10-05/build-sycl-event-ack-no-root-prefill-20261008/source/kernels.dp.cpp:2897:49: warning: unused parameter 'item_ct1' [-Wunused-parameter]
 2897 |                 exp_props, [=](sycl::nd_item<3> item_ct1) {
      |                                                 ^
/home/yayoi/ghq/github.com/yqYo1/Strata/.worktree/sync-upstream-2026-10-05/build-sycl-event-ack-no-root-prefill-20261008/source/kernels.dp.cpp:2918:49: warning: unused parameter 'item_ct1' [-Wunused-parameter]
 2918 |                 exp_props, [=](sycl::nd_item<3> item_ct1) {
      |                                                 ^
/home/yayoi/ghq/github.com/yqYo1/Strata/.worktree/sync-upstream-2026-10-05/build-sycl-event-ack-no-root-prefill-20261008/source/kernels.dp.cpp:2936:49: warning: unused parameter 'item_ct1' [-Wunused-parameter]
 2936 |                 exp_props, [=](sycl::nd_item<3> item_ct1) {
      |                                                 ^
/home/yayoi/ghq/github.com/yqYo1/Strata/.worktree/sync-upstream-2026-10-05/build-sycl-event-ack-no-root-prefill-20261008/source/kernels.dp.cpp:2957:53: warning: unused parameter 'item_ct1' [-Wunused-parameter]
 2957 |                     exp_props, [=](sycl::nd_item<3> item_ct1) {
      |                                                     ^
/home/yayoi/ghq/github.com/yqYo1/Strata/.worktree/sync-upstream-2026-10-05/build-sycl-event-ack-no-root-prefill-20261008/source/kernels.dp.cpp:2974:49: warning: unused parameter 'item_ct1' [-Wunused-parameter]
 2974 |                 exp_props, [=](sycl::nd_item<3> item_ct1) {
      |                                                 ^
/home/yayoi/ghq/github.com/yqYo1/Strata/.worktree/sync-upstream-2026-10-05/build-sycl-event-ack-no-root-prefill-20261008/source/kernels.dp.cpp:2992:38: warning: unused parameter 'item_ct1' [-Wunused-parameter]
 2992 |                 [=](sycl::nd_item<3> item_ct1)
      |                                      ^
/home/yayoi/ghq/github.com/yqYo1/Strata/.worktree/sync-upstream-2026-10-05/build-sycl-event-ack-no-root-prefill-20261008/source/kernels.dp.cpp:3025:53: warning: unused parameter 'item_ct1' [-Wunused-parameter]
 3025 |                     exp_props, [=](sycl::nd_item<3> item_ct1) {
      |                                                     ^
/home/yayoi/ghq/github.com/yqYo1/Strata/.worktree/sync-upstream-2026-10-05/build-sycl-event-ack-no-root-prefill-20261008/source/kernels.dp.cpp:3046:53: warning: unused parameter 'item_ct1' [-Wunused-parameter]
 3046 |                     exp_props, [=](sycl::nd_item<3> item_ct1) {
      |                                                     ^
/home/yayoi/ghq/github.com/yqYo1/Strata/.worktree/sync-upstream-2026-10-05/build-sycl-event-ack-no-root-prefill-20261008/source/kernels.dp.cpp:3066:49: warning: unused parameter 'item_ct1' [-Wunused-parameter]
 3066 |                 exp_props, [=](sycl::nd_item<3> item_ct1) {
      |                                                 ^
/home/yayoi/ghq/github.com/yqYo1/Strata/.worktree/sync-upstream-2026-10-05/build-sycl-event-ack-no-root-prefill-20261008/source/kernels.dp.cpp:3089:53: warning: unused parameter 'item_ct1' [-Wunused-parameter]
 3089 |                     exp_props, [=](sycl::nd_item<3> item_ct1) {
      |                                                     ^
In file included from /home/yayoi/ghq/github.com/yqYo1/Strata/.worktree/sync-upstream-2026-10-05/build-sycl-event-ack-no-root-prefill-20261008/source/kernels.dp.cpp:5:
In file included from /home/yayoi/ghq/github.com/yqYo1/Strata/.worktree/sync-upstream-2026-10-05/build-sycl-event-ack-registered-copy-v3-20261008/source/sycl/include/dpct/dpct.hpp:52:
/home/yayoi/ghq/github.com/yqYo1/Strata/.worktree/sync-upstream-2026-10-05/build-sycl-event-ack-registered-copy-v3-20261008/source/sycl/include/dpct/device.hpp:86:13: warning: unused function 'destroy_event' [-Wunused-function]
   86 | static void destroy_event(event_ptr event) {
      |             ^~~~~~~~~~~~~
In file included from /home/yayoi/ghq/github.com/yqYo1/Strata/.worktree/sync-upstream-2026-10-05/build-sycl-event-ack-no-root-prefill-20261008/source/kernels.dp.cpp:5:
In file included from /home/yayoi/ghq/github.com/yqYo1/Strata/.worktree/sync-upstream-2026-10-05/build-sycl-event-ack-registered-copy-v3-20261008/source/sycl/include/dpct/dpct.hpp:53:
In file included from /home/yayoi/ghq/github.com/yqYo1/Strata/.worktree/sync-upstream-2026-10-05/build-sycl-event-ack-registered-copy-v3-20261008/source/sycl/include/dpct/image.hpp:14:
/home/yayoi/ghq/github.com/yqYo1/Strata/.worktree/sync-upstream-2026-10-05/build-sycl-event-ack-registered-copy-v3-20261008/source/sycl/include/dpct/memory.hpp:165:17: warning: 'static' function 'get_buffer' declared in header file should be declared 'static inline' [-Wunneeded-internal-declaration]
  165 | static buffer_t get_buffer(const void *ptr) {
      |                 ^~~~~~~~~~
/home/yayoi/ghq/github.com/yqYo1/Strata/.worktree/sync-upstream-2026-10-05/build-sycl-event-ack-registered-copy-v3-20261008/source/sycl/include/dpct/memory.hpp:141:36: warning: 'static' function 'get_buffer_and_offset' declared in header file should be declared 'static inline' [-Wunneeded-internal-declaration]
  141 | static std::pair<buffer_t, size_t> get_buffer_and_offset(const void *ptr) {
      |                                    ^~~~~~~~~~~~~~~~~~~~~
/home/yayoi/ghq/github.com/yqYo1/Strata/.worktree/sync-upstream-2026-10-05/build-sycl-event-ack-registered-copy-v3-20261008/source/sycl/include/dpct/memory.hpp:304:13: warning: unused function 'dpct_memcpy' [-Wunused-function]
  304 | static void dpct_memcpy(void *to_ptr, const void *from_ptr, size_t size,
      |             ^~~~~~~~~~~
/home/yayoi/ghq/github.com/yqYo1/Strata/.worktree/sync-upstream-2026-10-05/build-sycl-event-ack-registered-copy-v3-20261008/source/sycl/include/dpct/memory.hpp:322:13: warning: unused function 'dpct_memcpy' [-Wunused-function]
  322 | static void dpct_memcpy(void *to_ptr, int to_dev_id, const void *from_ptr,
      |             ^~~~~~~~~~~
/home/yayoi/ghq/github.com/yqYo1/Strata/.worktree/sync-upstream-2026-10-05/build-sycl-event-ack-registered-copy-v3-20261008/source/sycl/include/dpct/memory.hpp:340:13: warning: unused function 'async_dpct_memcpy' [-Wunused-function]
  340 | static void async_dpct_memcpy(void *to_ptr, const void *from_ptr, size_t size,
      |             ^~~~~~~~~~~~~~~~~
/home/yayoi/ghq/github.com/yqYo1/Strata/.worktree/sync-upstream-2026-10-05/build-sycl-event-ack-registered-copy-v3-20261008/source/sycl/include/dpct/memory.hpp:358:13: warning: unused function 'async_dpct_memcpy' [-Wunused-function]
  358 | static void async_dpct_memcpy(void *to_ptr, int to_dev_id, const void *from_ptr,
      |             ^~~~~~~~~~~~~~~~~
/home/yayoi/ghq/github.com/yqYo1/Strata/.worktree/sync-upstream-2026-10-05/build-sycl-event-ack-registered-copy-v3-20261008/source/sycl/include/dpct/memory.hpp:494:13: warning: unused function 'dpct_memset' [-Wunused-function]
  494 | static void dpct_memset(void *dev_ptr, int value, size_t size,
      |             ^~~~~~~~~~~
/home/yayoi/ghq/github.com/yqYo1/Strata/.worktree/sync-upstream-2026-10-05/build-sycl-event-ack-registered-copy-v3-20261008/source/sycl/include/dpct/memory.hpp:507:13: warning: unused function 'dpct_memset_d16' [-Wunused-function]
  507 | static void dpct_memset_d16(void *dev_ptr, unsigned short value, size_t size,
      |             ^~~~~~~~~~~~~~~
/home/yayoi/ghq/github.com/yqYo1/Strata/.worktree/sync-upstream-2026-10-05/build-sycl-event-ack-registered-copy-v3-20261008/source/sycl/include/dpct/memory.hpp:519:13: warning: unused function 'dpct_memset_d32' [-Wunused-function]
  519 | static void dpct_memset_d32(void *dev_ptr, unsigned int value, size_t size,
      |             ^~~~~~~~~~~~~~~
/home/yayoi/ghq/github.com/yqYo1/Strata/.worktree/sync-upstream-2026-10-05/build-sycl-event-ack-registered-copy-v3-20261008/source/sycl/include/dpct/memory.hpp:532:13: warning: unused function 'async_dpct_memset' [-Wunused-function]
  532 | static void async_dpct_memset(void *dev_ptr, int value, size_t size,
      |             ^~~~~~~~~~~~~~~~~
/home/yayoi/ghq/github.com/yqYo1/Strata/.worktree/sync-upstream-2026-10-05/build-sycl-event-ack-registered-copy-v3-20261008/source/sycl/include/dpct/memory.hpp:544:13: warning: unused function 'async_dpct_memset_d16' [-Wunused-function]
  544 | static void async_dpct_memset_d16(void *dev_ptr, unsigned short value, size_t size,
      |             ^~~~~~~~~~~~~~~~~~~~~
/home/yayoi/ghq/github.com/yqYo1/Strata/.worktree/sync-upstream-2026-10-05/build-sycl-event-ack-registered-copy-v3-20261008/source/sycl/include/dpct/memory.hpp:556:13: warning: unused function 'async_dpct_memset_d32' [-Wunused-function]
  556 | static void async_dpct_memset_d32(void *dev_ptr, unsigned int value, size_t size,
      |             ^~~~~~~~~~~~~~~~~~~~~
In file included from /home/yayoi/ghq/github.com/yqYo1/Strata/.worktree/sync-upstream-2026-10-05/build-sycl-event-ack-no-root-prefill-20261008/source/kernels.dp.cpp:5:
In file included from /home/yayoi/ghq/github.com/yqYo1/Strata/.worktree/sync-upstream-2026-10-05/build-sycl-event-ack-registered-copy-v3-20261008/source/sycl/include/dpct/dpct.hpp:60:
/home/yayoi/ghq/github.com/yqYo1/Strata/.worktree/sync-upstream-2026-10-05/build-sycl-event-ack-registered-copy-v3-20261008/source/sycl/include/dpct/graph.hpp:136:1: warning: unused function 'add_empty_node' [-Wunused-function]
  136 | add_empty_node(dpct::experimental::node_ptr *newNode,
      | ^~~~~~~~~~~~~~
/home/yayoi/ghq/github.com/yqYo1/Strata/.worktree/sync-upstream-2026-10-05/build-sycl-event-ack-registered-copy-v3-20261008/source/sycl/include/dpct/graph.hpp:162:13: warning: unused function 'add_dependencies' [-Wunused-function]
  162 | static void add_dependencies(dpct::experimental::command_graph_ptr graph,
      |             ^~~~~~~~~~~~~~~~
/home/yayoi/ghq/github.com/yqYo1/Strata/.worktree/sync-upstream-2026-10-05/build-sycl-event-ack-registered-copy-v3-20261008/source/sycl/include/dpct/graph.hpp:176:13: warning: unused function 'get_nodes' [-Wunused-function]
  176 | static void get_nodes(dpct::experimental::command_graph_ptr graph,
      |             ^~~~~~~~~
/home/yayoi/ghq/github.com/yqYo1/Strata/.worktree/sync-upstream-2026-10-05/build-sycl-event-ack-registered-copy-v3-20261008/source/sycl/include/dpct/graph.hpp:187:13: warning: unused function 'get_root_nodes' [-Wunused-function]
  187 | static void get_root_nodes(dpct::experimental::command_graph_ptr graph,
      |             ^~~~~~~~~~~~~~
77 warnings generated.
