SCHEMA,version=1,format=CSV_key_value,device_clock=event_backend_ns,host_clock=steady_clock_ns,event_source=existing_wrapper_exact_submit,zero_service=valid,synthetic_component=1,model=0,adoption=0,async_errors=sticky_handler_flag
SOURCE,base=9e54ed18c0e374289293838b026e3e69b1c1fe70,receipt_header_bytes=2756,receipt_header_sha256=5a194e5ad480ae36c63e164c1ae0de51b828919a7aade112ddd29e303c3e0ef0,iq_kernel_bytes=269005,iq_kernel_sha256=cc5080af0c9e341a69edc423c272726922c95985aa7d3125cd1b344a06ad2b12,pins=reference_requires_owner_verification
CONFIG,mode=service,type=20,rows=2560,cols=640,n=1638400,groups=6400,local_size=32,input_count=64,output_slots=2,calls_per_cell=64,cells=4,blocks=8,warm_passes=2,warm_calls=256,prephase_calls=128,final_replay_calls=128,planned_cell_calls=2048,receipt_capacity=64,rotation=(i+block*9)%64,USM_bytes=65544448,USM_budget_bytes=100663296,host_payload_bytes=73020032,host_fixed_accounted_bytes=11464,host_budget_bytes=268435456,host_allocator_overhead=implementation_defined,performance_inference=external,default_mode=reject
ORDER,block=0,cell0=0,cell1=1,cell2=2,cell3=3
ORDER,block=1,cell0=1,cell1=2,cell2=3,cell3=0
ORDER,block=2,cell0=2,cell1=3,cell2=0,cell3=1
ORDER,block=3,cell0=3,cell1=0,cell2=1,cell3=2
ORDER,block=4,cell0=0,cell1=1,cell2=2,cell3=3
ORDER,block=5,cell0=1,cell1=2,cell2=3,cell3=0
ORDER,block=6,cell0=2,cell1=3,cell2=0,cell3=1
ORDER,block=7,cell0=3,cell1=0,cell2=1,cell3=2
HOST_PASS,packing_blocks=51200,oracle_active_words=1638400,roundtrips=14,boundaries=6,private_rejections=7,plan_batches=32,replay_plans=64,metadata_adversaries=13,nested_rejection=1,no_queue=1,no_device=1,generic_invalid=source_only
INPUT_PATTERN,packed_bytes=921600,full_bytes=921728,fnv1a64_full=5a451517778f68ce,oracle_fnv1a64_full=85d436585aac3599,scale_count=14,code_count=16,all_products_finite=1,identical_cohort_bytes=1
QUEUE,queue=0x7fff101042c0,backend=level_zero,in_order=1,enable_profiling=1,queue_profiling=1,fp16=1,usm_device=1,vendor=8086,device=e20c,pci=0000:05:00.0,root=1,resolution_ns=52
FP16_CONFIG,advertised_capabilities_only=1,flag=2,flag=4,flag=8,flag=16,flag=32,flag=64
INPUT,index=0,allocation=device,queue=0x7fff101042c0,base=0xffffd556b7300000,view=0xffffd556b7300040,total_bytes=921728,packed_bytes=921600,guard_each_bytes=64,alignment=64,fnv1a64_full=5a451517778f68ce
INPUT,index=1,allocation=device,queue=0x7fff101042c0,base=0xffffd556b7200000,view=0xffffd556b7200040,total_bytes=921728,packed_bytes=921600,guard_each_bytes=64,alignment=64,fnv1a64_full=5a451517778f68ce
INPUT,index=2,allocation=device,queue=0x7fff101042c0,base=0xffffd556b7100000,view=0xffffd556b7100040,total_bytes=921728,packed_bytes=921600,guard_each_bytes=64,alignment=64,fnv1a64_full=5a451517778f68ce
INPUT,index=3,allocation=device,queue=0x7fff101042c0,base=0xffffd556b7000000,view=0xffffd556b7000040,total_bytes=921728,packed_bytes=921600,guard_each_bytes=64,alignment=64,fnv1a64_full=5a451517778f68ce
INPUT,index=4,allocation=device,queue=0x7fff101042c0,base=0xffffd556b6f00000,view=0xffffd556b6f00040,total_bytes=921728,packed_bytes=921600,guard_each_bytes=64,alignment=64,fnv1a64_full=5a451517778f68ce
INPUT,index=5,allocation=device,queue=0x7fff101042c0,base=0xffffd556b6e00000,view=0xffffd556b6e00040,total_bytes=921728,packed_bytes=921600,guard_each_bytes=64,alignment=64,fnv1a64_full=5a451517778f68ce
INPUT,index=6,allocation=device,queue=0x7fff101042c0,base=0xffffd556b6d00000,view=0xffffd556b6d00040,total_bytes=921728,packed_bytes=921600,guard_each_bytes=64,alignment=64,fnv1a64_full=5a451517778f68ce
INPUT,index=7,allocation=device,queue=0x7fff101042c0,base=0xffffd556b6c00000,view=0xffffd556b6c00040,total_bytes=921728,packed_bytes=921600,guard_each_bytes=64,alignment=64,fnv1a64_full=5a451517778f68ce
INPUT,index=8,allocation=device,queue=0x7fff101042c0,base=0xffffd556b6b00000,view=0xffffd556b6b00040,total_bytes=921728,packed_bytes=921600,guard_each_bytes=64,alignment=64,fnv1a64_full=5a451517778f68ce
INPUT,index=9,allocation=device,queue=0x7fff101042c0,base=0xffffd556b6a00000,view=0xffffd556b6a00040,total_bytes=921728,packed_bytes=921600,guard_each_bytes=64,alignment=64,fnv1a64_full=5a451517778f68ce
INPUT,index=10,allocation=device,queue=0x7fff101042c0,base=0xffffd556b6900000,view=0xffffd556b6900040,total_bytes=921728,packed_bytes=921600,guard_each_bytes=64,alignment=64,fnv1a64_full=5a451517778f68ce
INPUT,index=11,allocation=device,queue=0x7fff101042c0,base=0xffffd556b6800000,view=0xffffd556b6800040,total_bytes=921728,packed_bytes=921600,guard_each_bytes=64,alignment=64,fnv1a64_full=5a451517778f68ce
INPUT,index=12,allocation=device,queue=0x7fff101042c0,base=0xffffd556b6700000,view=0xffffd556b6700040,total_bytes=921728,packed_bytes=921600,guard_each_bytes=64,alignment=64,fnv1a64_full=5a451517778f68ce
INPUT,index=13,allocation=device,queue=0x7fff101042c0,base=0xffffd556b6600000,view=0xffffd556b6600040,total_bytes=921728,packed_bytes=921600,guard_each_bytes=64,alignment=64,fnv1a64_full=5a451517778f68ce
INPUT,index=14,allocation=device,queue=0x7fff101042c0,base=0xffffd556b6500000,view=0xffffd556b6500040,total_bytes=921728,packed_bytes=921600,guard_each_bytes=64,alignment=64,fnv1a64_full=5a451517778f68ce
INPUT,index=15,allocation=device,queue=0x7fff101042c0,base=0xffffd556b6400000,view=0xffffd556b6400040,total_bytes=921728,packed_bytes=921600,guard_each_bytes=64,alignment=64,fnv1a64_full=5a451517778f68ce
INPUT,index=16,allocation=device,queue=0x7fff101042c0,base=0xffffd556b8300000,view=0xffffd556b8300040,total_bytes=921728,packed_bytes=921600,guard_each_bytes=64,alignment=64,fnv1a64_full=5a451517778f68ce
INPUT,index=17,allocation=device,queue=0x7fff101042c0,base=0xffffd556b8200000,view=0xffffd556b8200040,total_bytes=921728,packed_bytes=921600,guard_each_bytes=64,alignment=64,fnv1a64_full=5a451517778f68ce
INPUT,index=18,allocation=device,queue=0x7fff101042c0,base=0xffffd556b8100000,view=0xffffd556b8100040,total_bytes=921728,packed_bytes=921600,guard_each_bytes=64,alignment=64,fnv1a64_full=5a451517778f68ce
INPUT,index=19,allocation=device,queue=0x7fff101042c0,base=0xffffd556b8000000,view=0xffffd556b8000040,total_bytes=921728,packed_bytes=921600,guard_each_bytes=64,alignment=64,fnv1a64_full=5a451517778f68ce
INPUT,index=20,allocation=device,queue=0x7fff101042c0,base=0xffffd556b7f00000,view=0xffffd556b7f00040,total_bytes=921728,packed_bytes=921600,guard_each_bytes=64,alignment=64,fnv1a64_full=5a451517778f68ce
INPUT,index=21,allocation=device,queue=0x7fff101042c0,base=0xffffd556b7e00000,view=0xffffd556b7e00040,total_bytes=921728,packed_bytes=921600,guard_each_bytes=64,alignment=64,fnv1a64_full=5a451517778f68ce
INPUT,index=22,allocation=device,queue=0x7fff101042c0,base=0xffffd556b7d00000,view=0xffffd556b7d00040,total_bytes=921728,packed_bytes=921600,guard_each_bytes=64,alignment=64,fnv1a64_full=5a451517778f68ce
INPUT,index=23,allocation=device,queue=0x7fff101042c0,base=0xffffd556b7c00000,view=0xffffd556b7c00040,total_bytes=921728,packed_bytes=921600,guard_each_bytes=64,alignment=64,fnv1a64_full=5a451517778f68ce
INPUT,index=24,allocation=device,queue=0x7fff101042c0,base=0xffffd556b7b00000,view=0xffffd556b7b00040,total_bytes=921728,packed_bytes=921600,guard_each_bytes=64,alignment=64,fnv1a64_full=5a451517778f68ce
INPUT,index=25,allocation=device,queue=0x7fff101042c0,base=0xffffd556b7a00000,view=0xffffd556b7a00040,total_bytes=921728,packed_bytes=921600,guard_each_bytes=64,alignment=64,fnv1a64_full=5a451517778f68ce
INPUT,index=26,allocation=device,queue=0x7fff101042c0,base=0xffffd556b7900000,view=0xffffd556b7900040,total_bytes=921728,packed_bytes=921600,guard_each_bytes=64,alignment=64,fnv1a64_full=5a451517778f68ce
INPUT,index=27,allocation=device,queue=0x7fff101042c0,base=0xffffd556b7800000,view=0xffffd556b7800040,total_bytes=921728,packed_bytes=921600,guard_each_bytes=64,alignment=64,fnv1a64_full=5a451517778f68ce
INPUT,index=28,allocation=device,queue=0x7fff101042c0,base=0xffffd556b7700000,view=0xffffd556b7700040,total_bytes=921728,packed_bytes=921600,guard_each_bytes=64,alignment=64,fnv1a64_full=5a451517778f68ce
INPUT,index=29,allocation=device,queue=0x7fff101042c0,base=0xffffd556b7600000,view=0xffffd556b7600040,total_bytes=921728,packed_bytes=921600,guard_each_bytes=64,alignment=64,fnv1a64_full=5a451517778f68ce
INPUT,index=30,allocation=device,queue=0x7fff101042c0,base=0xffffd556b7500000,view=0xffffd556b7500040,total_bytes=921728,packed_bytes=921600,guard_each_bytes=64,alignment=64,fnv1a64_full=5a451517778f68ce
INPUT,index=31,allocation=device,queue=0x7fff101042c0,base=0xffffd556b7400000,view=0xffffd556b7400040,total_bytes=921728,packed_bytes=921600,guard_each_bytes=64,alignment=64,fnv1a64_full=5a451517778f68ce
INPUT,index=32,allocation=device,queue=0x7fff101042c0,base=0xffffd556b9300000,view=0xffffd556b9300040,total_bytes=921728,packed_bytes=921600,guard_each_bytes=64,alignment=64,fnv1a64_full=5a451517778f68ce
INPUT,index=33,allocation=device,queue=0x7fff101042c0,base=0xffffd556b9200000,view=0xffffd556b9200040,total_bytes=921728,packed_bytes=921600,guard_each_bytes=64,alignment=64,fnv1a64_full=5a451517778f68ce
INPUT,index=34,allocation=device,queue=0x7fff101042c0,base=0xffffd556b9100000,view=0xffffd556b9100040,total_bytes=921728,packed_bytes=921600,guard_each_bytes=64,alignment=64,fnv1a64_full=5a451517778f68ce
INPUT,index=35,allocation=device,queue=0x7fff101042c0,base=0xffffd556b9000000,view=0xffffd556b9000040,total_bytes=921728,packed_bytes=921600,guard_each_bytes=64,alignment=64,fnv1a64_full=5a451517778f68ce
INPUT,index=36,allocation=device,queue=0x7fff101042c0,base=0xffffd556b8f00000,view=0xffffd556b8f00040,total_bytes=921728,packed_bytes=921600,guard_each_bytes=64,alignment=64,fnv1a64_full=5a451517778f68ce
INPUT,index=37,allocation=device,queue=0x7fff101042c0,base=0xffffd556b8e00000,view=0xffffd556b8e00040,total_bytes=921728,packed_bytes=921600,guard_each_bytes=64,alignment=64,fnv1a64_full=5a451517778f68ce
INPUT,index=38,allocation=device,queue=0x7fff101042c0,base=0xffffd556b8d00000,view=0xffffd556b8d00040,total_bytes=921728,packed_bytes=921600,guard_each_bytes=64,alignment=64,fnv1a64_full=5a451517778f68ce
INPUT,index=39,allocation=device,queue=0x7fff101042c0,base=0xffffd556b8c00000,view=0xffffd556b8c00040,total_bytes=921728,packed_bytes=921600,guard_each_bytes=64,alignment=64,fnv1a64_full=5a451517778f68ce
INPUT,index=40,allocation=device,queue=0x7fff101042c0,base=0xffffd556b8b00000,view=0xffffd556b8b00040,total_bytes=921728,packed_bytes=921600,guard_each_bytes=64,alignment=64,fnv1a64_full=5a451517778f68ce
INPUT,index=41,allocation=device,queue=0x7fff101042c0,base=0xffffd556b8a00000,view=0xffffd556b8a00040,total_bytes=921728,packed_bytes=921600,guard_each_bytes=64,alignment=64,fnv1a64_full=5a451517778f68ce
INPUT,index=42,allocation=device,queue=0x7fff101042c0,base=0xffffd556b8900000,view=0xffffd556b8900040,total_bytes=921728,packed_bytes=921600,guard_each_bytes=64,alignment=64,fnv1a64_full=5a451517778f68ce
INPUT,index=43,allocation=device,queue=0x7fff101042c0,base=0xffffd556b8800000,view=0xffffd556b8800040,total_bytes=921728,packed_bytes=921600,guard_each_bytes=64,alignment=64,fnv1a64_full=5a451517778f68ce
INPUT,index=44,allocation=device,queue=0x7fff101042c0,base=0xffffd556b8700000,view=0xffffd556b8700040,total_bytes=921728,packed_bytes=921600,guard_each_bytes=64,alignment=64,fnv1a64_full=5a451517778f68ce
INPUT,index=45,allocation=device,queue=0x7fff101042c0,base=0xffffd556b8600000,view=0xffffd556b8600040,total_bytes=921728,packed_bytes=921600,guard_each_bytes=64,alignment=64,fnv1a64_full=5a451517778f68ce
INPUT,index=46,allocation=device,queue=0x7fff101042c0,base=0xffffd556b8500000,view=0xffffd556b8500040,total_bytes=921728,packed_bytes=921600,guard_each_bytes=64,alignment=64,fnv1a64_full=5a451517778f68ce
INPUT,index=47,allocation=device,queue=0x7fff101042c0,base=0xffffd556b8400000,view=0xffffd556b8400040,total_bytes=921728,packed_bytes=921600,guard_each_bytes=64,alignment=64,fnv1a64_full=5a451517778f68ce
INPUT,index=48,allocation=device,queue=0x7fff101042c0,base=0xffffd556ba300000,view=0xffffd556ba300040,total_bytes=921728,packed_bytes=921600,guard_each_bytes=64,alignment=64,fnv1a64_full=5a451517778f68ce
INPUT,index=49,allocation=device,queue=0x7fff101042c0,base=0xffffd556ba200000,view=0xffffd556ba200040,total_bytes=921728,packed_bytes=921600,guard_each_bytes=64,alignment=64,fnv1a64_full=5a451517778f68ce
INPUT,index=50,allocation=device,queue=0x7fff101042c0,base=0xffffd556ba100000,view=0xffffd556ba100040,total_bytes=921728,packed_bytes=921600,guard_each_bytes=64,alignment=64,fnv1a64_full=5a451517778f68ce
INPUT,index=51,allocation=device,queue=0x7fff101042c0,base=0xffffd556ba000000,view=0xffffd556ba000040,total_bytes=921728,packed_bytes=921600,guard_each_bytes=64,alignment=64,fnv1a64_full=5a451517778f68ce
INPUT,index=52,allocation=device,queue=0x7fff101042c0,base=0xffffd556b9f00000,view=0xffffd556b9f00040,total_bytes=921728,packed_bytes=921600,guard_each_bytes=64,alignment=64,fnv1a64_full=5a451517778f68ce
INPUT,index=53,allocation=device,queue=0x7fff101042c0,base=0xffffd556b9e00000,view=0xffffd556b9e00040,total_bytes=921728,packed_bytes=921600,guard_each_bytes=64,alignment=64,fnv1a64_full=5a451517778f68ce
INPUT,index=54,allocation=device,queue=0x7fff101042c0,base=0xffffd556b9d00000,view=0xffffd556b9d00040,total_bytes=921728,packed_bytes=921600,guard_each_bytes=64,alignment=64,fnv1a64_full=5a451517778f68ce
INPUT,index=55,allocation=device,queue=0x7fff101042c0,base=0xffffd556b9c00000,view=0xffffd556b9c00040,total_bytes=921728,packed_bytes=921600,guard_each_bytes=64,alignment=64,fnv1a64_full=5a451517778f68ce
INPUT,index=56,allocation=device,queue=0x7fff101042c0,base=0xffffd556b9b00000,view=0xffffd556b9b00040,total_bytes=921728,packed_bytes=921600,guard_each_bytes=64,alignment=64,fnv1a64_full=5a451517778f68ce
INPUT,index=57,allocation=device,queue=0x7fff101042c0,base=0xffffd556b9a00000,view=0xffffd556b9a00040,total_bytes=921728,packed_bytes=921600,guard_each_bytes=64,alignment=64,fnv1a64_full=5a451517778f68ce
INPUT,index=58,allocation=device,queue=0x7fff101042c0,base=0xffffd556b9900000,view=0xffffd556b9900040,total_bytes=921728,packed_bytes=921600,guard_each_bytes=64,alignment=64,fnv1a64_full=5a451517778f68ce
INPUT,index=59,allocation=device,queue=0x7fff101042c0,base=0xffffd556b9800000,view=0xffffd556b9800040,total_bytes=921728,packed_bytes=921600,guard_each_bytes=64,alignment=64,fnv1a64_full=5a451517778f68ce
INPUT,index=60,allocation=device,queue=0x7fff101042c0,base=0xffffd556b9700000,view=0xffffd556b9700040,total_bytes=921728,packed_bytes=921600,guard_each_bytes=64,alignment=64,fnv1a64_full=5a451517778f68ce
INPUT,index=61,allocation=device,queue=0x7fff101042c0,base=0xffffd556b9600000,view=0xffffd556b9600040,total_bytes=921728,packed_bytes=921600,guard_each_bytes=64,alignment=64,fnv1a64_full=5a451517778f68ce
INPUT,index=62,allocation=device,queue=0x7fff101042c0,base=0xffffd556b9500000,view=0xffffd556b9500040,total_bytes=921728,packed_bytes=921600,guard_each_bytes=64,alignment=64,fnv1a64_full=5a451517778f68ce
INPUT,index=63,allocation=device,queue=0x7fff101042c0,base=0xffffd556b9400000,view=0xffffd556b9400040,total_bytes=921728,packed_bytes=921600,guard_each_bytes=64,alignment=64,fnv1a64_full=5a451517778f68ce
OUTPUT,slot=0,allocation=device,queue=0x7fff101042c0,base=0xffffffffff400000,view=0xffffffffff400040,total_bytes=3276928,active_words=1638400,guard_each_words=32,alignment=64
OUTPUT,slot=1,allocation=device,queue=0x7fff101042c0,base=0xffffffffff000000,view=0xffffffffff000040,total_bytes=3276928,active_words=1638400,guard_each_words=32,alignment=64
ALLOCATION_RESULT,input_allocations=64,output_allocations=2,distinct=1,nonoverlap=1,view_alignment=64
PROGRESS,phase=initial_upload,id=0,planned_completion_boundary=wait_and_throw
REPLAY_BEGIN,phase=prephase,inputs=64,arms=2,calls=128,active_words_per_arm=104857600,timing_samples=0
PROGRESS,phase=prephase,id=1,planned_completion_boundary=wait_and_throw
CALL,phase=prephase,timed=0,batch=1,block=0,position=0,cell=0,predecessor=-1,scope=1,serial=1,arm=generic,regime=oracle_replay,input_index=0,output_slot=0,queue=0x7fff101042c0,src=0xffffd556b7300040,dst=0xffffffffff400040,type=20,n=1638400,submit=301019560422548,start=301019734805833,end=301019734837395,service_ns=31562,queue_delay_ns=174383285,host_submit_ns=174387192,metadata_match=1,event_distinct=1
CALL,phase=prephase,timed=0,batch=1,block=0,position=0,cell=0,predecessor=-1,scope=1,serial=2,arm=private,regime=oracle_replay,input_index=0,output_slot=1,queue=0x7fff101042c0,src=0xffffd556b7300040,dst=0xffffffffff000040,type=20,n=1638400,submit=301019734783754,start=301019762261145,end=301019762291979,service_ns=30834,queue_delay_ns=27477391,host_submit_ns=27459051,metadata_match=1,event_distinct=1
PROGRESS,phase=readback,id=1,planned_completion_boundary=wait_and_throw
BATCH,phase=prephase,timed=0,batch=1,block=0,position=0,cell=0,predecessor=-1,planned=2,attempted=2,successful_returns=2,receipts=2,queried=2,dq_waits=1,readback_waits=1,host_submit_window_ns=201846573,host_wait_ns=73078,host_wall_ns=201919651,completion=known,async_errors=0,receipt_invalid=0,oracle_last_occupants_only=1,last_slot0_input=0,last_slot0_arm=generic,last_slot1_input=0,last_slot1_arm=private,output_words_checked=3276928,input_bytes_checked=921728,all_guards_checked=1,input_immutable=1,result=PASS
PROGRESS,phase=prephase,id=2,planned_completion_boundary=wait_and_throw
CALL,phase=prephase,timed=0,batch=2,block=1,position=0,cell=0,predecessor=-1,scope=2,serial=1,arm=generic,regime=oracle_replay,input_index=1,output_slot=1,queue=0x7fff101042c0,src=0xffffd556b7200040,dst=0xffffffffff000040,type=20,n=1638400,submit=301019764466452,start=301019764470625,end=301019764500416,service_ns=29791,queue_delay_ns=4173,host_submit_ns=18646,metadata_match=1,event_distinct=1
CALL,phase=prephase,timed=0,batch=2,block=1,position=0,cell=0,predecessor=-1,scope=2,serial=2,arm=private,regime=oracle_replay,input_index=1,output_slot=0,queue=0x7fff101042c0,src=0xffffd556b7200040,dst=0xffffffffff400040,type=20,n=1638400,submit=301019764481540,start=301019764500520,end=301019764526354,service_ns=25834,queue_delay_ns=18980,host_submit_ns=6662,metadata_match=1,event_distinct=1
PROGRESS,phase=readback,id=2,planned_completion_boundary=wait_and_throw
BATCH,phase=prephase,timed=0,batch=2,block=1,position=0,cell=0,predecessor=-1,planned=2,attempted=2,successful_returns=2,receipts=2,queried=2,dq_waits=1,readback_waits=1,host_submit_window_ns=25408,host_wait_ns=50976,host_wall_ns=76384,completion=known,async_errors=0,receipt_invalid=0,oracle_last_occupants_only=1,last_slot0_input=1,last_slot0_arm=private,last_slot1_input=1,last_slot1_arm=generic,output_words_checked=3276928,input_bytes_checked=921728,all_guards_checked=1,input_immutable=1,result=PASS
PROGRESS,phase=prephase,id=3,planned_completion_boundary=wait_and_throw
QUERY_PARTIAL,phase=prephase,batch=3,serial=1,submit=301019766336958,start=301019766335625,end=301019766364687,timing_valid=0
BATCH_REJECT,phase=prephase,batch=3,planned=2,attempted=2,successful_returns=2,receipts=2,queried=1,completion=known,receipt_invalid=0,async_errors=0,reason=post_completion_check_or_query_failure
