Created Graphics Allocation of type KERNEL_ISA_INTERNAL
 ThreadID: 138191931690176 Type: KERNEL_ISA_INTERNAL Pool: LocalMemory Root index: 0 Size: 65536 CPU VA: NULL GPU VA: 0xffff8000fffe0000 - 0xffff8000fffeffff Handle: 1 PATIndex: 1, Gmm resource usage: [ GMM_RESOURCE_USAGE_OCL_BUFFER ], Cacheable: 1 NotLockable: 0 Total sys mem allocated: 0 Total lmem allocated: 65536
Created Graphics Allocation of type PREEMPTION
 ThreadID: 138191931690176 Type: PREEMPTION Pool: LocalMemory Root index: 0 Size: 64421888 CPU VA: NULL GPU VA: 0xffffd556aaa00000 - 0xffffd556ae76ffff Handle: 2 PATIndex: 1, Gmm resource usage: [ GMM_RESOURCE_USAGE_OCL_BUFFER ], Cacheable: 1 NotLockable: 1 Total sys mem allocated: 0 Total lmem allocated: 64487424
Created Graphics Allocation of type TAG_BUFFER
 ThreadID: 138191931690176 Type: TAG_BUFFER Pool: System4KBPages Root index: 0 Size: 4096 CPU VA: 0x7daf3ef1d000 - 0x7daf3ef1dfff GPU VA: 0x7daf3ef1d000 - 0x7daf3ef1dfff Handle: 3 PATIndex: 1, Gmm resource usage: [ GMM_RESOURCE_USAGE_OCL_SYSTEM_MEMORY_BUFFER ], Cacheable: 1 NotLockable: 1 Total sys mem allocated: 4096 Total lmem allocated: 64487424
Created Graphics Allocation of type GLOBAL_FENCE
 ThreadID: 138191931690176 Type: GLOBAL_FENCE Pool: System4KBPages Root index: 0 Size: 4096 CPU VA: 0x7daf3ef1b000 - 0x7daf3ef1bfff GPU VA: 0x7daf3ef1b000 - 0x7daf3ef1bfff Handle: 4 PATIndex: 1, Gmm resource usage: [ GMM_RESOURCE_USAGE_OCL_BUFFER ], Cacheable: 1 NotLockable: 1 Total sys mem allocated: 8192 Total lmem allocated: 64487424
Created Graphics Allocation of type TAG_BUFFER
 ThreadID: 138191931690176 Type: TAG_BUFFER Pool: System4KBPages Root index: 0 Size: 4096 CPU VA: 0x7daf3ef19000 - 0x7daf3ef19fff GPU VA: 0x7daf3ef19000 - 0x7daf3ef19fff Handle: 5 PATIndex: 1, Gmm resource usage: [ GMM_RESOURCE_USAGE_OCL_SYSTEM_MEMORY_BUFFER ], Cacheable: 1 NotLockable: 1 Total sys mem allocated: 12288 Total lmem allocated: 64487424
Created Graphics Allocation of type GLOBAL_FENCE
 ThreadID: 138191931690176 Type: GLOBAL_FENCE Pool: System4KBPages Root index: 0 Size: 4096 CPU VA: 0x7daf3ef17000 - 0x7daf3ef17fff GPU VA: 0x7daf3ef17000 - 0x7daf3ef17fff Handle: 6 PATIndex: 1, Gmm resource usage: [ GMM_RESOURCE_USAGE_OCL_BUFFER ], Cacheable: 1 NotLockable: 1 Total sys mem allocated: 16384 Total lmem allocated: 64487424
Created Graphics Allocation of type TAG_BUFFER
 ThreadID: 138191931690176 Type: TAG_BUFFER Pool: System4KBPages Root index: 0 Size: 4096 CPU VA: 0x7daf3ef15000 - 0x7daf3ef15fff GPU VA: 0x7daf3ef15000 - 0x7daf3ef15fff Handle: 7 PATIndex: 1, Gmm resource usage: [ GMM_RESOURCE_USAGE_OCL_SYSTEM_MEMORY_BUFFER ], Cacheable: 1 NotLockable: 1 Total sys mem allocated: 20480 Total lmem allocated: 64487424
Created Graphics Allocation of type GLOBAL_FENCE
 ThreadID: 138191931690176 Type: GLOBAL_FENCE Pool: System4KBPages Root index: 0 Size: 4096 CPU VA: 0x7daf3ef13000 - 0x7daf3ef13fff GPU VA: 0x7daf3ef13000 - 0x7daf3ef13fff Handle: 8 PATIndex: 1, Gmm resource usage: [ GMM_RESOURCE_USAGE_OCL_BUFFER ], Cacheable: 1 NotLockable: 1 Total sys mem allocated: 24576 Total lmem allocated: 64487424
Created Graphics Allocation of type TAG_BUFFER
 ThreadID: 138191931690176 Type: TAG_BUFFER Pool: System4KBPages Root index: 0 Size: 4096 CPU VA: 0x7daf3ef11000 - 0x7daf3ef11fff GPU VA: 0x7daf3ef11000 - 0x7daf3ef11fff Handle: 9 PATIndex: 1, Gmm resource usage: [ GMM_RESOURCE_USAGE_OCL_SYSTEM_MEMORY_BUFFER ], Cacheable: 1 NotLockable: 1 Total sys mem allocated: 28672 Total lmem allocated: 64487424
Created Graphics Allocation of type GLOBAL_FENCE
 ThreadID: 138191931690176 Type: GLOBAL_FENCE Pool: System4KBPages Root index: 0 Size: 4096 CPU VA: 0x7daf3ef0f000 - 0x7daf3ef0ffff GPU VA: 0x7daf3ef0f000 - 0x7daf3ef0ffff Handle: 10 PATIndex: 1, Gmm resource usage: [ GMM_RESOURCE_USAGE_OCL_BUFFER ], Cacheable: 1 NotLockable: 1 Total sys mem allocated: 32768 Total lmem allocated: 64487424
Created Graphics Allocation of type TAG_BUFFER
 ThreadID: 138191931690176 Type: TAG_BUFFER Pool: System4KBPages Root index: 0 Size: 4096 CPU VA: 0x7daf3ef0d000 - 0x7daf3ef0dfff GPU VA: 0x7daf3ef0d000 - 0x7daf3ef0dfff Handle: 11 PATIndex: 1, Gmm resource usage: [ GMM_RESOURCE_USAGE_OCL_SYSTEM_MEMORY_BUFFER ], Cacheable: 1 NotLockable: 1 Total sys mem allocated: 36864 Total lmem allocated: 64487424
Created Graphics Allocation of type GLOBAL_FENCE
 ThreadID: 138191931690176 Type: GLOBAL_FENCE Pool: System4KBPages Root index: 0 Size: 4096 CPU VA: 0x7daf3ef0b000 - 0x7daf3ef0bfff GPU VA: 0x7daf3ef0b000 - 0x7daf3ef0bfff Handle: 12 PATIndex: 1, Gmm resource usage: [ GMM_RESOURCE_USAGE_OCL_BUFFER ], Cacheable: 1 NotLockable: 1 Total sys mem allocated: 40960 Total lmem allocated: 64487424
Created Graphics Allocation of type LINEAR_STREAM
 ThreadID: 138191931690176 Type: LINEAR_STREAM Pool: LocalMemory Root index: 0 Size: 65536 CPU VA: 0x7daf3ed95000 - 0x7daf3eda4fff GPU VA: 0xffff800200000000 - 0xffff80020000ffff Handle: 13 PATIndex: 1, Gmm resource usage: [ GMM_RESOURCE_USAGE_OCL_STATE_HEAP_BUFFER ], Cacheable: 1 NotLockable: 0 Total sys mem allocated: 40960 Total lmem allocated: 64552960
Created Graphics Allocation of type PREEMPTION
 ThreadID: 138191931690176 Type: PREEMPTION Pool: LocalMemory Root index: 0 Size: 64421888 CPU VA: NULL GPU VA: 0xffffd556ae800000 - 0xffffd556b256ffff Handle: 14 PATIndex: 1, Gmm resource usage: [ GMM_RESOURCE_USAGE_OCL_BUFFER ], Cacheable: 1 NotLockable: 1 Total sys mem allocated: 40960 Total lmem allocated: 128974848
Created Graphics Allocation of type PREEMPTION
 ThreadID: 138191931690176 Type: PREEMPTION Pool: LocalMemory Root index: 0 Size: 64421888 CPU VA: NULL GPU VA: 0xffffd556b2600000 - 0xffffd556b636ffff Handle: 15 PATIndex: 1, Gmm resource usage: [ GMM_RESOURCE_USAGE_OCL_BUFFER ], Cacheable: 1 NotLockable: 1 Total sys mem allocated: 40960 Total lmem allocated: 193396736
Created Graphics Allocation of type LINEAR_STREAM
 ThreadID: 138191931690176 Type: LINEAR_STREAM Pool: LocalMemory Root index: 0 Size: 65536 CPU VA: 0x7daf3ed85000 - 0x7daf3ed94fff GPU VA: 0xffff800200020000 - 0xffff80020002ffff Handle: 16 PATIndex: 1, Gmm resource usage: [ GMM_RESOURCE_USAGE_OCL_STATE_HEAP_BUFFER ], Cacheable: 1 NotLockable: 0 Total sys mem allocated: 40960 Total lmem allocated: 193462272
Created Graphics Allocation of type LINEAR_STREAM
 ThreadID: 138191931690176 Type: LINEAR_STREAM Pool: LocalMemory Root index: 0 Size: 65536 CPU VA: 0x7daf3ed75000 - 0x7daf3ed84fff GPU VA: 0xffff800200030000 - 0xffff80020003ffff Handle: 17 PATIndex: 1, Gmm resource usage: [ GMM_RESOURCE_USAGE_OCL_STATE_HEAP_BUFFER ], Cacheable: 1 NotLockable: 0 Total sys mem allocated: 40960 Total lmem allocated: 193527808
Created Graphics Allocation of type LINEAR_STREAM
 ThreadID: 138191931690176 Type: LINEAR_STREAM Pool: LocalMemory Root index: 0 Size: 65536 CPU VA: 0x7daf3ed65000 - 0x7daf3ed74fff GPU VA: 0xffff800200040000 - 0xffff80020004ffff Handle: 18 PATIndex: 1, Gmm resource usage: [ GMM_RESOURCE_USAGE_OCL_STATE_HEAP_BUFFER ], Cacheable: 1 NotLockable: 0 Total sys mem allocated: 40960 Total lmem allocated: 193593344
Created Graphics Allocation of type COMMAND_BUFFER
 ThreadID: 138191931690176 Type: COMMAND_BUFFER Pool: LocalMemory Root index: 0 Size: 65536 CPU VA: 0x7daf3ed55000 - 0x7daf3ed64fff GPU VA: 0xffffd556aa7e0000 - 0xffffd556aa7effff Handle: 19 PATIndex: 1, Gmm resource usage: [ GMM_RESOURCE_USAGE_OCL_BUFFER ], Cacheable: 1 NotLockable: 0 Total sys mem allocated: 40960 Total lmem allocated: 193658880
Created Graphics Allocation of type COMMAND_BUFFER
 ThreadID: 138191931690176 Type: COMMAND_BUFFER Pool: LocalMemory Root index: 0 Size: 65536 CPU VA: 0x7daf3ed45000 - 0x7daf3ed54fff GPU VA: 0xffffd556aa7d0000 - 0xffffd556aa7dffff Handle: 20 PATIndex: 1, Gmm resource usage: [ GMM_RESOURCE_USAGE_OCL_BUFFER ], Cacheable: 1 NotLockable: 0 Total sys mem allocated: 40960 Total lmem allocated: 193724416
Created Graphics Allocation of type COMMAND_BUFFER
 ThreadID: 138191931690176 Type: COMMAND_BUFFER Pool: LocalMemory Root index: 0 Size: 196608 CPU VA: 0x7daf3ed15000 - 0x7daf3ed44fff GPU VA: 0xffffd556aa7a0000 - 0xffffd556aa7cffff Handle: 21 PATIndex: 1, Gmm resource usage: [ GMM_RESOURCE_USAGE_OCL_BUFFER ], Cacheable: 1 NotLockable: 0 Total sys mem allocated: 40960 Total lmem allocated: 193921024
Created Graphics Allocation of type COMMAND_BUFFER
 ThreadID: 138191931690176 Type: COMMAND_BUFFER Pool: LocalMemory Root index: 0 Size: 196608 CPU VA: 0x7daf3ece5000 - 0x7daf3ed14fff GPU VA: 0xffffd556aa770000 - 0xffffd556aa79ffff Handle: 22 PATIndex: 1, Gmm resource usage: [ GMM_RESOURCE_USAGE_OCL_BUFFER ], Cacheable: 1 NotLockable: 0 Total sys mem allocated: 40960 Total lmem allocated: 194117632
Created Graphics Allocation of type COMMAND_BUFFER
 ThreadID: 138191931690176 Type: COMMAND_BUFFER Pool: LocalMemory Root index: 0 Size: 1114112 CPU VA: 0x7daf3ebd5000 - 0x7daf3ece4fff GPU VA: 0xffffd556aa660000 - 0xffffd556aa76ffff Handle: 23 PATIndex: 1, Gmm resource usage: [ GMM_RESOURCE_USAGE_OCL_BUFFER ], Cacheable: 1 NotLockable: 0 Total sys mem allocated: 40960 Total lmem allocated: 195231744
Created Graphics Allocation of type BUFFER_HOST_MEMORY
 ThreadID: 138191931690176 Type: BUFFER_HOST_MEMORY Pool: System4KBPages Root index: 0 Size: 2097152 CPU VA: 0x7daf3e800000 - 0x7daf3e9fffff GPU VA: 0x7daf3e800000 - 0x7daf3e9fffff Handle: 24 PATIndex: 1, Gmm resource usage: [ GMM_RESOURCE_USAGE_OCL_SYSTEM_MEMORY_BUFFER ], Cacheable: 1 NotLockable: 0 Total sys mem allocated: 2138112 Total lmem allocated: 195231744
Created Graphics Allocation of type BUFFER
 ThreadID: 138191931690176 Type: BUFFER Pool: LocalMemory Root index: 0 Size: 2097152 CPU VA: NULL GPU VA: 0xffffffffff800000 - 0xffffffffff9fffff Handle: 25 PATIndex: 9, Gmm resource usage: [ GMM_RESOURCE_USAGE_OCL_BUFFER ], Cacheable: 0 NotLockable: 1 Total sys mem allocated: 2138112 Total lmem allocated: 197328896
Created Graphics Allocation of type SVM_CPU
 ThreadID: 138191931690176 Type: SVM_CPU Pool: System4KBPages Root index: 0 Size: 65536 CPU VA: 0x7daf3eb90000 - 0x7daf3eb9ffff GPU VA: 0xffffaaad553d0000 - 0xffffaaad553dffff Handle: 26 PATIndex: 1, Gmm resource usage: [ GMM_RESOURCE_USAGE_OCL_SYSTEM_MEMORY_BUFFER ], Cacheable: 1 NotLockable: 1 Total sys mem allocated: 2203648 Total lmem allocated: 197328896
Created Graphics Allocation of type SVM_GPU
 ThreadID: 138191931690176 Type: SVM_GPU Pool: LocalMemory Root index: 0 Size: 65536 CPU VA: NULL GPU VA: 0x7daf3eb90000 - 0x7daf3eb9ffff Handle: 27 PATIndex: 9, Gmm resource usage: [ GMM_RESOURCE_USAGE_OCL_BUFFER ], Cacheable: 0 NotLockable: 1 Total sys mem allocated: 2203648 Total lmem allocated: 197394432
Created Graphics Allocation of type SVM_CPU
 ThreadID: 138191931690176 Type: SVM_CPU Pool: System4KBPages Root index: 0 Size: 65536 CPU VA: 0x7daf3eb80000 - 0x7daf3eb8ffff GPU VA: 0xffffaaad553d0000 - 0xffffaaad553dffff Handle: 26 PATIndex: 1, Gmm resource usage: [ GMM_RESOURCE_USAGE_OCL_SYSTEM_MEMORY_BUFFER ], Cacheable: 1 NotLockable: 1 Total sys mem allocated: 2203648 Total lmem allocated: 197328896
Created Graphics Allocation of type SVM_GPU
 ThreadID: 138191931690176 Type: SVM_GPU Pool: LocalMemory Root index: 0 Size: 65536 CPU VA: NULL GPU VA: 0x7daf3eb80000 - 0x7daf3eb8ffff Handle: 27 PATIndex: 9, Gmm resource usage: [ GMM_RESOURCE_USAGE_OCL_BUFFER ], Cacheable: 0 NotLockable: 1 Total sys mem allocated: 2203648 Total lmem allocated: 197394432
Created Graphics Allocation of type SVM_CPU
 ThreadID: 138191931690176 Type: SVM_CPU Pool: System4KBPages Root index: 0 Size: 65536 CPU VA: 0x7daf3eb70000 - 0x7daf3eb7ffff GPU VA: 0xffffaaad553d0000 - 0xffffaaad553dffff Handle: 26 PATIndex: 1, Gmm resource usage: [ GMM_RESOURCE_USAGE_OCL_SYSTEM_MEMORY_BUFFER ], Cacheable: 1 NotLockable: 1 Total sys mem allocated: 2203648 Total lmem allocated: 197328896
Created Graphics Allocation of type SVM_GPU
 ThreadID: 138191931690176 Type: SVM_GPU Pool: LocalMemory Root index: 0 Size: 65536 CPU VA: NULL GPU VA: 0x7daf3eb70000 - 0x7daf3eb7ffff Handle: 27 PATIndex: 9, Gmm resource usage: [ GMM_RESOURCE_USAGE_OCL_BUFFER ], Cacheable: 0 NotLockable: 1 Total sys mem allocated: 2203648 Total lmem allocated: 197394432
Created Graphics Allocation of type SVM_CPU
 ThreadID: 138191931690176 Type: SVM_CPU Pool: System4KBPages Root index: 0 Size: 65536 CPU VA: 0x7daf3eb70000 - 0x7daf3eb7ffff GPU VA: 0xffffaaad553d0000 - 0xffffaaad553dffff Handle: 26 PATIndex: 1, Gmm resource usage: [ GMM_RESOURCE_USAGE_OCL_SYSTEM_MEMORY_BUFFER ], Cacheable: 1 NotLockable: 1 Total sys mem allocated: 2203648 Total lmem allocated: 197328896
Created Graphics Allocation of type SVM_GPU
 ThreadID: 138191931690176 Type: SVM_GPU Pool: LocalMemory Root index: 0 Size: 65536 CPU VA: NULL GPU VA: 0x7daf3eb70000 - 0x7daf3eb7ffff Handle: 27 PATIndex: 9, Gmm resource usage: [ GMM_RESOURCE_USAGE_OCL_BUFFER ], Cacheable: 0 NotLockable: 1 Total sys mem allocated: 2203648 Total lmem allocated: 197394432
Created Graphics Allocation of type COMMAND_BUFFER
 ThreadID: 138191931690176 Type: COMMAND_BUFFER Pool: LocalMemory Root index: 0 Size: 65536 CPU VA: 0x7daf3eb72000 - 0x7daf3eb81fff GPU VA: 0xffffd556aa650000 - 0xffffd556aa65ffff Handle: 26 PATIndex: 1, Gmm resource usage: [ GMM_RESOURCE_USAGE_OCL_BUFFER ], Cacheable: 1 NotLockable: 0 Total sys mem allocated: 2138112 Total lmem allocated: 197394432
Created Graphics Allocation of type COMMAND_BUFFER
 ThreadID: 138191931690176 Type: COMMAND_BUFFER Pool: LocalMemory Root index: 0 Size: 65536 CPU VA: 0x7daf3eb62000 - 0x7daf3eb71fff GPU VA: 0xffffd556aa640000 - 0xffffd556aa64ffff Handle: 27 PATIndex: 1, Gmm resource usage: [ GMM_RESOURCE_USAGE_OCL_BUFFER ], Cacheable: 1 NotLockable: 0 Total sys mem allocated: 2138112 Total lmem allocated: 197459968
Created Graphics Allocation of type INTERNAL_HEAP
 ThreadID: 138191931690176 Type: INTERNAL_HEAP Pool: LocalMemory Root index: 0 Size: 65536 CPU VA: 0x7daf3eb52000 - 0x7daf3eb61fff GPU VA: 0xffff8000fffd0000 - 0xffff8000fffdffff Handle: 28 PATIndex: 1, Gmm resource usage: [ GMM_RESOURCE_USAGE_OCL_STATE_HEAP_BUFFER ], Cacheable: 1 NotLockable: 0 Total sys mem allocated: 2138112 Total lmem allocated: 197525504
Created Graphics Allocation of type INTERNAL_HEAP
 ThreadID: 138191931690176 Type: INTERNAL_HEAP Pool: LocalMemory Root index: 0 Size: 65536 CPU VA: 0x7daf3eb42000 - 0x7daf3eb51fff GPU VA: 0xffff8000fffc0000 - 0xffff8000fffcffff Handle: 29 PATIndex: 1, Gmm resource usage: [ GMM_RESOURCE_USAGE_OCL_STATE_HEAP_BUFFER ], Cacheable: 1 NotLockable: 0 Total sys mem allocated: 2138112 Total lmem allocated: 197591040
Created Graphics Allocation of type RING_BUFFER
 ThreadID: 138191931690176 Type: RING_BUFFER Pool: LocalMemory Root index: 0 Size: 327680 CPU VA: 0x7daf3eaf1000 - 0x7daf3eb40fff GPU VA: 0xffffd556aa5f0000 - 0xffffd556aa63ffff Handle: 30 PATIndex: 1, Gmm resource usage: [ GMM_RESOURCE_USAGE_OCL_BUFFER ], Cacheable: 1 NotLockable: 0 Total sys mem allocated: 2138112 Total lmem allocated: 197918720
Created Graphics Allocation of type RING_BUFFER
 ThreadID: 138191931690176 Type: RING_BUFFER Pool: LocalMemory Root index: 0 Size: 327680 CPU VA: 0x7daf3eaa1000 - 0x7daf3eaf0fff GPU VA: 0xffffd556aa5a0000 - 0xffffd556aa5effff Handle: 31 PATIndex: 1, Gmm resource usage: [ GMM_RESOURCE_USAGE_OCL_BUFFER ], Cacheable: 1 NotLockable: 0 Total sys mem allocated: 2138112 Total lmem allocated: 198246400
Created Graphics Allocation of type SEMAPHORE_BUFFER
 ThreadID: 138191931690176 Type: SEMAPHORE_BUFFER Pool: LocalMemory Root index: 0 Size: 65536 CPU VA: 0x7daf3ea91000 - 0x7daf3eaa0fff GPU VA: 0xffffd556aa590000 - 0xffffd556aa59ffff Handle: 32 PATIndex: 1, Gmm resource usage: [ GMM_RESOURCE_USAGE_OCL_BUFFER ], Cacheable: 1 NotLockable: 0 Total sys mem allocated: 2138112 Total lmem allocated: 198311936
Created Graphics Allocation of type COMMAND_BUFFER
 ThreadID: 138191931690176 Type: COMMAND_BUFFER Pool: LocalMemory Root index: 0 Size: 196608 CPU VA: 0x7daf3ea61000 - 0x7daf3ea90fff GPU VA: 0xffffd556aa560000 - 0xffffd556aa58ffff Handle: 33 PATIndex: 1, Gmm resource usage: [ GMM_RESOURCE_USAGE_OCL_BUFFER ], Cacheable: 1 NotLockable: 0 Total sys mem allocated: 2138112 Total lmem allocated: 198508544
Created Graphics Allocation of type COMMAND_BUFFER
 ThreadID: 138191931690176 Type: COMMAND_BUFFER Pool: LocalMemory Root index: 0 Size: 196608 CPU VA: 0x7daf3ea31000 - 0x7daf3ea60fff GPU VA: 0xffffd556aa530000 - 0xffffd556aa55ffff Handle: 34 PATIndex: 1, Gmm resource usage: [ GMM_RESOURCE_USAGE_OCL_BUFFER ], Cacheable: 1 NotLockable: 0 Total sys mem allocated: 2138112 Total lmem allocated: 198705152
Created Graphics Allocation of type COMMAND_BUFFER
 ThreadID: 138191931690176 Type: COMMAND_BUFFER Pool: LocalMemory Root index: 0 Size: 1114112 CPU VA: 0x7daf3de9a000 - 0x7daf3dfa9fff GPU VA: 0xffffd556aa420000 - 0xffffd556aa52ffff Handle: 35 PATIndex: 1, Gmm resource usage: [ GMM_RESOURCE_USAGE_OCL_BUFFER ], Cacheable: 1 NotLockable: 0 Total sys mem allocated: 2138112 Total lmem allocated: 199819264
Created Graphics Allocation of type COMMAND_BUFFER
 ThreadID: 138191931690176 Type: COMMAND_BUFFER Pool: System4KBPages Root index: 0 Size: 1114112 CPU VA: 0x7daf3dd89000 - 0x7daf3de98fff GPU VA: 0x7daf3dd89000 - 0x7daf3de98fff Handle: 36 PATIndex: 1, Gmm resource usage: [ GMM_RESOURCE_USAGE_OCL_BUFFER ], Cacheable: 1 NotLockable: 0 Total sys mem allocated: 3252224 Total lmem allocated: 199819264
Created Graphics Allocation of type GPU_TIMESTAMP_DEVICE_BUFFER
 ThreadID: 138191931690176 Type: GPU_TIMESTAMP_DEVICE_BUFFER Pool: LocalMemory Root index: 0 Size: 65536 CPU VA: 0x7daf3ea21000 - 0x7daf3ea30fff GPU VA: 0xffffd556aa410000 - 0xffffd556aa41ffff Handle: 37 PATIndex: 1, Gmm resource usage: [ GMM_RESOURCE_USAGE_OCL_BUFFER ], Cacheable: 1 NotLockable: 0 Total sys mem allocated: 3252224 Total lmem allocated: 199884800
Created Graphics Allocation of type COMMAND_BUFFER
 ThreadID: 138191931690176 Type: COMMAND_BUFFER Pool: LocalMemory Root index: 0 Size: 196608 CPU VA: 0x7daf3dd59000 - 0x7daf3dd88fff GPU VA: 0xffffd556aa3e0000 - 0xffffd556aa40ffff Handle: 38 PATIndex: 1, Gmm resource usage: [ GMM_RESOURCE_USAGE_OCL_BUFFER ], Cacheable: 1 NotLockable: 0 Total sys mem allocated: 3252224 Total lmem allocated: 200081408
Created Graphics Allocation of type COMMAND_BUFFER
 ThreadID: 138191931690176 Type: COMMAND_BUFFER Pool: LocalMemory Root index: 0 Size: 196608 CPU VA: 0x7daf3dd29000 - 0x7daf3dd58fff GPU VA: 0xffffd556aa3b0000 - 0xffffd556aa3dffff Handle: 39 PATIndex: 1, Gmm resource usage: [ GMM_RESOURCE_USAGE_OCL_BUFFER ], Cacheable: 1 NotLockable: 0 Total sys mem allocated: 3252224 Total lmem allocated: 200278016
Created Graphics Allocation of type COMMAND_BUFFER
 ThreadID: 138191931690176 Type: COMMAND_BUFFER Pool: LocalMemory Root index: 0 Size: 65536 CPU VA: 0x7daf3ea11000 - 0x7daf3ea20fff GPU VA: 0xffffd556aa3a0000 - 0xffffd556aa3affff Handle: 40 PATIndex: 1, Gmm resource usage: [ GMM_RESOURCE_USAGE_OCL_BUFFER ], Cacheable: 1 NotLockable: 0 Total sys mem allocated: 3252224 Total lmem allocated: 200343552
Created Graphics Allocation of type COMMAND_BUFFER
 ThreadID: 138191931690176 Type: COMMAND_BUFFER Pool: LocalMemory Root index: 0 Size: 65536 CPU VA: 0x7daf3ea01000 - 0x7daf3ea10fff GPU VA: 0xffffd556aa390000 - 0xffffd556aa39ffff Handle: 41 PATIndex: 1, Gmm resource usage: [ GMM_RESOURCE_USAGE_OCL_BUFFER ], Cacheable: 1 NotLockable: 0 Total sys mem allocated: 3252224 Total lmem allocated: 200409088
Created Graphics Allocation of type RING_BUFFER
 ThreadID: 138191931690176 Type: RING_BUFFER Pool: LocalMemory Root index: 0 Size: 327680 CPU VA: 0x7daf3dcd9000 - 0x7daf3dd28fff GPU VA: 0xffffd556aa340000 - 0xffffd556aa38ffff Handle: 42 PATIndex: 1, Gmm resource usage: [ GMM_RESOURCE_USAGE_OCL_BUFFER ], Cacheable: 1 NotLockable: 0 Total sys mem allocated: 3252224 Total lmem allocated: 200736768
Created Graphics Allocation of type RING_BUFFER
 ThreadID: 138191931690176 Type: RING_BUFFER Pool: LocalMemory Root index: 0 Size: 327680 CPU VA: 0x7daf3dc89000 - 0x7daf3dcd8fff GPU VA: 0xffffd556aa2f0000 - 0xffffd556aa33ffff Handle: 43 PATIndex: 1, Gmm resource usage: [ GMM_RESOURCE_USAGE_OCL_BUFFER ], Cacheable: 1 NotLockable: 0 Total sys mem allocated: 3252224 Total lmem allocated: 201064448
Created Graphics Allocation of type SEMAPHORE_BUFFER
 ThreadID: 138191931690176 Type: SEMAPHORE_BUFFER Pool: LocalMemory Root index: 0 Size: 65536 CPU VA: 0x7daf3dc79000 - 0x7daf3dc88fff GPU VA: 0xffffd556aa2e0000 - 0xffffd556aa2effff Handle: 44 PATIndex: 1, Gmm resource usage: [ GMM_RESOURCE_USAGE_OCL_BUFFER ], Cacheable: 1 NotLockable: 0 Total sys mem allocated: 3252224 Total lmem allocated: 201129984
device 0000:05:00.0: Intel(R) Arc(TM) B570 Graphics
Created Graphics Allocation of type BUFFER
 ThreadID: 138191931690176 Type: BUFFER Pool: LocalMemory Root index: 0 Size: 2097152 CPU VA: NULL GPU VA: 0xffffffffff600000 - 0xffffffffff7fffff Handle: 45 PATIndex: 9, Gmm resource usage: [ GMM_RESOURCE_USAGE_OCL_BUFFER ], Cacheable: 0 NotLockable: 1 Total sys mem allocated: 3252224 Total lmem allocated: 203227136
Created Graphics Allocation of type COMMAND_BUFFER
 ThreadID: 138191931690176 Type: COMMAND_BUFFER Pool: LocalMemory Root index: 0 Size: 1114112 CPU VA: 0x7daf3db69000 - 0x7daf3dc78fff GPU VA: 0xffffd556aa1d0000 - 0xffffd556aa2dffff Handle: 46 PATIndex: 1, Gmm resource usage: [ GMM_RESOURCE_USAGE_OCL_BUFFER ], Cacheable: 1 NotLockable: 0 Total sys mem allocated: 3252224 Total lmem allocated: 204341248
Created Graphics Allocation of type COMMAND_BUFFER
 ThreadID: 138191931690176 Type: COMMAND_BUFFER Pool: System4KBPages Root index: 0 Size: 1114112 CPU VA: 0x7daf3da58000 - 0x7daf3db67fff GPU VA: 0x7daf3da58000 - 0x7daf3db67fff Handle: 47 PATIndex: 1, Gmm resource usage: [ GMM_RESOURCE_USAGE_OCL_BUFFER ], Cacheable: 1 NotLockable: 0 Total sys mem allocated: 4366336 Total lmem allocated: 204341248
Created Graphics Allocation of type COMMAND_BUFFER
 ThreadID: 138191931690176 Type: COMMAND_BUFFER Pool: LocalMemory Root index: 0 Size: 1114112 CPU VA: 0x7daf3d948000 - 0x7daf3da57fff GPU VA: 0xffffd556aa0c0000 - 0xffffd556aa1cffff Handle: 48 PATIndex: 1, Gmm resource usage: [ GMM_RESOURCE_USAGE_OCL_BUFFER ], Cacheable: 1 NotLockable: 0 Total sys mem allocated: 4366336 Total lmem allocated: 205455360
Created Graphics Allocation of type COMMAND_BUFFER
 ThreadID: 138191931690176 Type: COMMAND_BUFFER Pool: System4KBPages Root index: 0 Size: 1114112 CPU VA: 0x7daf3d837000 - 0x7daf3d946fff GPU VA: 0x7daf3d837000 - 0x7daf3d946fff Handle: 49 PATIndex: 1, Gmm resource usage: [ GMM_RESOURCE_USAGE_OCL_BUFFER ], Cacheable: 1 NotLockable: 0 Total sys mem allocated: 5480448 Total lmem allocated: 205455360
Created Graphics Allocation of type INTERNAL_HEAP
 ThreadID: 138191931690176 Type: INTERNAL_HEAP Pool: LocalMemory Root index: 0 Size: 65536 CPU VA: 0x7daf3d827000 - 0x7daf3d836fff GPU VA: 0xffff8000fffb0000 - 0xffff8000fffbffff Handle: 50 PATIndex: 1, Gmm resource usage: [ GMM_RESOURCE_USAGE_OCL_STATE_HEAP_BUFFER ], Cacheable: 1 NotLockable: 0 Total sys mem allocated: 5480448 Total lmem allocated: 205520896
Created Graphics Allocation of type BUFFER_HOST_MEMORY
 ThreadID: 138191931690176 Type: BUFFER_HOST_MEMORY Pool: System4KBPages Root index: 0 Size: 2097152 CPU VA: 0x7daf3d600000 - 0x7daf3d7fffff GPU VA: 0x7daf3d600000 - 0x7daf3d7fffff Handle: 51 PATIndex: 1, Gmm resource usage: [ GMM_RESOURCE_USAGE_OCL_SYSTEM_MEMORY_BUFFER ], Cacheable: 1 NotLockable: 0 Total sys mem allocated: 7577600 Total lmem allocated: 205520896
Created Graphics Allocation of type KERNEL_ISA
 ThreadID: 138191931690176 Type: KERNEL_ISA Pool: LocalMemory Root index: 0 Size: 4194304 CPU VA: NULL GPU VA: 0xffff8000ffbb0000 - 0xffff8000fffaffff Handle: 52 PATIndex: 1, Gmm resource usage: [ GMM_RESOURCE_USAGE_OCL_BUFFER ], Cacheable: 1 NotLockable: 0 Total sys mem allocated: 7577600 Total lmem allocated: 209715200
Created Graphics Allocation of type LINEAR_STREAM
 ThreadID: 138191931690176 Type: LINEAR_STREAM Pool: LocalMemory Root index: 0 Size: 2097152 CPU VA: 0x7daf3d227000 - 0x7daf3d426fff GPU VA: 0xffff800200050000 - 0xffff80020024ffff Handle: 53 PATIndex: 1, Gmm resource usage: [ GMM_RESOURCE_USAGE_OCL_STATE_HEAP_BUFFER ], Cacheable: 1 NotLockable: 0 Total sys mem allocated: 7577600 Total lmem allocated: 211812352
Created Graphics Allocation of type LINEAR_STREAM
 ThreadID: 138191931690176 Type: LINEAR_STREAM Pool: LocalMemory Root index: 0 Size: 65536 CPU VA: 0x7daf3d817000 - 0x7daf3d826fff GPU VA: 0xffff800200250000 - 0xffff80020025ffff Handle: 54 PATIndex: 1, Gmm resource usage: [ GMM_RESOURCE_USAGE_OCL_STATE_HEAP_BUFFER ], Cacheable: 1 NotLockable: 0 Total sys mem allocated: 7577600 Total lmem allocated: 211877888
round 0 complete
round 1 complete
round 2 complete
PASS 0000:05:00.0: 3 rounds, 16384 exact words each
