[1/39] Building CXX object CMakeFiles/native_service_calibration.dir/home/yayoi/ghq/github.com/yqYo1/Strata/.worktree/perf-sycl-iq2s-actual-cohort-timing-20261010/src/kernels/cpu/native_expert.cpp.o
[2/39] Building CXX object CMakeFiles/native_service_calibration.dir/home/yayoi/ghq/github.com/yqYo1/Strata/.worktree/perf-sycl-iq2s-actual-cohort-timing-20261010/src/kernels/cpu/expert_layout.cpp.o
[3/39] Building CXX object CMakeFiles/native_service_calibration.dir/home/yayoi/ghq/github.com/yqYo1/Strata/.worktree/perf-sycl-iq2s-actual-cohort-timing-20261010/src/artifact/native_role_plan.cpp.o
[4/39] Building CXX object CMakeFiles/native_service_calibration.dir/native_service_calibration.cpp.o
FAILED: CMakeFiles/native_service_calibration.dir/native_service_calibration.cpp.o 
/opt/intel/oneapi/compiler/2026.1/bin/icpx -DHOST_Q2_AVXVNNI=1 -DSTRATA_CALIBRATION_IQ2S_INDEX_CHECK=1 -DSTRATA_NATIVE_EXPERTS=1 -I/home/yayoi/ghq/github.com/yqYo1/Strata/.worktree/perf-sycl-iq2s-actual-cohort-timing-20261010/include -I/home/yayoi/orca/workspaces/Strata/ggml-sycl-pinned/ggml/include -I/home/yayoi/orca/workspaces/Strata/ggml-sycl-pinned/ggml/src -I/home/yayoi/orca/workspaces/Strata/ggml-sycl-pinned/ggml/src/ggml-cpu -I/home/yayoi/orca/workspaces/Strata/ggml-sycl-pinned/ggml/src/../include -O3 -DNDEBUG -std=gnu++20 -fp-model=precise -MD -MT CMakeFiles/native_service_calibration.dir/native_service_calibration.cpp.o -MF CMakeFiles/native_service_calibration.dir/native_service_calibration.cpp.o.d -o CMakeFiles/native_service_calibration.dir/native_service_calibration.cpp.o -c /home/yayoi/ghq/github.com/yqYo1/Strata/.worktree/perf-sycl-iq2s-actual-cohort-timing-20261010/sycl/tools/native-service-calibration/native_service_calibration.cpp
/home/yayoi/ghq/github.com/yqYo1/Strata/.worktree/perf-sycl-iq2s-actual-cohort-timing-20261010/sycl/tools/native-service-calibration/native_service_calibration.cpp:293:131: error: no matching function for call to 'order_hash'
  293 |   std::cout<<"INDEX_WORKING_SET,"<<split<<','<<(stratum?"hot8":"stream192")<<','<<orders[split][stratum].size()<<','<<bytes<<','<<order_hash(orders[split][stratum])<<'\n';
      |                                                                                                                                   ^~~~~~~~~~
/home/yayoi/ghq/github.com/yqYo1/Strata/.worktree/perf-sycl-iq2s-actual-cohort-timing-20261010/sycl/tools/native-service-calibration/native_service_calibration.cpp:177:17: note: candidate function not viable: no known conversion from 'value_type' (aka 'std::vector<unsigned long>') to 'const Order' (aka 'const std::array<unsigned long, 192>') for 1st argument
  177 | static uint64_t order_hash(const Order& order){uint64_t h=14695981039346656037ULL;for(size_t v:order){for(unsigned shift=0;shift<32;shift+=8){h^=(v>>shift)&255;h*=1099511628211ULL;}}return h;}
      |                 ^          ~~~~~~~~~~~~~~~~~~
/home/yayoi/ghq/github.com/yqYo1/Strata/.worktree/perf-sycl-iq2s-actual-cohort-timing-20261010/sycl/tools/native-service-calibration/native_service_calibration.cpp:319:250: error: no matching function for call to 'order_hash'
  319 |   std::cout<<"INDEX_TIMING,"<<split<<','<<(stratum?"hot8":"stream192")<<','<<(arm==0?"trait":arm==1?"direct":"register")<<','<<round-3<<','<<(round<3?1:0)<<','<<position<<','<<order.size()<<','<<order.size()*640<<','<<calls.size()<<','<<bytes<<','<<order_hash(order)<<','<<hash<<','<<ms(start,end)<<','<<host_cpu()<<'\n';
      |                                                                                                                                                                                                                                                          ^~~~~~~~~~
/home/yayoi/ghq/github.com/yqYo1/Strata/.worktree/perf-sycl-iq2s-actual-cohort-timing-20261010/sycl/tools/native-service-calibration/native_service_calibration.cpp:177:17: note: candidate function not viable: no known conversion from 'const value_type' (aka 'const std::vector<unsigned long>') to 'const Order' (aka 'const std::array<unsigned long, 192>') for 1st argument
  177 | static uint64_t order_hash(const Order& order){uint64_t h=14695981039346656037ULL;for(size_t v:order){for(unsigned shift=0;shift<32;shift+=8){h^=(v>>shift)&255;h*=1099511628211ULL;}}return h;}
      |                 ^          ~~~~~~~~~~~~~~~~~~
2 errors generated.
[5/39] Building CXX object CMakeFiles/native_service_calibration.dir/home/yayoi/ghq/github.com/yqYo1/Strata/.worktree/perf-sycl-iq2s-actual-cohort-timing-20261010/src/kernels/cpu/q2_avx2.cpp.o
[6/39] Building CXX object CMakeFiles/native_service_calibration.dir/home/yayoi/ghq/github.com/yqYo1/Strata/.worktree/perf-sycl-iq2s-actual-cohort-timing-20261010/src/kernels/cpu/expert.cpp.o
[7/39] Building CXX object CMakeFiles/native_service_calibration.dir/home/yayoi/ghq/github.com/yqYo1/Strata/.worktree/perf-sycl-iq2s-actual-cohort-timing-20261010/src/kernels/cpu/pool.cpp.o
ninja: build stopped: subcommand failed.
