{
  "scope": "Owned B570 exact original/candidate load8 helper GPU comparison with independent host IEEE reference; full Level Zero/UR logs and parameter checks; no model throughput, full-capacity or hang-cause proof",
  "active": false,
  "passed": true,
  "started_utc": "2026-10-07T03:52:43.700063+00:00",
  "boot_id": "0a908c16-e292-4299-80ff-082da39f4bb9",
  "deadline_seconds": 90,
  "controller_sha256": "800dcf19d58196b7fe9ed4b529da2a05748be3acf1d5ef05b5b0ef4f7d13f296",
  "binary_sha256": "a55fc1b2584579e3a338402258ea0dd24a034ea21334c4fa6ea17085405ad510",
  "environment": {
    "LD_LIBRARY_PATH": "/opt/intel/oneapi/compiler/2026.1/lib:/opt/intel/oneapi/compiler/2026.1/opt/compiler/lib:/opt/intel/oneapi/umf/1.1/lib:/usr/lib/x86_64-linux-gnu",
    "SYCL_CACHE_PERSISTENT": "0",
    "UR_ADAPTERS_FORCE_LOAD": "/opt/intel/oneapi/compiler/2026.1/lib/libur_adapter_level_zero_v2.so.0",
    "UR_L0_V2_FORCE_DISABLE_COPY_OFFLOAD": "1",
    "ONEAPI_DEVICE_SELECTOR": "level_zero:gpu",
    "ZEL_ENABLE_LOADER_LOGGING": "1",
    "ZEL_LOADER_LOG_CONSOLE": "1",
    "ZEL_LOADER_LOGGING_LEVEL": "trace",
    "ZEL_LOADER_LOGGING_ENABLE_SUCCESS_PRINT": "1",
    "ZE_ENABLE_VALIDATION_LAYER": "1",
    "ZE_ENABLE_PARAMETER_VALIDATION": "1",
    "UR_LOG_LOADER": "level:debug;flush:debug;output:stderr",
    "UR_LOG_LEVEL_ZERO": "level:debug;flush:debug;output:stderr",
    "UR_LOG_TRACING": "level:info;flush:info;output:stderr",
    "STRATA_TRACE": "1",
    "UR_ENABLE_LAYERS": "UR_LAYER_TRACING",
    "NEOReadDebugKeys": "1",
    "EnableDirectSubmission": "0"
  },
  "elapsed_seconds": 0.9172725270036608,
  "inferior": {
    "pid": 2111194,
    "start_ticks": 3484296,
    "state": "t"
  },
  "debugger": {
    "pid": 2111180,
    "start_ticks": 3484286,
    "state": "R"
  },
  "result": {
    "patterns": 65536,
    "comparisons": 6291456,
    "non_nan_bit_checks": 2031676,
    "nan_class_checks": 65476,
    "mismatches": 0
  },
  "exit_code": 0,
  "exit_signal": null,
  "cleanup": {
    "forced": false,
    "inferior_survived": false,
    "gdb_survived": false
  },
  "new_fault_messages": [],
  "steps": [
    {
      "label": "kernel-before",
      "argv": [
        "/usr/bin/journalctl",
        "-k",
        "-n",
        "0",
        "--show-cursor",
        "--no-pager"
      ],
      "pid": 2111177,
      "exit_code": 0,
      "timed_out": false,
      "still_alive": false,
      "elapsed_seconds": 0.05066484899725765
    },
    {
      "label": "kernel-after",
      "argv": [
        "/usr/bin/journalctl",
        "-k",
        "--after-cursor",
        "s=3ad31c4e321d43ad949846afdb43877a;i=bf0d9bb;b=0a908c16e292429980ff082da39f4bb9;m=81b8851bb;t=65d380ae43878;x=60924a4c27160e35",
        "--no-pager",
        "-o",
        "json"
      ],
      "pid": 2111227,
      "exit_code": 0,
      "timed_out": false,
      "still_alive": false,
      "elapsed_seconds": 0.050553018001664896
    }
  ],
  "finished_utc": "2026-10-07T03:52:44.617585+00:00"
}
