In file included from /home/yayoi/ghq/github.com/yqYo1/Strata/.worktree/sync-upstream-2026-10-05/build-sycl-event-ack-20261008/source/prefill.cpp:4:
In file included from /home/yayoi/ghq/github.com/yqYo1/Strata/.worktree/sync-upstream-2026-10-05/sycl/include/dpct/dpct.hpp:53:
In file included from /home/yayoi/ghq/github.com/yqYo1/Strata/.worktree/sync-upstream-2026-10-05/sycl/include/dpct/image.hpp:14:
In file included from /home/yayoi/ghq/github.com/yqYo1/Strata/.worktree/sync-upstream-2026-10-05/sycl/include/dpct/memory.hpp:112:
/home/yayoi/ghq/github.com/yqYo1/Strata/.worktree/sync-upstream-2026-10-05/sycl/include/dpct/detail/memory_detail.hpp:343:30: warning: unused parameter 'direction' [-Wunused-parameter]
  343 |             memcpy_direction direction,
      |                              ^
/home/yayoi/ghq/github.com/yqYo1/Strata/.worktree/sync-upstream-2026-10-05/sycl/include/dpct/detail/memory_detail.hpp:901:29: warning: unused parameter 'cgh' [-Wunused-parameter]
  901 |   get_access(sycl::handler &cgh) {
      |                             ^
In file included from /home/yayoi/ghq/github.com/yqYo1/Strata/.worktree/sync-upstream-2026-10-05/build-sycl-event-ack-20261008/source/prefill.cpp:4:
In file included from /home/yayoi/ghq/github.com/yqYo1/Strata/.worktree/sync-upstream-2026-10-05/sycl/include/dpct/dpct.hpp:53:
In file included from /home/yayoi/ghq/github.com/yqYo1/Strata/.worktree/sync-upstream-2026-10-05/sycl/include/dpct/image.hpp:14:
/home/yayoi/ghq/github.com/yqYo1/Strata/.worktree/sync-upstream-2026-10-05/sycl/include/dpct/memory.hpp:816:23: warning: comparison of integers of different signs: 'int' and 'unsigned int' [-Wsign-compare]
  816 |     for (int i = 0; i < numAttributes; i++) {
      |                     ~ ^ ~~~~~~~~~~~~~
In file included from /home/yayoi/ghq/github.com/yqYo1/Strata/.worktree/sync-upstream-2026-10-05/build-sycl-event-ack-20261008/source/prefill.cpp:4:
In file included from /home/yayoi/ghq/github.com/yqYo1/Strata/.worktree/sync-upstream-2026-10-05/sycl/include/dpct/dpct.hpp:53:
In file included from /home/yayoi/ghq/github.com/yqYo1/Strata/.worktree/sync-upstream-2026-10-05/sycl/include/dpct/image.hpp:15:
/home/yayoi/ghq/github.com/yqYo1/Strata/.worktree/sync-upstream-2026-10-05/sycl/include/dpct/util.hpp:466:38: warning: unused parameter 'member_mask' [-Wunused-parameter]
  466 | T select_from_sub_group(unsigned int member_mask,
      |                                      ^
/home/yayoi/ghq/github.com/yqYo1/Strata/.worktree/sync-upstream-2026-10-05/sycl/include/dpct/util.hpp:507:37: warning: unused parameter 'member_mask' [-Wunused-parameter]
  507 | T shift_sub_group_left(unsigned int member_mask,
      |                                     ^
/home/yayoi/ghq/github.com/yqYo1/Strata/.worktree/sync-upstream-2026-10-05/sycl/include/dpct/util.hpp:551:38: warning: unused parameter 'member_mask' [-Wunused-parameter]
  551 | T shift_sub_group_right(unsigned int member_mask,
      |                                      ^
/home/yayoi/ghq/github.com/yqYo1/Strata/.worktree/sync-upstream-2026-10-05/sycl/include/dpct/util.hpp:671:41: warning: unused parameter 'member_mask' [-Wunused-parameter]
  671 | T permute_sub_group_by_xor(unsigned int member_mask,
      |                                         ^
/home/yayoi/ghq/github.com/yqYo1/Strata/.worktree/sync-upstream-2026-10-05/sycl/include/dpct/util.hpp:680:47: warning: comparison of integers of different signs: 'unsigned int' and 'int' [-Wsign-compare]
  680 |   unsigned logical_remote_id = (target_offset < logical_sub_group_size) ? start_index + target_offset : id;
      |                                 ~~~~~~~~~~~~~ ^ ~~~~~~~~~~~~~~~~~~~~~~
/home/yayoi/ghq/github.com/yqYo1/Strata/.worktree/sync-upstream-2026-10-05/sycl/include/dpct/util.hpp:959:15: warning: comparison of integers of different signs: 'int' and 'size_t' (aka 'unsigned long') [-Wsign-compare]
  959 |   if (wg_size > max_wg_size) {
      |       ~~~~~~~ ^ ~~~~~~~~~~~
/home/yayoi/ghq/github.com/yqYo1/Strata/.worktree/sync-upstream-2026-10-05/sycl/include/dpct/util.hpp:1021:35: warning: comparison of integers of different signs: 'int' and 'size_t' (aka 'unsigned long') [-Wsign-compare]
 1021 |       max_ws_size_for_device_code >= max_wg_size)
      |       ~~~~~~~~~~~~~~~~~~~~~~~~~~~ ^  ~~~~~~~~~~~
/home/yayoi/ghq/github.com/yqYo1/Strata/.worktree/sync-upstream-2026-10-05/sycl/include/dpct/util.hpp:1291:17: warning: '&' within '|' [-Wbitwise-op-parentheses]
 1291 |     result = (a & b | c) ^ a;
      |               ~~^~~ ~
/home/yayoi/ghq/github.com/yqYo1/Strata/.worktree/sync-upstream-2026-10-05/sycl/include/dpct/util.hpp:1291:17: note: place parentheses around the '&' expression to silence this warning
 1291 |     result = (a & b | c) ^ a;
      |                 ^
      |               (    )
/home/yayoi/ghq/github.com/yqYo1/Strata/.worktree/sync-upstream-2026-10-05/sycl/include/dpct/util.hpp:1315:16: warning: '&' within '|' [-Wbitwise-op-parentheses]
 1315 |     result = a & (b | c) | (b & c);
      |              ~~^~~~~~~~~ ~
/home/yayoi/ghq/github.com/yqYo1/Strata/.worktree/sync-upstream-2026-10-05/sycl/include/dpct/util.hpp:1315:16: note: place parentheses around the '&' expression to silence this warning
 1315 |     result = a & (b | c) | (b & c);
      |                ^
      |              (          )
/home/yayoi/ghq/github.com/yqYo1/Strata/.worktree/sync-upstream-2026-10-05/sycl/include/dpct/util.hpp:1318:16: warning: '&' within '|' [-Wbitwise-op-parentheses]
 1318 |     result = a & b | c;
      |              ~~^~~ ~
/home/yayoi/ghq/github.com/yqYo1/Strata/.worktree/sync-upstream-2026-10-05/sycl/include/dpct/util.hpp:1318:16: note: place parentheses around the '&' expression to silence this warning
 1318 |     result = a & b | c;
      |                ^
      |              (    )
In file included from /home/yayoi/ghq/github.com/yqYo1/Strata/.worktree/sync-upstream-2026-10-05/build-sycl-event-ack-20261008/source/prefill.cpp:4:
In file included from /home/yayoi/ghq/github.com/yqYo1/Strata/.worktree/sync-upstream-2026-10-05/sycl/include/dpct/dpct.hpp:54:
/home/yayoi/ghq/github.com/yqYo1/Strata/.worktree/sync-upstream-2026-10-05/sycl/include/dpct/kernel.hpp:50:57: warning: unused parameter 'function' [-Wunused-parameter]
   50 |                                             const void *function) {
      |                                                         ^
/home/yayoi/ghq/github.com/yqYo1/Strata/.worktree/sync-upstream-2026-10-05/sycl/include/dpct/kernel.hpp:57:38: warning: unused parameter 'function' [-Wunused-parameter]
   57 | get_kernel_function_info(const void *function) {
      |                                      ^
In file included from /home/yayoi/ghq/github.com/yqYo1/Strata/.worktree/sync-upstream-2026-10-05/build-sycl-event-ack-20261008/source/prefill.cpp:4:
In file included from /home/yayoi/ghq/github.com/yqYo1/Strata/.worktree/sync-upstream-2026-10-05/sycl/include/dpct/dpct.hpp:59:
/home/yayoi/ghq/github.com/yqYo1/Strata/.worktree/sync-upstream-2026-10-05/sycl/include/dpct/bindless_images.hpp:629:35: warning: unused parameter 'q' [-Wunused-parameter]
  629 |   void unmap_resource(sycl::queue q) {
      |                                   ^
/home/yayoi/ghq/github.com/yqYo1/Strata/.worktree/sync-upstream-2026-10-05/sycl/include/dpct/bindless_images.hpp:656:9: warning: field '_res_external_mem' will be initialized after field '_res_reg_flags' [-Wreorder-ctor]
  656 |       : _res_external_mem(external_mem), _res_reg_flags(reg_flags) {}
      |         ^~~~~~~~~~~~~~~~~~~~~~~~~~~~~~~  ~~~~~~~~~~~~~~~~~~~~~~~~~
      |         _res_reg_flags(reg_flags)        _res_external_mem(external_mem)
/home/yayoi/ghq/github.com/yqYo1/Strata/.worktree/sync-upstream-2026-10-05/sycl/include/dpct/bindless_images.hpp:1163:24: warning: comparison of integers of different signs: 'size_t' (aka 'unsigned long') and 'int' [-Wsign-compare]
 1163 |   for (size_t i = 0; i < count; ++i) {
      |                      ~ ^ ~~~~~
/home/yayoi/ghq/github.com/yqYo1/Strata/.worktree/sync-upstream-2026-10-05/sycl/include/dpct/bindless_images.hpp:1350:21: warning: comparison of integers of different signs: 'int' and 'unsigned int' [-Wsign-compare]
 1350 |   for (int i = 0; i < numExtSems; i++) {
      |                   ~ ^ ~~~~~~~~~~
/home/yayoi/ghq/github.com/yqYo1/Strata/.worktree/sync-upstream-2026-10-05/sycl/include/dpct/bindless_images.hpp:1393:21: warning: comparison of integers of different signs: 'int' and 'unsigned int' [-Wsign-compare]
 1393 |   for (int i = 0; i < numExtSems; i++) {
      |                   ~ ^ ~~~~~~~~~~
/home/yayoi/ghq/github.com/yqYo1/Strata/.worktree/sync-upstream-2026-10-05/sycl/include/dpct/bindless_images.hpp:1686:60: warning: unused parameter 'channel' [-Wunused-parameter]
 1686 |   void attach(image_mem_wrapper *mem, const image_channel &channel,
      |                                                            ^
In file included from /home/yayoi/ghq/github.com/yqYo1/Strata/.worktree/sync-upstream-2026-10-05/build-sycl-event-ack-20261008/source/prefill.cpp:7:
In file included from /home/yayoi/ghq/github.com/yqYo1/Strata/.worktree/sync-upstream-2026-10-05/sycl/../include/strata/prefill/prefill.hpp:14:
/home/yayoi/ghq/github.com/yqYo1/Strata/.worktree/sync-upstream-2026-10-05/sycl/include/strata/core/expert_source.hpp:725:13: warning: 'reads' overrides a member function but is not marked 'override' [-Winconsistent-missing-override]
  725 |     int64_t reads() const { return reads_; }
      |             ^
/home/yayoi/ghq/github.com/yqYo1/Strata/.worktree/sync-upstream-2026-10-05/sycl/include/strata/core/expert_source.hpp:140:21: note: overridden virtual function is here
  140 |     virtual int64_t reads() const { return 0; }
      |                     ^
/home/yayoi/ghq/github.com/yqYo1/Strata/.worktree/sync-upstream-2026-10-05/build-sycl-event-ack-20261008/source/prefill.cpp:9:10: fatal error: '../../../src/prefill/mmq_resident_sort.hpp' file not found
    9 | #include "../../../src/prefill/mmq_resident_sort.hpp"
      |          ^~~~~~~~~~~~~~~~~~~~~~~~~~~~~~~~~~~~~~~~~~~~
22 warnings and 1 error generated.
