-- The CXX compiler identification is IntelLLVM 2026.1.1
-- Detecting CXX compiler ABI info
-- Detecting CXX compiler ABI info - done
-- Check for working CXX compiler: /opt/intel/oneapi/compiler/2026.1/bin/icpx - skipped
-- Detecting CXX compile features
-- Detecting CXX compile features - done
-- AMD architectures ''
-- Performing Test CMAKE_HAVE_LIBC_PTHREAD
-- Performing Test CMAKE_HAVE_LIBC_PTHREAD - Success
-- Found Threads: TRUE  
-- XeStrata: c-blosc2 not found (libblosc2-dev): --conversation-save-compress unavailable
-- CMAKE_BUILD_TYPE: Release
-- TARGET_DOMAINS: blas
-- MKL_VERSION: 2026.1.0
-- MKL_ROOT: /opt/intel/oneapi/mkl/2026.1
-- MKL_ARCH: intel64
-- MKL_SYCL_LINK: dynamic
-- MKL_LINK: dynamic
-- MKL_SYCL_INTERFACE_FULL: intel_ilp64
-- MKL_INTERFACE_FULL: intel_ilp64
-- MKL_SYCL_THREADING: sequential
-- MKL_THREADING: sequential
-- MKL_SYCL_MPI: None, set to ` intelmpi` by default
-- MKL_MPI: None, set to ` intelmpi` by default
-- Found /opt/intel/oneapi/mkl/2026.1/lib/libmkl_scalapack_ilp64.so
-- Found /opt/intel/oneapi/mkl/2026.1/lib/libmkl_cdft_core.so
-- Found /opt/intel/oneapi/mkl/2026.1/lib/libmkl_intel_ilp64.so
-- Found /opt/intel/oneapi/mkl/2026.1/lib/libmkl_sequential.so
-- Found /opt/intel/oneapi/mkl/2026.1/lib/libmkl_core.so
-- Found /opt/intel/oneapi/mkl/2026.1/lib/libmkl_blacs_intelmpi_ilp64.so
-- Could NOT find mkl_sycl_distributed_dft for target MKL::MKL_SYCL_DISTRIBUTED_DFT
-- Found /opt/intel/oneapi/mkl/2026.1/lib/libmkl_sycl_blas.so
-- Found /opt/intel/oneapi/mkl/2026.1/lib/libmkl_sycl_lapack.so
-- Found /opt/intel/oneapi/mkl/2026.1/lib/libmkl_sycl_dft.so
-- Found /opt/intel/oneapi/mkl/2026.1/lib/libmkl_sycl_sparse.so
-- Found /opt/intel/oneapi/mkl/2026.1/lib/libmkl_sycl_data_fitting.so
-- Found /opt/intel/oneapi/mkl/2026.1/lib/libmkl_sycl_rng.so
-- Found /opt/intel/oneapi/mkl/2026.1/lib/libmkl_sycl_stats.so
-- Found /opt/intel/oneapi/mkl/2026.1/lib/libmkl_sycl_vm.so
-- Looking for dpc++
-- Performing Test is_dpcpp
-- Performing Test is_dpcpp - Success
-- Performing Test dpcpp_supports_nvptx64
-- Performing Test dpcpp_supports_nvptx64 - Failed
-- Performing Test STRATA_HAVE_AVXVNNI_INTRINSICS
-- Performing Test STRATA_HAVE_AVXVNNI_INTRINSICS - Success
-- The C compiler identification is GNU 13.3.0
-- Detecting C compiler ABI info
-- Detecting C compiler ABI info - done
-- Check for working C compiler: /usr/bin/cc - skipped
-- Detecting C compile features
-- Detecting C compile features - done
-- The ASM compiler identification is GNU
-- Found assembler: /usr/bin/cc
-- Warning: ccache not found - consider installing it for faster compilation or disable this warning with GGML_CCACHE=OFF
-- CMAKE_SYSTEM_PROCESSOR: x86_64
-- GGML_SYSTEM_ARCH: x86
-- Including CPU backend
-- x86 detected
-- Adding CPU backend variant ggml-cpu: -msse4.2;-mf16c;-mfma;-mbmi2;-mavx;-mavx2 GGML_SSE42;GGML_F16C;GGML_FMA;GGML_BMI2;GGML_AVX;GGML_AVX2
-- ggml version: 0.24.0
-- ggml commit:  3cf03257f
-- Configuring done (4.6s)
-- Generating done (0.1s)
-- Build files have been written to: /home/yayoi/ghq/github.com/MistVVK/XeStrata/.worktree/eval-b570-20261010/build/eval-b570-icpx-v1
