[1/129] Building CXX object CMakeFiles/strata_platform.dir/src/platform/memory.cpp.o
[2/129] Building CXX object CMakeFiles/strata_platform.dir/src/platform/direct_file.cpp.o
[3/129] Linking CXX static library libstrata_platform.a
[4/129] Building CXX object CMakeFiles/strata_ngram.dir/src/kernels/ngram.cpp.o
[5/129] Building CXX object CMakeFiles/strata_ngram.dir/src/ngram/ple_reader.cpp.o
[6/129] Linking CXX static library libstrata_ngram.a
[7/129] Building CXX object CMakeFiles/strata_core.dir/src/core/pinned.cpp.o
[8/129] Building CXX object CMakeFiles/strata_core.dir/src/core/device.cpp.o
[9/129] Building CXX object CMakeFiles/strata_core.dir/src/core/gpu.cpp.o
[10/129] Building CXX object CMakeFiles/strata_core.dir/src/core/layout.cpp.o
[11/129] Building CXX object CMakeFiles/strata-device.dir/src/core/device_main.cpp.o
[12/129] Building CXX object CMakeFiles/strata_core.dir/src/core/weights.cpp.o
[13/129] Building CXX object CMakeFiles/strata_core.dir/src/core/graph.cpp.o
[14/129] Linking CXX static library libstrata_core.a
[15/129] Linking CXX executable strata-device
[16/129] Building CXX object CMakeFiles/strata_kernels.dir/src/kernels/xe/elementwise.cpp.o
[17/129] Building CXX object CMakeFiles/strata_kernels.dir/src/kernels/xe/rope.cpp.o
[18/129] Building CXX object CMakeFiles/strata_kernels.dir/src/kernels/xe/iq_kernels.cpp.o
[19/129] Building CXX object CMakeFiles/strata_kernels.dir/src/kernels/xe/router.cpp.o
[20/129] Building CXX object CMakeFiles/strata_kernels.dir/src/kernels/xe/quantize_act.cpp.o
[21/129] Building CXX object CMakeFiles/strata_kernels.dir/src/kernels/xe/native_mmvq.cpp.o
[22/129] Building CXX object CMakeFiles/strata_kernels.dir/src/kernels/xe/bf16_gemv.cpp.o
[23/129] Building CXX object CMakeFiles/strata_kernels.dir/src/kernels/xe/qsa.cpp.o
[24/129] Building CXX object CMakeFiles/strata_kernels.dir/src/kernels/xe/kv_q8.cpp.o
[25/129] Building CXX object CMakeFiles/strata_kernels.dir/src/kernels/xe/kv_q4.cpp.o
[26/129] Building CXX object CMakeFiles/strata_kernels.dir/src/kernels/xe/qsa_decode_attn.cpp.o
[27/129] Building CXX object CMakeFiles/strata_kernels.dir/src/kernels/xe/kv_stream.cpp.o
[28/129] Building CXX object CMakeFiles/strata_kernels.dir/src/kernels/xe/gdn.cpp.o
[29/129] Building CXX object CMakeFiles/strata_kernels.dir/src/kernels/xe/gr.cpp.o
[30/129] Building CXX object CMakeFiles/strata_kernels.dir/src/kernels/xe/fused_gr.cpp.o
[31/129] Building CXX object CMakeFiles/strata_kernels.dir/src/kernels/xe/cvec.cpp.o
[32/129] Building CXX object CMakeFiles/strata_kernels.dir/src/kernels/xe/s2_gemv.cpp.o
[33/129] Building CXX object CMakeFiles/strata_kernels.dir/src/kernels/xe/s_gemv.cpp.o
[34/129] Building CXX object CMakeFiles/strata_kernels.dir/src/kernels/xe/verify_kernels.cpp.o
[35/129] Building CXX object CMakeFiles/strata_kernels.dir/src/kernels/xe/native_gdn.cpp.o
[36/129] Building CXX object CMakeFiles/strata_kernels.dir/src/kernels/xe/shared_expert.cpp.o
[37/129] Building CXX object CMakeFiles/strata_kernels.dir/src/kernels/xe/sampler.cpp.o
[38/129] Building CXX object CMakeFiles/strata_kernels.dir/src/kernels/xe/native_moe.cpp.o
[39/129] Building CXX object CMakeFiles/strata_kernels.dir/src/kernels/xe/fused_gdn.cpp.o
[40/129] Building CXX object CMakeFiles/strata_kernels.dir/src/kernels/xe/native_gdn_preprocess.cpp.o
[41/129] Building CXX object CMakeFiles/strata_kernels.dir/src/kernels/xe/native_ple_postops.cpp.o
[42/129] Building CXX object CMakeFiles/strata_kernels.dir/src/kernels/xe/native_qsa.cpp.o
[43/129] Building CXX object CMakeFiles/strata_kernels.dir/src/kernels/xe/native_qsa_score.cpp.o
[44/129] Building CXX object CMakeFiles/strata_kernels.dir/src/kernels/xe/native_flash_attn.cpp.o
[45/129] Building CXX object CMakeFiles/strata_kernels.dir/src/kernels/xe/native_qsa_indexer.cpp.o
[46/129] Building CXX object CMakeFiles/strata_kernels.dir/src/kernels/xe/qsa_select.cpp.o
[47/129] Building CXX object CMakeFiles/strata_kernels.dir/src/kernels/xe/ple.cpp.o
[48/129] Building CXX object CMakeFiles/strata_kernels.dir/src/kernels/xe/s2_expert_grouped.cpp.o
[49/129] Building CXX object CMakeFiles/strata_kernels.dir/src/kernels/xe/dequant_bf16.cpp.o
[50/129] Building CXX object CMakeFiles/strata_kernels.dir/src/kernels/xe/qsa_prompt_attn.cpp.o
[51/129] Building CXX object CMakeFiles/strata_kernels.dir/src/kernels/xe/xmx_gemm.cpp.o
[52/129] Building CXX object CMakeFiles/strata_kernels.dir/src/kernels/xe/dp4a_gemm.cpp.o
[53/129] Building CXX object CMakeFiles/strata_kernels.dir/src/kernels/xe/matrix_report.cpp.o
[54/129] Building CXX object CMakeFiles/strata_kernels.dir/src/kernels/xe/iq_mmq.cpp.o
[55/129] Building CXX object CMakeFiles/strata_kernels.dir/src/kernels/xe/mma_gemm.cpp.o
[56/129] Linking CXX static library libstrata_kernels.a
[57/129] Building CXX object CMakeFiles/strata_engine.dir/src/core/layer.cpp.o
[58/129] Building CXX object CMakeFiles/strata_engine.dir/src/core/session.cpp.o
[59/129] Building CXX object CMakeFiles/strata_engine.dir/src/core/expert_source.cpp.o
[60/129] Building CXX object CMakeFiles/strata_engine.dir/src/core/expert_cache.cpp.o
[61/129] Building CXX object CMakeFiles/strata_engine.dir/src/core/remote_experts.cpp.o
[62/129] Building CXX object CMakeFiles/strata_engine.dir/src/core/native_head.cpp.o
[63/129] Building CXX object CMakeFiles/strata_engine.dir/src/core/native_dense.cpp.o
[64/129] Building CXX object CMakeFiles/strata_engine.dir/src/core/verify.cpp.o
[65/129] Building CXX object CMakeFiles/strata_engine.dir/src/core/conversation_snapshot.cpp.o
[66/129] Building CXX object CMakeFiles/strata_engine.dir/src/core/conversation_memory.cpp.o
[67/129] Building CXX object CMakeFiles/strata_engine.dir/src/core/mtp.cpp.o
[68/129] Building CXX object CMakeFiles/strata_engine.dir/src/core/conversation_state.cpp.o
[69/129] Building CXX object CMakeFiles/strata_engine.dir/src/core/vmm.cpp.o
[70/129] Building CXX object CMakeFiles/strata_spec.dir/src/spec/suffix_drafter.cpp.o
[71/129] Building CXX object CMakeFiles/strata_spec.dir/src/spec/controller.cpp.o
[72/129] Building CXX object CMakeFiles/strata_engine.dir/src/core/conversation_file.cpp.o
[73/129] Building CXX object CMakeFiles/strata_spec.dir/src/spec/draft_policy.cpp.o
[74/129] Building CXX object CMakeFiles/strata_spec.dir/src/spec/draft_source.cpp.o
[75/129] Linking CXX static library libstrata_spec.a
[76/129] Building CXX object CMakeFiles/strata_kernels_cpu.dir/src/kernels/cpu/expert.cpp.o
[77/129] Building CXX object CMakeFiles/strata_kernels_cpu.dir/src/kernels/cpu/pool.cpp.o
[78/129] Building CXX object CMakeFiles/strata_engine.dir/src/core/conversation_disk.cpp.o
[79/129] Building CXX object CMakeFiles/strata_kernels_cpu.dir/src/kernels/cpu/expert_layout.cpp.o
[80/129] Building CXX object CMakeFiles/strata_kernels_cpu.dir/src/kernels/cpu/q2_avx2.cpp.o
[81/129] Building CXX object CMakeFiles/strata_kernels_cpu.dir/src/kernels/cpu/native_expert.cpp.o
[82/129] Building CXX object CMakeFiles/strata_kernels_cpu.dir/src/kernels/cpu/iq_avx512.cpp.o
[83/129] Building CXX object onemath/bin/blas/CMakeFiles/onemath_blas.dir/blas_loader.cpp.o
[84/129] Building CXX object onemath/bin/blas/backends/mklgpu/CMakeFiles/onemath_blas_mklgpu_obj.dir/mklgpu_level1.cpp.o
[85/129] Building CXX object CMakeFiles/strata_kernels_cpu.dir/src/kernels/cpu/iq_avx2.cpp.o
[86/129] Building CXX object onemath/bin/blas/backends/mklgpu/CMakeFiles/onemath_blas_mklgpu_obj.dir/mklgpu_level2.cpp.o
[87/129] Building CXX object onemath/bin/blas/backends/mklgpu/CMakeFiles/onemath_blas_mklgpu_obj.dir/mklgpu_level3.cpp.o
[88/129] Building CXX object onemath/bin/blas/backends/mklgpu/CMakeFiles/onemath_blas_mklgpu_obj.dir/mklgpu_batch.cpp.o
[89/129] Building CXX object onemath/bin/blas/backends/mklgpu/CMakeFiles/onemath_blas_mklgpu_obj.dir/mklgpu_wrappers.cpp.o
[90/129] Building CXX object ggml/src/CMakeFiles/ggml-base.dir/ggml.cpp.o
[91/129] Building C object ggml/src/CMakeFiles/ggml-base.dir/ggml-alloc.c.o
[92/129] Building C object ggml/src/CMakeFiles/ggml-base.dir/ggml.c.o
[93/129] Building CXX object onemath/bin/blas/backends/mklgpu/CMakeFiles/onemath_blas_mklgpu_obj.dir/mklgpu_extensions.cpp.o
[94/129] Building CXX object ggml/src/CMakeFiles/ggml-base.dir/ggml-backend.cpp.o
[95/129] Building CXX object ggml/src/CMakeFiles/ggml-base.dir/ggml-opt.cpp.o
[96/129] Linking CXX shared library lib/libonemath_blas_mklgpu.so.0
[97/129] Creating library symlink lib/libonemath_blas_mklgpu.so
[98/129] Building CXX object ggml/src/CMakeFiles/ggml-base.dir/ggml-threading.cpp.o
[99/129] Building CXX object ggml/src/CMakeFiles/ggml-base.dir/ggml-backend-meta.cpp.o
[100/129] Building CXX object CMakeFiles/strata_prefill.dir/src/prefill/kernels.cpp.o
[101/129] Building CXX object CMakeFiles/strata_prefill.dir/src/prefill/gemm.cpp.o
[102/129] Building CXX object CMakeFiles/strata_prefill.dir/src/prefill/prefill.cpp.o
[103/129] Linking CXX shared library lib/libonemath.so.0
[104/129] Creating library symlink lib/libonemath.so
[105/129] Building CXX object CMakeFiles/strata_prefill.dir/src/prefill/moe_mmq.cpp.o
[106/129] Building CXX object ggml/src/CMakeFiles/ggml-base.dir/gguf.cpp.o
[107/129] Building C object ggml/src/CMakeFiles/ggml-base.dir/ggml-quants.c.o
[108/129] Linking CXX static library ggml/src/libggml-base.a
[109/129] Building CXX object ggml/src/CMakeFiles/ggml-cpu.dir/ggml-cpu/ggml-cpu.cpp.o
[110/129] Building C object ggml/src/CMakeFiles/ggml-cpu.dir/ggml-cpu/ggml-cpu.c.o
[111/129] Building CXX object ggml/src/CMakeFiles/ggml-cpu.dir/ggml-cpu/iqp.cpp.o
[112/129] Building CXX object ggml/src/CMakeFiles/ggml-cpu.dir/ggml-cpu/hbm.cpp.o
[113/129] Building C object ggml/src/CMakeFiles/ggml-cpu.dir/ggml-cpu/quants.c.o
[114/129] Building CXX object ggml/src/CMakeFiles/ggml-cpu.dir/ggml-cpu/traits.cpp.o
[115/129] Building CXX object ggml/src/CMakeFiles/ggml-cpu.dir/ggml-cpu/amx/amx.cpp.o
[116/129] Building CXX object ggml/src/CMakeFiles/ggml-cpu.dir/ggml-cpu/amx/mmq.cpp.o
[117/129] Building CXX object ggml/src/CMakeFiles/ggml-cpu.dir/ggml-cpu/binary-ops.cpp.o
[118/129] Building CXX object ggml/src/CMakeFiles/ggml-cpu.dir/ggml-cpu/repack.cpp.o
[119/129] Building CXX object ggml/src/CMakeFiles/ggml-cpu.dir/ggml-cpu/vec.cpp.o
[120/129] Building CXX object ggml/src/CMakeFiles/ggml-cpu.dir/ggml-cpu/unary-ops.cpp.o
[121/129] Building C object ggml/src/CMakeFiles/ggml-cpu.dir/ggml-cpu/arch/x86/quants.c.o
[122/129] Building CXX object ggml/src/CMakeFiles/ggml-cpu.dir/ggml-cpu/arch/x86/repack.cpp.o
[123/129] Building CXX object CMakeFiles/strata.dir/src/program/generate.cpp.o
[124/129] Building CXX object ggml/src/CMakeFiles/ggml-cpu.dir/ggml-cpu/ops.cpp.o
[125/129] Linking CXX static library ggml/src/libggml-cpu.a
[126/129] Linking CXX static library libstrata_kernels_cpu.a
[127/129] Linking CXX static library libstrata_engine.a
[128/129] Linking CXX static library libstrata_prefill.a
[129/129] Linking CXX executable strata
