          iq3_xxs avx2 gate rows vs ggml vec_dot: rel 3.26e-08
          gate+up one token one thread: avx2 275 us (4.56 GB/s), ggml 278 us (4.52 GB/s)
          gate+up 3 tokens one thread: avx2 375 us vs ggml 3 x 278 us
          iq4_nl AVX-2 multi-token down vs ggml down: rel 1.01e-07
          down 3 tokens one thread: avx2 158 us (5.85 GB/s) vs ggml 209 us (4.41 GB/s)
layer  0  iq3_xxs /iq4_nl  blob  2176000  cpu rel 1.30e-02  gpu rel 1.14e-02  cpu-gpu 1.39e-02  ok
          iq2_s avx2 gate rows vs ggml vec_dot: rel 2.94e-08
          gate+up one token one thread: avx2 242 us (4.33 GB/s), ggml 171 us (6.14 GB/s)
          gate+up 3 tokens one thread: avx2 337 us vs ggml 3 x 171 us
          q2_0 AVX-2 down vs ggml down: rel 2.25e-04
layer  1  iq2_s   /q2_0    blob  1510400  cpu rel 1.31e-02  gpu rel 1.15e-02  cpu-gpu 1.51e-02  ok
          iq2_s avx2 gate rows vs ggml vec_dot: rel 3.33e-08
          gate+up one token one thread: avx2 239 us (4.39 GB/s), ggml 168 us (6.26 GB/s)
          gate+up 3 tokens one thread: avx2 338 us vs ggml 3 x 168 us
          iq4_nl AVX-2 multi-token down vs ggml down: rel 1.03e-07
          down 3 tokens one thread: avx2 158 us (5.83 GB/s) vs ggml 207 us (4.46 GB/s)
layer  2  iq2_s   /iq4_nl  blob  1971200  cpu rel 1.31e-02  gpu rel 1.20e-02  cpu-gpu 1.52e-02  ok
          iq2_s avx2 gate rows vs ggml vec_dot: rel 3.24e-08
          gate+up one token one thread: avx2 253 us (4.15 GB/s), ggml 173 us (6.08 GB/s)
          gate+up 3 tokens one thread: avx2 343 us vs ggml 3 x 173 us
          iq4_nl AVX-2 multi-token down vs ggml down: rel 1.04e-07
          down 3 tokens one thread: avx2 160 us (5.75 GB/s) vs ggml 204 us (4.51 GB/s)
layer  3  iq2_s   /iq4_nl  blob  1971200  cpu rel 1.33e-02  gpu rel 1.13e-02  cpu-gpu 1.54e-02  ok
          iq2_s avx2 gate rows vs ggml vec_dot: rel 3.08e-08
          gate+up one token one thread: avx2 232 us (4.52 GB/s), ggml 174 us (6.02 GB/s)
          gate+up 3 tokens one thread: avx2 344 us vs ggml 3 x 174 us
          iq4_nl AVX-2 multi-token down vs ggml down: rel 1.04e-07
          down 3 tokens one thread: avx2 164 us (5.61 GB/s) vs ggml 203 us (4.54 GB/s)
layer  4  iq2_s   /iq4_nl  blob  1971200  cpu rel 1.37e-02  gpu rel 1.17e-02  cpu-gpu 1.52e-02  ok
          iq2_s avx2 gate rows vs ggml vec_dot: rel 3.04e-08
          gate+up one token one thread: avx2 238 us (4.41 GB/s), ggml 172 us (6.12 GB/s)
          gate+up 3 tokens one thread: avx2 339 us vs ggml 3 x 172 us
          iq4_nl AVX-2 multi-token down vs ggml down: rel 1.06e-07
          down 3 tokens one thread: avx2 161 us (5.73 GB/s) vs ggml 206 us (4.46 GB/s)
layer  5  iq2_s   /iq4_nl  blob  1971200  cpu rel 1.26e-02  gpu rel 1.12e-02  cpu-gpu 1.49e-02  ok
          iq2_s avx2 gate rows vs ggml vec_dot: rel 2.98e-08
          gate+up one token one thread: avx2 238 us (4.40 GB/s), ggml 171 us (6.12 GB/s)
          gate+up 3 tokens one thread: avx2 337 us vs ggml 3 x 171 us
          iq4_nl AVX-2 multi-token down vs ggml down: rel 1.01e-07
          down 3 tokens one thread: avx2 156 us (5.89 GB/s) vs ggml 222 us (4.15 GB/s)
layer  6  iq2_s   /iq4_nl  blob  1971200  cpu rel 1.36e-02  gpu rel 1.18e-02  cpu-gpu 1.56e-02  ok
          iq3_xxs avx2 gate rows vs ggml vec_dot: rel 3.22e-08
          gate+up one token one thread: avx2 272 us (4.61 GB/s), ggml 264 us (4.75 GB/s)
          gate+up 3 tokens one thread: avx2 332 us vs ggml 3 x 264 us
          iq4_nl AVX-2 multi-token down vs ggml down: rel 1.03e-07
          down 3 tokens one thread: avx2 162 us (5.68 GB/s) vs ggml 210 us (4.39 GB/s)
layer  7  iq3_xxs /iq4_nl  blob  2176000  cpu rel 1.25e-02  gpu rel 1.09e-02  cpu-gpu 1.34e-02  ok
          iq2_s avx2 gate rows vs ggml vec_dot: rel 3.19e-08
          gate+up one token one thread: avx2 258 us (4.07 GB/s), ggml 175 us (6.01 GB/s)
          gate+up 3 tokens one thread: avx2 360 us vs ggml 3 x 175 us
          q2_0 AVX-2 down vs ggml down: rel 2.30e-04
layer  8  iq2_s   /q2_0    blob  1510400  cpu rel 1.36e-02  gpu rel 1.17e-02  cpu-gpu 1.49e-02  ok
          iq2_s avx2 gate rows vs ggml vec_dot: rel 3.02e-08
          gate+up one token one thread: avx2 253 us (4.15 GB/s), ggml 199 us (5.28 GB/s)
          gate+up 3 tokens one thread: avx2 338 us vs ggml 3 x 199 us
          iq4_nl AVX-2 multi-token down vs ggml down: rel 1.08e-07
          down 3 tokens one thread: avx2 158 us (5.82 GB/s) vs ggml 206 us (4.47 GB/s)
layer  9  iq2_s   /iq4_nl  blob  1971200  cpu rel 1.28e-02  gpu rel 1.17e-02  cpu-gpu 1.56e-02  ok
          iq2_s avx2 gate rows vs ggml vec_dot: rel 3.07e-08
          gate+up one token one thread: avx2 264 us (3.98 GB/s), ggml 173 us (6.08 GB/s)
          gate+up 3 tokens one thread: avx2 373 us vs ggml 3 x 173 us
          q2_0 AVX-2 down vs ggml down: rel 2.04e-04
layer 10  iq2_s   /q2_0    blob  1510400  cpu rel 1.25e-02  gpu rel 1.10e-02  cpu-gpu 1.50e-02  ok
          iq2_s avx2 gate rows vs ggml vec_dot: rel 3.18e-08
          gate+up one token one thread: avx2 260 us (4.04 GB/s), ggml 176 us (5.96 GB/s)
          gate+up 3 tokens one thread: avx2 359 us vs ggml 3 x 176 us
          iq4_nl AVX-2 multi-token down vs ggml down: rel 1.04e-07
          down 3 tokens one thread: avx2 168 us (5.47 GB/s) vs ggml 223 us (4.13 GB/s)
layer 11  iq2_s   /iq4_nl  blob  1971200  cpu rel 1.25e-02  gpu rel 1.12e-02  cpu-gpu 1.52e-02  ok
          iq3_xxs avx2 gate rows vs ggml vec_dot: rel 3.00e-08
          gate+up one token one thread: avx2 255 us (4.91 GB/s), ggml 268 us (4.67 GB/s)
          gate+up 3 tokens one thread: avx2 335 us vs ggml 3 x 268 us
          q2_0 AVX-2 down vs ggml down: rel 1.82e-04
layer 12  iq3_xxs /q2_0    blob  1715200  cpu rel 1.33e-02  gpu rel 1.19e-02  cpu-gpu 1.54e-02  ok
          iq2_s avx2 gate rows vs ggml vec_dot: rel 3.03e-08
          gate+up one token one thread: avx2 245 us (4.28 GB/s), ggml 176 us (5.97 GB/s)
          gate+up 3 tokens one thread: avx2 348 us vs ggml 3 x 176 us
          q2_0 AVX-2 down vs ggml down: rel 2.16e-04
layer 13  iq2_s   /q2_0    blob  1510400  cpu rel 1.28e-02  gpu rel 1.14e-02  cpu-gpu 1.51e-02  ok
          iq3_xxs avx2 gate rows vs ggml vec_dot: rel 3.07e-08
          gate+up one token one thread: avx2 260 us (4.83 GB/s), ggml 297 us (4.22 GB/s)
          gate+up 3 tokens one thread: avx2 323 us vs ggml 3 x 297 us
          iq4_nl AVX-2 multi-token down vs ggml down: rel 1.07e-07
          down 3 tokens one thread: avx2 155 us (5.95 GB/s) vs ggml 201 us (4.58 GB/s)
layer 14  iq3_xxs /iq4_nl  blob  2176000  cpu rel 1.32e-02  gpu rel 1.19e-02  cpu-gpu 1.59e-02  ok
          iq2_s avx2 gate rows vs ggml vec_dot: rel 3.25e-08
          gate+up one token one thread: avx2 240 us (4.37 GB/s), ggml 174 us (6.03 GB/s)
          gate+up 3 tokens one thread: avx2 342 us vs ggml 3 x 174 us
          iq4_nl AVX-2 multi-token down vs ggml down: rel 1.02e-07
          down 3 tokens one thread: avx2 157 us (5.88 GB/s) vs ggml 210 us (4.39 GB/s)
layer 15  iq2_s   /iq4_nl  blob  1971200  cpu rel 1.27e-02  gpu rel 1.10e-02  cpu-gpu 1.50e-02  ok
          iq3_xxs avx2 gate rows vs ggml vec_dot: rel 3.34e-08
          gate+up one token one thread: avx2 253 us (4.96 GB/s), ggml 265 us (4.74 GB/s)
          gate+up 3 tokens one thread: avx2 324 us vs ggml 3 x 265 us
          iq4_nl AVX-2 multi-token down vs ggml down: rel 1.01e-07
          down 3 tokens one thread: avx2 159 us (5.80 GB/s) vs ggml 204 us (4.53 GB/s)
layer 16  iq3_xxs /iq4_nl  blob  2176000  cpu rel 1.22e-02  gpu rel 1.11e-02  cpu-gpu 1.42e-02  ok
          iq3_s avx2 gate rows vs ggml vec_dot: rel 3.07e-08
          gate+up one token one thread: avx2 315 us (4.47 GB/s), ggml 331 us (4.25 GB/s)
          gate+up 3 tokens one thread: avx2 472 us vs ggml 3 x 331 us
          iq4_nl AVX-2 multi-token down vs ggml down: rel 9.72e-08
          down 3 tokens one thread: avx2 165 us (5.60 GB/s) vs ggml 207 us (4.45 GB/s)
layer 17  iq3_s   /iq4_nl  blob  2329600  cpu rel 1.17e-02  gpu rel 1.04e-02  cpu-gpu 1.38e-02  ok
          iq3_xxs avx2 gate rows vs ggml vec_dot: rel 2.97e-08
          gate+up one token one thread: avx2 263 us (4.77 GB/s), ggml 270 us (4.65 GB/s)
          gate+up 3 tokens one thread: avx2 332 us vs ggml 3 x 270 us
          iq4_nl AVX-2 multi-token down vs ggml down: rel 1.02e-07
          down 3 tokens one thread: avx2 162 us (5.70 GB/s) vs ggml 209 us (4.42 GB/s)
layer 18  iq3_xxs /iq4_nl  blob  2176000  cpu rel 1.33e-02  gpu rel 1.13e-02  cpu-gpu 1.60e-02  ok
          iq2_s avx2 gate rows vs ggml vec_dot: rel 3.12e-08
          gate+up one token one thread: avx2 379 us (2.77 GB/s), ggml 246 us (4.26 GB/s)
          gate+up 3 tokens one thread: avx2 380 us vs ggml 3 x 246 us
          iq4_nl AVX-2 multi-token down vs ggml down: rel 9.68e-08
          down 3 tokens one thread: avx2 159 us (5.79 GB/s) vs ggml 209 us (4.40 GB/s)
layer 19  iq2_s   /iq4_nl  blob  1971200  cpu rel 1.22e-02  gpu rel 1.08e-02  cpu-gpu 1.36e-02  ok
          iq3_xxs avx2 gate rows vs ggml vec_dot: rel 3.28e-08
          gate+up one token one thread: avx2 258 us (4.85 GB/s), ggml 280 us (4.47 GB/s)
          gate+up 3 tokens one thread: avx2 329 us vs ggml 3 x 280 us
          q2_0 AVX-2 down vs ggml down: rel 2.15e-04
layer 20  iq3_xxs /q2_0    blob  1715200  cpu rel 1.38e-02  gpu rel 1.18e-02  cpu-gpu 1.64e-02  ok
          iq3_s avx2 gate rows vs ggml vec_dot: rel 3.11e-08
          gate+up one token one thread: avx2 329 us (4.28 GB/s), ggml 374 us (3.76 GB/s)
          gate+up 3 tokens one thread: avx2 567 us vs ggml 3 x 374 us
          q2_0 AVX-2 down vs ggml down: rel 2.13e-04
layer 21  iq3_s   /q2_0    blob  1868800  cpu rel 1.34e-02  gpu rel 1.17e-02  cpu-gpu 1.48e-02  ok
          iq3_xxs avx2 gate rows vs ggml vec_dot: rel 3.10e-08
          gate+up one token one thread: avx2 256 us (4.90 GB/s), ggml 264 us (4.76 GB/s)
          gate+up 3 tokens one thread: avx2 329 us vs ggml 3 x 264 us
          iq4_nl AVX-2 multi-token down vs ggml down: rel 1.03e-07
          down 3 tokens one thread: avx2 160 us (5.75 GB/s) vs ggml 216 us (4.27 GB/s)
layer 22  iq3_xxs /iq4_nl  blob  2176000  cpu rel 1.24e-02  gpu rel 1.07e-02  cpu-gpu 1.43e-02  ok
          iq2_s avx2 gate rows vs ggml vec_dot: rel 3.19e-08
          gate+up one token one thread: avx2 242 us (4.34 GB/s), ggml 173 us (6.07 GB/s)
          gate+up 3 tokens one thread: avx2 337 us vs ggml 3 x 173 us
          iq4_nl AVX-2 multi-token down vs ggml down: rel 1.04e-07
          down 3 tokens one thread: avx2 159 us (5.79 GB/s) vs ggml 207 us (4.44 GB/s)
layer 23  iq2_s   /iq4_nl  blob  1971200  cpu rel 1.30e-02  gpu rel 1.15e-02  cpu-gpu 1.52e-02  ok
          iq2_s avx2 gate rows vs ggml vec_dot: rel 3.12e-08
          gate+up one token one thread: avx2 269 us (3.90 GB/s), ggml 174 us (6.03 GB/s)
          gate+up 3 tokens one thread: avx2 374 us vs ggml 3 x 174 us
          iq4_nl AVX-2 multi-token down vs ggml down: rel 1.03e-07
          down 3 tokens one thread: avx2 171 us (5.39 GB/s) vs ggml 205 us (4.49 GB/s)
layer 24  iq2_s   /iq4_nl  blob  1971200  cpu rel 1.32e-02  gpu rel 1.16e-02  cpu-gpu 1.52e-02  ok
          iq3_s avx2 gate rows vs ggml vec_dot: rel 3.19e-08
          gate+up one token one thread: avx2 316 us (4.46 GB/s), ggml 334 us (4.21 GB/s)
          gate+up 3 tokens one thread: avx2 471 us vs ggml 3 x 334 us
          iq4_nl AVX-2 multi-token down vs ggml down: rel 1.05e-07
          down 3 tokens one thread: avx2 163 us (5.66 GB/s) vs ggml 211 us (4.36 GB/s)
layer 25  iq3_s   /iq4_nl  blob  2329600  cpu rel 1.37e-02  gpu rel 1.20e-02  cpu-gpu 1.59e-02  ok
          iq2_s avx2 gate rows vs ggml vec_dot: rel 3.28e-08
          gate+up one token one thread: avx2 236 us (4.46 GB/s), ggml 176 us (5.95 GB/s)
          gate+up 3 tokens one thread: avx2 339 us vs ggml 3 x 176 us
          iq4_nl AVX-2 multi-token down vs ggml down: rel 1.02e-07
          down 3 tokens one thread: avx2 159 us (5.81 GB/s) vs ggml 204 us (4.52 GB/s)
layer 26  iq2_s   /iq4_nl  blob  1971200  cpu rel 1.23e-02  gpu rel 1.15e-02  cpu-gpu 1.48e-02  ok
          iq3_s avx2 gate rows vs ggml vec_dot: rel 3.14e-08
          gate+up one token one thread: avx2 369 us (3.81 GB/s), ggml 342 us (4.12 GB/s)
          gate+up 3 tokens one thread: avx2 473 us vs ggml 3 x 342 us
          iq4_nl AVX-2 multi-token down vs ggml down: rel 1.05e-07
          down 3 tokens one thread: avx2 162 us (5.69 GB/s) vs ggml 206 us (4.48 GB/s)
layer 27  iq3_s   /iq4_nl  blob  2329600  cpu rel 1.22e-02  gpu rel 1.06e-02  cpu-gpu 1.43e-02  ok
          iq3_s avx2 gate rows vs ggml vec_dot: rel 3.12e-08
          gate+up one token one thread: avx2 316 us (4.46 GB/s), ggml 331 us (4.25 GB/s)
          gate+up 3 tokens one thread: avx2 483 us vs ggml 3 x 331 us
          iq4_nl AVX-2 multi-token down vs ggml down: rel 1.03e-07
          down 3 tokens one thread: avx2 161 us (5.74 GB/s) vs ggml 206 us (4.47 GB/s)
layer 28  iq3_s   /iq4_nl  blob  2329600  cpu rel 1.20e-02  gpu rel 1.11e-02  cpu-gpu 1.44e-02  ok
          iq3_s avx2 gate rows vs ggml vec_dot: rel 3.11e-08
          gate+up one token one thread: avx2 315 us (4.47 GB/s), ggml 350 us (4.02 GB/s)
          gate+up 3 tokens one thread: avx2 472 us vs ggml 3 x 350 us
          iq4_nl AVX-2 multi-token down vs ggml down: rel 1.09e-07
          down 3 tokens one thread: avx2 157 us (5.86 GB/s) vs ggml 208 us (4.44 GB/s)
layer 29  iq3_s   /iq4_nl  blob  2329600  cpu rel 1.31e-02  gpu rel 1.13e-02  cpu-gpu 1.48e-02  ok
          iq3_xxs avx2 gate rows vs ggml vec_dot: rel 3.16e-08
          gate+up one token one thread: avx2 253 us (4.96 GB/s), ggml 266 us (4.72 GB/s)
          gate+up 3 tokens one thread: avx2 325 us vs ggml 3 x 266 us
          q2_0 AVX-2 down vs ggml down: rel 1.90e-04
layer 30  iq3_xxs /q2_0    blob  1715200  cpu rel 1.34e-02  gpu rel 1.15e-02  cpu-gpu 1.58e-02  ok
          iq3_xxs avx2 gate rows vs ggml vec_dot: rel 3.37e-08
          gate+up one token one thread: avx2 288 us (4.36 GB/s), ggml 312 us (4.02 GB/s)
          gate+up 3 tokens one thread: avx2 360 us vs ggml 3 x 312 us
          iq4_nl AVX-2 multi-token down vs ggml down: rel 1.04e-07
          down 3 tokens one thread: avx2 160 us (5.77 GB/s) vs ggml 205 us (4.51 GB/s)
layer 31  iq3_xxs /iq4_nl  blob  2176000  cpu rel 1.24e-02  gpu rel 1.11e-02  cpu-gpu 1.43e-02  ok
          iq2_s avx2 gate rows vs ggml vec_dot: rel 3.22e-08
          gate+up one token one thread: avx2 288 us (3.64 GB/s), ggml 236 us (4.45 GB/s)
          gate+up 3 tokens one thread: avx2 353 us vs ggml 3 x 236 us
          iq4_nl AVX-2 multi-token down vs ggml down: rel 1.06e-07
          down 3 tokens one thread: avx2 182 us (5.06 GB/s) vs ggml 244 us (3.78 GB/s)
layer 32  iq2_s   /iq4_nl  blob  1971200  cpu rel 1.36e-02  gpu rel 1.18e-02  cpu-gpu 1.59e-02  ok
          iq3_xxs avx2 gate rows vs ggml vec_dot: rel 3.08e-08
          gate+up one token one thread: avx2 311 us (4.03 GB/s), ggml 306 us (4.10 GB/s)
          gate+up 3 tokens one thread: avx2 481 us vs ggml 3 x 306 us
          iq4_nl AVX-2 multi-token down vs ggml down: rel 1.00e-07
          down 3 tokens one thread: avx2 187 us (4.94 GB/s) vs ggml 238 us (3.86 GB/s)
layer 33  iq3_xxs /iq4_nl  blob  2176000  cpu rel 1.29e-02  gpu rel 1.08e-02  cpu-gpu 1.50e-02  ok
          iq2_s avx2 gate rows vs ggml vec_dot: rel 3.17e-08
          gate+up one token one thread: avx2 249 us (4.21 GB/s), ggml 168 us (6.24 GB/s)
          gate+up 3 tokens one thread: avx2 347 us vs ggml 3 x 168 us
          iq4_nl AVX-2 multi-token down vs ggml down: rel 1.08e-07
          down 3 tokens one thread: avx2 165 us (5.60 GB/s) vs ggml 204 us (4.51 GB/s)
layer 34  iq2_s   /iq4_nl  blob  1971200  cpu rel 1.24e-02  gpu rel 1.16e-02  cpu-gpu 1.51e-02  ok
          iq3_s avx2 gate rows vs ggml vec_dot: rel 3.11e-08
          gate+up one token one thread: avx2 312 us (4.51 GB/s), ggml 327 us (4.30 GB/s)
          gate+up 3 tokens one thread: avx2 482 us vs ggml 3 x 327 us
          iq4_nl AVX-2 multi-token down vs ggml down: rel 1.03e-07
          down 3 tokens one thread: avx2 162 us (5.70 GB/s) vs ggml 208 us (4.44 GB/s)
layer 35  iq3_s   /iq4_nl  blob  2329600  cpu rel 1.24e-02  gpu rel 1.08e-02  cpu-gpu 1.43e-02  ok
          iq2_s avx2 gate rows vs ggml vec_dot: rel 3.34e-08
          gate+up one token one thread: avx2 241 us (4.35 GB/s), ggml 172 us (6.09 GB/s)
          gate+up 3 tokens one thread: avx2 348 us vs ggml 3 x 172 us
          q2_0 AVX-2 down vs ggml down: rel 2.03e-04
layer 36  iq2_s   /q2_0    blob  1510400  cpu rel 1.35e-02  gpu rel 1.14e-02  cpu-gpu 1.56e-02  ok
          iq3_xxs avx2 gate rows vs ggml vec_dot: rel 3.28e-08
          gate+up one token one thread: avx2 253 us (4.96 GB/s), ggml 264 us (4.75 GB/s)
          gate+up 3 tokens one thread: avx2 328 us vs ggml 3 x 264 us
          iq4_nl AVX-2 multi-token down vs ggml down: rel 1.05e-07
          down 3 tokens one thread: avx2 163 us (5.67 GB/s) vs ggml 205 us (4.49 GB/s)
layer 37  iq3_xxs /iq4_nl  blob  2176000  cpu rel 1.37e-02  gpu rel 1.19e-02  cpu-gpu 1.49e-02  ok
          iq3_xxs avx2 gate rows vs ggml vec_dot: rel 3.26e-08
          gate+up one token one thread: avx2 264 us (4.74 GB/s), ggml 297 us (4.22 GB/s)
          gate+up 3 tokens one thread: avx2 330 us vs ggml 3 x 297 us
          iq4_nl AVX-2 multi-token down vs ggml down: rel 1.02e-07
          down 3 tokens one thread: avx2 172 us (5.36 GB/s) vs ggml 228 us (4.04 GB/s)
layer 38  iq3_xxs /iq4_nl  blob  2176000  cpu rel 1.36e-02  gpu rel 1.24e-02  cpu-gpu 1.67e-02  ok
          iq2_s avx2 gate rows vs ggml vec_dot: rel 3.24e-08
          gate+up one token one thread: avx2 251 us (4.18 GB/s), ggml 177 us (5.94 GB/s)
          gate+up 3 tokens one thread: avx2 367 us vs ggml 3 x 177 us
          iq4_nl AVX-2 multi-token down vs ggml down: rel 1.03e-07
          down 3 tokens one thread: avx2 169 us (5.47 GB/s) vs ggml 213 us (4.32 GB/s)
layer 39  iq2_s   /iq4_nl  blob  1971200  cpu rel 1.30e-02  gpu rel 1.11e-02  cpu-gpu 1.41e-02  ok
          iq3_s avx2 gate rows vs ggml vec_dot: rel 3.16e-08
          gate+up one token one thread: avx2 349 us (4.04 GB/s), ggml 353 us (3.99 GB/s)
          gate+up 3 tokens one thread: avx2 547 us vs ggml 3 x 353 us
          iq4_nl AVX-2 multi-token down vs ggml down: rel 1.02e-07
          down 3 tokens one thread: avx2 188 us (4.90 GB/s) vs ggml 233 us (3.95 GB/s)
layer 40  iq3_s   /iq4_nl  blob  2329600  cpu rel 1.25e-02  gpu rel 1.07e-02  cpu-gpu 1.41e-02  ok
          iq3_xxs avx2 gate rows vs ggml vec_dot: rel 3.14e-08
          gate+up one token one thread: avx2 269 us (4.67 GB/s), ggml 283 us (4.43 GB/s)
          gate+up 3 tokens one thread: avx2 361 us vs ggml 3 x 283 us
          iq4_nl AVX-2 multi-token down vs ggml down: rel 1.04e-07
          down 3 tokens one thread: avx2 161 us (5.72 GB/s) vs ggml 210 us (4.39 GB/s)
layer 41  iq3_xxs /iq4_nl  blob  2176000  cpu rel 1.34e-02  gpu rel 1.19e-02  cpu-gpu 1.57e-02  ok
          iq3_xxs avx2 gate rows vs ggml vec_dot: rel 3.04e-08
          gate+up one token one thread: avx2 254 us (4.94 GB/s), ggml 271 us (4.63 GB/s)
          gate+up 3 tokens one thread: avx2 333 us vs ggml 3 x 271 us
          iq4_nl AVX-2 multi-token down vs ggml down: rel 1.04e-07
          down 3 tokens one thread: avx2 169 us (5.45 GB/s) vs ggml 215 us (4.28 GB/s)
layer 42  iq3_xxs /iq4_nl  blob  2176000  cpu rel 1.34e-02  gpu rel 1.13e-02  cpu-gpu 1.55e-02  ok
          iq3_xxs avx2 gate rows vs ggml vec_dot: rel 2.90e-08
          gate+up one token one thread: avx2 262 us (4.78 GB/s), ggml 277 us (4.52 GB/s)
          gate+up 3 tokens one thread: avx2 328 us vs ggml 3 x 277 us
          iq4_nl AVX-2 multi-token down vs ggml down: rel 1.05e-07
          down 3 tokens one thread: avx2 164 us (5.61 GB/s) vs ggml 213 us (4.32 GB/s)
layer 43  iq3_xxs /iq4_nl  blob  2176000  cpu rel 1.30e-02  gpu rel 1.09e-02  cpu-gpu 1.54e-02  ok
          iq3_s avx2 gate rows vs ggml vec_dot: rel 2.99e-08
          gate+up one token one thread: avx2 322 us (4.37 GB/s), ggml 334 us (4.22 GB/s)
          gate+up 3 tokens one thread: avx2 490 us vs ggml 3 x 334 us
          iq4_nl AVX-2 multi-token down vs ggml down: rel 1.07e-07
          down 3 tokens one thread: avx2 163 us (5.67 GB/s) vs ggml 208 us (4.43 GB/s)
layer 44  iq3_s   /iq4_nl  blob  2329600  cpu rel 1.27e-02  gpu rel 1.14e-02  cpu-gpu 1.53e-02  ok
          iq3_s avx2 gate rows vs ggml vec_dot: rel 3.20e-08
          gate+up one token one thread: avx2 315 us (4.46 GB/s), ggml 330 us (4.26 GB/s)
          gate+up 3 tokens one thread: avx2 475 us vs ggml 3 x 330 us
          iq4_nl AVX-2 multi-token down vs ggml down: rel 1.08e-07
          down 3 tokens one thread: avx2 157 us (5.85 GB/s) vs ggml 208 us (4.43 GB/s)
layer 45  iq3_s   /iq4_nl  blob  2329600  cpu rel 1.40e-02  gpu rel 1.18e-02  cpu-gpu 1.58e-02  ok
          iq3_xxs avx2 gate rows vs ggml vec_dot: rel 3.23e-08
          gate+up one token one thread: avx2 260 us (4.82 GB/s), ggml 271 us (4.62 GB/s)
          gate+up 3 tokens one thread: avx2 329 us vs ggml 3 x 271 us
          iq4_nl AVX-2 multi-token down vs ggml down: rel 1.03e-07
          down 3 tokens one thread: avx2 158 us (5.84 GB/s) vs ggml 206 us (4.47 GB/s)
layer 46  iq3_xxs /iq4_nl  blob  2176000  cpu rel 1.35e-02  gpu rel 1.20e-02  cpu-gpu 1.64e-02  ok
          iq4_nl AVX-2 multi-token down vs ggml down: rel 1.04e-07
          down 3 tokens one thread: avx2 156 us (5.89 GB/s) vs ggml 206 us (4.48 GB/s)
layer 47  iq4_xs  /iq4_nl  blob  2662400  cpu rel 1.45e-02  gpu rel 1.28e-02  cpu-gpu 1.63e-02  ok
native_expert_parity: 0 failures
