	linux-vdso.so.1 (0x00007d6fa7080000)
	libmkl_sycl_blas.so.6 => /opt/intel/oneapi/mkl/2026.1/lib/libmkl_sycl_blas.so.6 (0x00007d6fa33a1000)
	libmkl_sycl_lapack.so.6 => /opt/intel/oneapi/mkl/2026.1/lib/libmkl_sycl_lapack.so.6 (0x00007d6fa18ac000)
	libmkl_sycl_dft.so.6 => /opt/intel/oneapi/mkl/2026.1/lib/libmkl_sycl_dft.so.6 (0x00007d6f9f607000)
	libmkl_sycl_sparse.so.6 => /opt/intel/oneapi/mkl/2026.1/lib/libmkl_sycl_sparse.so.6 (0x00007d6f9bf6b000)
	libmkl_sycl_rng.so.6 => /opt/intel/oneapi/mkl/2026.1/lib/libmkl_sycl_rng.so.6 (0x00007d6f98218000)
	libmkl_sycl_stats.so.6 => /opt/intel/oneapi/mkl/2026.1/lib/libmkl_sycl_stats.so.6 (0x00007d6f974af000)
	libmkl_sycl_vm.so.6 => /opt/intel/oneapi/mkl/2026.1/lib/libmkl_sycl_vm.so.6 (0x00007d6f93388000)
	libmkl_sycl_data_fitting.so.6 => /opt/intel/oneapi/mkl/2026.1/lib/libmkl_sycl_data_fitting.so.6 (0x00007d6f92d2c000)
	libmkl_intel_lp64.so.3 => /opt/intel/oneapi/mkl/2026.1/lib/libmkl_intel_lp64.so.3 (0x00007d6f91d27000)
	libmkl_sequential.so.3 => /opt/intel/oneapi/mkl/2026.1/lib/libmkl_sequential.so.3 (0x00007d6f9064f000)
	libmkl_core.so.3 => /opt/intel/oneapi/mkl/2026.1/lib/libmkl_core.so.3 (0x00007d6f8c012000)
	libstdc++.so.6 => /usr/lib/x86_64-linux-gnu/libstdc++.so.6 (0x00007d6f8bd94000)
	libm.so.6 => /usr/lib/x86_64-linux-gnu/libm.so.6 (0x00007d6f8bcab000)
	libgcc_s.so.1 => /usr/lib/x86_64-linux-gnu/libgcc_s.so.1 (0x00007d6f8bc7d000)
	libsycl.so.9 => /opt/intel/oneapi/compiler/2026.1/lib/libsycl.so.9 (0x00007d6f8b8a1000)
	libOpenCL.so.1 => /opt/intel/oneapi/compiler/2026.1/lib/libOpenCL.so.1 (0x00007d6f8b88b000)
	libc.so.6 => /usr/lib/x86_64-linux-gnu/libc.so.6 (0x00007d6f8b678000)
	libdl.so.2 => /usr/lib/x86_64-linux-gnu/libdl.so.2 (0x00007d6f8b673000)
	libpthread.so.0 => /usr/lib/x86_64-linux-gnu/libpthread.so.0 (0x00007d6f8b66e000)
	/lib64/ld-linux-x86-64.so.2 (0x00007d6fa7082000)
	libur_loader.so.0 => /opt/intel/oneapi/compiler/2026.1/lib/libur_loader.so.0 (0x00007d6f8a8aa000)
	libsvml.so => /opt/intel/oneapi/compiler/2026.1/lib/libsvml.so (0x00007d6f890f7000)
	libirng.so => /opt/intel/oneapi/compiler/2026.1/lib/libirng.so (0x00007d6f88ffe000)
	libimf.so => /opt/intel/oneapi/compiler/2026.1/lib/libimf.so (0x00007d6f88baf000)
	libintlc.so.5 => /opt/intel/oneapi/compiler/2026.1/lib/libintlc.so.5 (0x00007d6f88b4c000)
	librt.so.1 => /usr/lib/x86_64-linux-gnu/librt.so.1 (0x00007d6f88b47000)
	libz.so.1 => /usr/lib/x86_64-linux-gnu/libz.so.1 (0x00007d6f88b29000)
