=thread-group-added,id="i1"
(gdb) 
1^done
(gdb) 
2^done
(gdb) 
3^done
(gdb) 
4^done
(gdb) 
5^done
(gdb) 
6^done
(gdb) 
7^done
(gdb) 
=thread-group-started,id="i1",pid="1663044"
=thread-created,id="1",group-id="i1"
=library-loaded,id="/lib64/ld-linux-x86-64.so.2",target-name="/lib64/ld-linux-x86-64.so.2",host-name="/lib64/ld-linux-x86-64.so.2",symbols-loaded="0",thread-group="i1",ranges=[{from="0x00007ffff7fc6000",to="0x00007ffff7ff0195"}]
8^running
*running,thread-id="all"
(gdb) 
=library-loaded,id="/lib/x86_64-linux-gnu/libm.so.6",target-name="/lib/x86_64-linux-gnu/libm.so.6",host-name="/lib/x86_64-linux-gnu/libm.so.6",symbols-loaded="0",thread-group="i1",ranges=[{from="0x00007ffff7ec5420",to="0x00007ffff7f433a6"}]
=library-loaded,id="/lib/x86_64-linux-gnu/libz.so.1",target-name="/lib/x86_64-linux-gnu/libz.so.1",host-name="/lib/x86_64-linux-gnu/libz.so.1",symbols-loaded="0",thread-group="i1",ranges=[{from="0x00007ffff7e9b260",to="0x00007ffff7eacc60"}]
=library-loaded,id="/lib/x86_64-linux-gnu/libexpat.so.1",target-name="/lib/x86_64-linux-gnu/libexpat.so.1",host-name="/lib/x86_64-linux-gnu/libexpat.so.1",symbols-loaded="0",thread-group="i1",ranges=[{from="0x00007ffff7e6f210",to="0x00007ffff7e8d473"}]
=library-loaded,id="/lib/x86_64-linux-gnu/libc.so.6",target-name="/lib/x86_64-linux-gnu/libc.so.6",host-name="/lib/x86_64-linux-gnu/libc.so.6",symbols-loaded="0",thread-group="i1",ranges=[{from="0x00007ffff7c80800",to="0x00007ffff7e08039"}]
~"[Thread debugging using libthread_db enabled]\n"
~"Using host libthread_db library \"/lib/x86_64-linux-gnu/libthread_db.so.1\".\n"
=library-loaded,id="/usr/lib/python3.12/lib-dynload/_json.cpython-312-x86_64-linux-gnu.so",target-name="/usr/lib/python3.12/lib-dynload/_json.cpython-312-x86_64-linux-gnu.so",host-name="/usr/lib/python3.12/lib-dynload/_json.cpython-312-x86_64-linux-gnu.so",symbols-loaded="0",thread-group="i1",ranges=[{from="0x00007ffff7fa56a0",to="0x00007ffff7fab60d"}]
~"process 1663044 is executing new program: /home/yayoi/.local/state/strata-sycl/post-reboot-tuning-20261007/owned-main-thread-cpu/thread-fixture\n"
=library-unloaded,id="/lib64/ld-linux-x86-64.so.2",target-name="/lib64/ld-linux-x86-64.so.2",host-name="/lib64/ld-linux-x86-64.so.2",thread-group="i1"
=library-unloaded,id="/lib/x86_64-linux-gnu/libm.so.6",target-name="/lib/x86_64-linux-gnu/libm.so.6",host-name="/lib/x86_64-linux-gnu/libm.so.6",thread-group="i1"
=library-unloaded,id="/lib/x86_64-linux-gnu/libz.so.1",target-name="/lib/x86_64-linux-gnu/libz.so.1",host-name="/lib/x86_64-linux-gnu/libz.so.1",thread-group="i1"
=library-unloaded,id="/lib/x86_64-linux-gnu/libexpat.so.1",target-name="/lib/x86_64-linux-gnu/libexpat.so.1",host-name="/lib/x86_64-linux-gnu/libexpat.so.1",thread-group="i1"
=library-unloaded,id="/lib/x86_64-linux-gnu/libc.so.6",target-name="/lib/x86_64-linux-gnu/libc.so.6",host-name="/lib/x86_64-linux-gnu/libc.so.6",thread-group="i1"
=library-unloaded,id="/usr/lib/python3.12/lib-dynload/_json.cpython-312-x86_64-linux-gnu.so",target-name="/usr/lib/python3.12/lib-dynload/_json.cpython-312-x86_64-linux-gnu.so",host-name="/usr/lib/python3.12/lib-dynload/_json.cpython-312-x86_64-linux-gnu.so",thread-group="i1"
=library-loaded,id="/lib64/ld-linux-x86-64.so.2",target-name="/lib64/ld-linux-x86-64.so.2",host-name="/lib64/ld-linux-x86-64.so.2",symbols-loaded="0",thread-group="i1",ranges=[{from="0x00007ffff7fc6000",to="0x00007ffff7ff0195"}]
=library-loaded,id="/lib/x86_64-linux-gnu/libstdc++.so.6",target-name="/lib/x86_64-linux-gnu/libstdc++.so.6",host-name="/lib/x86_64-linux-gnu/libstdc++.so.6",symbols-loaded="0",thread-group="i1",ranges=[{from="0x00007ffff7dc55c0",to="0x00007ffff7f04ce2"}]
=library-loaded,id="/lib/x86_64-linux-gnu/libgcc_s.so.1",target-name="/lib/x86_64-linux-gnu/libgcc_s.so.1",host-name="/lib/x86_64-linux-gnu/libgcc_s.so.1",symbols-loaded="0",thread-group="i1",ranges=[{from="0x00007ffff7cf6780",to="0x00007ffff7d19745"}]
=library-loaded,id="/lib/x86_64-linux-gnu/libc.so.6",target-name="/lib/x86_64-linux-gnu/libc.so.6",host-name="/lib/x86_64-linux-gnu/libc.so.6",symbols-loaded="0",thread-group="i1",ranges=[{from="0x00007ffff7b07800",to="0x00007ffff7c8f039"}]
=library-loaded,id="/lib/x86_64-linux-gnu/libm.so.6",target-name="/lib/x86_64-linux-gnu/libm.so.6",host-name="/lib/x86_64-linux-gnu/libm.so.6",symbols-loaded="0",thread-group="i1",ranges=[{from="0x00007ffff7a06420",to="0x00007ffff7a843a6"}]
~"[Thread debugging using libthread_db enabled]\n"
~"Using host libthread_db library \"/lib/x86_64-linux-gnu/libthread_db.so.1\".\n"
=thread-created,id="2",group-id="i1"
~"[New Thread 0x7ffff79f06c0 (LWP 1663067)]\n"
*running,thread-id="2"
~"\nThread "
~"2 \"thread-fixture\" received signal SIGABRT, Aborted.\n"
~"[Switching to Thread 0x7ffff79f06c0 (LWP 1663067)]\n"
~"__pthread_kill_implementation (no_tid=0, signo=6, threadid=<optimized out>) at ./nptl/pthread_kill.c:44\n"
&"warning: 44\t./nptl/pthread_kill.c: No such file or directory\n"
*stopped,reason="signal-received",signal-name="SIGABRT",signal-meaning="Aborted",frame={addr="0x00007ffff7b7dc0c",func="__pthread_kill_implementation",args=[{name="no_tid",value="0"},{name="signo",value="6"},{name="threadid",value="<optimized out>"}],file="./nptl/pthread_kill.c",fullname="./nptl/./nptl/pthread_kill.c",line="44",arch="i386:x86-64"},thread-id="2",stopped-threads="all",core="3"
9^done,threads=[{id="1",target-id="Thread 0x7ffff79f1740 (LWP 1663044)",name="thread-fixture",frame={level="0",addr="0x00007ffff7bd94f6",func="__libc_pause",args=[],file="../sysdeps/unix/sysv/linux/pause.c",fullname="./posix/../sysdeps/unix/sysv/linux/pause.c",line="29",arch="i386:x86-64"},state="stopped",core="6"},{id="2",target-id="Thread 0x7ffff79f06c0 (LWP 1663067)",name="thread-fixture",frame={level="0",addr="0x00007ffff7b7dc0c",func="__pthread_kill_implementation",args=[{name="no_tid",value="0"},{name="signo",value="6"},{name="threadid",value="<optimized out>"}],file="./nptl/pthread_kill.c",fullname="./nptl/./nptl/pthread_kill.c",line="44",arch="i386:x86-64"},state="stopped",core="3"}],current-thread-id="2"
(gdb) 
~"\nThread 2 (Thread 0x7ffff79f06c0 (LWP 1663067) \"thread-fixture\"):\n"
~"#0  __pthread_kill_implementation (no_tid=0, signo=6, threadid=<optimized out>) at ./nptl/pthread_kill.c:44\n#1  __pthread_kill_internal (signo=6, threadid=<optimized out>) at ./nptl/pthread_kill.c:78\n#2  __GI___pthread_kill (threadid=<optimized out>, signo=signo@entry=6) at ./nptl/pthread_kill.c:89\n#3  0x00007ffff7b2427e in __GI_raise (sig=sig@entry=6) at ../sysdeps/posix/raise.c:26\n#4  0x00007ffff7b078ff in __GI_abort () at ./stdlib/abort.c:79\n#5  0x000055555555534d in operator() (__closure=0x55555556c2b8) at /home/yayoi/.local/state/strata-sycl/post-reboot-tuning-20261007/owned-main-thread-cpu/thread-fixture.cpp:19\n#6  0x0000555555555816 in std::__invoke_impl<void, main(int, char**)::<lambda()> >(std::__invoke_other, struct {...} &&) (__f=...) at /usr/include/c++/13/bits/invoke.h:61\n#7  0x00005555555557d9 in std::__invoke<main(int, char**)::<lambda()> >(struct {...} &&) (__fn=...) at /usr/include/c++/13/bits/invoke.h:96\n#8  0x0000555555555786 in std::thread::_Invoker<std::tuple<main(int, char**)::<lambda()> > >::_M_invoke<0>(std::_Index_tuple<0>) (this=0x55555556c2b8) at /usr/include/c++/13/bits/std_thread.h:292\n#9  0x000055555555575a in std::thread::_Invoker<std::tuple<main(int, char**)::<lambda()> > >::operator()(void) (this=0x55555556c2b8) at /usr/include/c++/13/bits/std_thread.h:299\n#10 0x000055555555573e in std::thread::_State_impl<std::thread::_Invoker<std::tuple<main(int, char**)::<lambda()> > > >::_M_run(void) (this=0x55555556c2b0) at /usr/include/c++/13/bits/std_thread.h:244\n#11 0x00007ffff7e0cdb4 in ?? () from /lib/x86_64-linux-gnu/libstdc++.so.6\n#12 0x00007ffff7b7bb84 in start_thread (arg=<optimized out>) at ./nptl/pthread_create.c:447\n#13 0x00007ffff7c08ecc in clone3 () at ../sysdeps/unix/sysv/linux/x86_64/clone3.S:78\n"
~"\nThread 1 (Thread 0x7ffff79f1740 (LWP 1663044) \"thread-fixture\"):\n"
~"#0  0x00007ffff7bd94f6 in __libc_pause () at ../sysdeps/unix/sysv/linux/pause.c:29\n#1  0x00005555555552d7 in main_wait () at /home/yayoi/.local/state/strata-sycl/post-reboot-tuning-20261007/owned-main-thread-cpu/thread-fixture.cpp:8\n#2  0x000055555555541a in main (argc=2, argv=0x7fffffffda08) at /home/yayoi/.local/state/strata-sycl/post-reboot-tuning-20261007/owned-main-thread-cpu/thread-fixture.cpp:24\n"
10^done
(gdb) 
~"rax            0x0                 0\n"
~"rbx            0x19605b            1663067\n"
~"rcx            0x7ffff7b7dc0c      140737349409804\n"
~"rdx            0x6                 6\n"
~"rsi            0x19605b            1663067\n"
~"rdi            0x196044            1663044\n"
~"rbp            0x7ffff79efce0      0x7ffff79efce0\n"
~"rsp            0x7ffff79efca0      0x7ffff79efca0\n"
~"r8             0x0                 0\n"
~"r9             0x7ffff79f06c0      140737347782336\n"
~"r10            0x8                 8\n"
~"r11            0x246               582\n"
~"r12            0x6                 6\n"
~"r13            0xffffffffffffff60  -160\n"
~"r14            0x16                22\n"
~"r15            0x7fffffffd640      140737488344640\n"
~"rip            0x7ffff7b7dc0c      0x7ffff7b7dc0c <__GI___pthread_kill+284>\n"
~"eflags         0x246               [ PF ZF IF ]\n"
~"cs             0x33                51\n"
~"ss             0x2b                43\n"
~"ds             0x0                 0\n"
~"es             0x0                 0\n"
~"fs             0x0                 0\n"
~"gs             0x0                 0\n"
~"fs_base        0x7ffff79f06c0      140737347782336\n"
~"gs_base        0x0                 0\n"
11^done
(gdb) 
~"From                To                  Syms Read   Shared Object Library\n"
~"0x00007ffff7fc6000  0x00007ffff7ff0195  Yes         /lib64/ld-linux-x86-64.so.2\n"
~"0x00007ffff7dc55c0  0x00007ffff7f04ce2  Yes         /lib/x86_64-linux-gnu/libstdc++.so.6\n"
~"0x00007ffff7cf6780  0x00007ffff7d19745  Yes         /lib/x86_64-linux-gnu/libgcc_s.so.1\n"
~"0x00007ffff7b07800  0x00007ffff7c8f039  Yes         /lib/x86_64-linux-gnu/libc.so.6\n"
~"0x00007ffff7a06420  0x00007ffff7a843a6  Yes         /lib/x86_64-linux-gnu/libm.so.6\n"
12^done
(gdb) 
13^done,new-thread-id="1",frame={level="0",addr="0x00007ffff7bd94f6",func="__libc_pause",args=[],file="../sysdeps/unix/sysv/linux/pause.c",fullname="./posix/../sysdeps/unix/sysv/linux/pause.c",line="29",arch="i386:x86-64"}
(gdb) 
~"strata diagnostic: main thread 1\n"
14^done
(gdb) 
~"rax            0xfffffffffffffdfe  -514\n"
~"rbx            0x7fffffffda08      140737488345608\n"
~"rcx            0x7ffff7bd94f6      140737349784822\n"
~"rdx            0x2                 2\n"
~"rsi            0x0                 0\n"
~"rdi            0x0                 0\n"
~"rbp            0x7fffffffd880      0x7fffffffd880\n"
~"rsp            0x7fffffffd870      0x7fffffffd870\n"
~"r8             0x7ffff79f06c0      140737347782336\n"
~"r9             0x7fffffffd747      140737488344903\n"
~"r10            0x8                 8\n"
~"r11            0x293               659\n"
~"r12            0x2                 2\n"
~"r13            0x0                 0\n"
~"r14            0x555555558cd8      93824992251096\n"
~"r15            0x7ffff7ffd000      140737354125312\n"
~"rip            0x7ffff7bd94f6      0x7ffff7bd94f6 <__libc_pause+54>\n"
~"eflags         0x293               [ CF AF SF IF ]\n"
~"cs             0x33                51\n"
~"ss             0x2b                43\n"
~"ds             0x0                 0\n"
~"es             0x0                 0\n"
~"fs             0x0                 0\n"
~"gs             0x0                 0\n"
~"fs_base        0x7ffff79f1740      140737347786560\n"
~"gs_base        0x0                 0\n"
15^done
(gdb) 
~"0x7fffffffd870:\t0x00007fffffffda20\t0x01007fffffffda08\n"
~"0x7fffffffd880:\t0x00007fffffffd890\t0x00005555555552d7\n"
~"0x7fffffffd890:\t0x00007fffffffd8e0\t0x000055555555541a\n"
~"0x7fffffffd8a0:\t0x00007fffffffda08\t0x0000000200012000\n"
~"0x7fffffffd8b0:\t0x2e78786362696c67\t0x01016f705f68652e\n"
~"0x7fffffffd8c0:\t0x00007ffff79f06c0\t0x9559bd20c5706e00\n"
~"0x7fffffffd8d0:\t0x00007ffff7f9aa50\t0x00007fffffffda08\n"
~"0x7fffffffd8e0:\t0x00007fffffffd980\t0x00007ffff7b091ca\n"
~"0x7fffffffd8f0:\t0x0000000000000008\t0x00007fffffffda08\n"
~"0x7fffffffd900:\t0x00000002f7ce4fa8\t0x0000555555555354\n"
~"0x7fffffffd910:\t0x00007fffffffda08\t0xbd72972db2c39c90\n"
~"0x7fffffffd920:\t0x0000000000000002\t0x0000000000000000\n"
16^done
(gdb) 
~"=> 0x7ffff7bd94f6 <__libc_pause+54>:\tcmp    $0xfffffffffffff000,%rax\n"
~"   0x7ffff7bd94fc <__libc_pause+60>:\tja     0x7ffff7bd9528 <__libc_pause+104>\n"
~"   0x7ffff7bd94fe <__libc_pause+62>:\tmov    %eax,-0x4(%rbp)\n"
~"   0x7ffff7bd9501 <__libc_pause+65>:\tcall   0x7ffff7b776b0 <__GI___pthread_disable_asynccancel>\n"
~"   0x7ffff7bd9506 <__libc_pause+70>:\tmov    -0x4(%rbp),%eax\n"
~"   0x7ffff7bd9509 <__libc_pause+73>:\tleave\n"
~"   0x7ffff7bd950a <__libc_pause+74>:\tret\n"
~"   0x7ffff7bd950b <__libc_pause+75>:\tnopl   0x0(%rax,%rax,1)\n"
~"   0x7ffff7bd9510 <__libc_pause+80>:\tmov    0x1098e1(%rip),%rdx        # 0x7ffff7ce2df8\n"
~"   0x7ffff7bd9517 <__libc_pause+87>:\tneg    %eax\n"
~"   0x7ffff7bd9519 <__libc_pause+89>:\tmov    %eax,%fs:(%rdx)\n"
~"   0x7ffff7bd951c <__libc_pause+92>:\tmov    $0xffffffff,%eax\n"
~"   0x7ffff7bd9521 <__libc_pause+97>:\tret\n"
~"   0x7ffff7bd9522 <__libc_pause+98>:\tnopw   0x0(%rax,%rax,1)\n"
~"   0x7ffff7bd9528 <__libc_pause+104>:\tmov    0x1098c9(%rip),%rdx        # 0x7ffff7ce2df8\n"
~"   0x7ffff7bd952f <__libc_pause+111>:\tneg    %eax\n"
17^done
(gdb) 
18^done,new-thread-id="2",frame={level="0",addr="0x00007ffff7b7dc0c",func="__pthread_kill_implementation",args=[{name="no_tid",value="0"},{name="signo",value="6"},{name="threadid",value="<optimized out>"}],file="./nptl/pthread_kill.c",fullname="./nptl/./nptl/pthread_kill.c",line="44",arch="i386:x86-64"}
(gdb) 
19^done,threads=[{id="1",target-id="Thread 0x7ffff79f1740 (LWP 1663044)",name="thread-fixture",frame={level="0",addr="0x00007ffff7bd94f6",func="__libc_pause",args=[],file="../sysdeps/unix/sysv/linux/pause.c",fullname="./posix/../sysdeps/unix/sysv/linux/pause.c",line="29",arch="i386:x86-64"},state="stopped",core="6"},{id="2",target-id="Thread 0x7ffff79f06c0 (LWP 1663067)",name="thread-fixture",frame={level="0",addr="0x00007ffff7b7dc0c",func="__pthread_kill_implementation",args=[{name="no_tid",value="0"},{name="signo",value="6"},{name="threadid",value="<optimized out>"}],file="./nptl/pthread_kill.c",fullname="./nptl/./nptl/pthread_kill.c",line="44",arch="i386:x86-64"},state="stopped",core="3"}],current-thread-id="2"
(gdb) 
20^exit
=thread-exited,id="1",group-id="i1"
=thread-exited,id="2",group-id="i1"
=thread-group-exited,id="i1"
