	linux-vdso.so.1 (0x000074810c9a3000)
	libmkl_sycl_blas.so.6 => /opt/intel/oneapi/mkl/2026.1/lib/libmkl_sycl_blas.so.6 (0x0000748108cc4000)
	libmkl_sycl_lapack.so.6 => /opt/intel/oneapi/mkl/2026.1/lib/libmkl_sycl_lapack.so.6 (0x00007481071cf000)
	libmkl_sycl_dft.so.6 => /opt/intel/oneapi/mkl/2026.1/lib/libmkl_sycl_dft.so.6 (0x0000748104f2a000)
	libmkl_sycl_sparse.so.6 => /opt/intel/oneapi/mkl/2026.1/lib/libmkl_sycl_sparse.so.6 (0x000074810188e000)
	libmkl_sycl_rng.so.6 => /opt/intel/oneapi/mkl/2026.1/lib/libmkl_sycl_rng.so.6 (0x00007480fdb3b000)
	libmkl_sycl_stats.so.6 => /opt/intel/oneapi/mkl/2026.1/lib/libmkl_sycl_stats.so.6 (0x00007480fcdd2000)
	libmkl_sycl_vm.so.6 => /opt/intel/oneapi/mkl/2026.1/lib/libmkl_sycl_vm.so.6 (0x00007480f8cab000)
	libmkl_sycl_data_fitting.so.6 => /opt/intel/oneapi/mkl/2026.1/lib/libmkl_sycl_data_fitting.so.6 (0x00007480f864f000)
	libmkl_intel_lp64.so.3 => /opt/intel/oneapi/mkl/2026.1/lib/libmkl_intel_lp64.so.3 (0x00007480f764a000)
	libmkl_sequential.so.3 => /opt/intel/oneapi/mkl/2026.1/lib/libmkl_sequential.so.3 (0x00007480f5f72000)
	libmkl_core.so.3 => /opt/intel/oneapi/mkl/2026.1/lib/libmkl_core.so.3 (0x00007480f1935000)
	libstdc++.so.6 => /usr/lib/x86_64-linux-gnu/libstdc++.so.6 (0x00007480f16b7000)
	libm.so.6 => /usr/lib/x86_64-linux-gnu/libm.so.6 (0x00007480f15ce000)
	libgcc_s.so.1 => /usr/lib/x86_64-linux-gnu/libgcc_s.so.1 (0x00007480f15a0000)
	libsycl.so.9 => /opt/intel/oneapi/compiler/2026.1/lib/libsycl.so.9 (0x00007480f11c4000)
	libOpenCL.so.1 => /opt/intel/oneapi/compiler/2026.1/lib/libOpenCL.so.1 (0x00007480f11ae000)
	libc.so.6 => /usr/lib/x86_64-linux-gnu/libc.so.6 (0x00007480f0f9b000)
	libdl.so.2 => /usr/lib/x86_64-linux-gnu/libdl.so.2 (0x00007480f0f96000)
	libpthread.so.0 => /usr/lib/x86_64-linux-gnu/libpthread.so.0 (0x00007480f0f91000)
	/lib64/ld-linux-x86-64.so.2 (0x000074810c9a5000)
	libur_loader.so.0 => /opt/intel/oneapi/compiler/2026.1/lib/libur_loader.so.0 (0x00007480f01cd000)
	libsvml.so => /opt/intel/oneapi/compiler/2026.1/lib/libsvml.so (0x00007480eea1a000)
	libirng.so => /opt/intel/oneapi/compiler/2026.1/lib/libirng.so (0x00007480ee921000)
	libimf.so => /opt/intel/oneapi/compiler/2026.1/lib/libimf.so (0x00007480ee4d2000)
	libintlc.so.5 => /opt/intel/oneapi/compiler/2026.1/lib/libintlc.so.5 (0x00007480ee46f000)
	librt.so.1 => /usr/lib/x86_64-linux-gnu/librt.so.1 (0x00007480ee46a000)
	libz.so.1 => /usr/lib/x86_64-linux-gnu/libz.so.1 (0x00007480ee44c000)
