	linux-vdso.so.1 (0x000071ef7611f000)
	libmkl_sycl_blas.so.6 => /opt/intel/oneapi/mkl/2026.1/lib/libmkl_sycl_blas.so.6 (0x000071ef72440000)
	libmkl_sycl_lapack.so.6 => /opt/intel/oneapi/mkl/2026.1/lib/libmkl_sycl_lapack.so.6 (0x000071ef7094b000)
	libmkl_sycl_dft.so.6 => /opt/intel/oneapi/mkl/2026.1/lib/libmkl_sycl_dft.so.6 (0x000071ef6e6a6000)
	libmkl_sycl_sparse.so.6 => /opt/intel/oneapi/mkl/2026.1/lib/libmkl_sycl_sparse.so.6 (0x000071ef6b00a000)
	libmkl_sycl_rng.so.6 => /opt/intel/oneapi/mkl/2026.1/lib/libmkl_sycl_rng.so.6 (0x000071ef672b7000)
	libmkl_sycl_stats.so.6 => /opt/intel/oneapi/mkl/2026.1/lib/libmkl_sycl_stats.so.6 (0x000071ef6654e000)
	libmkl_sycl_vm.so.6 => /opt/intel/oneapi/mkl/2026.1/lib/libmkl_sycl_vm.so.6 (0x000071ef62427000)
	libmkl_sycl_data_fitting.so.6 => /opt/intel/oneapi/mkl/2026.1/lib/libmkl_sycl_data_fitting.so.6 (0x000071ef61dcb000)
	libmkl_intel_lp64.so.3 => /opt/intel/oneapi/mkl/2026.1/lib/libmkl_intel_lp64.so.3 (0x000071ef60dc6000)
	libmkl_sequential.so.3 => /opt/intel/oneapi/mkl/2026.1/lib/libmkl_sequential.so.3 (0x000071ef5f6ee000)
	libmkl_core.so.3 => /opt/intel/oneapi/mkl/2026.1/lib/libmkl_core.so.3 (0x000071ef5b0b1000)
	libstdc++.so.6 => /usr/lib/x86_64-linux-gnu/libstdc++.so.6 (0x000071ef5ae33000)
	libm.so.6 => /usr/lib/x86_64-linux-gnu/libm.so.6 (0x000071ef5ad4a000)
	libgcc_s.so.1 => /usr/lib/x86_64-linux-gnu/libgcc_s.so.1 (0x000071ef5ad1c000)
	libsycl.so.9 => /opt/intel/oneapi/compiler/2026.1/lib/libsycl.so.9 (0x000071ef5a940000)
	libOpenCL.so.1 => /opt/intel/oneapi/compiler/2026.1/lib/libOpenCL.so.1 (0x000071ef5a92a000)
	libc.so.6 => /usr/lib/x86_64-linux-gnu/libc.so.6 (0x000071ef5a717000)
	libdl.so.2 => /usr/lib/x86_64-linux-gnu/libdl.so.2 (0x000071ef5a712000)
	libpthread.so.0 => /usr/lib/x86_64-linux-gnu/libpthread.so.0 (0x000071ef5a70d000)
	/lib64/ld-linux-x86-64.so.2 (0x000071ef76121000)
	libur_loader.so.0 => /opt/intel/oneapi/compiler/2026.1/lib/libur_loader.so.0 (0x000071ef59949000)
	libsvml.so => /opt/intel/oneapi/compiler/2026.1/lib/libsvml.so (0x000071ef58196000)
	libirng.so => /opt/intel/oneapi/compiler/2026.1/lib/libirng.so (0x000071ef5809d000)
	libimf.so => /opt/intel/oneapi/compiler/2026.1/lib/libimf.so (0x000071ef57c4e000)
	libintlc.so.5 => /opt/intel/oneapi/compiler/2026.1/lib/libintlc.so.5 (0x000071ef57beb000)
	librt.so.1 => /usr/lib/x86_64-linux-gnu/librt.so.1 (0x000071ef57be6000)
	libz.so.1 => /usr/lib/x86_64-linux-gnu/libz.so.1 (0x000071ef57bc8000)
