gran=65536
total=5242880 address=0x76ef9e600000 offset=0 physical=5242880
FAIL level_zero backend failed with error: 4 (UR_RESULT_ERROR_INVALID_VALUE)
total=6291456 address=0x76ef9e600000 offset=0 physical=6291456
physical created
PASS
total=67108864 address=0x76ef77e00000 offset=0 physical=67108864
physical created
PASS
total=67174400 address=0x76ef77c00000 offset=0 physical=67108864
physical created
total=67174400 address=0x76ef77c00000 offset=67108864 physical=65536
physical created
PASS
total=340787200 address=0x76ef67800000 offset=0 physical=67108864
physical created
total=340787200 address=0x76ef67800000 offset=67108864 physical=67108864
physical created
total=340787200 address=0x76ef67800000 offset=134217728 physical=67108864
physical created
total=340787200 address=0x76ef67800000 offset=201326592 physical=67108864
physical created
total=340787200 address=0x76ef67800000 offset=268435456 physical=67108864
physical created
total=340787200 address=0x76ef67800000 offset=335544320 physical=5242880
FAIL level_zero backend failed with error: 4 (UR_RESULT_ERROR_INVALID_VALUE)
