	linux-vdso.so.1 (0x0000789f44865000)
	libmkl_sycl_blas.so.6 => /opt/intel/oneapi/mkl/2026.1/lib/libmkl_sycl_blas.so.6 (0x0000789f40b86000)
	libmkl_sycl_lapack.so.6 => /opt/intel/oneapi/mkl/2026.1/lib/libmkl_sycl_lapack.so.6 (0x0000789f3f091000)
	libmkl_sycl_dft.so.6 => /opt/intel/oneapi/mkl/2026.1/lib/libmkl_sycl_dft.so.6 (0x0000789f3cdec000)
	libmkl_sycl_sparse.so.6 => /opt/intel/oneapi/mkl/2026.1/lib/libmkl_sycl_sparse.so.6 (0x0000789f39750000)
	libmkl_sycl_rng.so.6 => /opt/intel/oneapi/mkl/2026.1/lib/libmkl_sycl_rng.so.6 (0x0000789f359fd000)
	libmkl_sycl_stats.so.6 => /opt/intel/oneapi/mkl/2026.1/lib/libmkl_sycl_stats.so.6 (0x0000789f34c94000)
	libmkl_sycl_vm.so.6 => /opt/intel/oneapi/mkl/2026.1/lib/libmkl_sycl_vm.so.6 (0x0000789f30b6d000)
	libmkl_sycl_data_fitting.so.6 => /opt/intel/oneapi/mkl/2026.1/lib/libmkl_sycl_data_fitting.so.6 (0x0000789f30511000)
	libmkl_intel_lp64.so.3 => /opt/intel/oneapi/mkl/2026.1/lib/libmkl_intel_lp64.so.3 (0x0000789f2f50c000)
	libmkl_sequential.so.3 => /opt/intel/oneapi/mkl/2026.1/lib/libmkl_sequential.so.3 (0x0000789f2de34000)
	libmkl_core.so.3 => /opt/intel/oneapi/mkl/2026.1/lib/libmkl_core.so.3 (0x0000789f297f7000)
	libstdc++.so.6 => /usr/lib/x86_64-linux-gnu/libstdc++.so.6 (0x0000789f29579000)
	libm.so.6 => /usr/lib/x86_64-linux-gnu/libm.so.6 (0x0000789f29490000)
	libgcc_s.so.1 => /usr/lib/x86_64-linux-gnu/libgcc_s.so.1 (0x0000789f29462000)
	libsycl.so.9 => /opt/intel/oneapi/compiler/2026.1/lib/libsycl.so.9 (0x0000789f29086000)
	libOpenCL.so.1 => /opt/intel/oneapi/compiler/2026.1/lib/libOpenCL.so.1 (0x0000789f29070000)
	libc.so.6 => /usr/lib/x86_64-linux-gnu/libc.so.6 (0x0000789f28e5d000)
	libdl.so.2 => /usr/lib/x86_64-linux-gnu/libdl.so.2 (0x0000789f28e58000)
	libpthread.so.0 => /usr/lib/x86_64-linux-gnu/libpthread.so.0 (0x0000789f28e53000)
	/lib64/ld-linux-x86-64.so.2 (0x0000789f44867000)
	libur_loader.so.0 => /opt/intel/oneapi/compiler/2026.1/lib/libur_loader.so.0 (0x0000789f2808f000)
	libsvml.so => /opt/intel/oneapi/compiler/2026.1/lib/libsvml.so (0x0000789f268dc000)
	libirng.so => /opt/intel/oneapi/compiler/2026.1/lib/libirng.so (0x0000789f267e3000)
	libimf.so => /opt/intel/oneapi/compiler/2026.1/lib/libimf.so (0x0000789f26394000)
	libintlc.so.5 => /opt/intel/oneapi/compiler/2026.1/lib/libintlc.so.5 (0x0000789f26331000)
	librt.so.1 => /usr/lib/x86_64-linux-gnu/librt.so.1 (0x0000789f2632c000)
	libz.so.1 => /usr/lib/x86_64-linux-gnu/libz.so.1 (0x0000789f2630e000)
