[1/124] Building CXX object CMakeFiles/strata_spec.dir/home/yayoi/ghq/github.com/yqYo1/Strata/.worktree/sync-upstream-2026-10-05/build-sycl-event-ack-registered-copy-20261008/source/src/spec/controller.cpp.o
[2/124] Building CXX object CMakeFiles/strata_spec.dir/home/yayoi/ghq/github.com/yqYo1/Strata/.worktree/sync-upstream-2026-10-05/build-sycl-event-ack-registered-copy-20261008/source/src/spec/draft_policy.cpp.o
[3/124] Building CXX object CMakeFiles/strata_spec.dir/home/yayoi/ghq/github.com/yqYo1/Strata/.worktree/sync-upstream-2026-10-05/build-sycl-event-ack-registered-copy-20261008/source/src/spec/suffix_drafter.cpp.o
[4/124] Building CXX object CMakeFiles/strata_spec.dir/home/yayoi/ghq/github.com/yqYo1/Strata/.worktree/sync-upstream-2026-10-05/build-sycl-event-ack-registered-copy-20261008/source/src/spec/draft_source.cpp.o
[5/124] Linking CXX static library libstrata_spec.a
[6/124] Building CXX object CMakeFiles/strata_kernels_cpu.dir/home/yayoi/ghq/github.com/yqYo1/Strata/.worktree/sync-upstream-2026-10-05/build-sycl-event-ack-registered-copy-20261008/source/src/kernels/cpu/expert_layout.cpp.o
[7/124] Building CXX object CMakeFiles/strata_kernels_cpu.dir/home/yayoi/ghq/github.com/yqYo1/Strata/.worktree/sync-upstream-2026-10-05/build-sycl-event-ack-registered-copy-20261008/source/src/kernels/cpu/q2_avx2.cpp.o
[8/124] Building CXX object CMakeFiles/strata_kernels_cpu.dir/home/yayoi/ghq/github.com/yqYo1/Strata/.worktree/sync-upstream-2026-10-05/build-sycl-event-ack-registered-copy-20261008/source/src/kernels/cpu/expert.cpp.o
[9/124] Building CXX object CMakeFiles/strata_kernels_cpu.dir/home/yayoi/ghq/github.com/yqYo1/Strata/.worktree/sync-upstream-2026-10-05/build-sycl-event-ack-registered-copy-20261008/source/src/kernels/cpu/native_expert.cpp.o
[10/124] Building CXX object CMakeFiles/strata_kernels_cpu.dir/home/yayoi/ghq/github.com/yqYo1/Strata/.worktree/sync-upstream-2026-10-05/build-sycl-event-ack-registered-copy-20261008/source/src/kernels/cpu/iq_avx512.cpp.o
FAILED: CMakeFiles/strata_kernels_cpu.dir/home/yayoi/ghq/github.com/yqYo1/Strata/.worktree/sync-upstream-2026-10-05/build-sycl-event-ack-registered-copy-20261008/source/src/kernels/cpu/iq_avx512.cpp.o 
/opt/intel/oneapi/compiler/2026.1/bin/icpx -DSTRATA_NATIVE_EXPERTS=1 -DSTRATA_SYCL_SAMPLER_FP64=1 -DSTRATA_VERSION=\"0.1.40-sycl\" -I/home/yayoi/ghq/github.com/yqYo1/Strata/.worktree/sync-upstream-2026-10-05/build-sycl-event-ack-registered-copy-20261008/source/sycl/../third_party/ggml -I/home/yayoi/ghq/github.com/yqYo1/Strata/.worktree/sync-upstream-2026-10-05/build-sycl-event-ack-registered-copy-20261008/source/sycl/include -I/home/yayoi/ghq/github.com/yqYo1/Strata/.worktree/sync-upstream-2026-10-05/build-sycl-event-ack-registered-copy-20261008/source/sycl/../include -I/home/yayoi/orca/workspaces/Strata/ggml-sycl-pinned/ggml/src/../include -O3 -DNDEBUG -std=c++20 -fsycl -fsycl-default-sub-group-size=32 -fsycl-device-code-split=per_kernel -fp-model=precise -Wno-unused-parameter -Wno-unused-variable -Wno-deprecated-declarations -Wall -Wextra -mavx512f -mavx512bw -mavx512vl -mavx512dq -mavx512vnni -mavx512vbmi -mf16c -mfma -MD -MT CMakeFiles/strata_kernels_cpu.dir/home/yayoi/ghq/github.com/yqYo1/Strata/.worktree/sync-upstream-2026-10-05/build-sycl-event-ack-registered-copy-20261008/source/src/kernels/cpu/iq_avx512.cpp.o -MF CMakeFiles/strata_kernels_cpu.dir/home/yayoi/ghq/github.com/yqYo1/Strata/.worktree/sync-upstream-2026-10-05/build-sycl-event-ack-registered-copy-20261008/source/src/kernels/cpu/iq_avx512.cpp.o.d -o CMakeFiles/strata_kernels_cpu.dir/home/yayoi/ghq/github.com/yqYo1/Strata/.worktree/sync-upstream-2026-10-05/build-sycl-event-ack-registered-copy-20261008/source/src/kernels/cpu/iq_avx512.cpp.o -c /home/yayoi/ghq/github.com/yqYo1/Strata/.worktree/sync-upstream-2026-10-05/build-sycl-event-ack-registered-copy-20261008/source/src/kernels/cpu/iq_avx512.cpp
/home/yayoi/ghq/github.com/yqYo1/Strata/.worktree/sync-upstream-2026-10-05/build-sycl-event-ack-registered-copy-20261008/source/src/kernels/cpu/iq_avx512.cpp:15:10: fatal error: 'ggml-common.h' file not found
   15 | #include "ggml-common.h"
      |          ^~~~~~~~~~~~~~~
1 error generated.
[11/124] Building CXX object CMakeFiles/strata_kernels_cpu.dir/src/kernels/cpu/iq_avx2.cpp.o
FAILED: CMakeFiles/strata_kernels_cpu.dir/src/kernels/cpu/iq_avx2.cpp.o 
/opt/intel/oneapi/compiler/2026.1/bin/icpx -DSTRATA_NATIVE_EXPERTS=1 -DSTRATA_SYCL_SAMPLER_FP64=1 -DSTRATA_VERSION=\"0.1.40-sycl\" -I/home/yayoi/ghq/github.com/yqYo1/Strata/.worktree/sync-upstream-2026-10-05/build-sycl-event-ack-registered-copy-20261008/source/sycl/../third_party/ggml -I/home/yayoi/ghq/github.com/yqYo1/Strata/.worktree/sync-upstream-2026-10-05/build-sycl-event-ack-registered-copy-20261008/source/sycl/include -I/home/yayoi/ghq/github.com/yqYo1/Strata/.worktree/sync-upstream-2026-10-05/build-sycl-event-ack-registered-copy-20261008/source/sycl/../include -I/home/yayoi/orca/workspaces/Strata/ggml-sycl-pinned/ggml/src/../include -O3 -DNDEBUG -std=c++20 -fsycl -fsycl-default-sub-group-size=32 -fsycl-device-code-split=per_kernel -fp-model=precise -Wno-unused-parameter -Wno-unused-variable -Wno-deprecated-declarations -Wall -Wextra -mavx2 -mfma -mf16c -MD -MT CMakeFiles/strata_kernels_cpu.dir/src/kernels/cpu/iq_avx2.cpp.o -MF CMakeFiles/strata_kernels_cpu.dir/src/kernels/cpu/iq_avx2.cpp.o.d -o CMakeFiles/strata_kernels_cpu.dir/src/kernels/cpu/iq_avx2.cpp.o -c /home/yayoi/ghq/github.com/yqYo1/Strata/.worktree/sync-upstream-2026-10-05/build-sycl-event-ack-registered-copy-20261008/source/sycl/src/kernels/cpu/iq_avx2.cpp
In file included from /home/yayoi/ghq/github.com/yqYo1/Strata/.worktree/sync-upstream-2026-10-05/build-sycl-event-ack-registered-copy-20261008/source/sycl/src/kernels/cpu/iq_avx2.cpp:6:
/home/yayoi/ghq/github.com/yqYo1/Strata/.worktree/sync-upstream-2026-10-05/build-sycl-event-ack-registered-copy-20261008/source/sycl/src/kernels/cpu/../../../../src/kernels/cpu/iq_avx2.cpp:28:10: fatal error: 'ggml-common.h' file not found
   28 | #include "ggml-common.h"
      |          ^~~~~~~~~~~~~~~
1 error generated.
[12/124] Building CXX object CMakeFiles/strata_kernels_cpu.dir/home/yayoi/ghq/github.com/yqYo1/Strata/.worktree/sync-upstream-2026-10-05/build-sycl-event-ack-registered-copy-20261008/source/src/kernels/cpu/kq_avx2.cpp.o
FAILED: CMakeFiles/strata_kernels_cpu.dir/home/yayoi/ghq/github.com/yqYo1/Strata/.worktree/sync-upstream-2026-10-05/build-sycl-event-ack-registered-copy-20261008/source/src/kernels/cpu/kq_avx2.cpp.o 
/opt/intel/oneapi/compiler/2026.1/bin/icpx -DSTRATA_NATIVE_EXPERTS=1 -DSTRATA_SYCL_SAMPLER_FP64=1 -DSTRATA_VERSION=\"0.1.40-sycl\" -I/home/yayoi/ghq/github.com/yqYo1/Strata/.worktree/sync-upstream-2026-10-05/build-sycl-event-ack-registered-copy-20261008/source/sycl/../third_party/ggml -I/home/yayoi/ghq/github.com/yqYo1/Strata/.worktree/sync-upstream-2026-10-05/build-sycl-event-ack-registered-copy-20261008/source/sycl/include -I/home/yayoi/ghq/github.com/yqYo1/Strata/.worktree/sync-upstream-2026-10-05/build-sycl-event-ack-registered-copy-20261008/source/sycl/../include -I/home/yayoi/orca/workspaces/Strata/ggml-sycl-pinned/ggml/src/../include -O3 -DNDEBUG -std=c++20 -fsycl -fsycl-default-sub-group-size=32 -fsycl-device-code-split=per_kernel -fp-model=precise -Wno-unused-parameter -Wno-unused-variable -Wno-deprecated-declarations -Wall -Wextra -mavx2 -mfma -mf16c -MD -MT CMakeFiles/strata_kernels_cpu.dir/home/yayoi/ghq/github.com/yqYo1/Strata/.worktree/sync-upstream-2026-10-05/build-sycl-event-ack-registered-copy-20261008/source/src/kernels/cpu/kq_avx2.cpp.o -MF CMakeFiles/strata_kernels_cpu.dir/home/yayoi/ghq/github.com/yqYo1/Strata/.worktree/sync-upstream-2026-10-05/build-sycl-event-ack-registered-copy-20261008/source/src/kernels/cpu/kq_avx2.cpp.o.d -o CMakeFiles/strata_kernels_cpu.dir/home/yayoi/ghq/github.com/yqYo1/Strata/.worktree/sync-upstream-2026-10-05/build-sycl-event-ack-registered-copy-20261008/source/src/kernels/cpu/kq_avx2.cpp.o -c /home/yayoi/ghq/github.com/yqYo1/Strata/.worktree/sync-upstream-2026-10-05/build-sycl-event-ack-registered-copy-20261008/source/src/kernels/cpu/kq_avx2.cpp
/home/yayoi/ghq/github.com/yqYo1/Strata/.worktree/sync-upstream-2026-10-05/build-sycl-event-ack-registered-copy-20261008/source/src/kernels/cpu/kq_avx2.cpp:18:10: fatal error: 'ggml-common.h' file not found
   18 | #include "ggml-common.h"
      |          ^~~~~~~~~~~~~~~
1 error generated.
[13/124] Building CXX object CMakeFiles/strata_kernels_cpu.dir/home/yayoi/ghq/github.com/yqYo1/Strata/.worktree/sync-upstream-2026-10-05/build-sycl-event-ack-registered-copy-20261008/source/src/kernels/cpu/pool.cpp.o
ninja: build stopped: subcommand failed.
