=================================================================
==721422==ERROR: AddressSanitizer: heap-use-after-free on address 0x502000000014 at pc 0x000000403985 bp 0x7ffc433768d0 sp 0x7ffc433768c0
READ of size 4 at 0x502000000014 thread T0
    #0 0x403984 in wait /home/yayoi/ghq/github.com/yqYo1/Strata/.worktree/sync-upstream-2026-10-05/sycl/tools/verifier_queue_host_test.cpp:15
    #1 0x403984 in Verifier::~Verifier() /home/yayoi/.local/state/strata-sycl/orderly-serve-shutdown-20261006/verifier-queues-v2/control/destructor.inc:13
    #2 0x404740 in main /home/yayoi/ghq/github.com/yqYo1/Strata/.worktree/sync-upstream-2026-10-05/sycl/tools/verifier_queue_host_test.cpp:94
    #3 0x7b3bac83b1c9 in __libc_start_call_main ../sysdeps/nptl/libc_start_call_main.h:58
    #4 0x7b3bac83b28a in __libc_start_main_impl ../csu/libc-start.c:360
    #5 0x4025f4 in _start (/home/yayoi/.local/state/strata-sycl/orderly-serve-shutdown-20261006/verifier-queues-v2/control/probe+0x4025f4) (BuildId: 62c1226e6f123511cfc787ddc74ab5dc0acef757)

0x502000000014 is located 4 bytes inside of 8-byte region [0x502000000010,0x502000000018)
freed by thread T0 here:
    #0 0x7b3bad4d05e8 in operator delete(void*, unsigned long) ../../../../src/libsanitizer/asan/asan_new_delete.cpp:164
    #1 0x402f4f in destroy_queue /home/yayoi/ghq/github.com/yqYo1/Strata/.worktree/sync-upstream-2026-10-05/sycl/tools/verifier_queue_host_test.cpp:26
    #2 0x402f4f in Verifier::~Verifier() /home/yayoi/.local/state/strata-sycl/orderly-serve-shutdown-20261006/verifier-queues-v2/control/destructor.inc:11
    #3 0x404740 in main /home/yayoi/ghq/github.com/yqYo1/Strata/.worktree/sync-upstream-2026-10-05/sycl/tools/verifier_queue_host_test.cpp:94
    #4 0x7b3bac83b1c9 in __libc_start_call_main ../sysdeps/nptl/libc_start_call_main.h:58
    #5 0x7b3bac83b28a in __libc_start_main_impl ../csu/libc-start.c:360
    #6 0x4025f4 in _start (/home/yayoi/.local/state/strata-sycl/orderly-serve-shutdown-20261006/verifier-queues-v2/control/probe+0x4025f4) (BuildId: 62c1226e6f123511cfc787ddc74ab5dc0acef757)

previously allocated by thread T0 here:
    #0 0x7b3bad4cf548 in operator new(unsigned long) ../../../../src/libsanitizer/asan/asan_new_delete.cpp:95
    #1 0x404c43 in __static_initialization_and_destruction_0 /home/yayoi/ghq/github.com/yqYo1/Strata/.worktree/sync-upstream-2026-10-05/sycl/tools/verifier_queue_host_test.cpp:22
    #2 0x404c43 in _GLOBAL__sub_I__Z24unregister_live_verifierP8Verifier /home/yayoi/ghq/github.com/yqYo1/Strata/.worktree/sync-upstream-2026-10-05/sycl/tools/verifier_queue_host_test.cpp:111
    #3 0x7b3bac83b303 in call_init ../csu/libc-start.c:145
    #4 0x7b3bac83b303 in __libc_start_main_impl ../csu/libc-start.c:347
    #5 0x4025f4 in _start (/home/yayoi/.local/state/strata-sycl/orderly-serve-shutdown-20261006/verifier-queues-v2/control/probe+0x4025f4) (BuildId: 62c1226e6f123511cfc787ddc74ab5dc0acef757)

SUMMARY: AddressSanitizer: heap-use-after-free /home/yayoi/ghq/github.com/yqYo1/Strata/.worktree/sync-upstream-2026-10-05/sycl/tools/verifier_queue_host_test.cpp:15 in wait
Shadow bytes around the buggy address:
  0x501ffffffd80: 00 00 00 00 00 00 00 00 00 00 00 00 00 00 00 00
  0x501ffffffe00: 00 00 00 00 00 00 00 00 00 00 00 00 00 00 00 00
  0x501ffffffe80: 00 00 00 00 00 00 00 00 00 00 00 00 00 00 00 00
  0x501fffffff00: 00 00 00 00 00 00 00 00 00 00 00 00 00 00 00 00
  0x501fffffff80: 00 00 00 00 00 00 00 00 00 00 00 00 00 00 00 00
=>0x502000000000: fa fa[fd]fa fa fa fa fa fa fa fa fa fa fa fa fa
  0x502000000080: fa fa fa fa fa fa fa fa fa fa fa fa fa fa fa fa
  0x502000000100: fa fa fa fa fa fa fa fa fa fa fa fa fa fa fa fa
  0x502000000180: fa fa fa fa fa fa fa fa fa fa fa fa fa fa fa fa
  0x502000000200: fa fa fa fa fa fa fa fa fa fa fa fa fa fa fa fa
  0x502000000280: fa fa fa fa fa fa fa fa fa fa fa fa fa fa fa fa
Shadow byte legend (one shadow byte represents 8 application bytes):
  Addressable:           00
  Partially addressable: 01 02 03 04 05 06 07
  Heap left redzone:       fa
  Freed heap region:       fd
  Stack left redzone:      f1
  Stack mid redzone:       f2
  Stack right redzone:     f3
  Stack after return:      f5
  Stack use after scope:   f8
  Global redzone:          f9
  Global init order:       f6
  Poisoned by user:        f7
  Container overflow:      fc
  Array cookie:            ac
  Intra object redzone:    bb
  ASan internal:           fe
  Left alloca redzone:     ca
  Right alloca redzone:    cb
==721422==ABORTING
