In file included from /tmp/strata-upstream-arc-dequant-workgroup.cpp:1:
/home/yayoi/ghq/github.com/yqYo1/Strata/.worktree/sync-upstream-2026-10-05/sycl/src/kernels/cuda/iq_kernels.dp.cpp:2332:23: warning: kernel has both attribute 'sycl::reqd_sub_group_size' and kernel properties; if the kernel properties contains the property "sycl::ext::oneapi::experimental::sub_group_size" it will be ignored [-Wignored-attributes]
 2332 |                     [[sycl::reqd_sub_group_size(32)]] {
      |                       ^
/home/yayoi/ghq/github.com/yqYo1/Strata/.worktree/sync-upstream-2026-10-05/sycl/src/kernels/cuda/iq_kernels.dp.cpp:2062:23: warning: kernel has both attribute 'sycl::reqd_sub_group_size' and kernel properties; if the kernel properties contains the property "sycl::ext::oneapi::experimental::sub_group_size" it will be ignored [-Wignored-attributes]
 2062 |                     [[sycl::reqd_sub_group_size(32)]] {
      |                       ^
/home/yayoi/ghq/github.com/yqYo1/Strata/.worktree/sync-upstream-2026-10-05/sycl/src/kernels/cuda/iq_kernels.dp.cpp:2084:23: warning: kernel has both attribute 'sycl::reqd_sub_group_size' and kernel properties; if the kernel properties contains the property "sycl::ext::oneapi::experimental::sub_group_size" it will be ignored [-Wignored-attributes]
 2084 |                     [[sycl::reqd_sub_group_size(32)]] {
      |                       ^
/home/yayoi/ghq/github.com/yqYo1/Strata/.worktree/sync-upstream-2026-10-05/sycl/src/kernels/cuda/iq_kernels.dp.cpp:2107:23: warning: kernel has both attribute 'sycl::reqd_sub_group_size' and kernel properties; if the kernel properties contains the property "sycl::ext::oneapi::experimental::sub_group_size" it will be ignored [-Wignored-attributes]
 2107 |                     [[sycl::reqd_sub_group_size(32)]] {
      |                       ^
/home/yayoi/ghq/github.com/yqYo1/Strata/.worktree/sync-upstream-2026-10-05/sycl/src/kernels/cuda/iq_kernels.dp.cpp:2130:23: warning: kernel has both attribute 'sycl::reqd_sub_group_size' and kernel properties; if the kernel properties contains the property "sycl::ext::oneapi::experimental::sub_group_size" it will be ignored [-Wignored-attributes]
 2130 |                     [[sycl::reqd_sub_group_size(32)]] {
      |                       ^
/home/yayoi/ghq/github.com/yqYo1/Strata/.worktree/sync-upstream-2026-10-05/sycl/src/kernels/cuda/iq_kernels.dp.cpp:2153:23: warning: kernel has both attribute 'sycl::reqd_sub_group_size' and kernel properties; if the kernel properties contains the property "sycl::ext::oneapi::experimental::sub_group_size" it will be ignored [-Wignored-attributes]
 2153 |                     [[sycl::reqd_sub_group_size(32)]] {
      |                       ^
/home/yayoi/ghq/github.com/yqYo1/Strata/.worktree/sync-upstream-2026-10-05/sycl/src/kernels/cuda/iq_kernels.dp.cpp:2062:23: warning: kernel has both attribute 'sycl::reqd_sub_group_size' and kernel properties; if the kernel properties contains the property "sycl::ext::oneapi::experimental::sub_group_size" it will be ignored [-Wignored-attributes]
 2062 |                     [[sycl::reqd_sub_group_size(32)]] {
      |                       ^
/home/yayoi/ghq/github.com/yqYo1/Strata/.worktree/sync-upstream-2026-10-05/sycl/src/kernels/cuda/iq_kernels.dp.cpp:2084:23: warning: kernel has both attribute 'sycl::reqd_sub_group_size' and kernel properties; if the kernel properties contains the property "sycl::ext::oneapi::experimental::sub_group_size" it will be ignored [-Wignored-attributes]
 2084 |                     [[sycl::reqd_sub_group_size(32)]] {
      |                       ^
/home/yayoi/ghq/github.com/yqYo1/Strata/.worktree/sync-upstream-2026-10-05/sycl/src/kernels/cuda/iq_kernels.dp.cpp:2107:23: warning: kernel has both attribute 'sycl::reqd_sub_group_size' and kernel properties; if the kernel properties contains the property "sycl::ext::oneapi::experimental::sub_group_size" it will be ignored [-Wignored-attributes]
 2107 |                     [[sycl::reqd_sub_group_size(32)]] {
      |                       ^
/home/yayoi/ghq/github.com/yqYo1/Strata/.worktree/sync-upstream-2026-10-05/sycl/src/kernels/cuda/iq_kernels.dp.cpp:2130:23: warning: kernel has both attribute 'sycl::reqd_sub_group_size' and kernel properties; if the kernel properties contains the property "sycl::ext::oneapi::experimental::sub_group_size" it will be ignored [-Wignored-attributes]
 2130 |                     [[sycl::reqd_sub_group_size(32)]] {
      |                       ^
/home/yayoi/ghq/github.com/yqYo1/Strata/.worktree/sync-upstream-2026-10-05/sycl/src/kernels/cuda/iq_kernels.dp.cpp:2153:23: warning: kernel has both attribute 'sycl::reqd_sub_group_size' and kernel properties; if the kernel properties contains the property "sycl::ext::oneapi::experimental::sub_group_size" it will be ignored [-Wignored-attributes]
 2153 |                     [[sycl::reqd_sub_group_size(32)]] {
      |                       ^
/home/yayoi/ghq/github.com/yqYo1/Strata/.worktree/sync-upstream-2026-10-05/sycl/src/kernels/cuda/iq_kernels.dp.cpp:2062:23: warning: kernel has both attribute 'sycl::reqd_sub_group_size' and kernel properties; if the kernel properties contains the property "sycl::ext::oneapi::experimental::sub_group_size" it will be ignored [-Wignored-attributes]
 2062 |                     [[sycl::reqd_sub_group_size(32)]] {
      |                       ^
/home/yayoi/ghq/github.com/yqYo1/Strata/.worktree/sync-upstream-2026-10-05/sycl/src/kernels/cuda/iq_kernels.dp.cpp:2084:23: warning: kernel has both attribute 'sycl::reqd_sub_group_size' and kernel properties; if the kernel properties contains the property "sycl::ext::oneapi::experimental::sub_group_size" it will be ignored [-Wignored-attributes]
 2084 |                     [[sycl::reqd_sub_group_size(32)]] {
      |                       ^
/home/yayoi/ghq/github.com/yqYo1/Strata/.worktree/sync-upstream-2026-10-05/sycl/src/kernels/cuda/iq_kernels.dp.cpp:2107:23: warning: kernel has both attribute 'sycl::reqd_sub_group_size' and kernel properties; if the kernel properties contains the property "sycl::ext::oneapi::experimental::sub_group_size" it will be ignored [-Wignored-attributes]
 2107 |                     [[sycl::reqd_sub_group_size(32)]] {
      |                       ^
/home/yayoi/ghq/github.com/yqYo1/Strata/.worktree/sync-upstream-2026-10-05/sycl/src/kernels/cuda/iq_kernels.dp.cpp:2130:23: warning: kernel has both attribute 'sycl::reqd_sub_group_size' and kernel properties; if the kernel properties contains the property "sycl::ext::oneapi::experimental::sub_group_size" it will be ignored [-Wignored-attributes]
 2130 |                     [[sycl::reqd_sub_group_size(32)]] {
      |                       ^
/home/yayoi/ghq/github.com/yqYo1/Strata/.worktree/sync-upstream-2026-10-05/sycl/src/kernels/cuda/iq_kernels.dp.cpp:2153:23: warning: kernel has both attribute 'sycl::reqd_sub_group_size' and kernel properties; if the kernel properties contains the property "sycl::ext::oneapi::experimental::sub_group_size" it will be ignored [-Wignored-attributes]
 2153 |                     [[sycl::reqd_sub_group_size(32)]] {
      |                       ^
/home/yayoi/ghq/github.com/yqYo1/Strata/.worktree/sync-upstream-2026-10-05/sycl/src/kernels/cuda/iq_kernels.dp.cpp:2062:23: warning: kernel has both attribute 'sycl::reqd_sub_group_size' and kernel properties; if the kernel properties contains the property "sycl::ext::oneapi::experimental::sub_group_size" it will be ignored [-Wignored-attributes]
 2062 |                     [[sycl::reqd_sub_group_size(32)]] {
      |                       ^
/home/yayoi/ghq/github.com/yqYo1/Strata/.worktree/sync-upstream-2026-10-05/sycl/src/kernels/cuda/iq_kernels.dp.cpp:2084:23: warning: kernel has both attribute 'sycl::reqd_sub_group_size' and kernel properties; if the kernel properties contains the property "sycl::ext::oneapi::experimental::sub_group_size" it will be ignored [-Wignored-attributes]
 2084 |                     [[sycl::reqd_sub_group_size(32)]] {
      |                       ^
/home/yayoi/ghq/github.com/yqYo1/Strata/.worktree/sync-upstream-2026-10-05/sycl/src/kernels/cuda/iq_kernels.dp.cpp:2107:23: warning: kernel has both attribute 'sycl::reqd_sub_group_size' and kernel properties; if the kernel properties contains the property "sycl::ext::oneapi::experimental::sub_group_size" it will be ignored [-Wignored-attributes]
 2107 |                     [[sycl::reqd_sub_group_size(32)]] {
      |                       ^
/home/yayoi/ghq/github.com/yqYo1/Strata/.worktree/sync-upstream-2026-10-05/sycl/src/kernels/cuda/iq_kernels.dp.cpp:2130:23: warning: kernel has both attribute 'sycl::reqd_sub_group_size' and kernel properties; if the kernel properties contains the property "sycl::ext::oneapi::experimental::sub_group_size" it will be ignored [-Wignored-attributes]
 2130 |                     [[sycl::reqd_sub_group_size(32)]] {
      |                       ^
/home/yayoi/ghq/github.com/yqYo1/Strata/.worktree/sync-upstream-2026-10-05/sycl/src/kernels/cuda/iq_kernels.dp.cpp:2153:23: warning: kernel has both attribute 'sycl::reqd_sub_group_size' and kernel properties; if the kernel properties contains the property "sycl::ext::oneapi::experimental::sub_group_size" it will be ignored [-Wignored-attributes]
 2153 |                     [[sycl::reqd_sub_group_size(32)]] {
      |                       ^
/home/yayoi/ghq/github.com/yqYo1/Strata/.worktree/sync-upstream-2026-10-05/sycl/src/kernels/cuda/iq_kernels.dp.cpp:2062:23: warning: kernel has both attribute 'sycl::reqd_sub_group_size' and kernel properties; if the kernel properties contains the property "sycl::ext::oneapi::experimental::sub_group_size" it will be ignored [-Wignored-attributes]
 2062 |                     [[sycl::reqd_sub_group_size(32)]] {
      |                       ^
/home/yayoi/ghq/github.com/yqYo1/Strata/.worktree/sync-upstream-2026-10-05/sycl/src/kernels/cuda/iq_kernels.dp.cpp:2084:23: warning: kernel has both attribute 'sycl::reqd_sub_group_size' and kernel properties; if the kernel properties contains the property "sycl::ext::oneapi::experimental::sub_group_size" it will be ignored [-Wignored-attributes]
 2084 |                     [[sycl::reqd_sub_group_size(32)]] {
      |                       ^
/home/yayoi/ghq/github.com/yqYo1/Strata/.worktree/sync-upstream-2026-10-05/sycl/src/kernels/cuda/iq_kernels.dp.cpp:2107:23: warning: kernel has both attribute 'sycl::reqd_sub_group_size' and kernel properties; if the kernel properties contains the property "sycl::ext::oneapi::experimental::sub_group_size" it will be ignored [-Wignored-attributes]
 2107 |                     [[sycl::reqd_sub_group_size(32)]] {
      |                       ^
/home/yayoi/ghq/github.com/yqYo1/Strata/.worktree/sync-upstream-2026-10-05/sycl/src/kernels/cuda/iq_kernels.dp.cpp:2130:23: warning: kernel has both attribute 'sycl::reqd_sub_group_size' and kernel properties; if the kernel properties contains the property "sycl::ext::oneapi::experimental::sub_group_size" it will be ignored [-Wignored-attributes]
 2130 |                     [[sycl::reqd_sub_group_size(32)]] {
      |                       ^
/home/yayoi/ghq/github.com/yqYo1/Strata/.worktree/sync-upstream-2026-10-05/sycl/src/kernels/cuda/iq_kernels.dp.cpp:2153:23: warning: kernel has both attribute 'sycl::reqd_sub_group_size' and kernel properties; if the kernel properties contains the property "sycl::ext::oneapi::experimental::sub_group_size" it will be ignored [-Wignored-attributes]
 2153 |                     [[sycl::reqd_sub_group_size(32)]] {
      |                       ^
/home/yayoi/ghq/github.com/yqYo1/Strata/.worktree/sync-upstream-2026-10-05/sycl/src/kernels/cuda/iq_kernels.dp.cpp:2062:23: warning: kernel has both attribute 'sycl::reqd_sub_group_size' and kernel properties; if the kernel properties contains the property "sycl::ext::oneapi::experimental::sub_group_size" it will be ignored [-Wignored-attributes]
 2062 |                     [[sycl::reqd_sub_group_size(32)]] {
      |                       ^
/home/yayoi/ghq/github.com/yqYo1/Strata/.worktree/sync-upstream-2026-10-05/sycl/src/kernels/cuda/iq_kernels.dp.cpp:2084:23: warning: kernel has both attribute 'sycl::reqd_sub_group_size' and kernel properties; if the kernel properties contains the property "sycl::ext::oneapi::experimental::sub_group_size" it will be ignored [-Wignored-attributes]
 2084 |                     [[sycl::reqd_sub_group_size(32)]] {
      |                       ^
/home/yayoi/ghq/github.com/yqYo1/Strata/.worktree/sync-upstream-2026-10-05/sycl/src/kernels/cuda/iq_kernels.dp.cpp:2107:23: warning: kernel has both attribute 'sycl::reqd_sub_group_size' and kernel properties; if the kernel properties contains the property "sycl::ext::oneapi::experimental::sub_group_size" it will be ignored [-Wignored-attributes]
 2107 |                     [[sycl::reqd_sub_group_size(32)]] {
      |                       ^
/home/yayoi/ghq/github.com/yqYo1/Strata/.worktree/sync-upstream-2026-10-05/sycl/src/kernels/cuda/iq_kernels.dp.cpp:2130:23: warning: kernel has both attribute 'sycl::reqd_sub_group_size' and kernel properties; if the kernel properties contains the property "sycl::ext::oneapi::experimental::sub_group_size" it will be ignored [-Wignored-attributes]
 2130 |                     [[sycl::reqd_sub_group_size(32)]] {
      |                       ^
/home/yayoi/ghq/github.com/yqYo1/Strata/.worktree/sync-upstream-2026-10-05/sycl/src/kernels/cuda/iq_kernels.dp.cpp:2153:23: warning: kernel has both attribute 'sycl::reqd_sub_group_size' and kernel properties; if the kernel properties contains the property "sycl::ext::oneapi::experimental::sub_group_size" it will be ignored [-Wignored-attributes]
 2153 |                     [[sycl::reqd_sub_group_size(32)]] {
      |                       ^
/home/yayoi/ghq/github.com/yqYo1/Strata/.worktree/sync-upstream-2026-10-05/sycl/src/kernels/cuda/iq_kernels.dp.cpp:2062:23: warning: kernel has both attribute 'sycl::reqd_sub_group_size' and kernel properties; if the kernel properties contains the property "sycl::ext::oneapi::experimental::sub_group_size" it will be ignored [-Wignored-attributes]
 2062 |                     [[sycl::reqd_sub_group_size(32)]] {
      |                       ^
/home/yayoi/ghq/github.com/yqYo1/Strata/.worktree/sync-upstream-2026-10-05/sycl/src/kernels/cuda/iq_kernels.dp.cpp:2084:23: warning: kernel has both attribute 'sycl::reqd_sub_group_size' and kernel properties; if the kernel properties contains the property "sycl::ext::oneapi::experimental::sub_group_size" it will be ignored [-Wignored-attributes]
 2084 |                     [[sycl::reqd_sub_group_size(32)]] {
      |                       ^
/home/yayoi/ghq/github.com/yqYo1/Strata/.worktree/sync-upstream-2026-10-05/sycl/src/kernels/cuda/iq_kernels.dp.cpp:2107:23: warning: kernel has both attribute 'sycl::reqd_sub_group_size' and kernel properties; if the kernel properties contains the property "sycl::ext::oneapi::experimental::sub_group_size" it will be ignored [-Wignored-attributes]
 2107 |                     [[sycl::reqd_sub_group_size(32)]] {
      |                       ^
/home/yayoi/ghq/github.com/yqYo1/Strata/.worktree/sync-upstream-2026-10-05/sycl/src/kernels/cuda/iq_kernels.dp.cpp:2130:23: warning: kernel has both attribute 'sycl::reqd_sub_group_size' and kernel properties; if the kernel properties contains the property "sycl::ext::oneapi::experimental::sub_group_size" it will be ignored [-Wignored-attributes]
 2130 |                     [[sycl::reqd_sub_group_size(32)]] {
      |                       ^
/home/yayoi/ghq/github.com/yqYo1/Strata/.worktree/sync-upstream-2026-10-05/sycl/src/kernels/cuda/iq_kernels.dp.cpp:2153:23: warning: kernel has both attribute 'sycl::reqd_sub_group_size' and kernel properties; if the kernel properties contains the property "sycl::ext::oneapi::experimental::sub_group_size" it will be ignored [-Wignored-attributes]
 2153 |                     [[sycl::reqd_sub_group_size(32)]] {
      |                       ^
/home/yayoi/ghq/github.com/yqYo1/Strata/.worktree/sync-upstream-2026-10-05/sycl/src/kernels/cuda/iq_kernels.dp.cpp:2062:23: warning: kernel has both attribute 'sycl::reqd_sub_group_size' and kernel properties; if the kernel properties contains the property "sycl::ext::oneapi::experimental::sub_group_size" it will be ignored [-Wignored-attributes]
 2062 |                     [[sycl::reqd_sub_group_size(32)]] {
      |                       ^
/home/yayoi/ghq/github.com/yqYo1/Strata/.worktree/sync-upstream-2026-10-05/sycl/src/kernels/cuda/iq_kernels.dp.cpp:2084:23: warning: kernel has both attribute 'sycl::reqd_sub_group_size' and kernel properties; if the kernel properties contains the property "sycl::ext::oneapi::experimental::sub_group_size" it will be ignored [-Wignored-attributes]
 2084 |                     [[sycl::reqd_sub_group_size(32)]] {
      |                       ^
/home/yayoi/ghq/github.com/yqYo1/Strata/.worktree/sync-upstream-2026-10-05/sycl/src/kernels/cuda/iq_kernels.dp.cpp:2107:23: warning: kernel has both attribute 'sycl::reqd_sub_group_size' and kernel properties; if the kernel properties contains the property "sycl::ext::oneapi::experimental::sub_group_size" it will be ignored [-Wignored-attributes]
 2107 |                     [[sycl::reqd_sub_group_size(32)]] {
      |                       ^
/home/yayoi/ghq/github.com/yqYo1/Strata/.worktree/sync-upstream-2026-10-05/sycl/src/kernels/cuda/iq_kernels.dp.cpp:2130:23: warning: kernel has both attribute 'sycl::reqd_sub_group_size' and kernel properties; if the kernel properties contains the property "sycl::ext::oneapi::experimental::sub_group_size" it will be ignored [-Wignored-attributes]
 2130 |                     [[sycl::reqd_sub_group_size(32)]] {
      |                       ^
/home/yayoi/ghq/github.com/yqYo1/Strata/.worktree/sync-upstream-2026-10-05/sycl/src/kernels/cuda/iq_kernels.dp.cpp:2153:23: warning: kernel has both attribute 'sycl::reqd_sub_group_size' and kernel properties; if the kernel properties contains the property "sycl::ext::oneapi::experimental::sub_group_size" it will be ignored [-Wignored-attributes]
 2153 |                     [[sycl::reqd_sub_group_size(32)]] {
      |                       ^
/home/yayoi/ghq/github.com/yqYo1/Strata/.worktree/sync-upstream-2026-10-05/sycl/src/kernels/cuda/iq_kernels.dp.cpp:2062:23: warning: kernel has both attribute 'sycl::reqd_sub_group_size' and kernel properties; if the kernel properties contains the property "sycl::ext::oneapi::experimental::sub_group_size" it will be ignored [-Wignored-attributes]
 2062 |                     [[sycl::reqd_sub_group_size(32)]] {
      |                       ^
/home/yayoi/ghq/github.com/yqYo1/Strata/.worktree/sync-upstream-2026-10-05/sycl/src/kernels/cuda/iq_kernels.dp.cpp:2084:23: warning: kernel has both attribute 'sycl::reqd_sub_group_size' and kernel properties; if the kernel properties contains the property "sycl::ext::oneapi::experimental::sub_group_size" it will be ignored [-Wignored-attributes]
 2084 |                     [[sycl::reqd_sub_group_size(32)]] {
      |                       ^
/home/yayoi/ghq/github.com/yqYo1/Strata/.worktree/sync-upstream-2026-10-05/sycl/src/kernels/cuda/iq_kernels.dp.cpp:2107:23: warning: kernel has both attribute 'sycl::reqd_sub_group_size' and kernel properties; if the kernel properties contains the property "sycl::ext::oneapi::experimental::sub_group_size" it will be ignored [-Wignored-attributes]
 2107 |                     [[sycl::reqd_sub_group_size(32)]] {
      |                       ^
/home/yayoi/ghq/github.com/yqYo1/Strata/.worktree/sync-upstream-2026-10-05/sycl/src/kernels/cuda/iq_kernels.dp.cpp:2130:23: warning: kernel has both attribute 'sycl::reqd_sub_group_size' and kernel properties; if the kernel properties contains the property "sycl::ext::oneapi::experimental::sub_group_size" it will be ignored [-Wignored-attributes]
 2130 |                     [[sycl::reqd_sub_group_size(32)]] {
      |                       ^
/home/yayoi/ghq/github.com/yqYo1/Strata/.worktree/sync-upstream-2026-10-05/sycl/src/kernels/cuda/iq_kernels.dp.cpp:2153:23: warning: kernel has both attribute 'sycl::reqd_sub_group_size' and kernel properties; if the kernel properties contains the property "sycl::ext::oneapi::experimental::sub_group_size" it will be ignored [-Wignored-attributes]
 2153 |                     [[sycl::reqd_sub_group_size(32)]] {
      |                       ^
/home/yayoi/ghq/github.com/yqYo1/Strata/.worktree/sync-upstream-2026-10-05/sycl/src/kernels/cuda/iq_kernels.dp.cpp:2041:23: warning: kernel has both attribute 'sycl::reqd_sub_group_size' and kernel properties; if the kernel properties contains the property "sycl::ext::oneapi::experimental::sub_group_size" it will be ignored [-Wignored-attributes]
 2041 |                     [[sycl::reqd_sub_group_size(32)]] {
      |                       ^
/home/yayoi/ghq/github.com/yqYo1/Strata/.worktree/sync-upstream-2026-10-05/sycl/src/kernels/cuda/iq_kernels.dp.cpp:2041:23: warning: kernel has both attribute 'sycl::reqd_sub_group_size' and kernel properties; if the kernel properties contains the property "sycl::ext::oneapi::experimental::sub_group_size" it will be ignored [-Wignored-attributes]
/home/yayoi/ghq/github.com/yqYo1/Strata/.worktree/sync-upstream-2026-10-05/sycl/src/kernels/cuda/iq_kernels.dp.cpp:2041:23: warning: kernel has both attribute 'sycl::reqd_sub_group_size' and kernel properties; if the kernel properties contains the property "sycl::ext::oneapi::experimental::sub_group_size" it will be ignored [-Wignored-attributes]
/home/yayoi/ghq/github.com/yqYo1/Strata/.worktree/sync-upstream-2026-10-05/sycl/src/kernels/cuda/iq_kernels.dp.cpp:2041:23: warning: kernel has both attribute 'sycl::reqd_sub_group_size' and kernel properties; if the kernel properties contains the property "sycl::ext::oneapi::experimental::sub_group_size" it will be ignored [-Wignored-attributes]
/home/yayoi/ghq/github.com/yqYo1/Strata/.worktree/sync-upstream-2026-10-05/sycl/src/kernels/cuda/iq_kernels.dp.cpp:2041:23: warning: kernel has both attribute 'sycl::reqd_sub_group_size' and kernel properties; if the kernel properties contains the property "sycl::ext::oneapi::experimental::sub_group_size" it will be ignored [-Wignored-attributes]
/home/yayoi/ghq/github.com/yqYo1/Strata/.worktree/sync-upstream-2026-10-05/sycl/src/kernels/cuda/iq_kernels.dp.cpp:2180:33: warning: kernel has both attribute 'sycl::reqd_sub_group_size' and kernel properties; if the kernel properties contains the property "sycl::ext::oneapi::experimental::sub_group_size" it will be ignored [-Wignored-attributes]
 2180 |         [=](sycl::nd_item<3>) [[sycl::reqd_sub_group_size(32)]] {
      |                                 ^
/home/yayoi/ghq/github.com/yqYo1/Strata/.worktree/sync-upstream-2026-10-05/sycl/src/kernels/cuda/iq_kernels.dp.cpp:2180:33: warning: kernel has both attribute 'sycl::reqd_sub_group_size' and kernel properties; if the kernel properties contains the property "sycl::ext::oneapi::experimental::sub_group_size" it will be ignored [-Wignored-attributes]
/home/yayoi/ghq/github.com/yqYo1/Strata/.worktree/sync-upstream-2026-10-05/sycl/src/kernels/cuda/iq_kernels.dp.cpp:2180:33: warning: kernel has both attribute 'sycl::reqd_sub_group_size' and kernel properties; if the kernel properties contains the property "sycl::ext::oneapi::experimental::sub_group_size" it will be ignored [-Wignored-attributes]
/home/yayoi/ghq/github.com/yqYo1/Strata/.worktree/sync-upstream-2026-10-05/sycl/src/kernels/cuda/iq_kernels.dp.cpp:2180:33: warning: kernel has both attribute 'sycl::reqd_sub_group_size' and kernel properties; if the kernel properties contains the property "sycl::ext::oneapi::experimental::sub_group_size" it will be ignored [-Wignored-attributes]
/home/yayoi/ghq/github.com/yqYo1/Strata/.worktree/sync-upstream-2026-10-05/sycl/src/kernels/cuda/iq_kernels.dp.cpp:2245:23: warning: kernel has both attribute 'sycl::reqd_sub_group_size' and kernel properties; if the kernel properties contains the property "sycl::ext::oneapi::experimental::sub_group_size" it will be ignored [-Wignored-attributes]
 2245 |                     [[sycl::reqd_sub_group_size(32)]] {
      |                       ^
/home/yayoi/ghq/github.com/yqYo1/Strata/.worktree/sync-upstream-2026-10-05/sycl/src/kernels/cuda/iq_kernels.dp.cpp:2180:33: warning: kernel has both attribute 'sycl::reqd_sub_group_size' and kernel properties; if the kernel properties contains the property "sycl::ext::oneapi::experimental::sub_group_size" it will be ignored [-Wignored-attributes]
 2180 |         [=](sycl::nd_item<3>) [[sycl::reqd_sub_group_size(32)]] {
      |                                 ^
/home/yayoi/ghq/github.com/yqYo1/Strata/.worktree/sync-upstream-2026-10-05/sycl/src/kernels/cuda/iq_kernels.dp.cpp:2180:33: warning: kernel has both attribute 'sycl::reqd_sub_group_size' and kernel properties; if the kernel properties contains the property "sycl::ext::oneapi::experimental::sub_group_size" it will be ignored [-Wignored-attributes]
/home/yayoi/ghq/github.com/yqYo1/Strata/.worktree/sync-upstream-2026-10-05/sycl/src/kernels/cuda/iq_kernels.dp.cpp:2180:33: warning: kernel has both attribute 'sycl::reqd_sub_group_size' and kernel properties; if the kernel properties contains the property "sycl::ext::oneapi::experimental::sub_group_size" it will be ignored [-Wignored-attributes]
/home/yayoi/ghq/github.com/yqYo1/Strata/.worktree/sync-upstream-2026-10-05/sycl/src/kernels/cuda/iq_kernels.dp.cpp:2180:33: warning: kernel has both attribute 'sycl::reqd_sub_group_size' and kernel properties; if the kernel properties contains the property "sycl::ext::oneapi::experimental::sub_group_size" it will be ignored [-Wignored-attributes]
/home/yayoi/ghq/github.com/yqYo1/Strata/.worktree/sync-upstream-2026-10-05/sycl/src/kernels/cuda/iq_kernels.dp.cpp:2245:23: warning: kernel has both attribute 'sycl::reqd_sub_group_size' and kernel properties; if the kernel properties contains the property "sycl::ext::oneapi::experimental::sub_group_size" it will be ignored [-Wignored-attributes]
 2245 |                     [[sycl::reqd_sub_group_size(32)]] {
      |                       ^
/home/yayoi/ghq/github.com/yqYo1/Strata/.worktree/sync-upstream-2026-10-05/sycl/src/kernels/cuda/iq_kernels.dp.cpp:2180:33: warning: kernel has both attribute 'sycl::reqd_sub_group_size' and kernel properties; if the kernel properties contains the property "sycl::ext::oneapi::experimental::sub_group_size" it will be ignored [-Wignored-attributes]
 2180 |         [=](sycl::nd_item<3>) [[sycl::reqd_sub_group_size(32)]] {
      |                                 ^
/home/yayoi/ghq/github.com/yqYo1/Strata/.worktree/sync-upstream-2026-10-05/sycl/src/kernels/cuda/iq_kernels.dp.cpp:2180:33: warning: kernel has both attribute 'sycl::reqd_sub_group_size' and kernel properties; if the kernel properties contains the property "sycl::ext::oneapi::experimental::sub_group_size" it will be ignored [-Wignored-attributes]
/home/yayoi/ghq/github.com/yqYo1/Strata/.worktree/sync-upstream-2026-10-05/sycl/src/kernels/cuda/iq_kernels.dp.cpp:2180:33: warning: kernel has both attribute 'sycl::reqd_sub_group_size' and kernel properties; if the kernel properties contains the property "sycl::ext::oneapi::experimental::sub_group_size" it will be ignored [-Wignored-attributes]
/home/yayoi/ghq/github.com/yqYo1/Strata/.worktree/sync-upstream-2026-10-05/sycl/src/kernels/cuda/iq_kernels.dp.cpp:2180:33: warning: kernel has both attribute 'sycl::reqd_sub_group_size' and kernel properties; if the kernel properties contains the property "sycl::ext::oneapi::experimental::sub_group_size" it will be ignored [-Wignored-attributes]
/home/yayoi/ghq/github.com/yqYo1/Strata/.worktree/sync-upstream-2026-10-05/sycl/src/kernels/cuda/iq_kernels.dp.cpp:2245:23: warning: kernel has both attribute 'sycl::reqd_sub_group_size' and kernel properties; if the kernel properties contains the property "sycl::ext::oneapi::experimental::sub_group_size" it will be ignored [-Wignored-attributes]
 2245 |                     [[sycl::reqd_sub_group_size(32)]] {
      |                       ^
/home/yayoi/ghq/github.com/yqYo1/Strata/.worktree/sync-upstream-2026-10-05/sycl/src/kernels/cuda/iq_kernels.dp.cpp:2180:33: warning: kernel has both attribute 'sycl::reqd_sub_group_size' and kernel properties; if the kernel properties contains the property "sycl::ext::oneapi::experimental::sub_group_size" it will be ignored [-Wignored-attributes]
 2180 |         [=](sycl::nd_item<3>) [[sycl::reqd_sub_group_size(32)]] {
      |                                 ^
/home/yayoi/ghq/github.com/yqYo1/Strata/.worktree/sync-upstream-2026-10-05/sycl/src/kernels/cuda/iq_kernels.dp.cpp:2180:33: warning: kernel has both attribute 'sycl::reqd_sub_group_size' and kernel properties; if the kernel properties contains the property "sycl::ext::oneapi::experimental::sub_group_size" it will be ignored [-Wignored-attributes]
/home/yayoi/ghq/github.com/yqYo1/Strata/.worktree/sync-upstream-2026-10-05/sycl/src/kernels/cuda/iq_kernels.dp.cpp:2180:33: warning: kernel has both attribute 'sycl::reqd_sub_group_size' and kernel properties; if the kernel properties contains the property "sycl::ext::oneapi::experimental::sub_group_size" it will be ignored [-Wignored-attributes]
/home/yayoi/ghq/github.com/yqYo1/Strata/.worktree/sync-upstream-2026-10-05/sycl/src/kernels/cuda/iq_kernels.dp.cpp:2180:33: warning: kernel has both attribute 'sycl::reqd_sub_group_size' and kernel properties; if the kernel properties contains the property "sycl::ext::oneapi::experimental::sub_group_size" it will be ignored [-Wignored-attributes]
/home/yayoi/ghq/github.com/yqYo1/Strata/.worktree/sync-upstream-2026-10-05/sycl/src/kernels/cuda/iq_kernels.dp.cpp:2245:23: warning: kernel has both attribute 'sycl::reqd_sub_group_size' and kernel properties; if the kernel properties contains the property "sycl::ext::oneapi::experimental::sub_group_size" it will be ignored [-Wignored-attributes]
 2245 |                     [[sycl::reqd_sub_group_size(32)]] {
      |                       ^
/home/yayoi/ghq/github.com/yqYo1/Strata/.worktree/sync-upstream-2026-10-05/sycl/src/kernels/cuda/iq_kernels.dp.cpp:2180:33: warning: kernel has both attribute 'sycl::reqd_sub_group_size' and kernel properties; if the kernel properties contains the property "sycl::ext::oneapi::experimental::sub_group_size" it will be ignored [-Wignored-attributes]
 2180 |         [=](sycl::nd_item<3>) [[sycl::reqd_sub_group_size(32)]] {
      |                                 ^
/home/yayoi/ghq/github.com/yqYo1/Strata/.worktree/sync-upstream-2026-10-05/sycl/src/kernels/cuda/iq_kernels.dp.cpp:2180:33: warning: kernel has both attribute 'sycl::reqd_sub_group_size' and kernel properties; if the kernel properties contains the property "sycl::ext::oneapi::experimental::sub_group_size" it will be ignored [-Wignored-attributes]
/home/yayoi/ghq/github.com/yqYo1/Strata/.worktree/sync-upstream-2026-10-05/sycl/src/kernels/cuda/iq_kernels.dp.cpp:2180:33: warning: kernel has both attribute 'sycl::reqd_sub_group_size' and kernel properties; if the kernel properties contains the property "sycl::ext::oneapi::experimental::sub_group_size" it will be ignored [-Wignored-attributes]
/home/yayoi/ghq/github.com/yqYo1/Strata/.worktree/sync-upstream-2026-10-05/sycl/src/kernels/cuda/iq_kernels.dp.cpp:2180:33: warning: kernel has both attribute 'sycl::reqd_sub_group_size' and kernel properties; if the kernel properties contains the property "sycl::ext::oneapi::experimental::sub_group_size" it will be ignored [-Wignored-attributes]
/home/yayoi/ghq/github.com/yqYo1/Strata/.worktree/sync-upstream-2026-10-05/sycl/src/kernels/cuda/iq_kernels.dp.cpp:2245:23: warning: kernel has both attribute 'sycl::reqd_sub_group_size' and kernel properties; if the kernel properties contains the property "sycl::ext::oneapi::experimental::sub_group_size" it will be ignored [-Wignored-attributes]
 2245 |                     [[sycl::reqd_sub_group_size(32)]] {
      |                       ^
/home/yayoi/ghq/github.com/yqYo1/Strata/.worktree/sync-upstream-2026-10-05/sycl/src/kernels/cuda/iq_kernels.dp.cpp:2180:33: warning: kernel has both attribute 'sycl::reqd_sub_group_size' and kernel properties; if the kernel properties contains the property "sycl::ext::oneapi::experimental::sub_group_size" it will be ignored [-Wignored-attributes]
 2180 |         [=](sycl::nd_item<3>) [[sycl::reqd_sub_group_size(32)]] {
      |                                 ^
/home/yayoi/ghq/github.com/yqYo1/Strata/.worktree/sync-upstream-2026-10-05/sycl/src/kernels/cuda/iq_kernels.dp.cpp:2180:33: warning: kernel has both attribute 'sycl::reqd_sub_group_size' and kernel properties; if the kernel properties contains the property "sycl::ext::oneapi::experimental::sub_group_size" it will be ignored [-Wignored-attributes]
/home/yayoi/ghq/github.com/yqYo1/Strata/.worktree/sync-upstream-2026-10-05/sycl/src/kernels/cuda/iq_kernels.dp.cpp:2180:33: warning: kernel has both attribute 'sycl::reqd_sub_group_size' and kernel properties; if the kernel properties contains the property "sycl::ext::oneapi::experimental::sub_group_size" it will be ignored [-Wignored-attributes]
/home/yayoi/ghq/github.com/yqYo1/Strata/.worktree/sync-upstream-2026-10-05/sycl/src/kernels/cuda/iq_kernels.dp.cpp:2180:33: warning: kernel has both attribute 'sycl::reqd_sub_group_size' and kernel properties; if the kernel properties contains the property "sycl::ext::oneapi::experimental::sub_group_size" it will be ignored [-Wignored-attributes]
/home/yayoi/ghq/github.com/yqYo1/Strata/.worktree/sync-upstream-2026-10-05/sycl/src/kernels/cuda/iq_kernels.dp.cpp:2245:23: warning: kernel has both attribute 'sycl::reqd_sub_group_size' and kernel properties; if the kernel properties contains the property "sycl::ext::oneapi::experimental::sub_group_size" it will be ignored [-Wignored-attributes]
 2245 |                     [[sycl::reqd_sub_group_size(32)]] {
      |                       ^
/home/yayoi/ghq/github.com/yqYo1/Strata/.worktree/sync-upstream-2026-10-05/sycl/src/kernels/cuda/iq_kernels.dp.cpp:2180:33: warning: kernel has both attribute 'sycl::reqd_sub_group_size' and kernel properties; if the kernel properties contains the property "sycl::ext::oneapi::experimental::sub_group_size" it will be ignored [-Wignored-attributes]
 2180 |         [=](sycl::nd_item<3>) [[sycl::reqd_sub_group_size(32)]] {
      |                                 ^
/home/yayoi/ghq/github.com/yqYo1/Strata/.worktree/sync-upstream-2026-10-05/sycl/src/kernels/cuda/iq_kernels.dp.cpp:2180:33: warning: kernel has both attribute 'sycl::reqd_sub_group_size' and kernel properties; if the kernel properties contains the property "sycl::ext::oneapi::experimental::sub_group_size" it will be ignored [-Wignored-attributes]
/home/yayoi/ghq/github.com/yqYo1/Strata/.worktree/sync-upstream-2026-10-05/sycl/src/kernels/cuda/iq_kernels.dp.cpp:2180:33: warning: kernel has both attribute 'sycl::reqd_sub_group_size' and kernel properties; if the kernel properties contains the property "sycl::ext::oneapi::experimental::sub_group_size" it will be ignored [-Wignored-attributes]
/home/yayoi/ghq/github.com/yqYo1/Strata/.worktree/sync-upstream-2026-10-05/sycl/src/kernels/cuda/iq_kernels.dp.cpp:2180:33: warning: kernel has both attribute 'sycl::reqd_sub_group_size' and kernel properties; if the kernel properties contains the property "sycl::ext::oneapi::experimental::sub_group_size" it will be ignored [-Wignored-attributes]
/home/yayoi/ghq/github.com/yqYo1/Strata/.worktree/sync-upstream-2026-10-05/sycl/src/kernels/cuda/iq_kernels.dp.cpp:2245:23: warning: kernel has both attribute 'sycl::reqd_sub_group_size' and kernel properties; if the kernel properties contains the property "sycl::ext::oneapi::experimental::sub_group_size" it will be ignored [-Wignored-attributes]
 2245 |                     [[sycl::reqd_sub_group_size(32)]] {
      |                       ^
/home/yayoi/ghq/github.com/yqYo1/Strata/.worktree/sync-upstream-2026-10-05/sycl/src/kernels/cuda/iq_kernels.dp.cpp:2180:33: warning: kernel has both attribute 'sycl::reqd_sub_group_size' and kernel properties; if the kernel properties contains the property "sycl::ext::oneapi::experimental::sub_group_size" it will be ignored [-Wignored-attributes]
 2180 |         [=](sycl::nd_item<3>) [[sycl::reqd_sub_group_size(32)]] {
      |                                 ^
/home/yayoi/ghq/github.com/yqYo1/Strata/.worktree/sync-upstream-2026-10-05/sycl/src/kernels/cuda/iq_kernels.dp.cpp:2180:33: warning: kernel has both attribute 'sycl::reqd_sub_group_size' and kernel properties; if the kernel properties contains the property "sycl::ext::oneapi::experimental::sub_group_size" it will be ignored [-Wignored-attributes]
/home/yayoi/ghq/github.com/yqYo1/Strata/.worktree/sync-upstream-2026-10-05/sycl/src/kernels/cuda/iq_kernels.dp.cpp:2180:33: warning: kernel has both attribute 'sycl::reqd_sub_group_size' and kernel properties; if the kernel properties contains the property "sycl::ext::oneapi::experimental::sub_group_size" it will be ignored [-Wignored-attributes]
/home/yayoi/ghq/github.com/yqYo1/Strata/.worktree/sync-upstream-2026-10-05/sycl/src/kernels/cuda/iq_kernels.dp.cpp:2180:33: warning: kernel has both attribute 'sycl::reqd_sub_group_size' and kernel properties; if the kernel properties contains the property "sycl::ext::oneapi::experimental::sub_group_size" it will be ignored [-Wignored-attributes]
/home/yayoi/ghq/github.com/yqYo1/Strata/.worktree/sync-upstream-2026-10-05/sycl/src/kernels/cuda/iq_kernels.dp.cpp:2245:23: warning: kernel has both attribute 'sycl::reqd_sub_group_size' and kernel properties; if the kernel properties contains the property "sycl::ext::oneapi::experimental::sub_group_size" it will be ignored [-Wignored-attributes]
 2245 |                     [[sycl::reqd_sub_group_size(32)]] {
      |                       ^
/home/yayoi/ghq/github.com/yqYo1/Strata/.worktree/sync-upstream-2026-10-05/sycl/src/kernels/cuda/iq_kernels.dp.cpp:2180:33: warning: kernel has both attribute 'sycl::reqd_sub_group_size' and kernel properties; if the kernel properties contains the property "sycl::ext::oneapi::experimental::sub_group_size" it will be ignored [-Wignored-attributes]
 2180 |         [=](sycl::nd_item<3>) [[sycl::reqd_sub_group_size(32)]] {
      |                                 ^
/home/yayoi/ghq/github.com/yqYo1/Strata/.worktree/sync-upstream-2026-10-05/sycl/src/kernels/cuda/iq_kernels.dp.cpp:2180:33: warning: kernel has both attribute 'sycl::reqd_sub_group_size' and kernel properties; if the kernel properties contains the property "sycl::ext::oneapi::experimental::sub_group_size" it will be ignored [-Wignored-attributes]
/home/yayoi/ghq/github.com/yqYo1/Strata/.worktree/sync-upstream-2026-10-05/sycl/src/kernels/cuda/iq_kernels.dp.cpp:2180:33: warning: kernel has both attribute 'sycl::reqd_sub_group_size' and kernel properties; if the kernel properties contains the property "sycl::ext::oneapi::experimental::sub_group_size" it will be ignored [-Wignored-attributes]
/home/yayoi/ghq/github.com/yqYo1/Strata/.worktree/sync-upstream-2026-10-05/sycl/src/kernels/cuda/iq_kernels.dp.cpp:2180:33: warning: kernel has both attribute 'sycl::reqd_sub_group_size' and kernel properties; if the kernel properties contains the property "sycl::ext::oneapi::experimental::sub_group_size" it will be ignored [-Wignored-attributes]
/home/yayoi/ghq/github.com/yqYo1/Strata/.worktree/sync-upstream-2026-10-05/sycl/src/kernels/cuda/iq_kernels.dp.cpp:2180:33: warning: kernel has both attribute 'sycl::reqd_sub_group_size' and kernel properties; if the kernel properties contains the property "sycl::ext::oneapi::experimental::sub_group_size" it will be ignored [-Wignored-attributes]
/home/yayoi/ghq/github.com/yqYo1/Strata/.worktree/sync-upstream-2026-10-05/sycl/src/kernels/cuda/iq_kernels.dp.cpp:2180:33: warning: kernel has both attribute 'sycl::reqd_sub_group_size' and kernel properties; if the kernel properties contains the property "sycl::ext::oneapi::experimental::sub_group_size" it will be ignored [-Wignored-attributes]
/home/yayoi/ghq/github.com/yqYo1/Strata/.worktree/sync-upstream-2026-10-05/sycl/src/kernels/cuda/iq_kernels.dp.cpp:2180:33: warning: kernel has both attribute 'sycl::reqd_sub_group_size' and kernel properties; if the kernel properties contains the property "sycl::ext::oneapi::experimental::sub_group_size" it will be ignored [-Wignored-attributes]
/home/yayoi/ghq/github.com/yqYo1/Strata/.worktree/sync-upstream-2026-10-05/sycl/src/kernels/cuda/iq_kernels.dp.cpp:2180:33: warning: kernel has both attribute 'sycl::reqd_sub_group_size' and kernel properties; if the kernel properties contains the property "sycl::ext::oneapi::experimental::sub_group_size" it will be ignored [-Wignored-attributes]
/home/yayoi/ghq/github.com/yqYo1/Strata/.worktree/sync-upstream-2026-10-05/sycl/src/kernels/cuda/iq_kernels.dp.cpp:2180:33: warning: kernel has both attribute 'sycl::reqd_sub_group_size' and kernel properties; if the kernel properties contains the property "sycl::ext::oneapi::experimental::sub_group_size" it will be ignored [-Wignored-attributes]
/home/yayoi/ghq/github.com/yqYo1/Strata/.worktree/sync-upstream-2026-10-05/sycl/src/kernels/cuda/iq_kernels.dp.cpp:2180:33: warning: kernel has both attribute 'sycl::reqd_sub_group_size' and kernel properties; if the kernel properties contains the property "sycl::ext::oneapi::experimental::sub_group_size" it will be ignored [-Wignored-attributes]
/home/yayoi/ghq/github.com/yqYo1/Strata/.worktree/sync-upstream-2026-10-05/sycl/src/kernels/cuda/iq_kernels.dp.cpp:2180:33: warning: kernel has both attribute 'sycl::reqd_sub_group_size' and kernel properties; if the kernel properties contains the property "sycl::ext::oneapi::experimental::sub_group_size" it will be ignored [-Wignored-attributes]
/home/yayoi/ghq/github.com/yqYo1/Strata/.worktree/sync-upstream-2026-10-05/sycl/src/kernels/cuda/iq_kernels.dp.cpp:2180:33: warning: kernel has both attribute 'sycl::reqd_sub_group_size' and kernel properties; if the kernel properties contains the property "sycl::ext::oneapi::experimental::sub_group_size" it will be ignored [-Wignored-attributes]
/home/yayoi/ghq/github.com/yqYo1/Strata/.worktree/sync-upstream-2026-10-05/sycl/src/kernels/cuda/iq_kernels.dp.cpp:2180:33: warning: kernel has both attribute 'sycl::reqd_sub_group_size' and kernel properties; if the kernel properties contains the property "sycl::ext::oneapi::experimental::sub_group_size" it will be ignored [-Wignored-attributes]
/home/yayoi/ghq/github.com/yqYo1/Strata/.worktree/sync-upstream-2026-10-05/sycl/src/kernels/cuda/iq_kernels.dp.cpp:2180:33: warning: kernel has both attribute 'sycl::reqd_sub_group_size' and kernel properties; if the kernel properties contains the property "sycl::ext::oneapi::experimental::sub_group_size" it will be ignored [-Wignored-attributes]
/home/yayoi/ghq/github.com/yqYo1/Strata/.worktree/sync-upstream-2026-10-05/sycl/src/kernels/cuda/iq_kernels.dp.cpp:2180:33: warning: kernel has both attribute 'sycl::reqd_sub_group_size' and kernel properties; if the kernel properties contains the property "sycl::ext::oneapi::experimental::sub_group_size" it will be ignored [-Wignored-attributes]
/home/yayoi/ghq/github.com/yqYo1/Strata/.worktree/sync-upstream-2026-10-05/sycl/src/kernels/cuda/iq_kernels.dp.cpp:2180:33: warning: kernel has both attribute 'sycl::reqd_sub_group_size' and kernel properties; if the kernel properties contains the property "sycl::ext::oneapi::experimental::sub_group_size" it will be ignored [-Wignored-attributes]
/home/yayoi/ghq/github.com/yqYo1/Strata/.worktree/sync-upstream-2026-10-05/sycl/src/kernels/cuda/iq_kernels.dp.cpp:2566:23: warning: kernel has both attribute 'sycl::reqd_sub_group_size' and kernel properties; if the kernel properties contains the property "sycl::ext::oneapi::experimental::sub_group_size" it will be ignored [-Wignored-attributes]
 2566 |                     [[sycl::reqd_sub_group_size(32)]] {
      |                       ^
/home/yayoi/ghq/github.com/yqYo1/Strata/.worktree/sync-upstream-2026-10-05/sycl/src/kernels/cuda/iq_kernels.dp.cpp:2580:46: warning: kernel has both attribute 'sycl::reqd_sub_group_size' and kernel properties; if the kernel properties contains the property "sycl::ext::oneapi::experimental::sub_group_size" it will be ignored [-Wignored-attributes]
 2580 |             [=](sycl::nd_item<3> item_ct1) [[sycl::reqd_sub_group_size(32)]] {
      |                                              ^
/home/yayoi/ghq/github.com/yqYo1/Strata/.worktree/sync-upstream-2026-10-05/sycl/src/kernels/cuda/iq_kernels.dp.cpp:2204:33: warning: kernel has both attribute 'sycl::reqd_sub_group_size' and kernel properties; if the kernel properties contains the property "sycl::ext::oneapi::experimental::sub_group_size" it will be ignored [-Wignored-attributes]
 2204 |         [=](sycl::nd_item<3>) [[sycl::reqd_sub_group_size(32)]] {
      |                                 ^
/home/yayoi/ghq/github.com/yqYo1/Strata/.worktree/sync-upstream-2026-10-05/sycl/src/kernels/cuda/iq_kernels.dp.cpp:2204:33: warning: kernel has both attribute 'sycl::reqd_sub_group_size' and kernel properties; if the kernel properties contains the property "sycl::ext::oneapi::experimental::sub_group_size" it will be ignored [-Wignored-attributes]
/home/yayoi/ghq/github.com/yqYo1/Strata/.worktree/sync-upstream-2026-10-05/sycl/src/kernels/cuda/iq_kernels.dp.cpp:2204:33: warning: kernel has both attribute 'sycl::reqd_sub_group_size' and kernel properties; if the kernel properties contains the property "sycl::ext::oneapi::experimental::sub_group_size" it will be ignored [-Wignored-attributes]
/home/yayoi/ghq/github.com/yqYo1/Strata/.worktree/sync-upstream-2026-10-05/sycl/src/kernels/cuda/iq_kernels.dp.cpp:2204:33: warning: kernel has both attribute 'sycl::reqd_sub_group_size' and kernel properties; if the kernel properties contains the property "sycl::ext::oneapi::experimental::sub_group_size" it will be ignored [-Wignored-attributes]
/home/yayoi/ghq/github.com/yqYo1/Strata/.worktree/sync-upstream-2026-10-05/sycl/src/kernels/cuda/iq_kernels.dp.cpp:2278:23: warning: kernel has both attribute 'sycl::reqd_sub_group_size' and kernel properties; if the kernel properties contains the property "sycl::ext::oneapi::experimental::sub_group_size" it will be ignored [-Wignored-attributes]
 2278 |                     [[sycl::reqd_sub_group_size(32)]] {
      |                       ^
/home/yayoi/ghq/github.com/yqYo1/Strata/.worktree/sync-upstream-2026-10-05/sycl/src/kernels/cuda/iq_kernels.dp.cpp:2204:33: warning: kernel has both attribute 'sycl::reqd_sub_group_size' and kernel properties; if the kernel properties contains the property "sycl::ext::oneapi::experimental::sub_group_size" it will be ignored [-Wignored-attributes]
 2204 |         [=](sycl::nd_item<3>) [[sycl::reqd_sub_group_size(32)]] {
      |                                 ^
/home/yayoi/ghq/github.com/yqYo1/Strata/.worktree/sync-upstream-2026-10-05/sycl/src/kernels/cuda/iq_kernels.dp.cpp:2204:33: warning: kernel has both attribute 'sycl::reqd_sub_group_size' and kernel properties; if the kernel properties contains the property "sycl::ext::oneapi::experimental::sub_group_size" it will be ignored [-Wignored-attributes]
/home/yayoi/ghq/github.com/yqYo1/Strata/.worktree/sync-upstream-2026-10-05/sycl/src/kernels/cuda/iq_kernels.dp.cpp:2204:33: warning: kernel has both attribute 'sycl::reqd_sub_group_size' and kernel properties; if the kernel properties contains the property "sycl::ext::oneapi::experimental::sub_group_size" it will be ignored [-Wignored-attributes]
/home/yayoi/ghq/github.com/yqYo1/Strata/.worktree/sync-upstream-2026-10-05/sycl/src/kernels/cuda/iq_kernels.dp.cpp:2204:33: warning: kernel has both attribute 'sycl::reqd_sub_group_size' and kernel properties; if the kernel properties contains the property "sycl::ext::oneapi::experimental::sub_group_size" it will be ignored [-Wignored-attributes]
/home/yayoi/ghq/github.com/yqYo1/Strata/.worktree/sync-upstream-2026-10-05/sycl/src/kernels/cuda/iq_kernels.dp.cpp:2278:23: warning: kernel has both attribute 'sycl::reqd_sub_group_size' and kernel properties; if the kernel properties contains the property "sycl::ext::oneapi::experimental::sub_group_size" it will be ignored [-Wignored-attributes]
 2278 |                     [[sycl::reqd_sub_group_size(32)]] {
      |                       ^
/home/yayoi/ghq/github.com/yqYo1/Strata/.worktree/sync-upstream-2026-10-05/sycl/src/kernels/cuda/iq_kernels.dp.cpp:2204:33: warning: kernel has both attribute 'sycl::reqd_sub_group_size' and kernel properties; if the kernel properties contains the property "sycl::ext::oneapi::experimental::sub_group_size" it will be ignored [-Wignored-attributes]
 2204 |         [=](sycl::nd_item<3>) [[sycl::reqd_sub_group_size(32)]] {
      |                                 ^
/home/yayoi/ghq/github.com/yqYo1/Strata/.worktree/sync-upstream-2026-10-05/sycl/src/kernels/cuda/iq_kernels.dp.cpp:2204:33: warning: kernel has both attribute 'sycl::reqd_sub_group_size' and kernel properties; if the kernel properties contains the property "sycl::ext::oneapi::experimental::sub_group_size" it will be ignored [-Wignored-attributes]
/home/yayoi/ghq/github.com/yqYo1/Strata/.worktree/sync-upstream-2026-10-05/sycl/src/kernels/cuda/iq_kernels.dp.cpp:2204:33: warning: kernel has both attribute 'sycl::reqd_sub_group_size' and kernel properties; if the kernel properties contains the property "sycl::ext::oneapi::experimental::sub_group_size" it will be ignored [-Wignored-attributes]
/home/yayoi/ghq/github.com/yqYo1/Strata/.worktree/sync-upstream-2026-10-05/sycl/src/kernels/cuda/iq_kernels.dp.cpp:2204:33: warning: kernel has both attribute 'sycl::reqd_sub_group_size' and kernel properties; if the kernel properties contains the property "sycl::ext::oneapi::experimental::sub_group_size" it will be ignored [-Wignored-attributes]
/home/yayoi/ghq/github.com/yqYo1/Strata/.worktree/sync-upstream-2026-10-05/sycl/src/kernels/cuda/iq_kernels.dp.cpp:2278:23: warning: kernel has both attribute 'sycl::reqd_sub_group_size' and kernel properties; if the kernel properties contains the property "sycl::ext::oneapi::experimental::sub_group_size" it will be ignored [-Wignored-attributes]
 2278 |                     [[sycl::reqd_sub_group_size(32)]] {
      |                       ^
/home/yayoi/ghq/github.com/yqYo1/Strata/.worktree/sync-upstream-2026-10-05/sycl/src/kernels/cuda/iq_kernels.dp.cpp:2204:33: warning: kernel has both attribute 'sycl::reqd_sub_group_size' and kernel properties; if the kernel properties contains the property "sycl::ext::oneapi::experimental::sub_group_size" it will be ignored [-Wignored-attributes]
 2204 |         [=](sycl::nd_item<3>) [[sycl::reqd_sub_group_size(32)]] {
      |                                 ^
/home/yayoi/ghq/github.com/yqYo1/Strata/.worktree/sync-upstream-2026-10-05/sycl/src/kernels/cuda/iq_kernels.dp.cpp:2204:33: warning: kernel has both attribute 'sycl::reqd_sub_group_size' and kernel properties; if the kernel properties contains the property "sycl::ext::oneapi::experimental::sub_group_size" it will be ignored [-Wignored-attributes]
/home/yayoi/ghq/github.com/yqYo1/Strata/.worktree/sync-upstream-2026-10-05/sycl/src/kernels/cuda/iq_kernels.dp.cpp:2204:33: warning: kernel has both attribute 'sycl::reqd_sub_group_size' and kernel properties; if the kernel properties contains the property "sycl::ext::oneapi::experimental::sub_group_size" it will be ignored [-Wignored-attributes]
/home/yayoi/ghq/github.com/yqYo1/Strata/.worktree/sync-upstream-2026-10-05/sycl/src/kernels/cuda/iq_kernels.dp.cpp:2204:33: warning: kernel has both attribute 'sycl::reqd_sub_group_size' and kernel properties; if the kernel properties contains the property "sycl::ext::oneapi::experimental::sub_group_size" it will be ignored [-Wignored-attributes]
/home/yayoi/ghq/github.com/yqYo1/Strata/.worktree/sync-upstream-2026-10-05/sycl/src/kernels/cuda/iq_kernels.dp.cpp:2204:33: warning: kernel has both attribute 'sycl::reqd_sub_group_size' and kernel properties; if the kernel properties contains the property "sycl::ext::oneapi::experimental::sub_group_size" it will be ignored [-Wignored-attributes]
/home/yayoi/ghq/github.com/yqYo1/Strata/.worktree/sync-upstream-2026-10-05/sycl/src/kernels/cuda/iq_kernels.dp.cpp:2204:33: warning: kernel has both attribute 'sycl::reqd_sub_group_size' and kernel properties; if the kernel properties contains the property "sycl::ext::oneapi::experimental::sub_group_size" it will be ignored [-Wignored-attributes]
/home/yayoi/ghq/github.com/yqYo1/Strata/.worktree/sync-upstream-2026-10-05/sycl/src/kernels/cuda/iq_kernels.dp.cpp:2204:33: warning: kernel has both attribute 'sycl::reqd_sub_group_size' and kernel properties; if the kernel properties contains the property "sycl::ext::oneapi::experimental::sub_group_size" it will be ignored [-Wignored-attributes]
/home/yayoi/ghq/github.com/yqYo1/Strata/.worktree/sync-upstream-2026-10-05/sycl/src/kernels/cuda/iq_kernels.dp.cpp:2204:33: warning: kernel has both attribute 'sycl::reqd_sub_group_size' and kernel properties; if the kernel properties contains the property "sycl::ext::oneapi::experimental::sub_group_size" it will be ignored [-Wignored-attributes]
/home/yayoi/ghq/github.com/yqYo1/Strata/.worktree/sync-upstream-2026-10-05/sycl/src/kernels/cuda/iq_kernels.dp.cpp:2204:33: warning: kernel has both attribute 'sycl::reqd_sub_group_size' and kernel properties; if the kernel properties contains the property "sycl::ext::oneapi::experimental::sub_group_size" it will be ignored [-Wignored-attributes]
/home/yayoi/ghq/github.com/yqYo1/Strata/.worktree/sync-upstream-2026-10-05/sycl/src/kernels/cuda/iq_kernels.dp.cpp:2204:33: warning: kernel has both attribute 'sycl::reqd_sub_group_size' and kernel properties; if the kernel properties contains the property "sycl::ext::oneapi::experimental::sub_group_size" it will be ignored [-Wignored-attributes]
/home/yayoi/ghq/github.com/yqYo1/Strata/.worktree/sync-upstream-2026-10-05/sycl/src/kernels/cuda/iq_kernels.dp.cpp:2204:33: warning: kernel has both attribute 'sycl::reqd_sub_group_size' and kernel properties; if the kernel properties contains the property "sycl::ext::oneapi::experimental::sub_group_size" it will be ignored [-Wignored-attributes]
/home/yayoi/ghq/github.com/yqYo1/Strata/.worktree/sync-upstream-2026-10-05/sycl/src/kernels/cuda/iq_kernels.dp.cpp:2204:33: warning: kernel has both attribute 'sycl::reqd_sub_group_size' and kernel properties; if the kernel properties contains the property "sycl::ext::oneapi::experimental::sub_group_size" it will be ignored [-Wignored-attributes]
136 warnings generated.
