25/29 Testing: gdn_variant_parity
25/29 Test: gdn_variant_parity
Command: "/home/yayoi/ghq/github.com/yqYo1/Strata/.worktree/sync-upstream-2026-10-05/build-sycl-upstream-jit/gdn_variant_parity"
Directory: /home/yayoi/ghq/github.com/yqYo1/Strata/.worktree/sync-upstream-2026-10-05/build-sycl-upstream-jit
"gdn_variant_parity" start time: Oct 05 09:03 JST
Output:
----------------------------------------------------------
PASS T=1 launched=0 state_unequal=0 output_unequal=0 half_unequal=0 guards=0 finite=1 original=0.013836ms variant=0.013784ms
PASS T=17 launched=0 state_unequal=0 output_unequal=0 half_unequal=0 guards=0 finite=1 original=0.058400ms variant=0.058865ms
PASS T=255 launched=0 state_unequal=0 output_unequal=0 half_unequal=0 guards=0 finite=1 original=0.777860ms variant=0.782739ms
resources requested_SG=16 requested_GRF=256 private=0 spill=0 bytes
PASS T=256 launched=1 state_unequal=0 output_unequal=0 half_unequal=0 guards=0 finite=1 original=0.656207ms variant=0.537742ms
PASS T=257 launched=1 state_unequal=0 output_unequal=0 half_unequal=0 guards=0 finite=1 original=0.561417ms variant=0.450704ms
PASS T=1024 launched=1 state_unequal=0 output_unequal=0 half_unequal=0 guards=0 finite=1 original=1.770137ms variant=1.448342ms
PASS T=4096 launched=1 state_unequal=0 output_unequal=0 half_unequal=0 guards=0 finite=1 original=7.341514ms variant=6.415066ms
PASS T=8192 launched=1 state_unequal=0 output_unequal=0 half_unequal=0 guards=0 finite=1 original=16.984150ms variant=13.627741ms
PASS all 8 cases: full state, FP32 output, FP16 output and guards
<end of output>
Test time =  24.08 sec
----------------------------------------------------------
Test Passed.
"gdn_variant_parity" end time: Oct 05 09:03 JST
"gdn_variant_parity" time elapsed: 00:00:24
----------------------------------------------------------

