INFO context=512 kv=fp16 kv_resident=0 expert_slots=3792 expert_cache_mib=4999 expert_slots_primary=3792 expert_cache_primary_mib=4999 spec=4 mtp_max=0 lookup=0 vram_free_mib=504 cvec=0 arena_mib=32400 pool_workers=4 pcie_frac=0.00 spec_min_p=0.70 conversation_cache_mib=0 conversation_cache_slots=4 conversation_cache_min_free_mib=2560 engine=0.1.34
READY 512 stop
RESUME 0
PP 16 37 2071 7.7
PP 30 37 3914 7.7
PP 36 37 5062 7.1
REUSED 0
T 760
T 10849
T 88851
T 2272
T 279
T 3136
T 24520
T 314
T 279
T 2235
T 6522
T 11
T 264
T 57040
T 22472
T 5143
T 421
T 17515
T 279
T 79496
T 314
T 279
T 36600
T 8598
T 303
T 279
T 8858
T 13
T 82697
T 11
T 264
T 20922
T 4658
T 15680
T 440
T 5888
T 430
T 23271
T 430
T 780
T 3838
T 11
T 7338
T 304
T 10338
T 888
T 279
T 54231
T 16456
T 13
T 561
T 8598
T 995
T 10184
T 11
T 1141
T 4593
T 19088
T 303
T 854
T 11
T 321
T 82697
T 6273
T 264
T 11012
T 52011
T 310
T 14519
T 1141
T 35091
T 13
T 271
T 1465
T 15060
T 6747
T 279
T 70848
T 11
T 29621
T 279
T 34844
T 51373
T 321
T 34036
T 39784
T 13
T 561
T 3594
T 82738
T 314
T 38936
T 7339
T 321
T 5415
T 13
T 82697
T 725
T 18645
T 11
T 58025
T 440
T 60269
T 11
T 7481
T 440
T 42122
T 15579
T 13
T 1216
T 22643
T 279
T 85729
T 1078
T 11
T 21873
T 279
T 40156
T 16012
T 67490
T 440
T 4574
T 43614
T 13
T 8618
T 4066
T 314
T 279
DONE 128 37 5061.7 6686.6 length 45 83 0 40272 80160 0 0 0.0
RESUME 30
PP 36 37 1052 5.7
REUSED 30
T 760
T 10849
T 88851
T 2272
T 279
T 3136
T 24520
T 314
T 279
T 2235
T 6522
T 11
T 264
T 57040
T 22472
T 5143
T 421
T 17515
T 279
T 79496
T 314
T 279
T 36600
T 8598
T 303
T 279
T 8858
T 13
T 82697
T 11
T 264
T 20922
T 4658
T 15680
T 440
T 5888
T 430
T 23271
T 430
T 780
T 3838
T 11
T 7338
T 1518
T 279
T 54231
T 16456
T 13
T 561
T 8598
T 995
T 10184
T 11
T 1141
T 40156
T 16012
T 20078
T 79438
T 11
T 264
T 20413
T 58170
T 310
T 854
T 5384
T 13
T 271
T 1465
T 8660
T 279
T 70848
T 11
T 29621
T 279
T 34844
T 51373
T 321
T 34036
T 39784
T 13
T 561
T 3594
T 82738
T 314
T 38936
T 7339
T 321
T 5415
T 13
T 82697
T 15060
T 6747
T 279
T 65835
T 2550
T 11
T 23331
T 286
T 424
T 364
T 34432
T 13
T 1049
T 557
T 33295
T 11
T 694
T 279
T 85729
T 1078
T 557
T 19461
T 1993
T 440
T 264
T 13280
T 23177
T 314
T 15333
T 11
T 264
T 85928
T 31126
T 421
T 995
T 58068
T 279
T 6453
DONE 128 37 1052.2 5119.0 length 53 81 30 57947 74880 0 0 0.0
RESUME 0
PP 16 45 2010 8.0
PP 32 45 3865 8.3
PP 38 45 5181 7.3
PP 44 45 6337 6.9
REUSED 0
T 71093
T 12305
T 198
T 727
T 10562
T 39914
T 36053
T 7080
T 16
T 25
T 1103
T 18078
T 1089
T 1103
T 17
T 25
T 1103
T 18078
T 2387
T 1411
T 1103
T 18078
T 5491
T 198
T 262
T 4071
T 198
T 262
T 38754
T 1330
T 10300
T 11140
T 314
T 24959
T 1083
T 799
T 10300
T 1103
T 13
T 271
T 262
T 37539
T 264
T 1330
T 55755
T 5313
T 310
T 10562
T 303
T 496
T 1393
T 478
T 295
T 8
T 854
T 13
T 271
T 262
T 17167
T 25
T 198
T 285
T 1103
T 16
T 25
T 5339
T 10300
T 1103
T 314
T 24959
T 13
T 198
T 285
T 1103
T 17
T 25
T 10130
T 10300
T 1103
T 314
T 24959
T 13
T 271
T 262
T 5019
T 25
T 198
T 285
T 357
T 491
T 10300
T 1103
T 8222
T 660
T 5255
T 494
T 2107
T 11140
T 13
T 198
T 262
T 4071
T 198
T 262
T 25170
T 283
T 2958
T 198
T 262
T 585
T 11
T 492
T 283
T 220
T 15
T 11
T 220
T 15
T 271
T 262
T 1345
T 585
T 361
T 2343
T 7080
T 16
T 8
T 321
DONE 128 45 6336.7 4982.2 length 89 93 0 19847 63840 0 0 0.0
RESUME 38
PP 44 45 1038 5.8
REUSED 38
T 71093
T 12305
T 198
T 727
T 10562
T 39914
T 36053
T 7080
T 16
T 25
T 1103
T 18078
T 1089
T 1103
T 17
T 25
T 1103
T 18078
T 2387
T 1411
T 1103
T 18078
T 5491
T 198
T 262
T 4071
T 198
T 262
T 38754
T 1330
T 10300
T 11140
T 314
T 24959
T 1083
T 799
T 10300
T 1103
T 13
T 271
T 262
T 37539
T 264
T 1330
T 55755
T 5313
T 310
T 10562
T 303
T 496
T 1393
T 478
T 295
T 8
T 854
T 13
T 271
T 262
T 17167
T 25
T 198
T 285
T 1103
T 16
T 25
T 5339
T 10300
T 1103
T 314
T 24959
T 13
T 198
T 285
T 1103
T 17
T 25
T 10130
T 10300
T 1103
T 314
T 24959
T 13
T 271
T 262
T 5019
T 25
T 198
T 285
T 357
T 491
T 10300
T 1103
T 8222
T 660
T 5255
T 494
T 2107
T 11140
T 13
T 198
T 262
T 4071
T 198
T 262
T 25170
T 283
T 2958
T 198
T 262
T 585
T 283
T 220
T 15
T 220
T 653
T 7210
T 364
T 1103
T 16
T 198
T 262
T 492
T 283
T 220
T 15
T 220
T 653
T 7210
DONE 128 45 1038.2 4405.6 length 88 95 38 33753 64800 0 0 0.0
RESUME 0
PP 16 37 2021 7.9
PP 30 37 3761 8.0
PP 36 37 4882 7.4
REUSED 0
T 760
DONE 1 37 4882.0 56.2 cancel 0 0 0 194 480 0 0 0.0
RESUME 30
PP 36 37 1059 5.7
REUSED 30
T 760
T 10849
T 88851
T 2272
T 279
T 3136
T 24520
T 314
DONE 8 37 1058.8 340.4 length 7 7 30 3159 5280 0 0 0.0
