INFO context=512 kv=fp16 kv_resident=0 expert_slots=3792 expert_cache_mib=4999 expert_slots_primary=3792 expert_cache_primary_mib=4999 spec=4 mtp_max=0 lookup=0 vram_free_mib=504 cvec=0 arena_mib=32400 pool_workers=4 pcie_frac=0.00 spec_min_p=0.90 conversation_cache_mib=0 conversation_cache_slots=4 conversation_cache_min_free_mib=2560 engine=0.1.34
READY 512 stop
RESUME 0
PP 16 37 2072 7.7
PP 30 37 3917 7.7
PP 36 37 5055 7.1
REUSED 0
T 760
T 10849
T 88851
T 2272
T 279
T 3136
T 24520
T 314
T 279
T 2235
T 6522
T 11
T 264
T 57040
T 22472
T 5143
T 421
T 17515
T 279
T 79496
T 314
T 279
T 36600
T 8598
T 303
T 279
T 8858
T 13
T 82697
T 11
T 264
T 20922
T 4658
T 15680
T 440
T 5888
T 421
T 17621
T 36412
T 9781
T 494
T 4092
T 694
T 2496
T 494
T 25969
T 11
T 7338
T 304
T 10338
T 888
T 279
T 16456
T 13
T 561
T 8598
T 995
T 10184
T 506
T 220
T 19
T 25
T 16
T 22
T 5670
T 11
T 6681
T 948
T 279
T 13071
T 14009
T 11
T 321
T 424
T 995
T 14195
T 20413
T 364
T 2250
T 2756
T 13
T 271
T 36
T 69388
T 22643
T 780
T 8195
T 7520
T 27233
T 11
T 279
T 33800
T 29262
T 3072
T 9781
T 303
T 279
T 63712
T 3594
T 13
T 1216
T 15060
T 6747
T 279
T 34844
T 70848
T 11
T 29621
T 279
T 54231
T 14810
T 314
T 51373
T 321
T 39784
T 23221
T 13
T 561
T 65835
T 2550
T 557
T 33295
T 11
T 694
T 279
T 85729
T 1078
T 21010
DONE 128 37 5054.9 6050.4 length 38 48 0 35801 66240 0 0 0.0
RESUME 30
PP 36 37 1046 5.7
REUSED 30
T 760
T 10849
T 88851
T 2272
T 279
T 3136
T 24520
T 314
T 279
T 2235
T 6522
T 11
T 264
T 57040
T 22472
T 5143
T 421
T 17515
T 279
T 79496
T 314
T 279
T 36600
T 8598
T 303
T 279
T 8858
T 13
T 82697
T 11
T 264
T 20922
T 4658
T 15680
T 440
T 5888
T 430
T 23271
T 430
T 780
T 3838
T 11
T 7338
T 304
T 10338
T 888
T 279
T 54231
T 16456
T 13
T 561
T 8598
T 995
T 10184
T 506
T 220
T 19
T 25
T 16
T 22
T 5670
T 11
T 6681
T 948
T 279
T 13071
T 14009
T 11
T 321
T 424
T 995
T 14195
T 20413
T 364
T 2250
T 2756
T 13
T 271
T 36
T 69388
T 22643
T 780
T 8195
T 7520
T 27705
T 370
T 11
T 1016
T 4519
T 1083
T 279
T 34844
T 51373
T 13
T 1216
T 5532
T 1357
T 1066
T 34082
T 264
T 5484
T 26
T 551
T 557
T 47455
T 264
T 50355
T 13
T 561
T 65835
T 2550
T 557
T 33295
T 11
T 694
T 279
T 85729
T 1078
T 995
T 41065
T 11
T 264
T 13280
T 24695
T 5605
T 45569
T 539
T 279
DONE 128 37 1045.6 5027.7 length 36 42 30 49103 64320 0 0 0.0
RESUME 0
PP 16 45 2026 7.9
PP 32 45 3918 8.2
PP 38 45 5258 7.2
PP 44 45 6403 6.9
REUSED 0
T 71093
T 12305
T 198
T 727
T 10562
T 39914
T 36053
T 7080
T 16
T 25
T 1103
T 18078
T 1089
T 1103
T 17
T 25
T 1103
T 18078
T 2387
T 1411
T 1103
T 18078
T 5491
T 198
T 262
T 4071
T 198
T 262
T 38754
T 1330
T 10300
T 11140
T 314
T 24959
T 1083
T 799
T 10300
T 1103
T 13
T 271
T 262
T 37539
T 264
T 1330
T 55755
T 5313
T 310
T 10562
T 303
T 496
T 1393
T 478
T 295
T 8
T 854
T 13
T 271
T 262
T 17167
T 25
T 198
T 285
T 1103
T 16
T 25
T 357
T 10300
T 1103
T 314
T 24959
T 13
T 198
T 285
T 1103
T 17
T 25
T 357
T 10300
T 1103
T 314
T 24959
T 13
T 271
T 262
T 5019
T 25
T 198
T 285
T 357
T 491
T 10300
T 1103
T 8222
T 660
T 5255
T 494
T 2107
T 11140
T 13
T 198
T 262
T 4071
T 198
T 262
T 25170
T 283
T 2958
T 198
T 262
T 585
T 283
T 220
T 15
T 220
T 653
T 7210
T 364
T 1103
T 16
T 198
T 262
T 492
T 283
T 220
T 15
T 220
T 653
T 7210
DONE 128 45 6403.3 4942.6 length 86 90 0 20295 63360 0 0 0.0
RESUME 38
PP 44 45 1028 5.8
REUSED 38
T 71093
T 12305
T 198
T 727
T 10562
T 39914
T 36053
T 7080
T 16
T 25
T 1103
T 18078
T 1089
T 1103
T 17
T 25
T 1103
T 18078
T 2387
T 1411
T 1103
T 18078
T 5491
T 198
T 262
T 4071
T 198
T 262
T 38754
T 1330
T 10300
T 11140
T 314
T 24959
T 1083
T 799
T 10300
T 1103
T 13
T 271
T 262
T 37539
T 264
T 1330
T 55755
T 5313
T 310
T 10562
T 303
T 496
T 1393
T 478
T 295
T 8
T 854
T 13
T 271
T 262
T 17167
T 25
T 198
T 285
T 1103
T 16
T 25
T 5339
T 10300
T 1103
T 314
T 24959
T 13
T 198
T 285
T 1103
T 17
T 25
T 10130
T 10300
T 1103
T 314
T 24959
T 13
T 271
T 262
T 5019
T 25
T 198
T 285
T 357
T 491
T 10300
T 1103
T 8222
T 660
T 5255
T 494
T 2107
T 11140
T 13
T 198
T 262
T 4071
T 198
T 262
T 25170
T 283
T 2958
T 198
T 262
T 585
T 11
T 492
T 283
T 220
T 15
T 11
T 220
T 15
T 271
T 262
T 1345
T 585
T 361
T 2343
T 7080
T 16
T 8
T 321
DONE 128 45 1028.1 4309.5 length 88 90 38 32311 62880 0 0 0.0
RESUME 0
PP 16 37 2010 8.0
PP 30 37 3759 8.0
PP 36 37 4863 7.4
REUSED 0
T 760
DONE 1 37 4862.5 52.0 cancel 0 0 0 215 480 0 0 0.0
RESUME 30
PP 36 37 1045 5.7
REUSED 30
T 760
T 10849
T 88851
T 2272
T 279
T 3136
T 24520
T 314
DONE 8 37 1045.4 324.3 length 3 3 30 2373 3840 0 0 0.0
