p1-base start
p1-base request 0 8.479 tok/s
p1-base request 1 7.307 tok/s
p1-base request 2 7.304 tok/s
p1-base PASS full head/IDs/logprobs
p1-thp start
p1-thp request 0 8.448 tok/s
p1-thp request 1 7.326 tok/s
p1-thp request 2 7.340 tok/s
p1-thp PASS full head/IDs/logprobs
p2-thp start
p2-thp request 0 8.630 tok/s
p2-thp request 1 7.347 tok/s
p2-thp request 2 7.326 tok/s
p2-thp PASS full head/IDs/logprobs
p2-base start
p2-base request 0 8.438 tok/s
p2-base request 1 7.304 tok/s
p2-base request 2 7.369 tok/s
p2-base PASS full head/IDs/logprobs
p3-base start
p3-base request 0 8.402 tok/s
p3-base request 1 7.311 tok/s
p3-base request 2 7.287 tok/s
p3-base PASS full head/IDs/logprobs
p3-thp start
p3-thp request 0 8.604 tok/s
p3-thp request 1 7.416 tok/s
p3-thp request 2 7.410 tok/s
p3-thp PASS full head/IDs/logprobs
{"0": 7.305769583122791, "1": 7.343578137942912}
