{
  "scope": "CPU stub 262144-cell normal-MTP serve correctness, warnings/validation/layer progress, owned GDB/PTY, full and clipped tails, invalid-request refusals and subsequent valid request; not throughput or general hang prevention",
  "started_utc": "2026-10-07T00:42:12.825065+00:00",
  "boot_id": "0a908c16-e292-4299-80ff-082da39f4bb9",
  "active": false,
  "completed": false,
  "healthy": false,
  "requests": [],
  "snapshots": [
    {
      "label": "failure",
      "stop": "*stopped,reason=\"signal-received\",signal-name=\"SIGINT\",signal-meaning=\"Interrupt\",frame={addr=\"0x00007ffff7d44b7a\",func=\"__GI___clock_nanosleep\",args=[{name=\"clock_id\",value=\"1\"},{name=\"flags\",value=\"1\"},{name=\"req\",value=\"0x7fffffffe230\"},{name=\"rem\",value=\"0x0\"}],file=\"../sysdeps/unix/sysv/linux/clock_nanosleep.c\",fullname=\"./time/../sysdeps/unix/sysv/linux/clock_nanosleep.c\",line=\"78\",arch=\"i386:x86-64\"},thread-id=\"1\",stopped-threads=\"all\",core=\"3\"",
      "path": "/tmp/strata-capacity-cpu-gea55fs1/does-not-read/full-context-layer-trace-serve/debugger/failure.mi.txt",
      "resumed": false
    }
  ],
  "deadline_seconds": 7200,
  "protocol_timeout_seconds": 5,
  "write_timeout_seconds": 0.5,
  "shutdown_timeout_seconds": 0.5,
  "log_limit_bytes": 536870912,
  "binary_sha256": "3d55ae40bb63273e670709c1fd6ef68664f136804247d6c196183c8d2ddb7bea",
  "source_fixture_sha256": "80807e77981fabfb7ae0e97eb23e683b77e8874c53936f4c7dd4edbf65ba124d",
  "source_sha256": {
    "/tmp/strata-capacity-cpu-gea55fs1/does-not-read/controller.py": "2fa09f75d8360728eb81f77e99cd19c227b5e4c698965161e4ac93bdf690835f",
    "/tmp/strata-capacity-cpu-gea55fs1/root/sycl/tools/recover-xe.sh": "7a32457366c3a08aaab3d5ebc9d97bf5bc7ab7ced7cea49efd8df30301e9a710",
    "/tmp/strata-capacity-cpu-gea55fs1/root/sycl/tools/owned_gdb.py": "547838e423525c824b7c033f7490153f8174d772e7c8f736c2f9255b50de758c",
    "/tmp/strata-capacity-cpu-gea55fs1/root/sycl/src/program/generate.cpp": "827344edf4ac57e28630301e150472dcf99a18d4c37ad8aeaee8683e8506bb9a",
    "/tmp/strata-capacity-cpu-gea55fs1/root/sycl/src/prefill/prefill.cpp": "827344edf4ac57e28630301e150472dcf99a18d4c37ad8aeaee8683e8506bb9a",
    "/tmp/strata-capacity-cpu-gea55fs1/does-not-read/read-csr.gdb": "5f9d4531b9da2395703aded9caea32af212c7a5f48e52195d93009a530768e9b"
  },
  "assistant_suffix": [
    248046,
    198,
    248045,
    74455,
    198,
    248068,
    198,
    248069,
    271
  ],
  "capacity": 262144,
  "elapsed_seconds": 0.9726959030012949,
  "active_request": "fills-context",
  "preflight_fault_messages": [],
  "startup": [
    "READY 262144 stop"
  ],
  "latest_metrics": {
    "pid": 1434440,
    "start_ticks": 2341204,
    "state": "R",
    "minor_faults": 47,
    "major_faults": 0,
    "user_ticks": 0,
    "system_ticks": 0,
    "io": {
      "rchar": 6644,
      "wchar": 0,
      "syscr": 11,
      "syscw": 0,
      "read_bytes": 0,
      "write_bytes": 0,
      "cancelled_write_bytes": 0
    },
    "gpu": [],
    "elapsed_seconds": 0.128007854000316
  },
  "unchanged_progress_seconds": 3.799978003371507e-07,
  "inferior": {
    "pid": 1434440,
    "start_ticks": 2341204,
    "state": "t"
  },
  "debugger": {
    "pid": 1434417,
    "start_ticks": 2341196,
    "state": "R"
  },
  "ready_capacity": 262144,
  "error": "TimeoutError('Protocol request-write deadline')",
  "exit_code": null,
  "exit_signal": null,
  "cleanup": {
    "forced": true,
    "inferior_survived": false,
    "gdb_survived": false
  },
  "new_fault_messages": [],
  "finished_utc": "2026-10-07T00:42:13.797813+00:00"
}
