	linux-vdso.so.1 (0x0000713f4daae000)
	libze_loader.so.1 => /usr/lib/x86_64-linux-gnu/libze_loader.so.1 (0x0000713f4d9e7000)
	libmkl_sycl_blas.so.6 => /opt/intel/oneapi/mkl/2026.1/lib/libmkl_sycl_blas.so.6 (0x0000713f49d10000)
	libmkl_sycl_lapack.so.6 => /opt/intel/oneapi/mkl/2026.1/lib/libmkl_sycl_lapack.so.6 (0x0000713f4821b000)
	libmkl_sycl_dft.so.6 => /opt/intel/oneapi/mkl/2026.1/lib/libmkl_sycl_dft.so.6 (0x0000713f45f74000)
	libmkl_sycl_sparse.so.6 => /opt/intel/oneapi/mkl/2026.1/lib/libmkl_sycl_sparse.so.6 (0x0000713f428d8000)
	libmkl_sycl_rng.so.6 => /opt/intel/oneapi/mkl/2026.1/lib/libmkl_sycl_rng.so.6 (0x0000713f3eb87000)
	libmkl_sycl_stats.so.6 => /opt/intel/oneapi/mkl/2026.1/lib/libmkl_sycl_stats.so.6 (0x0000713f3de1e000)
	libmkl_sycl_vm.so.6 => /opt/intel/oneapi/mkl/2026.1/lib/libmkl_sycl_vm.so.6 (0x0000713f39cf7000)
	libmkl_sycl_data_fitting.so.6 => /opt/intel/oneapi/mkl/2026.1/lib/libmkl_sycl_data_fitting.so.6 (0x0000713f39699000)
	libmkl_intel_lp64.so.3 => /opt/intel/oneapi/mkl/2026.1/lib/libmkl_intel_lp64.so.3 (0x0000713f38694000)
	libmkl_sequential.so.3 => /opt/intel/oneapi/mkl/2026.1/lib/libmkl_sequential.so.3 (0x0000713f36fbe000)
	libmkl_core.so.3 => /opt/intel/oneapi/mkl/2026.1/lib/libmkl_core.so.3 (0x0000713f32981000)
	libstdc++.so.6 => /usr/lib/x86_64-linux-gnu/libstdc++.so.6 (0x0000713f32703000)
	libm.so.6 => /usr/lib/x86_64-linux-gnu/libm.so.6 (0x0000713f32618000)
	libgcc_s.so.1 => /usr/lib/x86_64-linux-gnu/libgcc_s.so.1 (0x0000713f325ea000)
	libsycl.so.9 => /opt/intel/oneapi/compiler/2026.1/lib/libsycl.so.9 (0x0000713f3220e000)
	libOpenCL.so.1 => /opt/intel/oneapi/compiler/2026.1/lib/libOpenCL.so.1 (0x0000713f321fa000)
	libc.so.6 => /usr/lib/x86_64-linux-gnu/libc.so.6 (0x0000713f31fe7000)
	/lib64/ld-linux-x86-64.so.2 (0x0000713f4dab0000)
	libdl.so.2 => /usr/lib/x86_64-linux-gnu/libdl.so.2 (0x0000713f31fe2000)
	libpthread.so.0 => /usr/lib/x86_64-linux-gnu/libpthread.so.0 (0x0000713f31fdb000)
	libur_loader.so.0 => /opt/intel/oneapi/compiler/2026.1/lib/libur_loader.so.0 (0x0000713f31217000)
	libsvml.so => /opt/intel/oneapi/compiler/2026.1/lib/libsvml.so (0x0000713f2fa66000)
	libirng.so => /opt/intel/oneapi/compiler/2026.1/lib/libirng.so (0x0000713f2f96d000)
	libimf.so => /opt/intel/oneapi/compiler/2026.1/lib/libimf.so (0x0000713f2f51e000)
	libintlc.so.5 => /opt/intel/oneapi/compiler/2026.1/lib/libintlc.so.5 (0x0000713f2f4b9000)
	librt.so.1 => /usr/lib/x86_64-linux-gnu/librt.so.1 (0x0000713f2f4b4000)
	libz.so.1 => /usr/lib/x86_64-linux-gnu/libz.so.1 (0x0000713f2f498000)
