IDENTITY,LevelZero,8086,e20c,0000:05:00.0,root,passed
SCOPE,synthetic_real_gdn_component,model,false,performance,false,physical_KV_lifecycle,false,capacity,257
STAGE,initialize
STAGE,prepare
STAGE,log_gates_conv_recurrence
STAGE,factor_gates_conv_recurrence
STAGE,materialized_loggate_exp
STAGE,readback
STAGE,immutable_input_readback
STAGE,immutable_input_readback
STAGE,immutable_input_readback
STAGE,immutable_input_readback
STAGE,immutable_input_readback
STAGE,immutable_input_readback
STAGE,immutable_input_readback
CHUNK_PASS,offset,0,live,1,variant,2,first,log,state,13426755502642160155,conv_history,6262870611713226659,y,4201127241785548739,half,4844328604466707308
STAGE,prepare
STAGE,factor_gates_conv_recurrence
STAGE,log_gates_conv_recurrence
STAGE,materialized_loggate_exp
STAGE,readback
STAGE,immutable_input_readback
STAGE,immutable_input_readback
STAGE,immutable_input_readback
STAGE,immutable_input_readback
STAGE,immutable_input_readback
STAGE,immutable_input_readback
STAGE,immutable_input_readback
CHUNK_PASS,offset,1,live,3,variant,2,first,factor,state,6753403600535807257,conv_history,16853994388083176886,y,4367772214051341150,half,13186958312563156830
STAGE,prepare
STAGE,log_gates_conv_recurrence
STAGE,factor_gates_conv_recurrence
STAGE,materialized_loggate_exp
STAGE,readback
STAGE,immutable_input_readback
STAGE,immutable_input_readback
STAGE,immutable_input_readback
STAGE,immutable_input_readback
STAGE,immutable_input_readback
STAGE,immutable_input_readback
STAGE,immutable_input_readback
CHUNK_PASS,offset,4,live,5,variant,2,first,log,state,16169285267385981746,conv_history,11285315530710600122,y,7057806699885289255,half,8552448215709633041
STAGE,prepare
STAGE,factor_gates_conv_recurrence
STAGE,log_gates_conv_recurrence
STAGE,materialized_loggate_exp
STAGE,readback
STAGE,immutable_input_readback
STAGE,immutable_input_readback
STAGE,immutable_input_readback
STAGE,immutable_input_readback
STAGE,immutable_input_readback
STAGE,immutable_input_readback
STAGE,immutable_input_readback
CHUNK_PASS,offset,9,live,31,variant,2,first,factor,state,2640019075359466241,conv_history,11781170805509289483,y,12938679071544863435,half,2262000443133401861
STAGE,prepare
STAGE,log_gates_conv_recurrence
STAGE,factor_gates_conv_recurrence
STAGE,materialized_loggate_exp
STAGE,readback
STAGE,immutable_input_readback
STAGE,immutable_input_readback
STAGE,immutable_input_readback
STAGE,immutable_input_readback
STAGE,immutable_input_readback
STAGE,immutable_input_readback
STAGE,immutable_input_readback
CHUNK_PASS,offset,40,live,32,variant,2,first,log,state,7729220792876060055,conv_history,11921755767168972679,y,13490404796289080720,half,13831066310447042005
STAGE,prepare
STAGE,factor_gates_conv_recurrence
STAGE,log_gates_conv_recurrence
STAGE,materialized_loggate_exp
STAGE,readback
STAGE,immutable_input_readback
STAGE,immutable_input_readback
STAGE,immutable_input_readback
STAGE,immutable_input_readback
STAGE,immutable_input_readback
STAGE,immutable_input_readback
STAGE,immutable_input_readback
CHUNK_PASS,offset,72,live,33,variant,2,first,factor,state,5285764690573861190,conv_history,3024677866428278606,y,14574214963620435840,half,445774731406976901
STAGE,prepare
STAGE,log_gates_conv_recurrence
STAGE,factor_gates_conv_recurrence
STAGE,materialized_loggate_exp
STAGE,readback
STAGE,immutable_input_readback
STAGE,immutable_input_readback
STAGE,immutable_input_readback
STAGE,immutable_input_readback
STAGE,immutable_input_readback
STAGE,immutable_input_readback
STAGE,immutable_input_readback
CHUNK_PASS,offset,105,live,255,variant,2,first,log,state,18204545563800089156,conv_history,2987935707620554781,y,5462969031382227245,half,6468927661435169501
STAGE,prepare
STAGE,factor_gates_conv_recurrence
STAGE,log_gates_conv_recurrence
STAGE,materialized_loggate_exp
STAGE,readback
STAGE,immutable_input_readback
STAGE,immutable_input_readback
STAGE,immutable_input_readback
STAGE,immutable_input_readback
STAGE,immutable_input_readback
STAGE,immutable_input_readback
STAGE,immutable_input_readback
CHUNK_PASS,offset,360,live,256,variant,2,first,factor,state,17333453437065412334,conv_history,6002961698692303262,y,12585803545321278149,half,5922180799169119263
STAGE,prepare
STAGE,log_gates_conv_recurrence
STAGE,factor_gates_conv_recurrence
STAGE,materialized_loggate_exp
STAGE,readback
STAGE,immutable_input_readback
STAGE,immutable_input_readback
STAGE,immutable_input_readback
STAGE,immutable_input_readback
STAGE,immutable_input_readback
STAGE,immutable_input_readback
STAGE,immutable_input_readback
CHUNK_PASS,offset,616,live,257,variant,2,first,log,state,4771547047740341584,conv_history,3959572892444383550,y,3218604236516213207,half,11274727626648178402
STAGE,prepare
STAGE,factor_gates_conv_recurrence
STAGE,log_gates_conv_recurrence
STAGE,materialized_loggate_exp
STAGE,readback
STAGE,immutable_input_readback
STAGE,immutable_input_readback
STAGE,immutable_input_readback
STAGE,immutable_input_readback
STAGE,immutable_input_readback
STAGE,immutable_input_readback
STAGE,immutable_input_readback
CHUNK_PASS,offset,873,live,3,variant,2,first,factor,state,3079857721079618447,conv_history,2987935707620554781,y,4248765607301836051,half,15592745330262419105
STAGE,prepare
STAGE,log_gates_conv_recurrence
STAGE,factor_gates_conv_recurrence
STAGE,materialized_loggate_exp
STAGE,readback
STAGE,immutable_input_readback
STAGE,immutable_input_readback
STAGE,immutable_input_readback
STAGE,immutable_input_readback
STAGE,immutable_input_readback
STAGE,immutable_input_readback
STAGE,immutable_input_readback
CHUNK_PASS,offset,876,live,257,variant,2,first,log,state,8661927939394764739,conv_history,7504961874881527060,y,17257280843136852601,half,17638173069203510162
STAGE,initialize
STAGE,prepare
STAGE,log_gates_conv_recurrence
STAGE,factor_gates_conv_recurrence
STAGE,materialized_loggate_exp
STAGE,readback
STAGE,immutable_input_readback
STAGE,immutable_input_readback
STAGE,immutable_input_readback
STAGE,immutable_input_readback
STAGE,immutable_input_readback
STAGE,immutable_input_readback
STAGE,immutable_input_readback
CHUNK_PASS,offset,0,live,1,variant,2,first,log,state,9623327404516565572,conv_history,2242990881112529898,y,11105510278991681588,half,17451216436515163206
STAGE,prepare
STAGE,factor_gates_conv_recurrence
STAGE,log_gates_conv_recurrence
STAGE,materialized_loggate_exp
STAGE,readback
STAGE,immutable_input_readback
STAGE,immutable_input_readback
STAGE,immutable_input_readback
STAGE,immutable_input_readback
STAGE,immutable_input_readback
STAGE,immutable_input_readback
STAGE,immutable_input_readback
CHUNK_PASS,offset,1,live,3,variant,2,first,factor,state,12556465674967420199,conv_history,16853994388083176886,y,10981650222563911313,half,5865326493712309523
STAGE,prepare
STAGE,log_gates_conv_recurrence
STAGE,factor_gates_conv_recurrence
STAGE,materialized_loggate_exp
STAGE,readback
STAGE,immutable_input_readback
STAGE,immutable_input_readback
STAGE,immutable_input_readback
STAGE,immutable_input_readback
STAGE,immutable_input_readback
STAGE,immutable_input_readback
STAGE,immutable_input_readback
CHUNK_PASS,offset,4,live,5,variant,2,first,log,state,3799999037631328927,conv_history,11285315530710600122,y,18182443766810397253,half,16984551758901027504
STAGE,prepare
STAGE,factor_gates_conv_recurrence
STAGE,log_gates_conv_recurrence
STAGE,materialized_loggate_exp
STAGE,readback
STAGE,immutable_input_readback
STAGE,immutable_input_readback
STAGE,immutable_input_readback
STAGE,immutable_input_readback
STAGE,immutable_input_readback
STAGE,immutable_input_readback
STAGE,immutable_input_readback
CHUNK_PASS,offset,9,live,31,variant,2,first,factor,state,12163542401846237528,conv_history,11781170805509289483,y,11652496806619821483,half,9225964859397804916
STAGE,prepare
STAGE,log_gates_conv_recurrence
STAGE,factor_gates_conv_recurrence
STAGE,materialized_loggate_exp
STAGE,readback
STAGE,immutable_input_readback
STAGE,immutable_input_readback
STAGE,immutable_input_readback
STAGE,immutable_input_readback
STAGE,immutable_input_readback
STAGE,immutable_input_readback
STAGE,immutable_input_readback
CHUNK_PASS,offset,40,live,32,variant,2,first,log,state,715776554796219654,conv_history,11921755767168972679,y,14869887329950756943,half,1743289222425857906
STAGE,prepare
STAGE,factor_gates_conv_recurrence
STAGE,log_gates_conv_recurrence
STAGE,materialized_loggate_exp
STAGE,readback
STAGE,immutable_input_readback
STAGE,immutable_input_readback
STAGE,immutable_input_readback
STAGE,immutable_input_readback
STAGE,immutable_input_readback
STAGE,immutable_input_readback
STAGE,immutable_input_readback
CHUNK_PASS,offset,72,live,33,variant,2,first,factor,state,2575361024472627688,conv_history,3024677866428278606,y,5015705225687282198,half,5368127865271986332
STAGE,prepare
STAGE,log_gates_conv_recurrence
STAGE,factor_gates_conv_recurrence
STAGE,materialized_loggate_exp
STAGE,readback
STAGE,immutable_input_readback
STAGE,immutable_input_readback
STAGE,immutable_input_readback
STAGE,immutable_input_readback
STAGE,immutable_input_readback
STAGE,immutable_input_readback
STAGE,immutable_input_readback
CHUNK_PASS,offset,105,live,255,variant,2,first,log,state,15029627978579322591,conv_history,2987935707620554781,y,8756629440698149455,half,3421227231419238383
STAGE,prepare
STAGE,factor_gates_conv_recurrence
STAGE,log_gates_conv_recurrence
STAGE,materialized_loggate_exp
STAGE,readback
STAGE,immutable_input_readback
STAGE,immutable_input_readback
STAGE,immutable_input_readback
STAGE,immutable_input_readback
STAGE,immutable_input_readback
STAGE,immutable_input_readback
STAGE,immutable_input_readback
CHUNK_PASS,offset,360,live,256,variant,2,first,factor,state,4525187148491594090,conv_history,6002961698692303262,y,6653120732041997394,half,9433256605742232924
STAGE,prepare
STAGE,log_gates_conv_recurrence
STAGE,factor_gates_conv_recurrence
STAGE,materialized_loggate_exp
STAGE,readback
STAGE,immutable_input_readback
STAGE,immutable_input_readback
STAGE,immutable_input_readback
STAGE,immutable_input_readback
STAGE,immutable_input_readback
STAGE,immutable_input_readback
STAGE,immutable_input_readback
CHUNK_PASS,offset,616,live,257,variant,2,first,log,state,1815467699633579634,conv_history,3959572892444383550,y,5601621064175083275,half,10821240000655216327
STAGE,prepare
STAGE,factor_gates_conv_recurrence
STAGE,log_gates_conv_recurrence
STAGE,materialized_loggate_exp
STAGE,readback
STAGE,immutable_input_readback
STAGE,immutable_input_readback
STAGE,immutable_input_readback
STAGE,immutable_input_readback
STAGE,immutable_input_readback
STAGE,immutable_input_readback
STAGE,immutable_input_readback
CHUNK_PASS,offset,873,live,3,variant,2,first,factor,state,12654447477444261749,conv_history,2987935707620554781,y,244892893886461916,half,15592745330262419105
STAGE,prepare
STAGE,log_gates_conv_recurrence
STAGE,factor_gates_conv_recurrence
STAGE,materialized_loggate_exp
STAGE,readback
STAGE,immutable_input_readback
STAGE,immutable_input_readback
STAGE,immutable_input_readback
STAGE,immutable_input_readback
STAGE,immutable_input_readback
STAGE,immutable_input_readback
STAGE,immutable_input_readback
CHUNK_PASS,offset,876,live,257,variant,2,first,log,state,8399211656056090934,conv_history,7504961874881527060,y,2834350422520429677,half,10895253111850167625
STAGE,final_drain
TERMINAL,pass,real_producer_conv_recurrence_bitwise,synthetic_only,model_unqualified,full_KV_lifecycle_unqualified,adopted_false
