In file included from /home/yayoi/.local/state/strata-sycl/post-reboot-tuning-20261007/observed-regular-launch-build/sources/sycl/src/kernels/cuda/verify_kernels.dp.cpp:7:
In file included from /home/yayoi/ghq/github.com/yqYo1/Strata/.worktree/sync-upstream-2026-10-05/sycl/include/dpct/dpct.hpp:53:
In file included from /home/yayoi/ghq/github.com/yqYo1/Strata/.worktree/sync-upstream-2026-10-05/sycl/include/dpct/image.hpp:14:
In file included from /home/yayoi/ghq/github.com/yqYo1/Strata/.worktree/sync-upstream-2026-10-05/sycl/include/dpct/memory.hpp:112:
/home/yayoi/ghq/github.com/yqYo1/Strata/.worktree/sync-upstream-2026-10-05/sycl/include/dpct/detail/memory_detail.hpp:343:30: warning: unused parameter 'direction' [-Wunused-parameter]
  343 |             memcpy_direction direction,
      |                              ^
/home/yayoi/ghq/github.com/yqYo1/Strata/.worktree/sync-upstream-2026-10-05/sycl/include/dpct/detail/memory_detail.hpp:901:29: warning: unused parameter 'cgh' [-Wunused-parameter]
  901 |   get_access(sycl::handler &cgh) {
      |                             ^
In file included from /home/yayoi/.local/state/strata-sycl/post-reboot-tuning-20261007/observed-regular-launch-build/sources/sycl/src/kernels/cuda/verify_kernels.dp.cpp:7:
In file included from /home/yayoi/ghq/github.com/yqYo1/Strata/.worktree/sync-upstream-2026-10-05/sycl/include/dpct/dpct.hpp:53:
In file included from /home/yayoi/ghq/github.com/yqYo1/Strata/.worktree/sync-upstream-2026-10-05/sycl/include/dpct/image.hpp:14:
/home/yayoi/ghq/github.com/yqYo1/Strata/.worktree/sync-upstream-2026-10-05/sycl/include/dpct/memory.hpp:816:23: warning: comparison of integers of different signs: 'int' and 'unsigned int' [-Wsign-compare]
  816 |     for (int i = 0; i < numAttributes; i++) {
      |                     ~ ^ ~~~~~~~~~~~~~
In file included from /home/yayoi/.local/state/strata-sycl/post-reboot-tuning-20261007/observed-regular-launch-build/sources/sycl/src/kernels/cuda/verify_kernels.dp.cpp:7:
In file included from /home/yayoi/ghq/github.com/yqYo1/Strata/.worktree/sync-upstream-2026-10-05/sycl/include/dpct/dpct.hpp:53:
In file included from /home/yayoi/ghq/github.com/yqYo1/Strata/.worktree/sync-upstream-2026-10-05/sycl/include/dpct/image.hpp:15:
/home/yayoi/ghq/github.com/yqYo1/Strata/.worktree/sync-upstream-2026-10-05/sycl/include/dpct/util.hpp:466:38: warning: unused parameter 'member_mask' [-Wunused-parameter]
  466 | T select_from_sub_group(unsigned int member_mask,
      |                                      ^
/home/yayoi/ghq/github.com/yqYo1/Strata/.worktree/sync-upstream-2026-10-05/sycl/include/dpct/util.hpp:507:37: warning: unused parameter 'member_mask' [-Wunused-parameter]
  507 | T shift_sub_group_left(unsigned int member_mask,
      |                                     ^
/home/yayoi/ghq/github.com/yqYo1/Strata/.worktree/sync-upstream-2026-10-05/sycl/include/dpct/util.hpp:551:38: warning: unused parameter 'member_mask' [-Wunused-parameter]
  551 | T shift_sub_group_right(unsigned int member_mask,
      |                                      ^
/home/yayoi/ghq/github.com/yqYo1/Strata/.worktree/sync-upstream-2026-10-05/sycl/include/dpct/util.hpp:671:41: warning: unused parameter 'member_mask' [-Wunused-parameter]
  671 | T permute_sub_group_by_xor(unsigned int member_mask,
      |                                         ^
/home/yayoi/ghq/github.com/yqYo1/Strata/.worktree/sync-upstream-2026-10-05/sycl/include/dpct/util.hpp:680:47: warning: comparison of integers of different signs: 'unsigned int' and 'int' [-Wsign-compare]
  680 |   unsigned logical_remote_id = (target_offset < logical_sub_group_size) ? start_index + target_offset : id;
      |                                 ~~~~~~~~~~~~~ ^ ~~~~~~~~~~~~~~~~~~~~~~
/home/yayoi/ghq/github.com/yqYo1/Strata/.worktree/sync-upstream-2026-10-05/sycl/include/dpct/util.hpp:959:15: warning: comparison of integers of different signs: 'int' and 'size_t' (aka 'unsigned long') [-Wsign-compare]
  959 |   if (wg_size > max_wg_size) {
      |       ~~~~~~~ ^ ~~~~~~~~~~~
/home/yayoi/ghq/github.com/yqYo1/Strata/.worktree/sync-upstream-2026-10-05/sycl/include/dpct/util.hpp:1021:35: warning: comparison of integers of different signs: 'int' and 'size_t' (aka 'unsigned long') [-Wsign-compare]
 1021 |       max_ws_size_for_device_code >= max_wg_size)
      |       ~~~~~~~~~~~~~~~~~~~~~~~~~~~ ^  ~~~~~~~~~~~
/home/yayoi/ghq/github.com/yqYo1/Strata/.worktree/sync-upstream-2026-10-05/sycl/include/dpct/util.hpp:1291:17: warning: '&' within '|' [-Wbitwise-op-parentheses]
 1291 |     result = (a & b | c) ^ a;
      |               ~~^~~ ~
/home/yayoi/ghq/github.com/yqYo1/Strata/.worktree/sync-upstream-2026-10-05/sycl/include/dpct/util.hpp:1291:17: note: place parentheses around the '&' expression to silence this warning
 1291 |     result = (a & b | c) ^ a;
      |                 ^
      |               (    )
/home/yayoi/ghq/github.com/yqYo1/Strata/.worktree/sync-upstream-2026-10-05/sycl/include/dpct/util.hpp:1315:16: warning: '&' within '|' [-Wbitwise-op-parentheses]
 1315 |     result = a & (b | c) | (b & c);
      |              ~~^~~~~~~~~ ~
/home/yayoi/ghq/github.com/yqYo1/Strata/.worktree/sync-upstream-2026-10-05/sycl/include/dpct/util.hpp:1315:16: note: place parentheses around the '&' expression to silence this warning
 1315 |     result = a & (b | c) | (b & c);
      |                ^
      |              (          )
/home/yayoi/ghq/github.com/yqYo1/Strata/.worktree/sync-upstream-2026-10-05/sycl/include/dpct/util.hpp:1318:16: warning: '&' within '|' [-Wbitwise-op-parentheses]
 1318 |     result = a & b | c;
      |              ~~^~~ ~
/home/yayoi/ghq/github.com/yqYo1/Strata/.worktree/sync-upstream-2026-10-05/sycl/include/dpct/util.hpp:1318:16: note: place parentheses around the '&' expression to silence this warning
 1318 |     result = a & b | c;
      |                ^
      |              (    )
In file included from /home/yayoi/.local/state/strata-sycl/post-reboot-tuning-20261007/observed-regular-launch-build/sources/sycl/src/kernels/cuda/verify_kernels.dp.cpp:7:
In file included from /home/yayoi/ghq/github.com/yqYo1/Strata/.worktree/sync-upstream-2026-10-05/sycl/include/dpct/dpct.hpp:54:
/home/yayoi/ghq/github.com/yqYo1/Strata/.worktree/sync-upstream-2026-10-05/sycl/include/dpct/kernel.hpp:50:57: warning: unused parameter 'function' [-Wunused-parameter]
   50 |                                             const void *function) {
      |                                                         ^
/home/yayoi/ghq/github.com/yqYo1/Strata/.worktree/sync-upstream-2026-10-05/sycl/include/dpct/kernel.hpp:57:38: warning: unused parameter 'function' [-Wunused-parameter]
   57 | get_kernel_function_info(const void *function) {
      |                                      ^
In file included from /home/yayoi/.local/state/strata-sycl/post-reboot-tuning-20261007/observed-regular-launch-build/sources/sycl/src/kernels/cuda/verify_kernels.dp.cpp:7:
In file included from /home/yayoi/ghq/github.com/yqYo1/Strata/.worktree/sync-upstream-2026-10-05/sycl/include/dpct/dpct.hpp:59:
/home/yayoi/ghq/github.com/yqYo1/Strata/.worktree/sync-upstream-2026-10-05/sycl/include/dpct/bindless_images.hpp:629:35: warning: unused parameter 'q' [-Wunused-parameter]
  629 |   void unmap_resource(sycl::queue q) {
      |                                   ^
/home/yayoi/ghq/github.com/yqYo1/Strata/.worktree/sync-upstream-2026-10-05/sycl/include/dpct/bindless_images.hpp:656:9: warning: field '_res_external_mem' will be initialized after field '_res_reg_flags' [-Wreorder-ctor]
  656 |       : _res_external_mem(external_mem), _res_reg_flags(reg_flags) {}
      |         ^~~~~~~~~~~~~~~~~~~~~~~~~~~~~~~  ~~~~~~~~~~~~~~~~~~~~~~~~~
      |         _res_reg_flags(reg_flags)        _res_external_mem(external_mem)
/home/yayoi/ghq/github.com/yqYo1/Strata/.worktree/sync-upstream-2026-10-05/sycl/include/dpct/bindless_images.hpp:1163:24: warning: comparison of integers of different signs: 'size_t' (aka 'unsigned long') and 'int' [-Wsign-compare]
 1163 |   for (size_t i = 0; i < count; ++i) {
      |                      ~ ^ ~~~~~
/home/yayoi/ghq/github.com/yqYo1/Strata/.worktree/sync-upstream-2026-10-05/sycl/include/dpct/bindless_images.hpp:1350:21: warning: comparison of integers of different signs: 'int' and 'unsigned int' [-Wsign-compare]
 1350 |   for (int i = 0; i < numExtSems; i++) {
      |                   ~ ^ ~~~~~~~~~~
/home/yayoi/ghq/github.com/yqYo1/Strata/.worktree/sync-upstream-2026-10-05/sycl/include/dpct/bindless_images.hpp:1393:21: warning: comparison of integers of different signs: 'int' and 'unsigned int' [-Wsign-compare]
 1393 |   for (int i = 0; i < numExtSems; i++) {
      |                   ~ ^ ~~~~~~~~~~
/home/yayoi/ghq/github.com/yqYo1/Strata/.worktree/sync-upstream-2026-10-05/sycl/include/dpct/bindless_images.hpp:1686:60: warning: unused parameter 'channel' [-Wunused-parameter]
 1686 |   void attach(image_mem_wrapper *mem, const image_channel &channel,
      |                                                            ^
/home/yayoi/.local/state/strata-sycl/post-reboot-tuning-20261007/observed-regular-launch-build/sources/sycl/src/kernels/cuda/verify_kernels.dp.cpp:28:24: warning: unused parameter 'what' [-Wunused-parameter]
   28 | void check(const char* what) {
      |                        ^
/home/yayoi/.local/state/strata-sycl/post-reboot-tuning-20261007/observed-regular-launch-build/sources/sycl/src/kernels/cuda/verify_kernels.dp.cpp:566:53: warning: unused parameter 'item_ct1' [-Wunused-parameter]
  566 |                     exp_props, [=](sycl::nd_item<3> item_ct1) {
      |                                                     ^
/home/yayoi/.local/state/strata-sycl/post-reboot-tuning-20261007/observed-regular-launch-build/sources/sycl/src/kernels/cuda/verify_kernels.dp.cpp:584:49: warning: unused parameter 'item_ct1' [-Wunused-parameter]
  584 |                 exp_props, [=](sycl::nd_item<3> item_ct1) {
      |                                                 ^
/home/yayoi/.local/state/strata-sycl/post-reboot-tuning-20261007/observed-regular-launch-build/sources/sycl/src/kernels/cuda/verify_kernels.dp.cpp:605:49: warning: unused parameter 'item_ct1' [-Wunused-parameter]
  605 |                 exp_props, [=](sycl::nd_item<3> item_ct1) {
      |                                                 ^
/home/yayoi/.local/state/strata-sycl/post-reboot-tuning-20261007/observed-regular-launch-build/sources/sycl/src/kernels/cuda/verify_kernels.dp.cpp:627:49: warning: unused parameter 'item_ct1' [-Wunused-parameter]
  627 |                 exp_props, [=](sycl::nd_item<3> item_ct1) {
      |                                                 ^
/home/yayoi/.local/state/strata-sycl/post-reboot-tuning-20261007/observed-regular-launch-build/sources/sycl/src/kernels/cuda/verify_kernels.dp.cpp:645:49: warning: unused parameter 'item_ct1' [-Wunused-parameter]
  645 |                 exp_props, [=](sycl::nd_item<3> item_ct1) {
      |                                                 ^
/home/yayoi/.local/state/strata-sycl/post-reboot-tuning-20261007/observed-regular-launch-build/sources/sycl/src/kernels/cuda/verify_kernels.dp.cpp:668:49: warning: unused parameter 'item_ct1' [-Wunused-parameter]
  668 |                 exp_props, [=](sycl::nd_item<3> item_ct1) {
      |                                                 ^
/home/yayoi/.local/state/strata-sycl/post-reboot-tuning-20261007/observed-regular-launch-build/sources/sycl/src/kernels/cuda/verify_kernels.dp.cpp:686:49: warning: unused parameter 'item_ct1' [-Wunused-parameter]
  686 |                 exp_props, [=](sycl::nd_item<3> item_ct1) {
      |                                                 ^
/home/yayoi/.local/state/strata-sycl/post-reboot-tuning-20261007/observed-regular-launch-build/sources/sycl/src/kernels/cuda/verify_kernels.dp.cpp:700:45: warning: unused parameter 'item_ct1' [-Wunused-parameter]
  700 |             exp_props, [=](sycl::nd_item<3> item_ct1) {
      |                                             ^
/home/yayoi/.local/state/strata-sycl/post-reboot-tuning-20261007/observed-regular-launch-build/sources/sycl/src/kernels/cuda/verify_kernels.dp.cpp:715:49: warning: unused parameter 'item_ct1' [-Wunused-parameter]
  715 |                 exp_props, [=](sycl::nd_item<3> item_ct1) {
      |                                                 ^
/home/yayoi/.local/state/strata-sycl/post-reboot-tuning-20261007/observed-regular-launch-build/sources/sycl/src/kernels/cuda/verify_kernels.dp.cpp:738:38: warning: unused parameter 'item_ct1' [-Wunused-parameter]
  738 |                 [=](sycl::nd_item<3> item_ct1)
      |                                      ^
/home/yayoi/.local/state/strata-sycl/post-reboot-tuning-20261007/observed-regular-launch-build/sources/sycl/src/kernels/cuda/verify_kernels.dp.cpp:782:49: warning: unused parameter 'item_ct1' [-Wunused-parameter]
  782 |                 exp_props, [=](sycl::nd_item<3> item_ct1) {
      |                                                 ^
/home/yayoi/.local/state/strata-sycl/post-reboot-tuning-20261007/observed-regular-launch-build/sources/sycl/src/kernels/cuda/verify_kernels.dp.cpp:798:49: warning: unused parameter 'item_ct1' [-Wunused-parameter]
  798 |                 exp_props, [=](sycl::nd_item<3> item_ct1) {
      |                                                 ^
/home/yayoi/.local/state/strata-sycl/post-reboot-tuning-20261007/observed-regular-launch-build/sources/sycl/src/kernels/cuda/verify_kernels.dp.cpp:825:38: warning: unused parameter 'item_ct1' [-Wunused-parameter]
  825 |                 [=](sycl::nd_item<3> item_ct1)
      |                                      ^
/home/yayoi/.local/state/strata-sycl/post-reboot-tuning-20261007/observed-regular-launch-build/sources/sycl/src/kernels/cuda/verify_kernels.dp.cpp:847:49: warning: unused parameter 'item_ct1' [-Wunused-parameter]
  847 |                 exp_props, [=](sycl::nd_item<3> item_ct1) {
      |                                                 ^
/home/yayoi/.local/state/strata-sycl/post-reboot-tuning-20261007/observed-regular-launch-build/sources/sycl/src/kernels/cuda/verify_kernels.dp.cpp:871:38: warning: unused parameter 'item_ct1' [-Wunused-parameter]
  871 |                 [=](sycl::nd_item<3> item_ct1)
      |                                      ^
/home/yayoi/.local/state/strata-sycl/post-reboot-tuning-20261007/observed-regular-launch-build/sources/sycl/src/kernels/cuda/verify_kernels.dp.cpp:906:38: warning: unused parameter 'item_ct1' [-Wunused-parameter]
  906 |                 [=](sycl::nd_item<3> item_ct1)
      |                                      ^
/home/yayoi/.local/state/strata-sycl/post-reboot-tuning-20261007/observed-regular-launch-build/sources/sycl/src/kernels/cuda/verify_kernels.dp.cpp:1118:49: warning: unused parameter 'item_ct1' [-Wunused-parameter]
 1118 |                 exp_props, [=](sycl::nd_item<3> item_ct1) [[sycl::reqd_sub_group_size(32)]] {
      |                                                 ^
/home/yayoi/.local/state/strata-sycl/post-reboot-tuning-20261007/observed-regular-launch-build/sources/sycl/src/kernels/cuda/verify_kernels.dp.cpp:1141:49: warning: unused parameter 'item_ct1' [-Wunused-parameter]
 1141 |                 exp_props, [=](sycl::nd_item<3> item_ct1) {
      |                                                 ^
/home/yayoi/.local/state/strata-sycl/post-reboot-tuning-20261007/observed-regular-launch-build/sources/sycl/src/kernels/cuda/verify_kernels.dp.cpp:1162:49: warning: unused parameter 'item_ct1' [-Wunused-parameter]
 1162 |                 exp_props, [=](sycl::nd_item<3> item_ct1) {
      |                                                 ^
/home/yayoi/.local/state/strata-sycl/post-reboot-tuning-20261007/observed-regular-launch-build/sources/sycl/src/kernels/cuda/verify_kernels.dp.cpp:1189:49: warning: unused parameter 'item_ct1' [-Wunused-parameter]
 1189 |                 exp_props, [=](sycl::nd_item<3> item_ct1) {
      |                                                 ^
/home/yayoi/.local/state/strata-sycl/post-reboot-tuning-20261007/observed-regular-launch-build/sources/sycl/src/kernels/cuda/verify_kernels.dp.cpp:1211:49: warning: unused parameter 'item_ct1' [-Wunused-parameter]
 1211 |                 exp_props, [=](sycl::nd_item<3> item_ct1) {
      |                                                 ^
/home/yayoi/.local/state/strata-sycl/post-reboot-tuning-20261007/observed-regular-launch-build/sources/sycl/src/kernels/cuda/verify_kernels.dp.cpp:1229:49: warning: unused parameter 'item_ct1' [-Wunused-parameter]
 1229 |                 exp_props, [=](sycl::nd_item<3> item_ct1) {
      |                                                 ^
/home/yayoi/.local/state/strata-sycl/post-reboot-tuning-20261007/observed-regular-launch-build/sources/sycl/src/kernels/cuda/verify_kernels.dp.cpp:1257:45: warning: unused parameter 'item_ct1' [-Wunused-parameter]
 1257 |             exp_props, [=](sycl::nd_item<3> item_ct1) {
      |                                             ^
In file included from /home/yayoi/.local/state/strata-sycl/post-reboot-tuning-20261007/observed-regular-launch-build/sources/sycl/src/kernels/cuda/verify_kernels.dp.cpp:7:
In file included from /home/yayoi/ghq/github.com/yqYo1/Strata/.worktree/sync-upstream-2026-10-05/sycl/include/dpct/dpct.hpp:53:
In file included from /home/yayoi/ghq/github.com/yqYo1/Strata/.worktree/sync-upstream-2026-10-05/sycl/include/dpct/image.hpp:15:
/home/yayoi/ghq/github.com/yqYo1/Strata/.worktree/sync-upstream-2026-10-05/sycl/include/dpct/util.hpp:680:47: warning: comparison of integers of different signs: 'unsigned int' and 'int' [-Wsign-compare]
  680 |   unsigned logical_remote_id = (target_offset < logical_sub_group_size) ? start_index + target_offset : id;
      |                                 ~~~~~~~~~~~~~ ^ ~~~~~~~~~~~~~~~~~~~~~~
/home/yayoi/.local/state/strata-sycl/post-reboot-tuning-20261007/observed-regular-launch-build/sources/sycl/src/kernels/cuda/verify_kernels.dp.cpp:73:33: note: in instantiation of function template specialization 'dpct::experimental::permute_sub_group_by_xor<float>' requested here
   73 |             dpct::experimental::permute_sub_group_by_xor(
      |                                 ^
/home/yayoi/.local/state/strata-sycl/post-reboot-tuning-20261007/observed-regular-launch-build/sources/sycl/src/kernels/cuda/verify_kernels.dp.cpp:739:23: warning: kernel has both attribute 'sycl::reqd_sub_group_size' and kernel properties; if the kernel properties contains the property "sycl::ext::oneapi::experimental::sub_group_size" it will be ignored [-Wignored-attributes]
  739 |                     [[sycl::reqd_sub_group_size(32)]] {
      |                       ^
/home/yayoi/.local/state/strata-sycl/post-reboot-tuning-20261007/observed-regular-launch-build/sources/sycl/src/kernels/cuda/verify_kernels.dp.cpp:826:23: warning: kernel has both attribute 'sycl::reqd_sub_group_size' and kernel properties; if the kernel properties contains the property "sycl::ext::oneapi::experimental::sub_group_size" it will be ignored [-Wignored-attributes]
  826 |                     [[sycl::reqd_sub_group_size(32)]] {
      |                       ^
/home/yayoi/.local/state/strata-sycl/post-reboot-tuning-20261007/observed-regular-launch-build/sources/sycl/src/kernels/cuda/verify_kernels.dp.cpp:872:23: warning: kernel has both attribute 'sycl::reqd_sub_group_size' and kernel properties; if the kernel properties contains the property "sycl::ext::oneapi::experimental::sub_group_size" it will be ignored [-Wignored-attributes]
  872 |                     [[sycl::reqd_sub_group_size(32)]] {
      |                       ^
/home/yayoi/.local/state/strata-sycl/post-reboot-tuning-20261007/observed-regular-launch-build/sources/sycl/src/kernels/cuda/verify_kernels.dp.cpp:907:23: warning: kernel has both attribute 'sycl::reqd_sub_group_size' and kernel properties; if the kernel properties contains the property "sycl::ext::oneapi::experimental::sub_group_size" it will be ignored [-Wignored-attributes]
  907 |                     [[sycl::reqd_sub_group_size(32)]] {
      |                       ^
/home/yayoi/.local/state/strata-sycl/post-reboot-tuning-20261007/observed-regular-launch-build/sources/sycl/src/kernels/cuda/verify_kernels.dp.cpp:1118:61: warning: kernel has both attribute 'sycl::reqd_sub_group_size' and kernel properties; if the kernel properties contains the property "sycl::ext::oneapi::experimental::sub_group_size" it will be ignored [-Wignored-attributes]
 1118 |                 exp_props, [=](sycl::nd_item<3> item_ct1) [[sycl::reqd_sub_group_size(32)]] {
      |                                                             ^
In file included from /home/yayoi/.local/state/strata-sycl/post-reboot-tuning-20261007/observed-regular-launch-build/sources/sycl/src/kernels/cuda/verify_kernels.dp.cpp:7:
In file included from /home/yayoi/ghq/github.com/yqYo1/Strata/.worktree/sync-upstream-2026-10-05/sycl/include/dpct/dpct.hpp:52:
/home/yayoi/ghq/github.com/yqYo1/Strata/.worktree/sync-upstream-2026-10-05/sycl/include/dpct/device.hpp:86:13: warning: unused function 'destroy_event' [-Wunused-function]
   86 | static void destroy_event(event_ptr event) {
      |             ^~~~~~~~~~~~~
In file included from /home/yayoi/.local/state/strata-sycl/post-reboot-tuning-20261007/observed-regular-launch-build/sources/sycl/src/kernels/cuda/verify_kernels.dp.cpp:7:
In file included from /home/yayoi/ghq/github.com/yqYo1/Strata/.worktree/sync-upstream-2026-10-05/sycl/include/dpct/dpct.hpp:53:
In file included from /home/yayoi/ghq/github.com/yqYo1/Strata/.worktree/sync-upstream-2026-10-05/sycl/include/dpct/image.hpp:14:
/home/yayoi/ghq/github.com/yqYo1/Strata/.worktree/sync-upstream-2026-10-05/sycl/include/dpct/memory.hpp:165:17: warning: 'static' function 'get_buffer' declared in header file should be declared 'static inline' [-Wunneeded-internal-declaration]
  165 | static buffer_t get_buffer(const void *ptr) {
      |                 ^~~~~~~~~~
/home/yayoi/ghq/github.com/yqYo1/Strata/.worktree/sync-upstream-2026-10-05/sycl/include/dpct/memory.hpp:141:36: warning: 'static' function 'get_buffer_and_offset' declared in header file should be declared 'static inline' [-Wunneeded-internal-declaration]
  141 | static std::pair<buffer_t, size_t> get_buffer_and_offset(const void *ptr) {
      |                                    ^~~~~~~~~~~~~~~~~~~~~
/home/yayoi/ghq/github.com/yqYo1/Strata/.worktree/sync-upstream-2026-10-05/sycl/include/dpct/memory.hpp:304:13: warning: unused function 'dpct_memcpy' [-Wunused-function]
  304 | static void dpct_memcpy(void *to_ptr, const void *from_ptr, size_t size,
      |             ^~~~~~~~~~~
/home/yayoi/ghq/github.com/yqYo1/Strata/.worktree/sync-upstream-2026-10-05/sycl/include/dpct/memory.hpp:322:13: warning: unused function 'dpct_memcpy' [-Wunused-function]
  322 | static void dpct_memcpy(void *to_ptr, int to_dev_id, const void *from_ptr,
      |             ^~~~~~~~~~~
/home/yayoi/ghq/github.com/yqYo1/Strata/.worktree/sync-upstream-2026-10-05/sycl/include/dpct/memory.hpp:340:13: warning: unused function 'async_dpct_memcpy' [-Wunused-function]
  340 | static void async_dpct_memcpy(void *to_ptr, const void *from_ptr, size_t size,
      |             ^~~~~~~~~~~~~~~~~
/home/yayoi/ghq/github.com/yqYo1/Strata/.worktree/sync-upstream-2026-10-05/sycl/include/dpct/memory.hpp:358:13: warning: unused function 'async_dpct_memcpy' [-Wunused-function]
  358 | static void async_dpct_memcpy(void *to_ptr, int to_dev_id, const void *from_ptr,
      |             ^~~~~~~~~~~~~~~~~
/home/yayoi/ghq/github.com/yqYo1/Strata/.worktree/sync-upstream-2026-10-05/sycl/include/dpct/memory.hpp:494:13: warning: unused function 'dpct_memset' [-Wunused-function]
  494 | static void dpct_memset(void *dev_ptr, int value, size_t size,
      |             ^~~~~~~~~~~
/home/yayoi/ghq/github.com/yqYo1/Strata/.worktree/sync-upstream-2026-10-05/sycl/include/dpct/memory.hpp:507:13: warning: unused function 'dpct_memset_d16' [-Wunused-function]
  507 | static void dpct_memset_d16(void *dev_ptr, unsigned short value, size_t size,
      |             ^~~~~~~~~~~~~~~
/home/yayoi/ghq/github.com/yqYo1/Strata/.worktree/sync-upstream-2026-10-05/sycl/include/dpct/memory.hpp:519:13: warning: unused function 'dpct_memset_d32' [-Wunused-function]
  519 | static void dpct_memset_d32(void *dev_ptr, unsigned int value, size_t size,
      |             ^~~~~~~~~~~~~~~
/home/yayoi/ghq/github.com/yqYo1/Strata/.worktree/sync-upstream-2026-10-05/sycl/include/dpct/memory.hpp:532:13: warning: unused function 'async_dpct_memset' [-Wunused-function]
  532 | static void async_dpct_memset(void *dev_ptr, int value, size_t size,
      |             ^~~~~~~~~~~~~~~~~
/home/yayoi/ghq/github.com/yqYo1/Strata/.worktree/sync-upstream-2026-10-05/sycl/include/dpct/memory.hpp:544:13: warning: unused function 'async_dpct_memset_d16' [-Wunused-function]
  544 | static void async_dpct_memset_d16(void *dev_ptr, unsigned short value, size_t size,
      |             ^~~~~~~~~~~~~~~~~~~~~
/home/yayoi/ghq/github.com/yqYo1/Strata/.worktree/sync-upstream-2026-10-05/sycl/include/dpct/memory.hpp:556:13: warning: unused function 'async_dpct_memset_d32' [-Wunused-function]
  556 | static void async_dpct_memset_d32(void *dev_ptr, unsigned int value, size_t size,
      |             ^~~~~~~~~~~~~~~~~~~~~
In file included from /home/yayoi/.local/state/strata-sycl/post-reboot-tuning-20261007/observed-regular-launch-build/sources/sycl/src/kernels/cuda/verify_kernels.dp.cpp:7:
In file included from /home/yayoi/ghq/github.com/yqYo1/Strata/.worktree/sync-upstream-2026-10-05/sycl/include/dpct/dpct.hpp:60:
/home/yayoi/ghq/github.com/yqYo1/Strata/.worktree/sync-upstream-2026-10-05/sycl/include/dpct/graph.hpp:136:1: warning: unused function 'add_empty_node' [-Wunused-function]
  136 | add_empty_node(dpct::experimental::node_ptr *newNode,
      | ^~~~~~~~~~~~~~
/home/yayoi/ghq/github.com/yqYo1/Strata/.worktree/sync-upstream-2026-10-05/sycl/include/dpct/graph.hpp:162:13: warning: unused function 'add_dependencies' [-Wunused-function]
  162 | static void add_dependencies(dpct::experimental::command_graph_ptr graph,
      |             ^~~~~~~~~~~~~~~~
/home/yayoi/ghq/github.com/yqYo1/Strata/.worktree/sync-upstream-2026-10-05/sycl/include/dpct/graph.hpp:176:13: warning: unused function 'get_nodes' [-Wunused-function]
  176 | static void get_nodes(dpct::experimental::command_graph_ptr graph,
      |             ^~~~~~~~~
/home/yayoi/ghq/github.com/yqYo1/Strata/.worktree/sync-upstream-2026-10-05/sycl/include/dpct/graph.hpp:187:13: warning: unused function 'get_root_nodes' [-Wunused-function]
  187 | static void get_root_nodes(dpct::experimental::command_graph_ptr graph,
      |             ^~~~~~~~~~~~~~
68 warnings generated.
In file included from /home/yayoi/.local/state/strata-sycl/post-reboot-tuning-20261007/observed-regular-launch-build/sources/sycl/src/kernels/cuda/verify_kernels.dp.cpp:7:
In file included from /home/yayoi/ghq/github.com/yqYo1/Strata/.worktree/sync-upstream-2026-10-05/sycl/include/dpct/dpct.hpp:53:
In file included from /home/yayoi/ghq/github.com/yqYo1/Strata/.worktree/sync-upstream-2026-10-05/sycl/include/dpct/image.hpp:14:
In file included from /home/yayoi/ghq/github.com/yqYo1/Strata/.worktree/sync-upstream-2026-10-05/sycl/include/dpct/memory.hpp:112:
/home/yayoi/ghq/github.com/yqYo1/Strata/.worktree/sync-upstream-2026-10-05/sycl/include/dpct/detail/memory_detail.hpp:343:30: warning: unused parameter 'direction' [-Wunused-parameter]
  343 |             memcpy_direction direction,
      |                              ^
/home/yayoi/ghq/github.com/yqYo1/Strata/.worktree/sync-upstream-2026-10-05/sycl/include/dpct/detail/memory_detail.hpp:901:29: warning: unused parameter 'cgh' [-Wunused-parameter]
  901 |   get_access(sycl::handler &cgh) {
      |                             ^
In file included from /home/yayoi/.local/state/strata-sycl/post-reboot-tuning-20261007/observed-regular-launch-build/sources/sycl/src/kernels/cuda/verify_kernels.dp.cpp:7:
In file included from /home/yayoi/ghq/github.com/yqYo1/Strata/.worktree/sync-upstream-2026-10-05/sycl/include/dpct/dpct.hpp:53:
In file included from /home/yayoi/ghq/github.com/yqYo1/Strata/.worktree/sync-upstream-2026-10-05/sycl/include/dpct/image.hpp:14:
/home/yayoi/ghq/github.com/yqYo1/Strata/.worktree/sync-upstream-2026-10-05/sycl/include/dpct/memory.hpp:816:23: warning: comparison of integers of different signs: 'int' and 'unsigned int' [-Wsign-compare]
  816 |     for (int i = 0; i < numAttributes; i++) {
      |                     ~ ^ ~~~~~~~~~~~~~
In file included from /home/yayoi/.local/state/strata-sycl/post-reboot-tuning-20261007/observed-regular-launch-build/sources/sycl/src/kernels/cuda/verify_kernels.dp.cpp:7:
In file included from /home/yayoi/ghq/github.com/yqYo1/Strata/.worktree/sync-upstream-2026-10-05/sycl/include/dpct/dpct.hpp:53:
In file included from /home/yayoi/ghq/github.com/yqYo1/Strata/.worktree/sync-upstream-2026-10-05/sycl/include/dpct/image.hpp:15:
/home/yayoi/ghq/github.com/yqYo1/Strata/.worktree/sync-upstream-2026-10-05/sycl/include/dpct/util.hpp:959:15: warning: comparison of integers of different signs: 'int' and 'size_t' (aka 'unsigned long') [-Wsign-compare]
  959 |   if (wg_size > max_wg_size) {
      |       ~~~~~~~ ^ ~~~~~~~~~~~
/home/yayoi/ghq/github.com/yqYo1/Strata/.worktree/sync-upstream-2026-10-05/sycl/include/dpct/util.hpp:1021:35: warning: comparison of integers of different signs: 'int' and 'size_t' (aka 'unsigned long') [-Wsign-compare]
 1021 |       max_ws_size_for_device_code >= max_wg_size)
      |       ~~~~~~~~~~~~~~~~~~~~~~~~~~~ ^  ~~~~~~~~~~~
/home/yayoi/ghq/github.com/yqYo1/Strata/.worktree/sync-upstream-2026-10-05/sycl/include/dpct/util.hpp:1291:17: warning: '&' within '|' [-Wbitwise-op-parentheses]
 1291 |     result = (a & b | c) ^ a;
      |               ~~^~~ ~
/home/yayoi/ghq/github.com/yqYo1/Strata/.worktree/sync-upstream-2026-10-05/sycl/include/dpct/util.hpp:1291:17: note: place parentheses around the '&' expression to silence this warning
 1291 |     result = (a & b | c) ^ a;
      |                 ^
      |               (    )
/home/yayoi/ghq/github.com/yqYo1/Strata/.worktree/sync-upstream-2026-10-05/sycl/include/dpct/util.hpp:1315:16: warning: '&' within '|' [-Wbitwise-op-parentheses]
 1315 |     result = a & (b | c) | (b & c);
      |              ~~^~~~~~~~~ ~
/home/yayoi/ghq/github.com/yqYo1/Strata/.worktree/sync-upstream-2026-10-05/sycl/include/dpct/util.hpp:1315:16: note: place parentheses around the '&' expression to silence this warning
 1315 |     result = a & (b | c) | (b & c);
      |                ^
      |              (          )
/home/yayoi/ghq/github.com/yqYo1/Strata/.worktree/sync-upstream-2026-10-05/sycl/include/dpct/util.hpp:1318:16: warning: '&' within '|' [-Wbitwise-op-parentheses]
 1318 |     result = a & b | c;
      |              ~~^~~ ~
/home/yayoi/ghq/github.com/yqYo1/Strata/.worktree/sync-upstream-2026-10-05/sycl/include/dpct/util.hpp:1318:16: note: place parentheses around the '&' expression to silence this warning
 1318 |     result = a & b | c;
      |                ^
      |              (    )
In file included from /home/yayoi/.local/state/strata-sycl/post-reboot-tuning-20261007/observed-regular-launch-build/sources/sycl/src/kernels/cuda/verify_kernels.dp.cpp:7:
In file included from /home/yayoi/ghq/github.com/yqYo1/Strata/.worktree/sync-upstream-2026-10-05/sycl/include/dpct/dpct.hpp:54:
/home/yayoi/ghq/github.com/yqYo1/Strata/.worktree/sync-upstream-2026-10-05/sycl/include/dpct/kernel.hpp:50:57: warning: unused parameter 'function' [-Wunused-parameter]
   50 |                                             const void *function) {
      |                                                         ^
/home/yayoi/ghq/github.com/yqYo1/Strata/.worktree/sync-upstream-2026-10-05/sycl/include/dpct/kernel.hpp:57:38: warning: unused parameter 'function' [-Wunused-parameter]
   57 | get_kernel_function_info(const void *function) {
      |                                      ^
In file included from /home/yayoi/.local/state/strata-sycl/post-reboot-tuning-20261007/observed-regular-launch-build/sources/sycl/src/kernels/cuda/verify_kernels.dp.cpp:7:
In file included from /home/yayoi/ghq/github.com/yqYo1/Strata/.worktree/sync-upstream-2026-10-05/sycl/include/dpct/dpct.hpp:59:
/home/yayoi/ghq/github.com/yqYo1/Strata/.worktree/sync-upstream-2026-10-05/sycl/include/dpct/bindless_images.hpp:629:35: warning: unused parameter 'q' [-Wunused-parameter]
  629 |   void unmap_resource(sycl::queue q) {
      |                                   ^
/home/yayoi/ghq/github.com/yqYo1/Strata/.worktree/sync-upstream-2026-10-05/sycl/include/dpct/bindless_images.hpp:656:9: warning: field '_res_external_mem' will be initialized after field '_res_reg_flags' [-Wreorder-ctor]
  656 |       : _res_external_mem(external_mem), _res_reg_flags(reg_flags) {}
      |         ^~~~~~~~~~~~~~~~~~~~~~~~~~~~~~~  ~~~~~~~~~~~~~~~~~~~~~~~~~
      |         _res_reg_flags(reg_flags)        _res_external_mem(external_mem)
/home/yayoi/ghq/github.com/yqYo1/Strata/.worktree/sync-upstream-2026-10-05/sycl/include/dpct/bindless_images.hpp:1163:24: warning: comparison of integers of different signs: 'size_t' (aka 'unsigned long') and 'int' [-Wsign-compare]
 1163 |   for (size_t i = 0; i < count; ++i) {
      |                      ~ ^ ~~~~~
/home/yayoi/ghq/github.com/yqYo1/Strata/.worktree/sync-upstream-2026-10-05/sycl/include/dpct/bindless_images.hpp:1350:21: warning: comparison of integers of different signs: 'int' and 'unsigned int' [-Wsign-compare]
 1350 |   for (int i = 0; i < numExtSems; i++) {
      |                   ~ ^ ~~~~~~~~~~
/home/yayoi/ghq/github.com/yqYo1/Strata/.worktree/sync-upstream-2026-10-05/sycl/include/dpct/bindless_images.hpp:1393:21: warning: comparison of integers of different signs: 'int' and 'unsigned int' [-Wsign-compare]
 1393 |   for (int i = 0; i < numExtSems; i++) {
      |                   ~ ^ ~~~~~~~~~~
/home/yayoi/ghq/github.com/yqYo1/Strata/.worktree/sync-upstream-2026-10-05/sycl/include/dpct/bindless_images.hpp:1686:60: warning: unused parameter 'channel' [-Wunused-parameter]
 1686 |   void attach(image_mem_wrapper *mem, const image_channel &channel,
      |                                                            ^
/home/yayoi/.local/state/strata-sycl/post-reboot-tuning-20261007/observed-regular-launch-build/sources/sycl/src/kernels/cuda/verify_kernels.dp.cpp:28:24: warning: unused parameter 'what' [-Wunused-parameter]
   28 | void check(const char* what) {
      |                        ^
/home/yayoi/.local/state/strata-sycl/post-reboot-tuning-20261007/observed-regular-launch-build/sources/sycl/src/kernels/cuda/verify_kernels.dp.cpp:566:53: warning: unused parameter 'item_ct1' [-Wunused-parameter]
  566 |                     exp_props, [=](sycl::nd_item<3> item_ct1) {
      |                                                     ^
/home/yayoi/.local/state/strata-sycl/post-reboot-tuning-20261007/observed-regular-launch-build/sources/sycl/src/kernels/cuda/verify_kernels.dp.cpp:584:49: warning: unused parameter 'item_ct1' [-Wunused-parameter]
  584 |                 exp_props, [=](sycl::nd_item<3> item_ct1) {
      |                                                 ^
/home/yayoi/.local/state/strata-sycl/post-reboot-tuning-20261007/observed-regular-launch-build/sources/sycl/src/kernels/cuda/verify_kernels.dp.cpp:605:49: warning: unused parameter 'item_ct1' [-Wunused-parameter]
  605 |                 exp_props, [=](sycl::nd_item<3> item_ct1) {
      |                                                 ^
/home/yayoi/.local/state/strata-sycl/post-reboot-tuning-20261007/observed-regular-launch-build/sources/sycl/src/kernels/cuda/verify_kernels.dp.cpp:627:49: warning: unused parameter 'item_ct1' [-Wunused-parameter]
  627 |                 exp_props, [=](sycl::nd_item<3> item_ct1) {
      |                                                 ^
/home/yayoi/.local/state/strata-sycl/post-reboot-tuning-20261007/observed-regular-launch-build/sources/sycl/src/kernels/cuda/verify_kernels.dp.cpp:645:49: warning: unused parameter 'item_ct1' [-Wunused-parameter]
  645 |                 exp_props, [=](sycl::nd_item<3> item_ct1) {
      |                                                 ^
/home/yayoi/.local/state/strata-sycl/post-reboot-tuning-20261007/observed-regular-launch-build/sources/sycl/src/kernels/cuda/verify_kernels.dp.cpp:668:49: warning: unused parameter 'item_ct1' [-Wunused-parameter]
  668 |                 exp_props, [=](sycl::nd_item<3> item_ct1) {
      |                                                 ^
/home/yayoi/.local/state/strata-sycl/post-reboot-tuning-20261007/observed-regular-launch-build/sources/sycl/src/kernels/cuda/verify_kernels.dp.cpp:686:49: warning: unused parameter 'item_ct1' [-Wunused-parameter]
  686 |                 exp_props, [=](sycl::nd_item<3> item_ct1) {
      |                                                 ^
/home/yayoi/.local/state/strata-sycl/post-reboot-tuning-20261007/observed-regular-launch-build/sources/sycl/src/kernels/cuda/verify_kernels.dp.cpp:700:45: warning: unused parameter 'item_ct1' [-Wunused-parameter]
  700 |             exp_props, [=](sycl::nd_item<3> item_ct1) {
      |                                             ^
/home/yayoi/.local/state/strata-sycl/post-reboot-tuning-20261007/observed-regular-launch-build/sources/sycl/src/kernels/cuda/verify_kernels.dp.cpp:715:49: warning: unused parameter 'item_ct1' [-Wunused-parameter]
  715 |                 exp_props, [=](sycl::nd_item<3> item_ct1) {
      |                                                 ^
/home/yayoi/.local/state/strata-sycl/post-reboot-tuning-20261007/observed-regular-launch-build/sources/sycl/src/kernels/cuda/verify_kernels.dp.cpp:738:38: warning: unused parameter 'item_ct1' [-Wunused-parameter]
  738 |                 [=](sycl::nd_item<3> item_ct1)
      |                                      ^
/home/yayoi/.local/state/strata-sycl/post-reboot-tuning-20261007/observed-regular-launch-build/sources/sycl/src/kernels/cuda/verify_kernels.dp.cpp:782:49: warning: unused parameter 'item_ct1' [-Wunused-parameter]
  782 |                 exp_props, [=](sycl::nd_item<3> item_ct1) {
      |                                                 ^
/home/yayoi/.local/state/strata-sycl/post-reboot-tuning-20261007/observed-regular-launch-build/sources/sycl/src/kernels/cuda/verify_kernels.dp.cpp:798:49: warning: unused parameter 'item_ct1' [-Wunused-parameter]
  798 |                 exp_props, [=](sycl::nd_item<3> item_ct1) {
      |                                                 ^
/home/yayoi/.local/state/strata-sycl/post-reboot-tuning-20261007/observed-regular-launch-build/sources/sycl/src/kernels/cuda/verify_kernels.dp.cpp:825:38: warning: unused parameter 'item_ct1' [-Wunused-parameter]
  825 |                 [=](sycl::nd_item<3> item_ct1)
      |                                      ^
/home/yayoi/.local/state/strata-sycl/post-reboot-tuning-20261007/observed-regular-launch-build/sources/sycl/src/kernels/cuda/verify_kernels.dp.cpp:847:49: warning: unused parameter 'item_ct1' [-Wunused-parameter]
  847 |                 exp_props, [=](sycl::nd_item<3> item_ct1) {
      |                                                 ^
/home/yayoi/.local/state/strata-sycl/post-reboot-tuning-20261007/observed-regular-launch-build/sources/sycl/src/kernels/cuda/verify_kernels.dp.cpp:871:38: warning: unused parameter 'item_ct1' [-Wunused-parameter]
  871 |                 [=](sycl::nd_item<3> item_ct1)
      |                                      ^
/home/yayoi/.local/state/strata-sycl/post-reboot-tuning-20261007/observed-regular-launch-build/sources/sycl/src/kernels/cuda/verify_kernels.dp.cpp:906:38: warning: unused parameter 'item_ct1' [-Wunused-parameter]
  906 |                 [=](sycl::nd_item<3> item_ct1)
      |                                      ^
/home/yayoi/.local/state/strata-sycl/post-reboot-tuning-20261007/observed-regular-launch-build/sources/sycl/src/kernels/cuda/verify_kernels.dp.cpp:1118:49: warning: unused parameter 'item_ct1' [-Wunused-parameter]
 1118 |                 exp_props, [=](sycl::nd_item<3> item_ct1) [[sycl::reqd_sub_group_size(32)]] {
      |                                                 ^
/home/yayoi/.local/state/strata-sycl/post-reboot-tuning-20261007/observed-regular-launch-build/sources/sycl/src/kernels/cuda/verify_kernels.dp.cpp:1141:49: warning: unused parameter 'item_ct1' [-Wunused-parameter]
 1141 |                 exp_props, [=](sycl::nd_item<3> item_ct1) {
      |                                                 ^
/home/yayoi/.local/state/strata-sycl/post-reboot-tuning-20261007/observed-regular-launch-build/sources/sycl/src/kernels/cuda/verify_kernels.dp.cpp:1162:49: warning: unused parameter 'item_ct1' [-Wunused-parameter]
 1162 |                 exp_props, [=](sycl::nd_item<3> item_ct1) {
      |                                                 ^
/home/yayoi/.local/state/strata-sycl/post-reboot-tuning-20261007/observed-regular-launch-build/sources/sycl/src/kernels/cuda/verify_kernels.dp.cpp:1189:49: warning: unused parameter 'item_ct1' [-Wunused-parameter]
 1189 |                 exp_props, [=](sycl::nd_item<3> item_ct1) {
      |                                                 ^
/home/yayoi/.local/state/strata-sycl/post-reboot-tuning-20261007/observed-regular-launch-build/sources/sycl/src/kernels/cuda/verify_kernels.dp.cpp:1211:49: warning: unused parameter 'item_ct1' [-Wunused-parameter]
 1211 |                 exp_props, [=](sycl::nd_item<3> item_ct1) {
      |                                                 ^
/home/yayoi/.local/state/strata-sycl/post-reboot-tuning-20261007/observed-regular-launch-build/sources/sycl/src/kernels/cuda/verify_kernels.dp.cpp:1229:49: warning: unused parameter 'item_ct1' [-Wunused-parameter]
 1229 |                 exp_props, [=](sycl::nd_item<3> item_ct1) {
      |                                                 ^
/home/yayoi/.local/state/strata-sycl/post-reboot-tuning-20261007/observed-regular-launch-build/sources/sycl/src/kernels/cuda/verify_kernels.dp.cpp:1257:45: warning: unused parameter 'item_ct1' [-Wunused-parameter]
 1257 |             exp_props, [=](sycl::nd_item<3> item_ct1) {
      |                                             ^
In file included from /home/yayoi/.local/state/strata-sycl/post-reboot-tuning-20261007/observed-regular-launch-build/sources/sycl/src/kernels/cuda/verify_kernels.dp.cpp:7:
In file included from /home/yayoi/ghq/github.com/yqYo1/Strata/.worktree/sync-upstream-2026-10-05/sycl/include/dpct/dpct.hpp:52:
/home/yayoi/ghq/github.com/yqYo1/Strata/.worktree/sync-upstream-2026-10-05/sycl/include/dpct/device.hpp:86:13: warning: unused function 'destroy_event' [-Wunused-function]
   86 | static void destroy_event(event_ptr event) {
      |             ^~~~~~~~~~~~~
In file included from /home/yayoi/.local/state/strata-sycl/post-reboot-tuning-20261007/observed-regular-launch-build/sources/sycl/src/kernels/cuda/verify_kernels.dp.cpp:7:
In file included from /home/yayoi/ghq/github.com/yqYo1/Strata/.worktree/sync-upstream-2026-10-05/sycl/include/dpct/dpct.hpp:53:
In file included from /home/yayoi/ghq/github.com/yqYo1/Strata/.worktree/sync-upstream-2026-10-05/sycl/include/dpct/image.hpp:14:
/home/yayoi/ghq/github.com/yqYo1/Strata/.worktree/sync-upstream-2026-10-05/sycl/include/dpct/memory.hpp:165:17: warning: 'static' function 'get_buffer' declared in header file should be declared 'static inline' [-Wunneeded-internal-declaration]
  165 | static buffer_t get_buffer(const void *ptr) {
      |                 ^~~~~~~~~~
/home/yayoi/ghq/github.com/yqYo1/Strata/.worktree/sync-upstream-2026-10-05/sycl/include/dpct/memory.hpp:141:36: warning: 'static' function 'get_buffer_and_offset' declared in header file should be declared 'static inline' [-Wunneeded-internal-declaration]
  141 | static std::pair<buffer_t, size_t> get_buffer_and_offset(const void *ptr) {
      |                                    ^~~~~~~~~~~~~~~~~~~~~
/home/yayoi/ghq/github.com/yqYo1/Strata/.worktree/sync-upstream-2026-10-05/sycl/include/dpct/memory.hpp:304:13: warning: unused function 'dpct_memcpy' [-Wunused-function]
  304 | static void dpct_memcpy(void *to_ptr, const void *from_ptr, size_t size,
      |             ^~~~~~~~~~~
/home/yayoi/ghq/github.com/yqYo1/Strata/.worktree/sync-upstream-2026-10-05/sycl/include/dpct/memory.hpp:322:13: warning: unused function 'dpct_memcpy' [-Wunused-function]
  322 | static void dpct_memcpy(void *to_ptr, int to_dev_id, const void *from_ptr,
      |             ^~~~~~~~~~~
/home/yayoi/ghq/github.com/yqYo1/Strata/.worktree/sync-upstream-2026-10-05/sycl/include/dpct/memory.hpp:340:13: warning: unused function 'async_dpct_memcpy' [-Wunused-function]
  340 | static void async_dpct_memcpy(void *to_ptr, const void *from_ptr, size_t size,
      |             ^~~~~~~~~~~~~~~~~
/home/yayoi/ghq/github.com/yqYo1/Strata/.worktree/sync-upstream-2026-10-05/sycl/include/dpct/memory.hpp:358:13: warning: unused function 'async_dpct_memcpy' [-Wunused-function]
  358 | static void async_dpct_memcpy(void *to_ptr, int to_dev_id, const void *from_ptr,
      |             ^~~~~~~~~~~~~~~~~
/home/yayoi/ghq/github.com/yqYo1/Strata/.worktree/sync-upstream-2026-10-05/sycl/include/dpct/memory.hpp:494:13: warning: unused function 'dpct_memset' [-Wunused-function]
  494 | static void dpct_memset(void *dev_ptr, int value, size_t size,
      |             ^~~~~~~~~~~
/home/yayoi/ghq/github.com/yqYo1/Strata/.worktree/sync-upstream-2026-10-05/sycl/include/dpct/memory.hpp:507:13: warning: unused function 'dpct_memset_d16' [-Wunused-function]
  507 | static void dpct_memset_d16(void *dev_ptr, unsigned short value, size_t size,
      |             ^~~~~~~~~~~~~~~
/home/yayoi/ghq/github.com/yqYo1/Strata/.worktree/sync-upstream-2026-10-05/sycl/include/dpct/memory.hpp:519:13: warning: unused function 'dpct_memset_d32' [-Wunused-function]
  519 | static void dpct_memset_d32(void *dev_ptr, unsigned int value, size_t size,
      |             ^~~~~~~~~~~~~~~
/home/yayoi/ghq/github.com/yqYo1/Strata/.worktree/sync-upstream-2026-10-05/sycl/include/dpct/memory.hpp:532:13: warning: unused function 'async_dpct_memset' [-Wunused-function]
  532 | static void async_dpct_memset(void *dev_ptr, int value, size_t size,
      |             ^~~~~~~~~~~~~~~~~
/home/yayoi/ghq/github.com/yqYo1/Strata/.worktree/sync-upstream-2026-10-05/sycl/include/dpct/memory.hpp:544:13: warning: unused function 'async_dpct_memset_d16' [-Wunused-function]
  544 | static void async_dpct_memset_d16(void *dev_ptr, unsigned short value, size_t size,
      |             ^~~~~~~~~~~~~~~~~~~~~
/home/yayoi/ghq/github.com/yqYo1/Strata/.worktree/sync-upstream-2026-10-05/sycl/include/dpct/memory.hpp:556:13: warning: unused function 'async_dpct_memset_d32' [-Wunused-function]
  556 | static void async_dpct_memset_d32(void *dev_ptr, unsigned int value, size_t size,
      |             ^~~~~~~~~~~~~~~~~~~~~
In file included from /home/yayoi/.local/state/strata-sycl/post-reboot-tuning-20261007/observed-regular-launch-build/sources/sycl/src/kernels/cuda/verify_kernels.dp.cpp:7:
In file included from /home/yayoi/ghq/github.com/yqYo1/Strata/.worktree/sync-upstream-2026-10-05/sycl/include/dpct/dpct.hpp:60:
/home/yayoi/ghq/github.com/yqYo1/Strata/.worktree/sync-upstream-2026-10-05/sycl/include/dpct/graph.hpp:136:1: warning: unused function 'add_empty_node' [-Wunused-function]
  136 | add_empty_node(dpct::experimental::node_ptr *newNode,
      | ^~~~~~~~~~~~~~
/home/yayoi/ghq/github.com/yqYo1/Strata/.worktree/sync-upstream-2026-10-05/sycl/include/dpct/graph.hpp:162:13: warning: unused function 'add_dependencies' [-Wunused-function]
  162 | static void add_dependencies(dpct::experimental::command_graph_ptr graph,
      |             ^~~~~~~~~~~~~~~~
/home/yayoi/ghq/github.com/yqYo1/Strata/.worktree/sync-upstream-2026-10-05/sycl/include/dpct/graph.hpp:176:13: warning: unused function 'get_nodes' [-Wunused-function]
  176 | static void get_nodes(dpct::experimental::command_graph_ptr graph,
      |             ^~~~~~~~~
/home/yayoi/ghq/github.com/yqYo1/Strata/.worktree/sync-upstream-2026-10-05/sycl/include/dpct/graph.hpp:187:13: warning: unused function 'get_root_nodes' [-Wunused-function]
  187 | static void get_root_nodes(dpct::experimental::command_graph_ptr graph,
      |             ^~~~~~~~~~~~~~
57 warnings generated.
