{
  "scope": "CPU stub 262144-cell normal-MTP serve correctness, warnings/validation/layer progress, owned GDB/PTY, full and clipped tails, invalid-request refusals and subsequent valid request; not throughput or general hang prevention",
  "started_utc": "2026-10-07T00:39:33.736785+00:00",
  "boot_id": "0a908c16-e292-4299-80ff-082da39f4bb9",
  "active": false,
  "completed": false,
  "healthy": false,
  "requests": [
    {
      "name": "fills-context",
      "input_tokens": 262140,
      "max_new": 4,
      "ids": [
        100,
        101,
        102,
        103
      ],
      "logprobs": [
        "LP -0.5 100:-0.5",
        "LP -0.5 101:-0.5",
        "LP -0.5 102:-0.5",
        "LP -0.5 103:-0.5"
      ],
      "protocol": [
        "REUSED 0",
        "T 100",
        "LP -0.5 100:-0.5",
        "T 101",
        "LP -0.5 101:-0.5",
        "T 102",
        "LP -0.5 102:-0.5",
        "T 103",
        "LP -0.5 103:-0.5",
        "DONE 4 262140 1.0 1.0 length 0 0 0 0 0 0 0 0.0 262140 0"
      ],
      "request_sha256": "ad6f45a39782ff99d0e3447a3b569d4d6eae10e521b3b028d3d9d3c3ccc6a759",
      "diagnostic_request_seconds": 0.030657860999781406,
      "verify_windows": [
        [
          262139,
          1
        ],
        [
          262140,
          4
        ]
      ],
      "draft_releases": 1,
      "draft_restores": 1,
      "head": {
        "bytes": 993280,
        "floats": 248320,
        "sha256": "895365e27ed4255bccdcabe85bebf7c22aaaeebab375264d8e90eae30dc28399"
      },
      "last_executed_kv_cell": 262143
    },
    {
      "name": "fills-context-tail-2",
      "input_tokens": 262142,
      "max_new": 2,
      "ids": [
        100,
        101
      ],
      "logprobs": [
        "LP -0.5 100:-0.5",
        "LP -0.5 101:-0.5"
      ],
      "protocol": [
        "REUSED 0",
        "T 100",
        "LP -0.5 100:-0.5",
        "T 101",
        "LP -0.5 101:-0.5",
        "DONE 2 262142 1.0 1.0 length 0 0 0 0 0 0 0 0.0 262142 0"
      ],
      "request_sha256": "135f12877e94f3c264d2e592b33200d2494740a2350645f7a33dabe12c022df3",
      "diagnostic_request_seconds": 0.011686108999128919,
      "verify_windows": [
        [
          262141,
          1
        ],
        [
          262142,
          1
        ]
      ],
      "draft_releases": 1,
      "draft_restores": 1,
      "head": {
        "bytes": 993280,
        "floats": 248320,
        "sha256": "895365e27ed4255bccdcabe85bebf7c22aaaeebab375264d8e90eae30dc28399"
      }
    }
  ],
  "snapshots": [
    {
      "label": "failure",
      "stop": "*stopped,reason=\"signal-received\",signal-name=\"SIGINT\",signal-meaning=\"Interrupt\",frame={addr=\"0x00007ffff7d73d31\",func=\"__GI___libc_read\",args=[{name=\"fd\",value=\"0\"},{name=\"buf\",value=\"0xe38f10\"},{name=\"nbytes\",value=\"8192\"}],file=\"../sysdeps/unix/sysv/linux/read.c\",fullname=\"./io/../sysdeps/unix/sysv/linux/read.c\",line=\"26\",arch=\"i386:x86-64\"},thread-id=\"1\",stopped-threads=\"all\",core=\"0\"",
      "path": "/tmp/strata-capacity-cpu-5to260oo/last-cell-missing/full-context-layer-trace-serve/debugger/failure.mi.txt",
      "resumed": false
    }
  ],
  "deadline_seconds": 7200,
  "protocol_timeout_seconds": 5,
  "write_timeout_seconds": 5,
  "shutdown_timeout_seconds": 0.5,
  "log_limit_bytes": 536870912,
  "binary_sha256": "3d55ae40bb63273e670709c1fd6ef68664f136804247d6c196183c8d2ddb7bea",
  "source_fixture_sha256": "80807e77981fabfb7ae0e97eb23e683b77e8874c53936f4c7dd4edbf65ba124d",
  "source_sha256": {
    "/tmp/strata-capacity-cpu-5to260oo/last-cell-missing/controller.py": "16007529cb9c55065b1234a4f72ec7e0ce1199eb974b7843b95230980d241917",
    "/tmp/strata-capacity-cpu-5to260oo/root/sycl/tools/recover-xe.sh": "7a32457366c3a08aaab3d5ebc9d97bf5bc7ab7ced7cea49efd8df30301e9a710",
    "/tmp/strata-capacity-cpu-5to260oo/root/sycl/tools/owned_gdb.py": "547838e423525c824b7c033f7490153f8174d772e7c8f736c2f9255b50de758c",
    "/tmp/strata-capacity-cpu-5to260oo/root/sycl/src/program/generate.cpp": "827344edf4ac57e28630301e150472dcf99a18d4c37ad8aeaee8683e8506bb9a",
    "/tmp/strata-capacity-cpu-5to260oo/root/sycl/src/prefill/prefill.cpp": "827344edf4ac57e28630301e150472dcf99a18d4c37ad8aeaee8683e8506bb9a",
    "/tmp/strata-capacity-cpu-5to260oo/last-cell-missing/read-csr.gdb": "5f9d4531b9da2395703aded9caea32af212c7a5f48e52195d93009a530768e9b"
  },
  "assistant_suffix": [
    248046,
    198,
    248045,
    74455,
    198,
    248068,
    198,
    248069,
    271
  ],
  "capacity": 262144,
  "elapsed_seconds": 3.175253036999493,
  "active_request": "fills-context-tail-2",
  "preflight_fault_messages": [],
  "startup": [
    "READY 262144 stop"
  ],
  "latest_metrics": {
    "pid": 1424650,
    "start_ticks": 2325295,
    "state": "R",
    "minor_faults": 43,
    "major_faults": 0,
    "user_ticks": 0,
    "system_ticks": 0,
    "io": {
      "rchar": 6644,
      "wchar": 0,
      "syscr": 11,
      "syscw": 0,
      "read_bytes": 0,
      "write_bytes": 0,
      "cancelled_write_bytes": 0
    },
    "gpu": [],
    "elapsed_seconds": 0.12194574299792293
  },
  "unchanged_progress_seconds": 3.300010575912893e-07,
  "inferior": {
    "pid": 1424650,
    "start_ticks": 2325295,
    "state": "t"
  },
  "debugger": {
    "pid": 1424639,
    "start_ticks": 2325287,
    "state": "R"
  },
  "ready_capacity": 262144,
  "error": "AssertionError()",
  "exit_code": null,
  "exit_signal": null,
  "cleanup": {
    "forced": true,
    "inferior_survived": false,
    "gdb_survived": false
  },
  "new_fault_messages": [],
  "finished_utc": "2026-10-07T00:39:36.912074+00:00"
}
