<LOADER>[DEBUG]: Logger loader initialized successfully!
<LOADER>[INFO]: loaded adapter 0x0x160da2a0 (/opt/intel/oneapi/compiler/2026.1/lib/libur_adapter_level_zero_v2.so.0) from /opt/intel/oneapi/compiler/2026.1/lib/libur_adapter_level_zero_v2.so.0
   ---> urAdapterGet
<LEVEL_ZERO>[DEBUG]: zeInit with flags value of 1
[2026-10-07 19:40:56.040] [thread-id: 125439203953984] [info] Loader Version 1.32.0  - No git SHA found, compiled outside git folder.
[2026-10-07 19:40:56.043] [thread-id: 125439203953984] [info] Validation Layer Enabled
[2026-10-07 19:40:56.043] [thread-id: 125439203953984] [info] zeInit succeeded
[2026-10-07 19:40:56.043] [thread-id: 125439203953984] [trace] zeInit(flags)
[2026-10-07 19:40:56.121] [thread-id: 125439203953984] [trace] SUCCESS (ZE_RESULT_SUCCESS) in zeInit(flags=1)
<LEVEL_ZERO>[DEBUG]: Level Zero Loader version: 1.32.0
<LEVEL_ZERO>[DEBUG]: zeInitDrivers with flags value of 1
[2026-10-07 19:40:56.121] [thread-id: 125439203953984] [trace] zeInitDrivers(pCount, phDrivers, desc)
[2026-10-07 19:40:56.121] [thread-id: 125439203953984] [trace] SUCCESS (ZE_RESULT_SUCCESS) in zeInitDrivers(pCount=1, phDrivers=nullptr, desc={stype=0x160d9038, flags=1})
[2026-10-07 19:40:56.121] [thread-id: 125439203953984] [trace] zeInitDrivers(pCount, phDrivers, desc)
[2026-10-07 19:40:56.121] [thread-id: 125439203953984] [trace] SUCCESS (ZE_RESULT_SUCCESS) in zeInitDrivers(pCount=1, phDrivers=nullptr, desc={stype=0x160d9038, flags=1})
[2026-10-07 19:40:56.121] [thread-id: 125439203953984] [trace] zeDriverGet(pCount, phDrivers)
[2026-10-07 19:40:56.121] [thread-id: 125439203953984] [trace] SUCCESS (ZE_RESULT_SUCCESS) in zeDriverGet(pCount=1, phDrivers=nullptr)
[2026-10-07 19:40:56.121] [thread-id: 125439203953984] [trace] zeDriverGet(pCount, phDrivers)
[2026-10-07 19:40:56.121] [thread-id: 125439203953984] [trace] SUCCESS (ZE_RESULT_SUCCESS) in zeDriverGet(pCount=1, phDrivers=0x162bed60)
[2026-10-07 19:40:56.121] [thread-id: 125439203953984] [trace] zeDeviceGet(hDriver, pCount, phDevices)
[2026-10-07 19:40:56.121] [thread-id: 125439203953984] [trace] SUCCESS (ZE_RESULT_SUCCESS) in zeDeviceGet(hDriver=0x162beda8, pCount=1, phDevices=nullptr)
[2026-10-07 19:40:56.121] [thread-id: 125439203953984] [trace] zeDeviceGet(hDriver, pCount, phDevices)
[2026-10-07 19:40:56.121] [thread-id: 125439203953984] [trace] SUCCESS (ZE_RESULT_SUCCESS) in zeDeviceGet(hDriver=0x162beda8, pCount=1, phDevices=0x162cb690)
[2026-10-07 19:40:56.121] [thread-id: 125439203953984] [trace] zeDeviceGetProperties(hDevice, pDeviceProperties)
[2026-10-07 19:40:56.121] [thread-id: 125439203953984] [trace] SUCCESS (ZE_RESULT_SUCCESS) in zeDeviceGetProperties(hDevice=0x162bf308, pDeviceProperties={stype=0x7ffea51395e0, type=0x7ffea51395f0, vendorId=32902, deviceId=57868, flags=8, subdeviceId=0, coreClockRate=2750, maxMemAllocSize=10132807680, maxHardwareContexts=65536, maxCommandQueuePriority=0, numThreadsPerEU=8, physicalEUSimdWidth=16, numEUsPerSubslice=8, numSubslicesPerSlice=4, numSlices=5, timerResolution=52, timestampValidBits=64, kernelTimestampValidBits=64, uuid={id=134}, name="Intel(R) Arc(TM) B570 Graphics"})
<LEVEL_ZERO>[DEBUG]: 
zesInit with flags value of 0

[2026-10-07 19:40:56.121] [thread-id: 125439203953984] [trace] zesInit(flags)
[2026-10-07 19:40:56.124] [thread-id: 125439203953984] [trace] SUCCESS (ZE_RESULT_SUCCESS) in zesInit(flags=0)
[2026-10-07 19:40:56.124] [thread-id: 125439203953984] [trace] zeDriverGet(pCount, phDrivers)
[2026-10-07 19:40:56.124] [thread-id: 125439203953984] [trace] SUCCESS (ZE_RESULT_SUCCESS) in zeDriverGet(pCount=1, phDrivers=nullptr)
[2026-10-07 19:40:56.124] [thread-id: 125439203953984] [trace] zeDriverGet(pCount, phDrivers)
[2026-10-07 19:40:56.124] [thread-id: 125439203953984] [trace] SUCCESS (ZE_RESULT_SUCCESS) in zeDriverGet(pCount=1, phDrivers=0x162d2510)
[2026-10-07 19:40:56.124] [thread-id: 125439203953984] [trace] zeInitDrivers(pCount, phDrivers, desc)
[2026-10-07 19:40:56.124] [thread-id: 125439203953984] [trace] SUCCESS (ZE_RESULT_SUCCESS) in zeInitDrivers(pCount=1, phDrivers=0x162d25e0, desc={stype=0x160d9038, flags=1})
[2026-10-07 19:40:56.124] [thread-id: 125439203953984] [trace] zeDriverGetProperties(hDriver, pDriverProperties)
[2026-10-07 19:40:56.124] [thread-id: 125439203953984] [trace] SUCCESS (ZE_RESULT_SUCCESS) in zeDriverGetProperties(hDriver=0x162beda8, pDriverProperties={stype=0x7ffea5139530, uuid={id=227}, driverVersion=17013219})
[2026-10-07 19:40:56.124] [thread-id: 125439203953984] [trace] zeDriverGetProperties(hDriver, pDriverProperties)
[2026-10-07 19:40:56.124] [thread-id: 125439203953984] [trace] SUCCESS (ZE_RESULT_SUCCESS) in zeDriverGetProperties(hDriver=0x162beda8, pDriverProperties={stype=0x7ffea5139700, uuid={id=227}, driverVersion=17013219})
<LEVEL_ZERO>[DEBUG]: zeDriverHandle 0x162beda8 matched between zeDriverGet and zeInitDrivers. Not adding duplicate driver to list
<LEVEL_ZERO>[DEBUG]: 1 L0 Drivers found.
[2026-10-07 19:40:56.124] [thread-id: 125439203953984] [trace] zeDeviceGet(hDriver, pCount, phDevices)
[2026-10-07 19:40:56.124] [thread-id: 125439203953984] [trace] SUCCESS (ZE_RESULT_SUCCESS) in zeDeviceGet(hDriver=0x162beda8, pCount=1, phDevices=nullptr)
[2026-10-07 19:40:56.124] [thread-id: 125439203953984] [trace] zeDeviceGet(hDriver, pCount, phDevices)
[2026-10-07 19:40:56.124] [thread-id: 125439203953984] [trace] SUCCESS (ZE_RESULT_SUCCESS) in zeDeviceGet(hDriver=0x162beda8, pCount=1, phDevices=0x162d2880)
[2026-10-07 19:40:56.124] [thread-id: 125439203953984] [trace] zeDeviceGetProperties(hDevice, pDeviceProperties)
[2026-10-07 19:40:56.124] [thread-id: 125439203953984] [trace] SUCCESS (ZE_RESULT_SUCCESS) in zeDeviceGetProperties(hDevice=0x162bf308, pDeviceProperties={stype=0x7ffea5139530, type=0x7ffea5139540, vendorId=32902, deviceId=57868, flags=8, subdeviceId=0, coreClockRate=2750, maxMemAllocSize=10132807680, maxHardwareContexts=65536, maxCommandQueuePriority=0, numThreadsPerEU=8, physicalEUSimdWidth=16, numEUsPerSubslice=8, numSubslicesPerSlice=4, numSlices=5, timerResolution=52, timestampValidBits=64, kernelTimestampValidBits=64, uuid={id=134}, name="Intel(R) Arc(TM) B570 Graphics"})
[2026-10-07 19:40:56.124] [thread-id: 125439203953984] [trace] zeDriverGetApiVersion(hDriver, version)
[2026-10-07 19:40:56.124] [thread-id: 125439203953984] [trace] SUCCESS (ZE_RESULT_SUCCESS) in zeDriverGetApiVersion(hDriver=0x162beda8, version=65553)
[2026-10-07 19:40:56.124] [thread-id: 125439203953984] [trace] zeDriverGetExtensionProperties(hDriver, pCount, pExtensionProperties)
[2026-10-07 19:40:56.124] [thread-id: 125439203953984] [trace] SUCCESS (ZE_RESULT_SUCCESS) in zeDriverGetExtensionProperties(hDriver=0x162beda8, pCount=63, pExtensionProperties=nullptr)
[2026-10-07 19:40:56.124] [thread-id: 125439203953984] [trace] zeDriverGetExtensionProperties(hDriver, pCount, pExtensionProperties)
[2026-10-07 19:40:56.124] [thread-id: 125439203953984] [trace] SUCCESS (ZE_RESULT_SUCCESS) in zeDriverGetExtensionProperties(hDriver=0x162beda8, pCount=63, pExtensionProperties={name="ZE_extension_device_cache_line_size", version=65536})
[2026-10-07 19:40:56.124] [thread-id: 125439203953984] [trace] zeDriverGetExtensionFunctionAddress(hDriver, name, ppFunctionAddress)
[2026-10-07 19:40:56.124] [thread-id: 125439203953984] [trace] SUCCESS (ZE_RESULT_SUCCESS) in zeDriverGetExtensionFunctionAddress(hDriver=0x162beda8, name="zeIntelGetDriverVersionString", ppFunctionAddress=0x7216135b4c00)
[2026-10-07 19:40:56.124] [thread-id: 125439203953984] [trace] zeDriverGetProperties(hDriver, pDriverProperties)
[2026-10-07 19:40:56.124] [thread-id: 125439203953984] [trace] SUCCESS (ZE_RESULT_SUCCESS) in zeDriverGetProperties(hDriver=0x162beda8, pDriverProperties={stype=0x7ffea51393f0, uuid={id=227}, driverVersion=17013219})
<LEVEL_ZERO>[DEBUG]: Level Zero Driver version: 1.17.39395+14
[2026-10-07 19:40:56.124] [thread-id: 125439203953984] [trace] zeDriverGetExtensionFunctionAddress(hDriver, name, ppFunctionAddress)
[2026-10-07 19:40:56.124] [thread-id: 125439203953984] [trace] SUCCESS (ZE_RESULT_SUCCESS) in zeDriverGetExtensionFunctionAddress(hDriver=0x162beda8, name="zexDriverImportExternalPointer", ppFunctionAddress=0x7216135afa40)
[2026-10-07 19:40:56.124] [thread-id: 125439203953984] [trace] zeDriverGetExtensionFunctionAddress(hDriver, name, ppFunctionAddress)
[2026-10-07 19:40:56.124] [thread-id: 125439203953984] [trace] SUCCESS (ZE_RESULT_SUCCESS) in zeDriverGetExtensionFunctionAddress(hDriver=0x162beda8, name="zexDriverReleaseImportedPointer", ppFunctionAddress=0x7216135b7e30)
[2026-10-07 19:40:56.124] [thread-id: 125439203953984] [trace] zeDriverGetExtensionFunctionAddress(hDriver, name, ppFunctionAddress)
[2026-10-07 19:40:56.124] [thread-id: 125439203953984] [trace] SUCCESS (ZE_RESULT_SUCCESS) in zeDriverGetExtensionFunctionAddress(hDriver=0x162beda8, name="zeImageGetDeviceOffsetExp", ppFunctionAddress=0x7216135b9190)
[2026-10-07 19:40:56.124] [thread-id: 125439203953984] [trace] zeDriverGetExtensionFunctionAddress(hDriver, name, ppFunctionAddress)
[2026-10-07 19:40:56.124] [thread-id: 125439203953984] [trace] SUCCESS (ZE_RESULT_SUCCESS) in zeDriverGetExtensionFunctionAddress(hDriver=0x162beda8, name="zeMemGetPitchFor2dImage", ppFunctionAddress=0x7216135bb550)
[2026-10-07 19:40:56.124] [thread-id: 125439203953984] [trace] zeDriverGetExtensionFunctionAddress(hDriver, name, ppFunctionAddress)
[2026-10-07 19:40:56.124] [thread-id: 125439203953984] [trace] SUCCESS (ZE_RESULT_SUCCESS) in zeDriverGetExtensionFunctionAddress(hDriver=0x162beda8, name="zeGraphGetIdExt", ppFunctionAddress=0x7216135a9dd0)
[2026-10-07 19:40:56.124] [thread-id: 125439203953984] [trace] zeDriverGetExtensionFunctionAddress(hDriver, name, ppFunctionAddress)
[2026-10-07 19:40:56.124] [thread-id: 125439203953984] [trace] SUCCESS (ZE_RESULT_SUCCESS) in zeDriverGetExtensionFunctionAddress(hDriver=0x162beda8, name="zeCommandListAppendHostFunction", ppFunctionAddress=0x72161358d140)
[2026-10-07 19:40:56.124] [thread-id: 125439203953984] [trace] zesDriverGet(pCount, phDrivers)
[2026-10-07 19:40:56.124] [thread-id: 125439203953984] [trace] SUCCESS (ZE_RESULT_SUCCESS) in zesDriverGet(pCount=1, phDrivers=nullptr)
[2026-10-07 19:40:56.124] [thread-id: 125439203953984] [trace] zesDriverGet(pCount, phDrivers)
[2026-10-07 19:40:56.124] [thread-id: 125439203953984] [trace] SUCCESS (ZE_RESULT_SUCCESS) in zesDriverGet(pCount=1, phDrivers=0x162d3990)
[2026-10-07 19:40:56.124] [thread-id: 125439203953984] [trace] zesDriverGetDeviceByUuidExp(hDriver, uuid, phDevice, onSubdevice, subdeviceId)
[2026-10-07 19:40:56.125] [thread-id: 125439203953984] [trace] SUCCESS (ZE_RESULT_SUCCESS) in zesDriverGetDeviceByUuidExp(hDriver=0x162cf298, uuid={id=134}, phDevice=0x160fab58, onSubdevice=0, subdeviceId=0)
<LEVEL_ZERO>[DEBUG]: Initialized 1 platforms
   <--- urAdapterGet(.NumEntries = 0, .phAdapters = nullptr, .pNumAdapters = 0x7ffea5139e08 (1)) -> UR_RESULT_SUCCESS;
   ---> urAdapterGet
   <--- urAdapterGet(.NumEntries = 1, .phAdapters = 0x162d2860 {0x160d9010}, .pNumAdapters = nullptr) -> UR_RESULT_SUCCESS;
   ---> urAdapterGetInfo
   <--- urAdapterGetInfo(.hAdapter = 0x160d9010, .propName = UR_ADAPTER_INFO_BACKEND, .propSize = 4, .pPropValue = 0x7ffea5139dfc (UR_BACKEND_LEVEL_ZERO), .pPropSizeRet = nullptr) -> UR_RESULT_SUCCESS;
   ---> urAdapterSetLoggerCallback
   <--- urAdapterSetLoggerCallback(.hAdapter = 0x160d9010, .pfnLoggerCallback = 0x72161a390420, .pUserData = nullptr, .level = UR_LOGGER_LEVEL_WARN) -> UR_RESULT_SUCCESS;
   ---> urPlatformGet
   <--- urPlatformGet(.hAdapter = 0x160d9010, .NumEntries = 0, .phPlatforms = nullptr, .pNumPlatforms = 0x7ffea5139d3c (1)) -> UR_RESULT_SUCCESS;
   ---> urPlatformGet
   <--- urPlatformGet(.hAdapter = 0x160d9010, .NumEntries = 1, .phPlatforms = 0x162d2860 {0x162d29e0}, .pNumPlatforms = nullptr) -> UR_RESULT_SUCCESS;
   ---> urPlatformGetInfo
   <--- urPlatformGetInfo(.hPlatform = 0x162d29e0, .propName = UR_PLATFORM_INFO_BACKEND, .propSize = 4, .pPropValue = 0x7ffea5139d4c (UR_BACKEND_LEVEL_ZERO), .pPropSizeRet = nullptr) -> UR_RESULT_SUCCESS;
   ---> urDeviceGet
[2026-10-07 19:40:56.125] [thread-id: 125439203953984] [trace] zeDeviceGet(hDriver, pCount, phDevices)
[2026-10-07 19:40:56.125] [thread-id: 125439203953984] [trace] SUCCESS (ZE_RESULT_SUCCESS) in zeDeviceGet(hDriver=0x162beda8, pCount=1, phDevices=nullptr)
[2026-10-07 19:40:56.125] [thread-id: 125439203953984] [trace] zeDeviceGet(hDriver, pCount, phDevices)
[2026-10-07 19:40:56.125] [thread-id: 125439203953984] [trace] SUCCESS (ZE_RESULT_SUCCESS) in zeDeviceGet(hDriver=0x162beda8, pCount=1, phDevices=0x162d43e0)
[2026-10-07 19:40:56.125] [thread-id: 125439203953984] [trace] zeDeviceGetProperties(hDevice, pDeviceProperties)
[2026-10-07 19:40:56.125] [thread-id: 125439203953984] [trace] SUCCESS (ZE_RESULT_SUCCESS) in zeDeviceGetProperties(hDevice=0x162bf308, pDeviceProperties={stype=0x162d44c8, type=0x162d44d8, vendorId=32902, deviceId=57868, flags=8, subdeviceId=0, coreClockRate=2750, maxMemAllocSize=10132807680, maxHardwareContexts=65536, maxCommandQueuePriority=0, numThreadsPerEU=8, physicalEUSimdWidth=16, numEUsPerSubslice=8, numSubslicesPerSlice=4, numSlices=5, timerResolution=19200000, timestampValidBits=64, kernelTimestampValidBits=64, uuid={id=134}, name="Intel(R) Arc(TM) B570 Graphics"})
[2026-10-07 19:40:56.125] [thread-id: 125439203953984] [trace] zeDeviceGetProperties(hDevice, pDeviceProperties)
[2026-10-07 19:40:56.125] [thread-id: 125439203953984] [trace] SUCCESS (ZE_RESULT_SUCCESS) in zeDeviceGetProperties(hDevice=0x162bf308, pDeviceProperties={stype=0x7ffea5139348, type=0x7ffea5139358, vendorId=32902, deviceId=57868, flags=8, subdeviceId=0, coreClockRate=2750, maxMemAllocSize=10132807680, maxHardwareContexts=65536, maxCommandQueuePriority=0, numThreadsPerEU=8, physicalEUSimdWidth=16, numEUsPerSubslice=8, numSubslicesPerSlice=4, numSlices=5, timerResolution=52, timestampValidBits=64, kernelTimestampValidBits=64, uuid={id=134}, name="Intel(R) Arc(TM) B570 Graphics"})
[2026-10-07 19:40:56.125] [thread-id: 125439203953984] [trace] zeDeviceGetCommandQueueGroupProperties(hDevice, pCount, pCommandQueueGroupProperties)
[2026-10-07 19:40:56.125] [thread-id: 125439203953984] [trace] SUCCESS (ZE_RESULT_SUCCESS) in zeDeviceGetCommandQueueGroupProperties(hDevice=0x162bf308, pCount=2, pCommandQueueGroupProperties=nullptr)
<LEVEL_ZERO>[INFO]: Number of queue groups = 2
[2026-10-07 19:40:56.125] [thread-id: 125439203953984] [trace] zeDeviceGetCommandQueueGroupProperties(hDevice, pCount, pCommandQueueGroupProperties)
[2026-10-07 19:40:56.125] [thread-id: 125439203953984] [trace] SUCCESS (ZE_RESULT_SUCCESS) in zeDeviceGetCommandQueueGroupProperties(hDevice=0x162bf308, pCount=2, pCommandQueueGroupProperties={stype=0x160d8f20, flags=7, maxMemoryFillPatternSize=18446744073709551615, numQueues=1})
<LEVEL_ZERO>[INFO]: main blitter/copy engine is available
<LEVEL_ZERO>[INFO]: link blitter/copy engines are not available
[2026-10-07 19:40:56.125] [thread-id: 125439203953984] [trace] zeDeviceGetSubDevices(hDevice, pCount, phSubdevices)
[2026-10-07 19:40:56.125] [thread-id: 125439203953984] [trace] SUCCESS (ZE_RESULT_SUCCESS) in zeDeviceGetSubDevices(hDevice=0x162bf308, pCount=0, phSubdevices=nullptr)
[2026-10-07 19:40:56.125] [thread-id: 125439203953984] [trace] zeDeviceGetSubDevices(hDevice, pCount, phSubdevices)
[2026-10-07 19:40:56.125] [thread-id: 125439203953984] [trace] SUCCESS (ZE_RESULT_SUCCESS) in zeDeviceGetSubDevices(hDevice=0x162bf308, pCount=0, phSubdevices=0x162d4400)
[2026-10-07 19:40:56.125] [thread-id: 125439203953984] [trace] zeDeviceGetRootDevice(hDevice, phRootDevice)
[2026-10-07 19:40:56.125] [thread-id: 125439203953984] [trace] SUCCESS (ZE_RESULT_SUCCESS) in zeDeviceGetRootDevice(hDevice=0x162bf308, phRootDevice=0x7ffea51397a0)
[2026-10-07 19:40:56.125] [thread-id: 125439203953984] [trace] zeDeviceSynchronize(hDevice)
[2026-10-07 19:40:56.125] [thread-id: 125439203953984] [trace] SUCCESS (ZE_RESULT_SUCCESS) in zeDeviceSynchronize(hDevice=0x162bf308)
[2026-10-07 19:40:56.125] [thread-id: 125439203953984] [trace] zeDeviceGetRootDevice(hDevice, phRootDevice)
[2026-10-07 19:40:56.125] [thread-id: 125439203953984] [trace] SUCCESS (ZE_RESULT_SUCCESS) in zeDeviceGetRootDevice(hDevice=0x162bf308, phRootDevice=0x7ffea5139890)
   <--- urDeviceGet(.hPlatform = 0x162d29e0, .DeviceType = UR_DEVICE_TYPE_ALL, .NumEntries = 0, .phDevices = nullptr, .pNumDevices = 0x7ffea5139cbc (1)) -> UR_RESULT_SUCCESS;
   ---> urDeviceGet
[2026-10-07 19:40:56.125] [thread-id: 125439203953984] [trace] zeDeviceGetRootDevice(hDevice, phRootDevice)
[2026-10-07 19:40:56.125] [thread-id: 125439203953984] [trace] SUCCESS (ZE_RESULT_SUCCESS) in zeDeviceGetRootDevice(hDevice=0x162bf308, phRootDevice=0x7ffea5139890)
   <--- urDeviceGet(.hPlatform = 0x162d29e0, .DeviceType = UR_DEVICE_TYPE_ALL, .NumEntries = 1, .phDevices = 0x162d43e0 {0x162d4420}, .pNumDevices = nullptr) -> UR_RESULT_SUCCESS;
   ---> urPlatformGetInfo
   <--- urPlatformGetInfo(.hPlatform = 0x162d29e0, .propName = UR_PLATFORM_INFO_VERSION, .propSize = 0, .pPropValue = nullptr, .pPropSizeRet = 0x7ffea5139890 (5)) -> UR_RESULT_SUCCESS;
   ---> urPlatformGetInfo
   <--- urPlatformGetInfo(.hPlatform = 0x162d29e0, .propName = UR_PLATFORM_INFO_VERSION, .propSize = 5, .pPropValue = 0x7ffea51399f8 (1.17), .pPropSizeRet = nullptr) -> UR_RESULT_SUCCESS;
   ---> urPlatformGetInfo
   <--- urPlatformGetInfo(.hPlatform = 0x162d29e0, .propName = UR_PLATFORM_INFO_NAME, .propSize = 0, .pPropValue = nullptr, .pPropSizeRet = 0x7ffea5139890 (51)) -> UR_RESULT_SUCCESS;
   ---> urPlatformGetInfo
   <--- urPlatformGetInfo(.hPlatform = 0x162d29e0, .propName = UR_PLATFORM_INFO_NAME, .propSize = 51, .pPropValue = 0x162d4af0 (Intel(R) oneAPI Unified Runtime over Level-Zero V2), .pPropSizeRet = nullptr) -> UR_RESULT_SUCCESS;
   ---> urDeviceGetInfo
   <--- urDeviceGetInfo(.hDevice = 0x162d4420, .propName = UR_DEVICE_INFO_PARENT_DEVICE, .propSize = 8, .pPropValue = 0x7ffea5139850 (nullptr), .pPropSizeRet = nullptr) -> UR_RESULT_SUCCESS;
   ---> urDeviceGetInfo
   <--- urDeviceGetInfo(.hDevice = 0x162d4420, .propName = UR_DEVICE_INFO_TYPE, .propSize = 4, .pPropValue = 0x7ffea51397f0 (UR_DEVICE_TYPE_GPU), .pPropSizeRet = nullptr) -> UR_RESULT_SUCCESS;
   ---> urDeviceGetInfo
   <--- urDeviceGetInfo(.hDevice = 0x162d4420, .propName = UR_DEVICE_INFO_USE_NATIVE_ASSERT, .propSize = 1, .pPropValue = 0x7ffea51397f0 (true), .pPropSizeRet = nullptr) -> UR_RESULT_SUCCESS;
   ---> urDeviceGetInfo
[2026-10-07 19:40:56.125] [thread-id: 125439203953984] [trace] zeDeviceGetModuleProperties(hDevice, pModuleProperties)
[2026-10-07 19:40:56.125] [thread-id: 125439203953984] [trace] SUCCESS (ZE_RESULT_SUCCESS) in zeDeviceGetModuleProperties(hDevice=0x162bf308, pModuleProperties={stype=0x162d4740, spirvVersionSupported=65541, flags=15, fp16flags=63, fp32flags=127, fp64flags=127, maxArgumentsSize=2048, printfBufferSize=4194304, nativeKernelSupported={id=0}})
[2026-10-07 19:40:56.126] [thread-id: 125439203953984] [trace] zeDeviceGetImageProperties(hDevice, pImageProperties)
[2026-10-07 19:40:56.126] [thread-id: 125439203953984] [trace] SUCCESS (ZE_RESULT_SUCCESS) in zeDeviceGetImageProperties(hDevice=0x162bf308, pImageProperties={stype=0x162d46e0, maxImageDims1D=16384, maxImageDims2D=16384, maxImageDims3D=2048, maxImageBufferSize=633300480, maxImageArraySlices=2048, maxSamplers=16, maxReadImageArgs=128, maxWriteImageArgs=128})
   <--- urDeviceGetInfo(.hDevice = 0x162d4420, .propName = UR_DEVICE_INFO_EXTENSIONS, .propSize = 0, .pPropValue = nullptr, .pPropSizeRet = 0x7ffea5139778 (245)) -> UR_RESULT_SUCCESS;
   ---> urDeviceGetInfo
   <--- urDeviceGetInfo(.hDevice = 0x162d4420, .propName = UR_DEVICE_INFO_EXTENSIONS, .propSize = 245, .pPropValue = 0x1618eb50 (cl_khr_il_program cl_khr_subgroups cl_intel_subgroups cl_intel_subgroups_short cl_intel_required_subgroup_size cl_khr_fp16 cl_khr_fp64 cl_khr_int64_base_atomics cl_khr_int64_extended_atomics cl_khr_3d_image_writes cl_intel_bfloat16_conversions ), .pPropSizeRet = nullptr) -> UR_RESULT_SUCCESS;
   ---> urDeviceRetain
   <--- urDeviceRetain(.hDevice = 0x162d4420) -> UR_RESULT_SUCCESS;
   ---> urDeviceGetInfo
   <--- urDeviceGetInfo(.hDevice = 0x162d4420, .propName = UR_DEVICE_INFO_TYPE, .propSize = 4, .pPropValue = 0x7ffea513996c (UR_DEVICE_TYPE_GPU), .pPropSizeRet = nullptr) -> UR_RESULT_SUCCESS;
   ---> urDeviceGetInfo
   <--- urDeviceGetInfo(.hDevice = 0x162d4420, .propName = UR_DEVICE_INFO_VENDOR_ID, .propSize = 4, .pPropValue = 0x7ffea51399e8 (32902), .pPropSizeRet = nullptr) -> UR_RESULT_SUCCESS;
   ---> urDeviceGetInfo
   <--- urDeviceGetInfo(.hDevice = 0x162d4420, .propName = UR_DEVICE_INFO_DRIVER_VERSION, .propSize = 0, .pPropValue = nullptr, .pPropSizeRet = 0x7ffea5139890 (14)) -> UR_RESULT_SUCCESS;
   ---> urDeviceGetInfo
   <--- urDeviceGetInfo(.hDevice = 0x162d4420, .propName = UR_DEVICE_INFO_DRIVER_VERSION, .propSize = 14, .pPropValue = 0x7ffea51399b8 (1.17.39395+14), .pPropSizeRet = nullptr) -> UR_RESULT_SUCCESS;
   ---> urDeviceGetInfo
   <--- urDeviceGetInfo(.hDevice = 0x162d4420, .propName = UR_DEVICE_INFO_NAME, .propSize = 0, .pPropValue = nullptr, .pPropSizeRet = 0x7ffea51397d0 (31)) -> UR_RESULT_SUCCESS;
   ---> urDeviceGetInfo
   <--- urDeviceGetInfo(.hDevice = 0x162d4420, .propName = UR_DEVICE_INFO_NAME, .propSize = 31, .pPropValue = 0x162d43b0 (Intel(R) Arc(TM) B570 Graphics), .pPropSizeRet = nullptr) -> UR_RESULT_SUCCESS;
   ---> urPlatformGetInfo
   <--- urPlatformGetInfo(.hPlatform = 0x162d29e0, .propName = UR_PLATFORM_INFO_BACKEND, .propSize = 4, .pPropValue = 0x7ffea5139bac (UR_BACKEND_LEVEL_ZERO), .pPropSizeRet = nullptr) -> UR_RESULT_SUCCESS;
   ---> urDeviceGetInfo
   <--- urDeviceGetInfo(.hDevice = 0x162d4420, .propName = UR_DEVICE_INFO_TYPE, .propSize = 4, .pPropValue = 0x7ffea5139ba4 (UR_DEVICE_TYPE_GPU), .pPropSizeRet = nullptr) -> UR_RESULT_SUCCESS;
   ---> urDeviceRelease
   <--- urDeviceRelease(.hDevice = 0x162d4420) -> UR_RESULT_SUCCESS;
   ---> urDeviceGetInfo
   <--- urDeviceGetInfo(.hDevice = 0x162d4420, .propName = UR_DEVICE_INFO_SUPPORTED_PARTITIONS, .propSize = 0, .pPropValue = nullptr, .pPropSizeRet = 0x7ffea5139b98 (0)) -> UR_RESULT_SUCCESS;
   ---> urDeviceGet
[2026-10-07 19:40:56.126] [thread-id: 125439203953984] [trace] zeDeviceGetRootDevice(hDevice, phRootDevice)
[2026-10-07 19:40:56.126] [thread-id: 125439203953984] [trace] SUCCESS (ZE_RESULT_SUCCESS) in zeDeviceGetRootDevice(hDevice=0x162bf308, phRootDevice=0x7ffea51399a0)
   <--- urDeviceGet(.hPlatform = 0x162d29e0, .DeviceType = UR_DEVICE_TYPE_ALL, .NumEntries = 0, .phDevices = nullptr, .pNumDevices = 0x7ffea5139dcc (1)) -> UR_RESULT_SUCCESS;
   ---> urDeviceGet
[2026-10-07 19:40:56.126] [thread-id: 125439203953984] [trace] zeDeviceGetRootDevice(hDevice, phRootDevice)
[2026-10-07 19:40:56.126] [thread-id: 125439203953984] [trace] SUCCESS (ZE_RESULT_SUCCESS) in zeDeviceGetRootDevice(hDevice=0x162bf308, phRootDevice=0x7ffea51399a0)
   <--- urDeviceGet(.hPlatform = 0x162d29e0, .DeviceType = UR_DEVICE_TYPE_ALL, .NumEntries = 1, .phDevices = 0x162d2880 {0x162d4420}, .pNumDevices = nullptr) -> UR_RESULT_SUCCESS;
   ---> urPlatformGetInfo
   <--- urPlatformGetInfo(.hPlatform = 0x162d29e0, .propName = UR_PLATFORM_INFO_VERSION, .propSize = 0, .pPropValue = nullptr, .pPropSizeRet = 0x7ffea51399a0 (5)) -> UR_RESULT_SUCCESS;
   ---> urPlatformGetInfo
   <--- urPlatformGetInfo(.hPlatform = 0x162d29e0, .propName = UR_PLATFORM_INFO_VERSION, .propSize = 5, .pPropValue = 0x7ffea5139b08 (1.17), .pPropSizeRet = nullptr) -> UR_RESULT_SUCCESS;
   ---> urPlatformGetInfo
   <--- urPlatformGetInfo(.hPlatform = 0x162d29e0, .propName = UR_PLATFORM_INFO_NAME, .propSize = 0, .pPropValue = nullptr, .pPropSizeRet = 0x7ffea51399a0 (51)) -> UR_RESULT_SUCCESS;
   ---> urPlatformGetInfo
   <--- urPlatformGetInfo(.hPlatform = 0x162d29e0, .propName = UR_PLATFORM_INFO_NAME, .propSize = 51, .pPropValue = 0x162d5010 (Intel(R) oneAPI Unified Runtime over Level-Zero V2), .pPropSizeRet = nullptr) -> UR_RESULT_SUCCESS;
   ---> urDeviceGetInfo
   <--- urDeviceGetInfo(.hDevice = 0x162d4420, .propName = UR_DEVICE_INFO_TYPE, .propSize = 4, .pPropValue = 0x7ffea5139a7c (UR_DEVICE_TYPE_GPU), .pPropSizeRet = nullptr) -> UR_RESULT_SUCCESS;
   ---> urDeviceGetInfo
   <--- urDeviceGetInfo(.hDevice = 0x162d4420, .propName = UR_DEVICE_INFO_VENDOR_ID, .propSize = 4, .pPropValue = 0x7ffea5139af8 (32902), .pPropSizeRet = nullptr) -> UR_RESULT_SUCCESS;
   ---> urDeviceGetInfo
   <--- urDeviceGetInfo(.hDevice = 0x162d4420, .propName = UR_DEVICE_INFO_DRIVER_VERSION, .propSize = 0, .pPropValue = nullptr, .pPropSizeRet = 0x7ffea51399a0 (14)) -> UR_RESULT_SUCCESS;
   ---> urDeviceGetInfo
   <--- urDeviceGetInfo(.hDevice = 0x162d4420, .propName = UR_DEVICE_INFO_DRIVER_VERSION, .propSize = 14, .pPropValue = 0x7ffea5139ac8 (1.17.39395+14), .pPropSizeRet = nullptr) -> UR_RESULT_SUCCESS;
   ---> urPlatformGetInfo
   <--- urPlatformGetInfo(.hPlatform = 0x162d29e0, .propName = UR_PLATFORM_INFO_BACKEND, .propSize = 4, .pPropValue = 0x7ffea5139cbc (UR_BACKEND_LEVEL_ZERO), .pPropSizeRet = nullptr) -> UR_RESULT_SUCCESS;
   ---> urDeviceGetInfo
   <--- urDeviceGetInfo(.hDevice = 0x162d4420, .propName = UR_DEVICE_INFO_TYPE, .propSize = 4, .pPropValue = 0x7ffea5139cb4 (UR_DEVICE_TYPE_GPU), .pPropSizeRet = nullptr) -> UR_RESULT_SUCCESS;
   ---> urDeviceRelease
   <--- urDeviceRelease(.hDevice = 0x162d4420) -> UR_RESULT_SUCCESS;
   ---> urDeviceGetInfo
   <--- urDeviceGetInfo(.hDevice = 0x162d4420, .propName = UR_DEVICE_INFO_SUPPORTED_PARTITIONS, .propSize = 0, .pPropValue = nullptr, .pPropSizeRet = 0x7ffea5139ca8 (0)) -> UR_RESULT_SUCCESS;
   ---> urDeviceSelectBinary
   <--- urDeviceSelectBinary(.hDevice = 0x162d4420, .pBinaries = 0x7ffea5139cf0 ((struct ur_device_binary_t){.stype = UR_STRUCTURE_TYPE_CONTEXT_PROPERTIES, .pNext = nullptr, .pDeviceTargetSpec = 0x72161a1113c0 (spir64)}), .NumBinaries = 1, .pSelectedBinary = 0x7ffea5139d14 (0)) -> UR_RESULT_SUCCESS;
   ---> urDeviceGet
[2026-10-07 19:40:56.126] [thread-id: 125439203953984] [trace] zeDeviceGetRootDevice(hDevice, phRootDevice)
[2026-10-07 19:40:56.126] [thread-id: 125439203953984] [trace] SUCCESS (ZE_RESULT_SUCCESS) in zeDeviceGetRootDevice(hDevice=0x162bf308, phRootDevice=0x7ffea5139900)
   <--- urDeviceGet(.hPlatform = 0x162d29e0, .DeviceType = UR_DEVICE_TYPE_ALL, .NumEntries = 0, .phDevices = nullptr, .pNumDevices = 0x7ffea5139d2c (1)) -> UR_RESULT_SUCCESS;
   ---> urDeviceGet
[2026-10-07 19:40:56.126] [thread-id: 125439203953984] [trace] zeDeviceGetRootDevice(hDevice, phRootDevice)
[2026-10-07 19:40:56.126] [thread-id: 125439203953984] [trace] SUCCESS (ZE_RESULT_SUCCESS) in zeDeviceGetRootDevice(hDevice=0x162bf308, phRootDevice=0x7ffea5139900)
   <--- urDeviceGet(.hPlatform = 0x162d29e0, .DeviceType = UR_DEVICE_TYPE_ALL, .NumEntries = 1, .phDevices = 0x162d5100 {0x162d4420}, .pNumDevices = nullptr) -> UR_RESULT_SUCCESS;
   ---> urPlatformGetInfo
   <--- urPlatformGetInfo(.hPlatform = 0x162d29e0, .propName = UR_PLATFORM_INFO_VERSION, .propSize = 0, .pPropValue = nullptr, .pPropSizeRet = 0x7ffea5139900 (5)) -> UR_RESULT_SUCCESS;
   ---> urPlatformGetInfo
   <--- urPlatformGetInfo(.hPlatform = 0x162d29e0, .propName = UR_PLATFORM_INFO_VERSION, .propSize = 5, .pPropValue = 0x7ffea5139a68 (1.17), .pPropSizeRet = nullptr) -> UR_RESULT_SUCCESS;
   ---> urPlatformGetInfo
   <--- urPlatformGetInfo(.hPlatform = 0x162d29e0, .propName = UR_PLATFORM_INFO_NAME, .propSize = 0, .pPropValue = nullptr, .pPropSizeRet = 0x7ffea5139900 (51)) -> UR_RESULT_SUCCESS;
   ---> urPlatformGetInfo
   <--- urPlatformGetInfo(.hPlatform = 0x162d29e0, .propName = UR_PLATFORM_INFO_NAME, .propSize = 51, .pPropValue = 0x162d5010 (Intel(R) oneAPI Unified Runtime over Level-Zero V2), .pPropSizeRet = nullptr) -> UR_RESULT_SUCCESS;
   ---> urDeviceGetInfo
   <--- urDeviceGetInfo(.hDevice = 0x162d4420, .propName = UR_DEVICE_INFO_TYPE, .propSize = 4, .pPropValue = 0x7ffea51399dc (UR_DEVICE_TYPE_GPU), .pPropSizeRet = nullptr) -> UR_RESULT_SUCCESS;
   ---> urDeviceGetInfo
   <--- urDeviceGetInfo(.hDevice = 0x162d4420, .propName = UR_DEVICE_INFO_VENDOR_ID, .propSize = 4, .pPropValue = 0x7ffea5139a58 (32902), .pPropSizeRet = nullptr) -> UR_RESULT_SUCCESS;
   ---> urDeviceGetInfo
   <--- urDeviceGetInfo(.hDevice = 0x162d4420, .propName = UR_DEVICE_INFO_DRIVER_VERSION, .propSize = 0, .pPropValue = nullptr, .pPropSizeRet = 0x7ffea5139900 (14)) -> UR_RESULT_SUCCESS;
   ---> urDeviceGetInfo
   <--- urDeviceGetInfo(.hDevice = 0x162d4420, .propName = UR_DEVICE_INFO_DRIVER_VERSION, .propSize = 14, .pPropValue = 0x7ffea5139a28 (1.17.39395+14), .pPropSizeRet = nullptr) -> UR_RESULT_SUCCESS;
   ---> urPlatformGetInfo
   <--- urPlatformGetInfo(.hPlatform = 0x162d29e0, .propName = UR_PLATFORM_INFO_BACKEND, .propSize = 4, .pPropValue = 0x7ffea5139c1c (UR_BACKEND_LEVEL_ZERO), .pPropSizeRet = nullptr) -> UR_RESULT_SUCCESS;
   ---> urDeviceGetInfo
   <--- urDeviceGetInfo(.hDevice = 0x162d4420, .propName = UR_DEVICE_INFO_TYPE, .propSize = 4, .pPropValue = 0x7ffea5139c14 (UR_DEVICE_TYPE_GPU), .pPropSizeRet = nullptr) -> UR_RESULT_SUCCESS;
   ---> urDeviceRelease
   <--- urDeviceRelease(.hDevice = 0x162d4420) -> UR_RESULT_SUCCESS;
   ---> urDeviceGetInfo
   <--- urDeviceGetInfo(.hDevice = 0x162d4420, .propName = UR_DEVICE_INFO_SUPPORTED_PARTITIONS, .propSize = 0, .pPropValue = nullptr, .pPropSizeRet = 0x7ffea5139c08 (0)) -> UR_RESULT_SUCCESS;
   ---> urDeviceGetInfo
[2026-10-07 19:40:56.127] [thread-id: 125439203953984] [trace] zeDeviceGetSubDevices(hDevice, pCount, phSubdevices)
[2026-10-07 19:40:56.127] [thread-id: 125439203953984] [trace] SUCCESS (ZE_RESULT_SUCCESS) in zeDeviceGetSubDevices(hDevice=0x162bf308, pCount=0, phSubdevices=nullptr)
   <--- urDeviceGetInfo(.hDevice = 0x162d4420, .propName = UR_DEVICE_INFO_COMPONENT_DEVICES, .propSize = 0, .pPropValue = nullptr, .pPropSizeRet = 0x7ffea5139a20 (0)) -> UR_RESULT_SUCCESS;
   ---> urContextCreate
[2026-10-07 19:40:56.127] [thread-id: 125439203953984] [trace] zeContextCreate(hDriver, desc, phContext)
[2026-10-07 19:40:56.127] [thread-id: 125439203953984] [trace] SUCCESS (ZE_RESULT_SUCCESS) in zeContextCreate(hDriver=0x162beda8, desc={stype=0x7ffea5139950, flags=0}, phContext=0x162d55e8)
[2026-10-07 19:40:56.127] [thread-id: 125439203953984] [trace] zeMemAllocHost(hContext, host_desc, size, alignment, pptr)
[2026-10-07 19:40:56.127] [thread-id: 125439203953984] [trace] SUCCESS (ZE_RESULT_SUCCESS) in zeMemAllocHost(hContext=0x162d55e8, host_desc={stype=0x7ffea51393d0, flags=0}, size=1, alignment=0, pptr=0x721604bffe00)
[2026-10-07 19:40:56.127] [thread-id: 125439203953984] [trace] zeMemGetAllocProperties(hContext, ptr, pMemAllocProperties, phDevice)
[2026-10-07 19:40:56.127] [thread-id: 125439203953984] [trace] SUCCESS (ZE_RESULT_SUCCESS) in zeMemGetAllocProperties(hContext=0x162d55e8, ptr=0x721604bffe00, pMemAllocProperties={stype=0x7ffea51393d0, type=0x7ffea51393e0, id=1, pageSize=2097152}, phDevice=nullptr)
[2026-10-07 19:40:56.127] [thread-id: 125439203953984] [trace] zeMemFreeExt(hContext, pMemFreeDesc, ptr)
[2026-10-07 19:40:56.127] [thread-id: 125439203953984] [trace] SUCCESS (ZE_RESULT_SUCCESS) in zeMemFreeExt(hContext=0x162d55e8, pMemFreeDesc={stype=0x7ffea51393b0, freePolicy=1}, ptr=0x721604bffe00)
[2026-10-07 19:40:56.127] [thread-id: 125439203953984] [trace] zeDeviceGetProperties(hDevice, pDeviceProperties)
[2026-10-07 19:40:56.127] [thread-id: 125439203953984] [trace] SUCCESS (ZE_RESULT_SUCCESS) in zeDeviceGetProperties(hDevice=0x162bf308, pDeviceProperties={stype=0x721605046068, type=0x721605046078, vendorId=32902, deviceId=57868, flags=8, subdeviceId=0, coreClockRate=2750, maxMemAllocSize=10132807680, maxHardwareContexts=65536, maxCommandQueuePriority=0, numThreadsPerEU=8, physicalEUSimdWidth=16, numEUsPerSubslice=8, numSubslicesPerSlice=4, numSlices=5, timerResolution=52, timestampValidBits=64, kernelTimestampValidBits=64, uuid={id=134}, name="Intel(R) Arc(TM) B570 Graphics"})
[2026-10-07 19:40:56.127] [thread-id: 125439203953984] [trace] zeMemAllocDevice(hContext, device_desc, size, alignment, hDevice, pptr)
[2026-10-07 19:40:56.127] [thread-id: 125439203953984] [trace] SUCCESS (ZE_RESULT_SUCCESS) in zeMemAllocDevice(hContext=0x162d55e8, device_desc={stype=0x7ffea5139390, flags=0, ordinal=0}, size=1, alignment=0, hDevice=0x162bf308, pptr=0xffffffffff9ffe00)
[2026-10-07 19:40:56.127] [thread-id: 125439203953984] [trace] zeContextMakeMemoryResident(hContext, hDevice, ptr, size)
[2026-10-07 19:40:56.128] [thread-id: 125439203953984] [trace] SUCCESS (ZE_RESULT_SUCCESS) in zeContextMakeMemoryResident(hContext=0x162d55e8, hDevice=0x162bf308, ptr=0xffffffffff9ffe00, size=1)
[2026-10-07 19:40:56.128] [thread-id: 125439203953984] [trace] zeMemGetAllocProperties(hContext, ptr, pMemAllocProperties, phDevice)
[2026-10-07 19:40:56.128] [thread-id: 125439203953984] [trace] SUCCESS (ZE_RESULT_SUCCESS) in zeMemGetAllocProperties(hContext=0x162d55e8, ptr=0xffffffffff9ffe00, pMemAllocProperties={stype=0x7ffea51393d0, type=0x7ffea51393e0, id=3, pageSize=65536}, phDevice=nullptr)
[2026-10-07 19:40:56.128] [thread-id: 125439203953984] [trace] zeMemFreeExt(hContext, pMemFreeDesc, ptr)
[2026-10-07 19:40:56.128] [thread-id: 125439203953984] [trace] SUCCESS (ZE_RESULT_SUCCESS) in zeMemFreeExt(hContext=0x162d55e8, pMemFreeDesc={stype=0x7ffea51393b0, freePolicy=1}, ptr=0xffffffffff9ffe00)
[2026-10-07 19:40:56.128] [thread-id: 125439203953984] [trace] zeDeviceGetProperties(hDevice, pDeviceProperties)
[2026-10-07 19:40:56.128] [thread-id: 125439203953984] [trace] SUCCESS (ZE_RESULT_SUCCESS) in zeDeviceGetProperties(hDevice=0x162bf308, pDeviceProperties={stype=0x72160503e068, type=0x72160503e078, vendorId=32902, deviceId=57868, flags=8, subdeviceId=0, coreClockRate=2750, maxMemAllocSize=10132807680, maxHardwareContexts=65536, maxCommandQueuePriority=0, numThreadsPerEU=8, physicalEUSimdWidth=16, numEUsPerSubslice=8, numSubslicesPerSlice=4, numSlices=5, timerResolution=52, timestampValidBits=64, kernelTimestampValidBits=64, uuid={id=134}, name="Intel(R) Arc(TM) B570 Graphics"})
[2026-10-07 19:40:56.128] [thread-id: 125439203953984] [trace] zeMemAllocShared(hContext, device_desc, host_desc, size, alignment, hDevice, pptr)
[2026-10-07 19:40:56.129] [thread-id: 125439203953984] [trace] SUCCESS (ZE_RESULT_SUCCESS) in zeMemAllocShared(hContext=0x162d55e8, device_desc={stype=0x7ffea51393d0, flags=0, ordinal=0}, host_desc={stype=0x7ffea51393b0, flags=0}, size=1, alignment=0, hDevice=0x162bf308, pptr=0x721604cc0000)
[2026-10-07 19:40:56.129] [thread-id: 125439203953984] [trace] zeMemGetAllocProperties(hContext, ptr, pMemAllocProperties, phDevice)
[2026-10-07 19:40:56.129] [thread-id: 125439203953984] [trace] SUCCESS (ZE_RESULT_SUCCESS) in zeMemGetAllocProperties(hContext=0x162d55e8, ptr=0x721604cc0000, pMemAllocProperties={stype=0x7ffea51393d0, type=0x7ffea51393e0, id=5, pageSize=65536}, phDevice=nullptr)
[2026-10-07 19:40:56.129] [thread-id: 125439203953984] [trace] zeMemFreeExt(hContext, pMemFreeDesc, ptr)
[2026-10-07 19:40:56.129] [thread-id: 125439203953984] [trace] SUCCESS (ZE_RESULT_SUCCESS) in zeMemFreeExt(hContext=0x162d55e8, pMemFreeDesc={stype=0x7ffea51393b0, freePolicy=1}, ptr=0x721604cc0000)
[2026-10-07 19:40:56.129] [thread-id: 125439203953984] [trace] zeDeviceGetProperties(hDevice, pDeviceProperties)
[2026-10-07 19:40:56.129] [thread-id: 125439203953984] [trace] SUCCESS (ZE_RESULT_SUCCESS) in zeDeviceGetProperties(hDevice=0x162bf308, pDeviceProperties={stype=0x721604cd0068, type=0x721604cd0078, vendorId=32902, deviceId=57868, flags=8, subdeviceId=0, coreClockRate=2750, maxMemAllocSize=10132807680, maxHardwareContexts=65536, maxCommandQueuePriority=0, numThreadsPerEU=8, physicalEUSimdWidth=16, numEUsPerSubslice=8, numSubslicesPerSlice=4, numSlices=5, timerResolution=52, timestampValidBits=64, kernelTimestampValidBits=64, uuid={id=134}, name="Intel(R) Arc(TM) B570 Graphics"})
[2026-10-07 19:40:56.129] [thread-id: 125439203953984] [trace] zeMemAllocShared(hContext, device_desc, host_desc, size, alignment, hDevice, pptr)
[2026-10-07 19:40:56.130] [thread-id: 125439203953984] [trace] SUCCESS (ZE_RESULT_SUCCESS) in zeMemAllocShared(hContext=0x162d55e8, device_desc={stype=0x7ffea51393d0, flags=0, ordinal=0}, host_desc={stype=0x7ffea51393b0, flags=0}, size=1, alignment=0, hDevice=0x162bf308, pptr=0x721604cb0000)
[2026-10-07 19:40:56.130] [thread-id: 125439203953984] [trace] zeMemGetAllocProperties(hContext, ptr, pMemAllocProperties, phDevice)
[2026-10-07 19:40:56.130] [thread-id: 125439203953984] [trace] SUCCESS (ZE_RESULT_SUCCESS) in zeMemGetAllocProperties(hContext=0x162d55e8, ptr=0x721604cb0000, pMemAllocProperties={stype=0x7ffea51393d0, type=0x7ffea51393e0, id=6, pageSize=65536}, phDevice=nullptr)
[2026-10-07 19:40:56.130] [thread-id: 125439203953984] [trace] zeMemFreeExt(hContext, pMemFreeDesc, ptr)
[2026-10-07 19:40:56.130] [thread-id: 125439203953984] [trace] SUCCESS (ZE_RESULT_SUCCESS) in zeMemFreeExt(hContext=0x162d55e8, pMemFreeDesc={stype=0x7ffea51393b0, freePolicy=1}, ptr=0x721604cb0000)
[2026-10-07 19:40:56.130] [thread-id: 125439203953984] [trace] zeMemAllocHost(hContext, host_desc, size, alignment, pptr)
[2026-10-07 19:40:56.130] [thread-id: 125439203953984] [trace] SUCCESS (ZE_RESULT_SUCCESS) in zeMemAllocHost(hContext=0x162d55e8, host_desc={stype=0x7ffea51393d0, flags=0}, size=1, alignment=0, pptr=0x721604bffe00)
[2026-10-07 19:40:56.130] [thread-id: 125439203953984] [trace] zeMemGetAllocProperties(hContext, ptr, pMemAllocProperties, phDevice)
[2026-10-07 19:40:56.130] [thread-id: 125439203953984] [trace] SUCCESS (ZE_RESULT_SUCCESS) in zeMemGetAllocProperties(hContext=0x162d55e8, ptr=0x721604bffe00, pMemAllocProperties={stype=0x7ffea51393d0, type=0x7ffea51393e0, id=1, pageSize=2097152}, phDevice=nullptr)
[2026-10-07 19:40:56.130] [thread-id: 125439203953984] [trace] zeMemFreeExt(hContext, pMemFreeDesc, ptr)
[2026-10-07 19:40:56.130] [thread-id: 125439203953984] [trace] SUCCESS (ZE_RESULT_SUCCESS) in zeMemFreeExt(hContext=0x162d55e8, pMemFreeDesc={stype=0x7ffea51393b0, freePolicy=1}, ptr=0x721604bffe00)
[2026-10-07 19:40:56.130] [thread-id: 125439203953984] [trace] zeDeviceGetProperties(hDevice, pDeviceProperties)
[2026-10-07 19:40:56.130] [thread-id: 125439203953984] [trace] SUCCESS (ZE_RESULT_SUCCESS) in zeDeviceGetProperties(hDevice=0x162bf308, pDeviceProperties={stype=0x721604cc8068, type=0x721604cc8078, vendorId=32902, deviceId=57868, flags=8, subdeviceId=0, coreClockRate=2750, maxMemAllocSize=10132807680, maxHardwareContexts=65536, maxCommandQueuePriority=0, numThreadsPerEU=8, physicalEUSimdWidth=16, numEUsPerSubslice=8, numSubslicesPerSlice=4, numSlices=5, timerResolution=52, timestampValidBits=64, kernelTimestampValidBits=64, uuid={id=134}, name="Intel(R) Arc(TM) B570 Graphics"})
[2026-10-07 19:40:56.130] [thread-id: 125439203953984] [trace] zeMemAllocDevice(hContext, device_desc, size, alignment, hDevice, pptr)
[2026-10-07 19:40:56.130] [thread-id: 125439203953984] [trace] SUCCESS (ZE_RESULT_SUCCESS) in zeMemAllocDevice(hContext=0x162d55e8, device_desc={stype=0x7ffea5139390, flags=0, ordinal=0}, size=1, alignment=0, hDevice=0x162bf308, pptr=0xffffffffff9ffe00)
[2026-10-07 19:40:56.130] [thread-id: 125439203953984] [trace] zeContextMakeMemoryResident(hContext, hDevice, ptr, size)
[2026-10-07 19:40:56.130] [thread-id: 125439203953984] [trace] SUCCESS (ZE_RESULT_SUCCESS) in zeContextMakeMemoryResident(hContext=0x162d55e8, hDevice=0x162bf308, ptr=0xffffffffff9ffe00, size=1)
[2026-10-07 19:40:56.130] [thread-id: 125439203953984] [trace] zeMemGetAllocProperties(hContext, ptr, pMemAllocProperties, phDevice)
[2026-10-07 19:40:56.130] [thread-id: 125439203953984] [trace] SUCCESS (ZE_RESULT_SUCCESS) in zeMemGetAllocProperties(hContext=0x162d55e8, ptr=0xffffffffff9ffe00, pMemAllocProperties={stype=0x7ffea51393d0, type=0x7ffea51393e0, id=3, pageSize=65536}, phDevice=nullptr)
[2026-10-07 19:40:56.130] [thread-id: 125439203953984] [trace] zeMemFreeExt(hContext, pMemFreeDesc, ptr)
[2026-10-07 19:40:56.131] [thread-id: 125439203953984] [trace] SUCCESS (ZE_RESULT_SUCCESS) in zeMemFreeExt(hContext=0x162d55e8, pMemFreeDesc={stype=0x7ffea51393b0, freePolicy=1}, ptr=0xffffffffff9ffe00)
[2026-10-07 19:40:56.131] [thread-id: 125439203953984] [trace] zeDeviceGetProperties(hDevice, pDeviceProperties)
[2026-10-07 19:40:56.131] [thread-id: 125439203953984] [trace] SUCCESS (ZE_RESULT_SUCCESS) in zeDeviceGetProperties(hDevice=0x162bf308, pDeviceProperties={stype=0x721604cbb068, type=0x721604cbb078, vendorId=32902, deviceId=57868, flags=8, subdeviceId=0, coreClockRate=2750, maxMemAllocSize=10132807680, maxHardwareContexts=65536, maxCommandQueuePriority=0, numThreadsPerEU=8, physicalEUSimdWidth=16, numEUsPerSubslice=8, numSubslicesPerSlice=4, numSlices=5, timerResolution=52, timestampValidBits=64, kernelTimestampValidBits=64, uuid={id=134}, name="Intel(R) Arc(TM) B570 Graphics"})
[2026-10-07 19:40:56.131] [thread-id: 125439203953984] [trace] zeMemAllocShared(hContext, device_desc, host_desc, size, alignment, hDevice, pptr)
[2026-10-07 19:40:56.131] [thread-id: 125439203953984] [trace] SUCCESS (ZE_RESULT_SUCCESS) in zeMemAllocShared(hContext=0x162d55e8, device_desc={stype=0x7ffea51393d0, flags=0, ordinal=0}, host_desc={stype=0x7ffea51393b0, flags=0}, size=1, alignment=0, hDevice=0x162bf308, pptr=0x721604ca0000)
[2026-10-07 19:40:56.131] [thread-id: 125439203953984] [trace] zeMemGetAllocProperties(hContext, ptr, pMemAllocProperties, phDevice)
[2026-10-07 19:40:56.131] [thread-id: 125439203953984] [trace] SUCCESS (ZE_RESULT_SUCCESS) in zeMemGetAllocProperties(hContext=0x162d55e8, ptr=0x721604ca0000, pMemAllocProperties={stype=0x7ffea51393d0, type=0x7ffea51393e0, id=9, pageSize=65536}, phDevice=nullptr)
[2026-10-07 19:40:56.131] [thread-id: 125439203953984] [trace] zeMemFreeExt(hContext, pMemFreeDesc, ptr)
[2026-10-07 19:40:56.131] [thread-id: 125439203953984] [trace] SUCCESS (ZE_RESULT_SUCCESS) in zeMemFreeExt(hContext=0x162d55e8, pMemFreeDesc={stype=0x7ffea51393b0, freePolicy=1}, ptr=0x721604ca0000)
[2026-10-07 19:40:56.131] [thread-id: 125439203953984] [trace] zeDeviceGetProperties(hDevice, pDeviceProperties)
[2026-10-07 19:40:56.131] [thread-id: 125439203953984] [trace] SUCCESS (ZE_RESULT_SUCCESS) in zeDeviceGetProperties(hDevice=0x162bf308, pDeviceProperties={stype=0x721604cb7068, type=0x721604cb7078, vendorId=32902, deviceId=57868, flags=8, subdeviceId=0, coreClockRate=2750, maxMemAllocSize=10132807680, maxHardwareContexts=65536, maxCommandQueuePriority=0, numThreadsPerEU=8, physicalEUSimdWidth=16, numEUsPerSubslice=8, numSubslicesPerSlice=4, numSlices=5, timerResolution=52, timestampValidBits=64, kernelTimestampValidBits=64, uuid={id=134}, name="Intel(R) Arc(TM) B570 Graphics"})
[2026-10-07 19:40:56.131] [thread-id: 125439203953984] [trace] zeMemAllocShared(hContext, device_desc, host_desc, size, alignment, hDevice, pptr)
[2026-10-07 19:40:56.131] [thread-id: 125439203953984] [trace] SUCCESS (ZE_RESULT_SUCCESS) in zeMemAllocShared(hContext=0x162d55e8, device_desc={stype=0x7ffea51393d0, flags=0, ordinal=0}, host_desc={stype=0x7ffea51393b0, flags=0}, size=1, alignment=0, hDevice=0x162bf308, pptr=0x721604ca0000)
[2026-10-07 19:40:56.131] [thread-id: 125439203953984] [trace] zeMemGetAllocProperties(hContext, ptr, pMemAllocProperties, phDevice)
[2026-10-07 19:40:56.131] [thread-id: 125439203953984] [trace] SUCCESS (ZE_RESULT_SUCCESS) in zeMemGetAllocProperties(hContext=0x162d55e8, ptr=0x721604ca0000, pMemAllocProperties={stype=0x7ffea51393d0, type=0x7ffea51393e0, id=10, pageSize=65536}, phDevice=nullptr)
[2026-10-07 19:40:56.131] [thread-id: 125439203953984] [trace] zeMemFreeExt(hContext, pMemFreeDesc, ptr)
[2026-10-07 19:40:56.132] [thread-id: 125439203953984] [trace] SUCCESS (ZE_RESULT_SUCCESS) in zeMemFreeExt(hContext=0x162d55e8, pMemFreeDesc={stype=0x7ffea51393b0, freePolicy=1}, ptr=0x721604ca0000)
   <--- urContextCreate(.DeviceCount = 1, .phDevices = 0x162d50e0 {0x162d4420}, .pProperties = nullptr, .phContext = 0x162d6e10 (0x162d8b80)) -> UR_RESULT_SUCCESS;
   ---> urQueueCreate
<LEVEL_ZERO>[INFO]: Copy offload is disabled by the environment variable.
<LEVEL_ZERO>[DEBUG]: create command list ordinal: 0, type: immediate, device: 0x162bf308, inOrder: 1
[2026-10-07 19:40:56.132] [thread-id: 125439203953984] [trace] zeCommandListCreateImmediate(hContext, hDevice, altdesc, phCommandList)
[2026-10-07 19:40:56.134] [thread-id: 125439203953984] [trace] SUCCESS (ZE_RESULT_SUCCESS) in zeCommandListCreateImmediate(hContext=0x162d55e8, hDevice=0x162bf308, altdesc={stype=0x7ffea51398d0, ordinal=0, index=0, flags=2, mode=0x7ffea51398ec, priority=0x7ffea51398f0}, phCommandList=0x162dcab8)
[2026-10-07 19:40:56.134] [thread-id: 125439203953984] [trace] zeDriverGetExtensionFunctionAddress(hDriver, name, ppFunctionAddress)
[2026-10-07 19:40:56.134] [thread-id: 125439203953984] [trace] SUCCESS (ZE_RESULT_SUCCESS) in zeDriverGetExtensionFunctionAddress(hDriver=0x162beda8, name="zexCounterBasedEventCreate2", ppFunctionAddress=0x721613191c00)
   <--- urQueueCreate(.hContext = 0x162d8b80, .hDevice = 0x162d4420, .pProperties = 0x7ffea5139eb0 ((struct ur_queue_properties_t){.stype = UR_STRUCTURE_TYPE_QUEUE_PROPERTIES, .pNext = nullptr, .flags = 0}), .phQueue = 0x7ffea5139ec8 (0x162dbdd0)) -> UR_RESULT_SUCCESS;
   ---> urDeviceGetInfo
[2026-10-07 19:40:56.134] [thread-id: 125439203953984] [trace] zeDeviceGetComputeProperties(hDevice, pComputeProperties)
[2026-10-07 19:40:56.134] [thread-id: 125439203953984] [trace] SUCCESS (ZE_RESULT_SUCCESS) in zeDeviceGetComputeProperties(hDevice=0x162bf308, pComputeProperties={stype=0x162d4660, maxTotalGroupSize=1024, maxGroupSizeX=1024, maxGroupSizeY=1024, maxGroupSizeZ=1024, maxGroupCountX=4294967295, maxGroupCountY=4294967295, maxGroupCountZ=4294967295, maxSharedLocalMemory=131072, numSubGroupSizes=2, subGroupSizes=16})
   <--- urDeviceGetInfo(.hDevice = 0x162d4420, .propName = UR_DEVICE_INFO_SUB_GROUP_SIZES_INTEL, .propSize = 0, .pPropValue = nullptr, .pPropSizeRet = 0x7ffea51398d0 (8)) -> UR_RESULT_SUCCESS;
   ---> urDeviceGetInfo
   <--- urDeviceGetInfo(.hDevice = 0x162d4420, .propName = UR_DEVICE_INFO_SUB_GROUP_SIZES_INTEL, .propSize = 8, .pPropValue = {16, 32}, .pPropSizeRet = nullptr) -> UR_RESULT_SUCCESS;
   ---> urDeviceSelectBinary
   <--- urDeviceSelectBinary(.hDevice = 0x162d4420, .pBinaries = 0x7ffea5139b10 ((struct ur_device_binary_t){.stype = UR_STRUCTURE_TYPE_CONTEXT_PROPERTIES, .pNext = nullptr, .pDeviceTargetSpec = 0x72161a1113c0 (spir64)}), .NumBinaries = 1, .pSelectedBinary = 0x7ffea5139b34 (0)) -> UR_RESULT_SUCCESS;
   ---> urDeviceGetInfo
   <--- urDeviceGetInfo(.hDevice = 0x162d4420, .propName = UR_DEVICE_INFO_SUB_GROUP_SIZES_INTEL, .propSize = 0, .pPropValue = nullptr, .pPropSizeRet = 0x7ffea5139a30 (8)) -> UR_RESULT_SUCCESS;
   ---> urDeviceGetInfo
   <--- urDeviceGetInfo(.hDevice = 0x162d4420, .propName = UR_DEVICE_INFO_SUB_GROUP_SIZES_INTEL, .propSize = 8, .pPropValue = {16, 32}, .pPropSizeRet = nullptr) -> UR_RESULT_SUCCESS;
   ---> urPlatformGetBackendOption
   <--- urPlatformGetBackendOption(.hPlatform = 0x162d29e0, .pFrontendOption = 0x7ffea5139398 (-O3), .ppPlatformOption = 0x7ffea5139368 (0x72161717f975 (-ze-opt-level=2))) -> UR_RESULT_SUCCESS;
   ---> urDeviceGetInfo
   <--- urDeviceGetInfo(.hDevice = 0x162d4420, .propName = UR_DEVICE_INFO_VENDOR_ID, .propSize = 4, .pPropValue = 0x7ffea51392e8 (32902), .pPropSizeRet = nullptr) -> UR_RESULT_SUCCESS;
   ---> urDeviceGetInfo
   <--- urDeviceGetInfo(.hDevice = 0x162d4420, .propName = UR_DEVICE_INFO_DEVICE_ID, .propSize = 0, .pPropValue = nullptr, .pPropSizeRet = 0x7ffea5139170 (4)) -> UR_RESULT_SUCCESS;
   ---> urDeviceGetInfo
   <--- urDeviceGetInfo(.hDevice = 0x162d4420, .propName = UR_DEVICE_INFO_DEVICE_ID, .propSize = 4, .pPropValue = 0x7ffea51392b8 (57868), .pPropSizeRet = nullptr) -> UR_RESULT_SUCCESS;
   ---> urDeviceGetInfo
   <--- urDeviceGetInfo(.hDevice = 0x162d4420, .propName = UR_DEVICE_INFO_COMPILER_AVAILABLE, .propSize = 1, .pPropValue = 0x7ffea5139350 (true), .pPropSizeRet = nullptr) -> UR_RESULT_SUCCESS;
   ---> urProgramCreateWithIL
   <--- urProgramCreateWithIL(.hContext = 0x162d8b80, .pIL = 0x4dbbb0, .length = 130916, .pProperties = nullptr, .phProgram = 0x7ffea5139470 (0x162d5fd0)) -> UR_RESULT_SUCCESS;
   ---> urProgramBuildExp
[2026-10-07 19:40:56.136] [thread-id: 125439203953984] [trace] zeModuleCreate(hContext, hDevice, desc, phModule, phBuildLog)
[2026-10-07 19:40:56.139] [thread-id: 125439203953984] [trace] SUCCESS (ZE_RESULT_SUCCESS) in zeModuleCreate(hContext=0x162d55e8, hDevice=0x162bf308, desc={stype=0x7ffea51390f0, format=0x7ffea5139100, inputSize=130916, pInputModule=3, pBuildFlags=" -cl-fp32-correctly-rounded-divide-sqrt -ze-opt-level=2", pConstants={numConstants=0, pConstantIds=nullptr, pConstantValues=nullptr}}, phModule=0x162d2cc8, phBuildLog=0x1630d7d8)
[2026-10-07 19:40:56.139] [thread-id: 125439203953984] [trace] zeModuleGetProperties(hModule, pModuleProperties)
[2026-10-07 19:40:56.139] [thread-id: 125439203953984] [trace] SUCCESS (ZE_RESULT_SUCCESS) in zeModuleGetProperties(hModule=0x162d2cc8, pModuleProperties={stype=0x7ffea5139060, flags=0})
   <--- urProgramBuildExp(.hProgram = 0x162d5fd0, .numDevices = 1, .phDevices = 0x162ed740 {0x162d4420}, .flags = 0, .pOptions = 0x162ed680 ( -cl-fp32-correctly-rounded-divide-sqrt -ze-opt-level=2)) -> UR_RESULT_SUCCESS;
   ---> urProgramRetain
   <--- urProgramRetain(.hProgram = 0x162d5fd0) -> UR_RESULT_SUCCESS;
   ---> urKernelCreate
[2026-10-07 19:40:56.139] [thread-id: 125439203953984] [trace] zeKernelCreate(hModule, desc, phKernel)
[2026-10-07 19:40:56.139] [thread-id: 125439203953984] [trace] SUCCESS (ZE_RESULT_SUCCESS) in zeKernelCreate(hModule=0x162d2cc8, desc={stype=0x7ffea5139a30, flags=0, pKernelName="_ZTS16dpct_kernel_nameIJZZN6strata7kernels14iq_dequant_f16EiPKvlPtPvENKUlRN4sycl3_V17handlerEE_clES9_E26dequant_flat_kernel_d891c8NS7_6detail9half_impl4halfEEE"}, phKernel=0x16342cc8)
[2026-10-07 19:40:56.140] [thread-id: 125439203953984] [trace] zeKernelGetName(hKernel, pSize, pName)
[2026-10-07 19:40:56.140] [thread-id: 125439203953984] [trace] SUCCESS (ZE_RESULT_SUCCESS) in zeKernelGetName(hKernel=0x16342cc8, pSize=160, pName=nullptr)
[2026-10-07 19:40:56.140] [thread-id: 125439203953984] [trace] zeKernelGetName(hKernel, pSize, pName)
[2026-10-07 19:40:56.140] [thread-id: 125439203953984] [trace] SUCCESS (ZE_RESULT_SUCCESS) in zeKernelGetName(hKernel=0x16342cc8, pSize=160, pName="_ZTS16dpct_kernel_nameIJZZN6strata7kernels14iq_dequant_f16EiPKvlPtPvENKUlRN4sycl3_V17handlerEE_clES9_E26dequant_flat_kernel_d891c8NS7_6detail9half_impl4halfEEE")
[2026-10-07 19:40:56.140] [thread-id: 125439203953984] [trace] zeKernelGetProperties(hKernel, pKernelProperties)
[2026-10-07 19:40:56.140] [thread-id: 125439203953984] [trace] SUCCESS (ZE_RESULT_SUCCESS) in zeKernelGetProperties(hKernel=0x16342cc8, pKernelProperties={stype=0x1636ab88, numKernelArgs=3, requiredGroupSizeX=0, requiredGroupSizeY=0, requiredGroupSizeZ=0, requiredNumSubGroups=0, requiredSubgroupSize=32, maxSubgroupSize=32, maxNumSubgroups=32, localMemSize=0, privateMemSize=0, spillMemSize=0, uuid={kid=0, mid=0}})
   <--- urKernelCreate(.hProgram = 0x162d5fd0, .pKernelName = 0x16090380 (_ZTS16dpct_kernel_nameIJZZN6strata7kernels14iq_dequant_f16EiPKvlPtPvENKUlRN4sycl3_V17handlerEE_clES9_E26dequant_flat_kernel_d891c8NS7_6detail9half_impl4halfEEE), .phKernel = 0x7ffea5139d50 (0x1636b0b0)) -> UR_RESULT_SUCCESS;
   ---> urKernelSetExecInfo
[2026-10-07 19:40:56.140] [thread-id: 125439203953984] [trace] zeKernelSetIndirectAccess(hKernel, flags)
[2026-10-07 19:40:56.140] [thread-id: 125439203953984] [trace] SUCCESS (ZE_RESULT_SUCCESS) in zeKernelSetIndirectAccess(hKernel=0x16342cc8, flags=7)
   <--- urKernelSetExecInfo(.hKernel = 0x1636b0b0, .propName = UR_KERNEL_EXEC_INFO_USM_INDIRECT_ACCESS, .propSize = 1, .pProperties = nullptr, .pPropValue = 0x7ffea5139d4f (true)) -> UR_RESULT_SUCCESS;
   ---> urKernelRetain
   <--- urKernelRetain(.hKernel = 0x1636b0b0) -> UR_RESULT_SUCCESS;
   ---> urKernelSuggestMaxCooperativeGroupCount
[2026-10-07 19:40:56.140] [thread-id: 125439203953984] [trace] zeKernelSetGroupSize(hKernel, groupSizeX, groupSizeY, groupSizeZ)
[2026-10-07 19:40:56.140] [thread-id: 125439203953984] [trace] SUCCESS (ZE_RESULT_SUCCESS) in zeKernelSetGroupSize(hKernel=0x16342cc8, groupSizeX=1, groupSizeY=1, groupSizeZ=32)
[2026-10-07 19:40:56.140] [thread-id: 125439203953984] [trace] zeKernelSuggestMaxCooperativeGroupCount(hKernel, totalGroupCount)
[2026-10-07 19:40:56.140] [thread-id: 125439203953984] [trace] SUCCESS (ZE_RESULT_SUCCESS) in zeKernelSuggestMaxCooperativeGroupCount(hKernel=0x16342cc8, totalGroupCount=1152)
   <--- urKernelSuggestMaxCooperativeGroupCount(.hKernel = 0x1636b0b0, .hDevice = 0x162d4420, .workDim = 3, .pLocalWorkSize = 0x7ffea5139f60 (1), .dynamicSharedMemorySize = 0, .pGroupCountRet = 0x7ffea5139f4c (1152)) -> UR_RESULT_SUCCESS;
   ---> urKernelRelease
   <--- urKernelRelease(.hKernel = 0x1636b0b0) -> UR_RESULT_SUCCESS;
   ---> urProgramRelease
   <--- urProgramRelease(.hProgram = 0x162d5fd0) -> UR_RESULT_SUCCESS;
   ---> urDeviceGetInfo
   <--- urDeviceGetInfo(.hDevice = 0x162d4420, .propName = UR_DEVICE_INFO_SUB_GROUP_SIZES_INTEL, .propSize = 0, .pPropValue = nullptr, .pPropSizeRet = 0x7ffea51398d0 (8)) -> UR_RESULT_SUCCESS;
   ---> urDeviceGetInfo
   <--- urDeviceGetInfo(.hDevice = 0x162d4420, .propName = UR_DEVICE_INFO_SUB_GROUP_SIZES_INTEL, .propSize = 8, .pPropValue = {16, 32}, .pPropSizeRet = nullptr) -> UR_RESULT_SUCCESS;
   ---> urDeviceSelectBinary
   <--- urDeviceSelectBinary(.hDevice = 0x162d4420, .pBinaries = 0x7ffea5139b10 ((struct ur_device_binary_t){.stype = UR_STRUCTURE_TYPE_CONTEXT_PROPERTIES, .pNext = nullptr, .pDeviceTargetSpec = 0x72161a1113c0 (spir64)}), .NumBinaries = 1, .pSelectedBinary = 0x7ffea5139b34 (0)) -> UR_RESULT_SUCCESS;
   ---> urDeviceGetInfo
   <--- urDeviceGetInfo(.hDevice = 0x162d4420, .propName = UR_DEVICE_INFO_SUB_GROUP_SIZES_INTEL, .propSize = 0, .pPropValue = nullptr, .pPropSizeRet = 0x7ffea5139a30 (8)) -> UR_RESULT_SUCCESS;
   ---> urDeviceGetInfo
   <--- urDeviceGetInfo(.hDevice = 0x162d4420, .propName = UR_DEVICE_INFO_SUB_GROUP_SIZES_INTEL, .propSize = 8, .pPropValue = {16, 32}, .pPropSizeRet = nullptr) -> UR_RESULT_SUCCESS;
   ---> urPlatformGetBackendOption
   <--- urPlatformGetBackendOption(.hPlatform = 0x162d29e0, .pFrontendOption = 0x7ffea5139398 (-O3), .ppPlatformOption = 0x7ffea5139368 (0x72161717f975 (-ze-opt-level=2))) -> UR_RESULT_SUCCESS;
   ---> urDeviceGetInfo
   <--- urDeviceGetInfo(.hDevice = 0x162d4420, .propName = UR_DEVICE_INFO_VENDOR_ID, .propSize = 4, .pPropValue = 0x7ffea51392e8 (32902), .pPropSizeRet = nullptr) -> UR_RESULT_SUCCESS;
   ---> urDeviceGetInfo
   <--- urDeviceGetInfo(.hDevice = 0x162d4420, .propName = UR_DEVICE_INFO_DEVICE_ID, .propSize = 0, .pPropValue = nullptr, .pPropSizeRet = 0x7ffea5139170 (4)) -> UR_RESULT_SUCCESS;
   ---> urDeviceGetInfo
   <--- urDeviceGetInfo(.hDevice = 0x162d4420, .propName = UR_DEVICE_INFO_DEVICE_ID, .propSize = 4, .pPropValue = 0x7ffea51392b8 (57868), .pPropSizeRet = nullptr) -> UR_RESULT_SUCCESS;
   ---> urDeviceGetInfo
   <--- urDeviceGetInfo(.hDevice = 0x162d4420, .propName = UR_DEVICE_INFO_COMPILER_AVAILABLE, .propSize = 1, .pPropValue = 0x7ffea5139350 (true), .pPropSizeRet = nullptr) -> UR_RESULT_SUCCESS;
   ---> urProgramCreateWithIL
   <--- urProgramCreateWithIL(.hContext = 0x162d8b80, .pIL = 0x49c8f0, .length = 131168, .pProperties = nullptr, .phProgram = 0x7ffea5139470 (0x163430d0)) -> UR_RESULT_SUCCESS;
   ---> urProgramBuildExp
[2026-10-07 19:40:56.142] [thread-id: 125439203953984] [trace] zeModuleCreate(hContext, hDevice, desc, phModule, phBuildLog)
[2026-10-07 19:40:56.144] [thread-id: 125439203953984] [trace] SUCCESS (ZE_RESULT_SUCCESS) in zeModuleCreate(hContext=0x162d55e8, hDevice=0x162bf308, desc={stype=0x7ffea51390f0, format=0x7ffea5139100, inputSize=131168, pInputModule=3, pBuildFlags=" -cl-fp32-correctly-rounded-divide-sqrt -ze-opt-level=2", pConstants={numConstants=0, pConstantIds=nullptr, pConstantValues=nullptr}}, phModule=0x16367e88, phBuildLog=0x1633f788)
[2026-10-07 19:40:56.144] [thread-id: 125439203953984] [trace] zeModuleGetProperties(hModule, pModuleProperties)
[2026-10-07 19:40:56.144] [thread-id: 125439203953984] [trace] SUCCESS (ZE_RESULT_SUCCESS) in zeModuleGetProperties(hModule=0x16367e88, pModuleProperties={stype=0x7ffea5139060, flags=0})
   <--- urProgramBuildExp(.hProgram = 0x163430d0, .numDevices = 1, .phDevices = 0x16343790 {0x162d4420}, .flags = 0, .pOptions = 0x162ed6c0 ( -cl-fp32-correctly-rounded-divide-sqrt -ze-opt-level=2)) -> UR_RESULT_SUCCESS;
   ---> urProgramRetain
   <--- urProgramRetain(.hProgram = 0x163430d0) -> UR_RESULT_SUCCESS;
   ---> urKernelCreate
[2026-10-07 19:40:56.144] [thread-id: 125439203953984] [trace] zeKernelCreate(hModule, desc, phKernel)
[2026-10-07 19:40:56.144] [thread-id: 125439203953984] [trace] SUCCESS (ZE_RESULT_SUCCESS) in zeKernelCreate(hModule=0x16367e88, desc={stype=0x7ffea5139a30, flags=0, pKernelName="_ZTS16dpct_kernel_nameIJZZN6strata7kernels17iq_dequant_gu_f16EiPKvS3_llPtPvENKUlRN4sycl3_V17handlerEE_clES9_E24dequant_gu_kernel_2397caEE"}, phKernel=0x16369b78)
[2026-10-07 19:40:56.144] [thread-id: 125439203953984] [trace] zeKernelGetName(hKernel, pSize, pName)
[2026-10-07 19:40:56.144] [thread-id: 125439203953984] [trace] SUCCESS (ZE_RESULT_SUCCESS) in zeKernelGetName(hKernel=0x16369b78, pSize=138, pName=nullptr)
[2026-10-07 19:40:56.144] [thread-id: 125439203953984] [trace] zeKernelGetName(hKernel, pSize, pName)
[2026-10-07 19:40:56.144] [thread-id: 125439203953984] [trace] SUCCESS (ZE_RESULT_SUCCESS) in zeKernelGetName(hKernel=0x16369b78, pSize=138, pName="_ZTS16dpct_kernel_nameIJZZN6strata7kernels17iq_dequant_gu_f16EiPKvS3_llPtPvENKUlRN4sycl3_V17handlerEE_clES9_E24dequant_gu_kernel_2397caEE")
[2026-10-07 19:40:56.144] [thread-id: 125439203953984] [trace] zeKernelGetProperties(hKernel, pKernelProperties)
[2026-10-07 19:40:56.144] [thread-id: 125439203953984] [trace] SUCCESS (ZE_RESULT_SUCCESS) in zeKernelGetProperties(hKernel=0x16369b78, pKernelProperties={stype=0x16340bf8, numKernelArgs=5, requiredGroupSizeX=0, requiredGroupSizeY=0, requiredGroupSizeZ=0, requiredNumSubGroups=0, requiredSubgroupSize=32, maxSubgroupSize=32, maxNumSubgroups=32, localMemSize=0, privateMemSize=0, spillMemSize=0, uuid={kid=0, mid=0}})
   <--- urKernelCreate(.hProgram = 0x163430d0, .pKernelName = 0x1608bf20 (_ZTS16dpct_kernel_nameIJZZN6strata7kernels17iq_dequant_gu_f16EiPKvS3_llPtPvENKUlRN4sycl3_V17handlerEE_clES9_E24dequant_gu_kernel_2397caEE), .phKernel = 0x7ffea5139d50 (0x1639d510)) -> UR_RESULT_SUCCESS;
   ---> urKernelSetExecInfo
[2026-10-07 19:40:56.144] [thread-id: 125439203953984] [trace] zeKernelSetIndirectAccess(hKernel, flags)
[2026-10-07 19:40:56.144] [thread-id: 125439203953984] [trace] SUCCESS (ZE_RESULT_SUCCESS) in zeKernelSetIndirectAccess(hKernel=0x16369b78, flags=7)
   <--- urKernelSetExecInfo(.hKernel = 0x1639d510, .propName = UR_KERNEL_EXEC_INFO_USM_INDIRECT_ACCESS, .propSize = 1, .pProperties = nullptr, .pPropValue = 0x7ffea5139d4f (true)) -> UR_RESULT_SUCCESS;
   ---> urKernelRetain
   <--- urKernelRetain(.hKernel = 0x1639d510) -> UR_RESULT_SUCCESS;
   ---> urKernelSuggestMaxCooperativeGroupCount
[2026-10-07 19:40:56.144] [thread-id: 125439203953984] [trace] zeKernelSetGroupSize(hKernel, groupSizeX, groupSizeY, groupSizeZ)
[2026-10-07 19:40:56.144] [thread-id: 125439203953984] [trace] SUCCESS (ZE_RESULT_SUCCESS) in zeKernelSetGroupSize(hKernel=0x16369b78, groupSizeX=1, groupSizeY=1, groupSizeZ=32)
[2026-10-07 19:40:56.144] [thread-id: 125439203953984] [trace] zeKernelSuggestMaxCooperativeGroupCount(hKernel, totalGroupCount)
[2026-10-07 19:40:56.144] [thread-id: 125439203953984] [trace] SUCCESS (ZE_RESULT_SUCCESS) in zeKernelSuggestMaxCooperativeGroupCount(hKernel=0x16369b78, totalGroupCount=1152)
   <--- urKernelSuggestMaxCooperativeGroupCount(.hKernel = 0x1639d510, .hDevice = 0x162d4420, .workDim = 3, .pLocalWorkSize = 0x7ffea5139f60 (1), .dynamicSharedMemorySize = 0, .pGroupCountRet = 0x7ffea5139f4c (1152)) -> UR_RESULT_SUCCESS;
   ---> urKernelRelease
   <--- urKernelRelease(.hKernel = 0x1639d510) -> UR_RESULT_SUCCESS;
   ---> urProgramRelease
   <--- urProgramRelease(.hProgram = 0x163430d0) -> UR_RESULT_SUCCESS;
   ---> urQueueRelease
[2026-10-07 19:40:56.145] [thread-id: 125439203953984] [trace] zeCommandListHostSynchronize(hCommandList, timeout)
[2026-10-07 19:40:56.145] [thread-id: 125439203953984] [trace] SUCCESS (ZE_RESULT_SUCCESS) in zeCommandListHostSynchronize(hCommandList=0x162dcab8, timeout=18446744073709551615)
   <--- urQueueRelease(.hQueue = 0x162dbdd0) -> UR_RESULT_SUCCESS;
   ---> urProgramRelease
   <--- urProgramRelease(.hProgram = 0x163430d0) -> UR_RESULT_SUCCESS;
   ---> urProgramRelease
   <--- urProgramRelease(.hProgram = 0x162d5fd0) -> UR_RESULT_SUCCESS;
   ---> urKernelRelease
[2026-10-07 19:40:56.145] [thread-id: 125439203953984] [trace] zeKernelDestroy(hKernel)
[2026-10-07 19:40:56.145] [thread-id: 125439203953984] [trace] SUCCESS (ZE_RESULT_SUCCESS) in zeKernelDestroy(hKernel=0x16369b78)
[2026-10-07 19:40:56.145] [thread-id: 125439203953984] [trace] zeModuleBuildLogDestroy(hModuleBuildLog)
[2026-10-07 19:40:56.145] [thread-id: 125439203953984] [trace] SUCCESS (ZE_RESULT_SUCCESS) in zeModuleBuildLogDestroy(hModuleBuildLog=0x1633f788)
[2026-10-07 19:40:56.145] [thread-id: 125439203953984] [trace] zeModuleDestroy(hModule)
[2026-10-07 19:40:56.145] [thread-id: 125439203953984] [trace] SUCCESS (ZE_RESULT_SUCCESS) in zeModuleDestroy(hModule=0x16367e88)
   <--- urKernelRelease(.hKernel = 0x1639d510) -> UR_RESULT_SUCCESS;
   ---> urKernelRelease
[2026-10-07 19:40:56.145] [thread-id: 125439203953984] [trace] zeKernelDestroy(hKernel)
[2026-10-07 19:40:56.145] [thread-id: 125439203953984] [trace] SUCCESS (ZE_RESULT_SUCCESS) in zeKernelDestroy(hKernel=0x16342cc8)
[2026-10-07 19:40:56.145] [thread-id: 125439203953984] [trace] zeModuleBuildLogDestroy(hModuleBuildLog)
[2026-10-07 19:40:56.145] [thread-id: 125439203953984] [trace] SUCCESS (ZE_RESULT_SUCCESS) in zeModuleBuildLogDestroy(hModuleBuildLog=0x1630d7d8)
[2026-10-07 19:40:56.145] [thread-id: 125439203953984] [trace] zeModuleDestroy(hModule)
[2026-10-07 19:40:56.145] [thread-id: 125439203953984] [trace] SUCCESS (ZE_RESULT_SUCCESS) in zeModuleDestroy(hModule=0x162d2cc8)
   <--- urKernelRelease(.hKernel = 0x1636b0b0) -> UR_RESULT_SUCCESS;
   ---> urContextRelease
[2026-10-07 19:40:56.146] [thread-id: 125439203953984] [trace] zeCommandListDestroy(hCommandList)
[2026-10-07 19:40:56.146] [thread-id: 125439203953984] [trace] SUCCESS (ZE_RESULT_SUCCESS) in zeCommandListDestroy(hCommandList=0x162dcab8)
[2026-10-07 19:40:56.146] [thread-id: 125439203953984] [trace] zeContextDestroy(hContext)
[2026-10-07 19:40:56.146] [thread-id: 125439203953984] [trace] SUCCESS (ZE_RESULT_SUCCESS) in zeContextDestroy(hContext=0x162d55e8)
   <--- urContextRelease(.hContext = 0x162d8b80) -> UR_RESULT_SUCCESS;
   ---> urDeviceRelease
   <--- urDeviceRelease(.hDevice = 0x162d4420) -> UR_RESULT_SUCCESS;
   ---> urAdapterRelease
   <--- urAdapterRelease(.hAdapter = 0x160d9010) -> UR_RESULT_SUCCESS;
