	linux-vdso.so.1 (0x000071608e290000)
	libmkl_sycl_blas.so.6 => /opt/intel/oneapi/mkl/2026.1/lib/libmkl_sycl_blas.so.6 (0x000071608a5b1000)
	libmkl_sycl_lapack.so.6 => /opt/intel/oneapi/mkl/2026.1/lib/libmkl_sycl_lapack.so.6 (0x0000716088abc000)
	libmkl_sycl_dft.so.6 => /opt/intel/oneapi/mkl/2026.1/lib/libmkl_sycl_dft.so.6 (0x0000716086817000)
	libmkl_sycl_sparse.so.6 => /opt/intel/oneapi/mkl/2026.1/lib/libmkl_sycl_sparse.so.6 (0x000071608317b000)
	libmkl_sycl_rng.so.6 => /opt/intel/oneapi/mkl/2026.1/lib/libmkl_sycl_rng.so.6 (0x000071607f428000)
	libmkl_sycl_stats.so.6 => /opt/intel/oneapi/mkl/2026.1/lib/libmkl_sycl_stats.so.6 (0x000071607e6bf000)
	libmkl_sycl_vm.so.6 => /opt/intel/oneapi/mkl/2026.1/lib/libmkl_sycl_vm.so.6 (0x000071607a598000)
	libmkl_sycl_data_fitting.so.6 => /opt/intel/oneapi/mkl/2026.1/lib/libmkl_sycl_data_fitting.so.6 (0x0000716079f3c000)
	libmkl_intel_lp64.so.3 => /opt/intel/oneapi/mkl/2026.1/lib/libmkl_intel_lp64.so.3 (0x0000716078f37000)
	libmkl_sequential.so.3 => /opt/intel/oneapi/mkl/2026.1/lib/libmkl_sequential.so.3 (0x000071607785f000)
	libmkl_core.so.3 => /opt/intel/oneapi/mkl/2026.1/lib/libmkl_core.so.3 (0x0000716073222000)
	libstdc++.so.6 => /usr/lib/x86_64-linux-gnu/libstdc++.so.6 (0x0000716072fa4000)
	libm.so.6 => /usr/lib/x86_64-linux-gnu/libm.so.6 (0x0000716072ebb000)
	libgcc_s.so.1 => /usr/lib/x86_64-linux-gnu/libgcc_s.so.1 (0x0000716072e8d000)
	libsycl.so.9 => /opt/intel/oneapi/compiler/2026.1/lib/libsycl.so.9 (0x0000716072ab1000)
	libOpenCL.so.1 => /opt/intel/oneapi/compiler/2026.1/lib/libOpenCL.so.1 (0x0000716072a9b000)
	libc.so.6 => /usr/lib/x86_64-linux-gnu/libc.so.6 (0x0000716072888000)
	libdl.so.2 => /usr/lib/x86_64-linux-gnu/libdl.so.2 (0x0000716072883000)
	libpthread.so.0 => /usr/lib/x86_64-linux-gnu/libpthread.so.0 (0x000071607287e000)
	/lib64/ld-linux-x86-64.so.2 (0x000071608e292000)
	libur_loader.so.0 => /opt/intel/oneapi/compiler/2026.1/lib/libur_loader.so.0 (0x0000716071aba000)
	libsvml.so => /opt/intel/oneapi/compiler/2026.1/lib/libsvml.so (0x0000716070307000)
	libirng.so => /opt/intel/oneapi/compiler/2026.1/lib/libirng.so (0x000071607020e000)
	libimf.so => /opt/intel/oneapi/compiler/2026.1/lib/libimf.so (0x000071606fdbf000)
	libintlc.so.5 => /opt/intel/oneapi/compiler/2026.1/lib/libintlc.so.5 (0x000071606fd5c000)
	librt.so.1 => /usr/lib/x86_64-linux-gnu/librt.so.1 (0x000071606fd57000)
	libz.so.1 => /usr/lib/x86_64-linux-gnu/libz.so.1 (0x000071606fd39000)
