
Dynamic section at offset 0x6bad80 contains 29 entries:
  Tag        Type                         Name/Value
 0x0000000000000001 (NEEDED)             Shared library: [libze_loader.so.1]
 0x0000000000000001 (NEEDED)             Shared library: [libstdc++.so.6]
 0x0000000000000001 (NEEDED)             Shared library: [libm.so.6]
 0x0000000000000001 (NEEDED)             Shared library: [libgcc_s.so.1]
 0x0000000000000001 (NEEDED)             Shared library: [libsycl.so.9]
 0x0000000000000001 (NEEDED)             Shared library: [libc.so.6]
 0x000000000000000c (INIT)               0x405000
 0x000000000000000d (FINI)               0x45fbdc
 0x0000000000000019 (INIT_ARRAY)         0xabb328
 0x000000000000001b (INIT_ARRAYSZ)       40 (bytes)
 0x000000000000001a (FINI_ARRAY)         0xabb350
 0x000000000000001c (FINI_ARRAYSZ)       16 (bytes)
 0x000000006ffffef5 (GNU_HASH)           0x4003b0
 0x0000000000000005 (STRTAB)             0x401500
 0x0000000000000006 (SYMTAB)             0x400558
 0x000000000000000a (STRSZ)              7193 (bytes)
 0x000000000000000b (SYMENT)             24 (bytes)
 0x0000000000000015 (DEBUG)              0x0
 0x0000000000000003 (PLTGOT)             0xabbfe8
 0x0000000000000002 (PLTRELSZ)           2832 (bytes)
 0x0000000000000014 (PLTREL)             RELA
 0x0000000000000017 (JMPREL)             0x4035e0
 0x0000000000000007 (RELA)               0x4033e8
 0x0000000000000008 (RELASZ)             504 (bytes)
 0x0000000000000009 (RELAENT)            24 (bytes)
 0x000000006ffffffe (VERNEED)            0x403268
 0x000000006fffffff (VERNEEDNUM)         3
 0x000000006ffffff0 (VERSYM)             0x40311a
 0x0000000000000000 (NULL)               0x0
