fp_environment,00001f80,00001fbb,0000ffc0
indices,262144,1024,pass
mixed_indices,4194304,1048576,16,pass
rows,256,1,0,16,traits_direct_index,9e01c13d2349f2d0,pass
rows,256,1,1,16,traits_direct_index,670c4f90707c2e01,pass
rows,256,1,2,16,traits_direct_index,976c9741746cc1ef,pass
rows,256,1,3,16,traits_direct_index,254a5490b2723a47,pass
rows,256,1,4,16,traits_direct_index,9a9380a559985d20,pass
rows,256,1,5,16,traits_direct_index,b039d02af81bddeb,pass
rows,256,1,6,16,traits_direct_index,99c70637c24852c6,pass
rows,256,1,7,16,traits_direct_index,cc26d7adc57cd52f,pass
rows,256,305419896,0,16,traits_direct_index,897357452e69fbd3,pass
rows,256,305419896,1,16,traits_direct_index,caa74354ebf09eb3,pass
rows,256,305419896,2,16,traits_direct_index,cdb547bcc4d677d6,pass
rows,256,305419896,3,16,traits_direct_index,5f0e514bfbc9acbb,pass
rows,256,305419896,4,16,traits_direct_index,dfa2480cae4f0244,pass
rows,256,305419896,5,16,traits_direct_index,b8793ca93996157a,pass
rows,256,305419896,6,16,traits_direct_index,ed10486ed4c7a9ab,pass
rows,256,305419896,7,16,traits_direct_index,45813b5c9cd9cbf1,pass
rows,256,3735928559,0,16,traits_direct_index,472f5b8f09d50d8d,pass
rows,256,3735928559,1,16,traits_direct_index,6d4cb5050919e0b3,pass
rows,256,3735928559,2,16,traits_direct_index,5e09304f9042b88b,pass
rows,256,3735928559,3,16,traits_direct_index,86258616ab8cdd07,pass
rows,256,3735928559,4,16,traits_direct_index,ca79fc4934610a45,pass
rows,256,3735928559,5,16,traits_direct_index,76d3829529845c28,pass
rows,256,3735928559,6,16,traits_direct_index,ca5002331621b207,pass
rows,256,3735928559,7,16,traits_direct_index,aeb94e6c59e17f51,pass
rows,512,1,0,16,traits_direct_index,bdd4a23ee1730ac0,pass
rows,512,1,1,16,traits_direct_index,d432e54c7d2f1646,pass
rows,512,1,2,16,traits_direct_index,43800ca41526c789,pass
rows,512,1,3,16,traits_direct_index,e4a38cd49c5dc705,pass
rows,512,1,4,16,traits_direct_index,b24ef89798161677,pass
rows,512,1,5,16,traits_direct_index,1fae60da45a3d177,pass
rows,512,1,6,16,traits_direct_index,c6fb706768f97d7c,pass
rows,512,1,7,16,traits_direct_index,317a2c82ccb62b6b,pass
rows,512,305419896,0,16,traits_direct_index,d9bbe530e11654c4,pass
rows,512,305419896,1,16,traits_direct_index,3f95d20600732b0a,pass
rows,512,305419896,2,16,traits_direct_index,6edc78cd9d7bfcd7,pass
rows,512,305419896,3,16,traits_direct_index,7db148af8dfa6801,pass
rows,512,305419896,4,16,traits_direct_index,53905e7fbe31f76b,pass
rows,512,305419896,5,16,traits_direct_index,1fea5a16723d4ca5,pass
rows,512,305419896,6,16,traits_direct_index,a35223c9fe8ed3a5,pass
rows,512,305419896,7,16,traits_direct_index,b0178c633c5a37b5,pass
rows,512,3735928559,0,16,traits_direct_index,b23235a040510a86,pass
rows,512,3735928559,1,16,traits_direct_index,66592788d2cda44f,pass
rows,512,3735928559,2,16,traits_direct_index,edb35e070d59352d,pass
rows,512,3735928559,3,16,traits_direct_index,60001d5e063e21eb,pass
rows,512,3735928559,4,16,traits_direct_index,5ddbcc79f3f30330,pass
rows,512,3735928559,5,16,traits_direct_index,ac7ee038af3f96ef,pass
rows,512,3735928559,6,16,traits_direct_index,5c630a075d65d483,pass
rows,512,3735928559,7,16,traits_direct_index,915f28ec9cb8d81a,pass
rows,2560,1,0,16,traits_direct_index,2b30ba4b971a038e,pass
rows,2560,1,1,16,traits_direct_index,c1f4d9c1a725dc36,pass
rows,2560,1,2,16,traits_direct_index,2701e158fe914b81,pass
rows,2560,1,3,16,traits_direct_index,80b4de1ab889b5d0,pass
rows,2560,1,4,16,traits_direct_index,e792567c4a3ca5f1,pass
rows,2560,1,5,16,traits_direct_index,6a8faa0435db4aa0,pass
rows,2560,1,6,16,traits_direct_index,816b78fa8c190f76,pass
rows,2560,1,7,16,traits_direct_index,d632f34651a0c2ff,pass
rows,2560,305419896,0,16,traits_direct_index,1f8342a61c6040da,pass
rows,2560,305419896,1,16,traits_direct_index,91e9ee65c4bec7f4,pass
rows,2560,305419896,2,16,traits_direct_index,fa928633dd6eefb6,pass
rows,2560,305419896,3,16,traits_direct_index,b6add07d4d476985,pass
rows,2560,305419896,4,16,traits_direct_index,d0f33273472090bf,pass
rows,2560,305419896,5,16,traits_direct_index,27aa4deb6832df5f,pass
rows,2560,305419896,6,16,traits_direct_index,e743fa638050e5bd,pass
rows,2560,305419896,7,16,traits_direct_index,b606c874455fb509,pass
rows,2560,3735928559,0,16,traits_direct_index,7a55c2801d150458,pass
rows,2560,3735928559,1,16,traits_direct_index,3897bdaaaea63266,pass
rows,2560,3735928559,2,16,traits_direct_index,820759b0c78b4363,pass
rows,2560,3735928559,3,16,traits_direct_index,0b5dc94364794a62,pass
rows,2560,3735928559,4,16,traits_direct_index,15779eb3c204c034,pass
rows,2560,3735928559,5,16,traits_direct_index,ca0dd55e1f608cf3,pass
rows,2560,3735928559,6,16,traits_direct_index,9f2c1a2cf0bc4ec4,pass
rows,2560,3735928559,7,16,traits_direct_index,eefb26007e809d83,pass
rows,8192,1,0,16,traits_direct_index,3967cc2d2be1d5df,pass
rows,8192,1,1,16,traits_direct_index,d2adedd1b735bf7c,pass
rows,8192,1,2,16,traits_direct_index,aed51153323e9db2,pass
rows,8192,1,3,16,traits_direct_index,1d12420ea8789869,pass
rows,8192,1,4,16,traits_direct_index,b9b06d211cb7f2b9,pass
rows,8192,1,5,16,traits_direct_index,91042087d05b2f86,pass
rows,8192,1,6,16,traits_direct_index,0e2a5ced3a9f0519,pass
rows,8192,1,7,16,traits_direct_index,bedb48e788615f12,pass
rows,8192,305419896,0,16,traits_direct_index,8541015addfab802,pass
rows,8192,305419896,1,16,traits_direct_index,cce5862d93026c5c,pass
rows,8192,305419896,2,16,traits_direct_index,b9129cb24c611b18,pass
rows,8192,305419896,3,16,traits_direct_index,8206f9475656b900,pass
rows,8192,305419896,4,16,traits_direct_index,e39e4dad8be414e6,pass
rows,8192,305419896,5,16,traits_direct_index,08d8da928884565e,pass
rows,8192,305419896,6,16,traits_direct_index,a400cfb0572bb408,pass
rows,8192,305419896,7,16,traits_direct_index,ddfed8a48b5af6e8,pass
rows,8192,3735928559,0,16,traits_direct_index,757c147fd03f994b,pass
rows,8192,3735928559,1,16,traits_direct_index,3871b932f6f7641d,pass
rows,8192,3735928559,2,16,traits_direct_index,ff16e4d81ba93885,pass
rows,8192,3735928559,3,16,traits_direct_index,ae37dcc09cc3582d,pass
rows,8192,3735928559,4,16,traits_direct_index,daf0d17150f1ab8a,pass
rows,8192,3735928559,5,16,traits_direct_index,b8699f93c8f47907,pass
rows,8192,3735928559,6,16,traits_direct_index,3bd2cf38283d6f36,pass
rows,8192,3735928559,7,16,traits_direct_index,fa77656dc4c742d4,pass
fp_environment_end,00001fbb,control_unchanged,pass
summary,synthetic_only,performance_false,adopted_false,pass
