<LOADER>[DEBUG]: Logger loader initialized successfully!
<LOADER>[INFO]: loaded adapter 0x0x2e984980 (/opt/intel/oneapi/compiler/2026.1/lib/libur_adapter_level_zero.so.0) from /opt/intel/oneapi/compiler/2026.1/lib/libur_adapter_level_zero.so.0
   ---> urAdapterGet
<LEVEL_ZERO>[DEBUG]: zeInit with flags value of 1
[2026-10-07 11:13:31.883] [thread-id: 130828661284032] [info] Loader Version 1.32.0  - No git SHA found, compiled outside git folder.
[2026-10-07 11:13:31.886] [thread-id: 130828661284032] [info] Validation Layer Enabled
[2026-10-07 11:13:31.887] [thread-id: 130828661284032] [info] zeInit succeeded
[2026-10-07 11:13:31.887] [thread-id: 130828661284032] [trace] zeInit(flags)
[2026-10-07 11:13:31.962] [thread-id: 130828661284032] [trace] SUCCESS (ZE_RESULT_SUCCESS) in zeInit(flags=1)
<LEVEL_ZERO>[DEBUG]: Level Zero Loader version: 1.32.0
<LEVEL_ZERO>[DEBUG]: zeInitDrivers with flags value of 1
[2026-10-07 11:13:31.963] [thread-id: 130828661284032] [trace] zeInitDrivers(pCount, phDrivers, desc)
[2026-10-07 11:13:31.963] [thread-id: 130828661284032] [trace] SUCCESS (ZE_RESULT_SUCCESS) in zeInitDrivers(pCount=1, phDrivers=nullptr, desc={stype=0x2e983728, flags=1})
[2026-10-07 11:13:31.963] [thread-id: 130828661284032] [trace] zeInitDrivers(pCount, phDrivers, desc)
[2026-10-07 11:13:31.963] [thread-id: 130828661284032] [trace] SUCCESS (ZE_RESULT_SUCCESS) in zeInitDrivers(pCount=1, phDrivers=nullptr, desc={stype=0x2e983728, flags=1})
[2026-10-07 11:13:31.963] [thread-id: 130828661284032] [trace] zeDriverGet(pCount, phDrivers)
[2026-10-07 11:13:31.963] [thread-id: 130828661284032] [trace] SUCCESS (ZE_RESULT_SUCCESS) in zeDriverGet(pCount=1, phDrivers=nullptr)
[2026-10-07 11:13:31.963] [thread-id: 130828661284032] [trace] zeDriverGet(pCount, phDrivers)
[2026-10-07 11:13:31.963] [thread-id: 130828661284032] [trace] SUCCESS (ZE_RESULT_SUCCESS) in zeDriverGet(pCount=1, phDrivers=0x2eb69da0)
[2026-10-07 11:13:31.963] [thread-id: 130828661284032] [trace] zeDeviceGet(hDriver, pCount, phDevices)
[2026-10-07 11:13:31.963] [thread-id: 130828661284032] [trace] SUCCESS (ZE_RESULT_SUCCESS) in zeDeviceGet(hDriver=0x2eb69de8, pCount=1, phDevices=nullptr)
[2026-10-07 11:13:31.963] [thread-id: 130828661284032] [trace] zeDeviceGet(hDriver, pCount, phDevices)
[2026-10-07 11:13:31.963] [thread-id: 130828661284032] [trace] SUCCESS (ZE_RESULT_SUCCESS) in zeDeviceGet(hDriver=0x2eb69de8, pCount=1, phDevices=0x2eb766d0)
[2026-10-07 11:13:31.963] [thread-id: 130828661284032] [trace] zeDeviceGetProperties(hDevice, pDeviceProperties)
[2026-10-07 11:13:31.963] [thread-id: 130828661284032] [trace] SUCCESS (ZE_RESULT_SUCCESS) in zeDeviceGetProperties(hDevice=0x2eb6a348, pDeviceProperties={stype=0x7ffdfde3fd30, type=0x7ffdfde3fd40, vendorId=32902, deviceId=57868, flags=8, subdeviceId=0, coreClockRate=2750, maxMemAllocSize=10132807680, maxHardwareContexts=65536, maxCommandQueuePriority=0, numThreadsPerEU=8, physicalEUSimdWidth=16, numEUsPerSubslice=8, numSubslicesPerSlice=4, numSlices=5, timerResolution=52, timestampValidBits=64, kernelTimestampValidBits=64, uuid={id=134}, name="Intel(R) Arc(TM) B570 Graphics"})
<LEVEL_ZERO>[DEBUG]: 
zesInit with flags value of 0

[2026-10-07 11:13:31.963] [thread-id: 130828661284032] [trace] zesInit(flags)
[2026-10-07 11:13:31.965] [thread-id: 130828661284032] [trace] SUCCESS (ZE_RESULT_SUCCESS) in zesInit(flags=0)
[2026-10-07 11:13:31.965] [thread-id: 130828661284032] [trace] zeDriverGet(pCount, phDrivers)
[2026-10-07 11:13:31.965] [thread-id: 130828661284032] [trace] SUCCESS (ZE_RESULT_SUCCESS) in zeDriverGet(pCount=1, phDrivers=nullptr)
[2026-10-07 11:13:31.965] [thread-id: 130828661284032] [trace] zeDriverGet(pCount, phDrivers)
[2026-10-07 11:13:31.965] [thread-id: 130828661284032] [trace] SUCCESS (ZE_RESULT_SUCCESS) in zeDriverGet(pCount=1, phDrivers=0x2eb7d760)
[2026-10-07 11:13:31.965] [thread-id: 130828661284032] [trace] zeInitDrivers(pCount, phDrivers, desc)
[2026-10-07 11:13:31.965] [thread-id: 130828661284032] [trace] SUCCESS (ZE_RESULT_SUCCESS) in zeInitDrivers(pCount=1, phDrivers=0x2eb7d830, desc={stype=0x2e983728, flags=1})
[2026-10-07 11:13:31.965] [thread-id: 130828661284032] [trace] zeDriverGetProperties(hDriver, pDriverProperties)
[2026-10-07 11:13:31.965] [thread-id: 130828661284032] [trace] SUCCESS (ZE_RESULT_SUCCESS) in zeDriverGetProperties(hDriver=0x2eb69de8, pDriverProperties={stype=0x7ffdfde3fc80, uuid={id=227}, driverVersion=17013219})
[2026-10-07 11:13:31.965] [thread-id: 130828661284032] [trace] zeDriverGetProperties(hDriver, pDriverProperties)
[2026-10-07 11:13:31.965] [thread-id: 130828661284032] [trace] SUCCESS (ZE_RESULT_SUCCESS) in zeDriverGetProperties(hDriver=0x2eb69de8, pDriverProperties={stype=0x7ffdfde3fe50, uuid={id=227}, driverVersion=17013219})
<LEVEL_ZERO>[DEBUG]: zeDriverHandle 0x2eb69de8 matched between zeDriverGet and zeInitDrivers. Not adding duplicate driver to list
<LEVEL_ZERO>[DEBUG]: 1 L0 Drivers found.
[2026-10-07 11:13:31.966] [thread-id: 130828661284032] [trace] zeDeviceGet(hDriver, pCount, phDevices)
[2026-10-07 11:13:31.966] [thread-id: 130828661284032] [trace] SUCCESS (ZE_RESULT_SUCCESS) in zeDeviceGet(hDriver=0x2eb69de8, pCount=1, phDevices=nullptr)
[2026-10-07 11:13:31.966] [thread-id: 130828661284032] [trace] zeDeviceGet(hDriver, pCount, phDevices)
[2026-10-07 11:13:31.966] [thread-id: 130828661284032] [trace] SUCCESS (ZE_RESULT_SUCCESS) in zeDeviceGet(hDriver=0x2eb69de8, pCount=1, phDevices=0x2eb7dad0)
[2026-10-07 11:13:31.966] [thread-id: 130828661284032] [trace] zeDeviceGetProperties(hDevice, pDeviceProperties)
[2026-10-07 11:13:31.966] [thread-id: 130828661284032] [trace] SUCCESS (ZE_RESULT_SUCCESS) in zeDeviceGetProperties(hDevice=0x2eb6a348, pDeviceProperties={stype=0x7ffdfde3fc80, type=0x7ffdfde3fc90, vendorId=32902, deviceId=57868, flags=8, subdeviceId=0, coreClockRate=2750, maxMemAllocSize=10132807680, maxHardwareContexts=65536, maxCommandQueuePriority=0, numThreadsPerEU=8, physicalEUSimdWidth=16, numEUsPerSubslice=8, numSubslicesPerSlice=4, numSlices=5, timerResolution=52, timestampValidBits=64, kernelTimestampValidBits=64, uuid={id=134}, name="Intel(R) Arc(TM) B570 Graphics"})
[2026-10-07 11:13:31.966] [thread-id: 130828661284032] [trace] zeDriverGetApiVersion(hDriver, version)
[2026-10-07 11:13:31.966] [thread-id: 130828661284032] [trace] SUCCESS (ZE_RESULT_SUCCESS) in zeDriverGetApiVersion(hDriver=0x2eb69de8, version=65553)
[2026-10-07 11:13:31.966] [thread-id: 130828661284032] [trace] zeDriverGetExtensionProperties(hDriver, pCount, pExtensionProperties)
[2026-10-07 11:13:31.966] [thread-id: 130828661284032] [trace] SUCCESS (ZE_RESULT_SUCCESS) in zeDriverGetExtensionProperties(hDriver=0x2eb69de8, pCount=63, pExtensionProperties=nullptr)
[2026-10-07 11:13:31.966] [thread-id: 130828661284032] [trace] zeDriverGetExtensionProperties(hDriver, pCount, pExtensionProperties)
[2026-10-07 11:13:31.966] [thread-id: 130828661284032] [trace] SUCCESS (ZE_RESULT_SUCCESS) in zeDriverGetExtensionProperties(hDriver=0x2eb69de8, pCount=63, pExtensionProperties={name="ZE_extension_device_cache_line_size", version=65536})
[2026-10-07 11:13:31.967] [thread-id: 130828661284032] [trace] zeDriverGetExtensionFunctionAddress(hDriver, name, ppFunctionAddress)
[2026-10-07 11:13:31.967] [thread-id: 130828661284032] [trace] SUCCESS (ZE_RESULT_SUCCESS) in zeDriverGetExtensionFunctionAddress(hDriver=0x2eb69de8, name="zeIntelGetDriverVersionString", ppFunctionAddress=0x76fce8090c00)
[2026-10-07 11:13:31.967] [thread-id: 130828661284032] [trace] zeDriverGetProperties(hDriver, pDriverProperties)
[2026-10-07 11:13:31.967] [thread-id: 130828661284032] [trace] SUCCESS (ZE_RESULT_SUCCESS) in zeDriverGetProperties(hDriver=0x2eb69de8, pDriverProperties={stype=0x7ffdfde3fb40, uuid={id=227}, driverVersion=17013219})
<LEVEL_ZERO>[DEBUG]: Level Zero Driver version: 1.17.39395+14
[2026-10-07 11:13:31.967] [thread-id: 130828661284032] [trace] zeDriverGetExtensionFunctionAddress(hDriver, name, ppFunctionAddress)
[2026-10-07 11:13:31.967] [thread-id: 130828661284032] [trace] SUCCESS (ZE_RESULT_SUCCESS) in zeDriverGetExtensionFunctionAddress(hDriver=0x2eb69de8, name="zexDriverImportExternalPointer", ppFunctionAddress=0x76fce808ba40)
[2026-10-07 11:13:31.967] [thread-id: 130828661284032] [trace] zeDriverGetExtensionFunctionAddress(hDriver, name, ppFunctionAddress)
[2026-10-07 11:13:31.967] [thread-id: 130828661284032] [trace] SUCCESS (ZE_RESULT_SUCCESS) in zeDriverGetExtensionFunctionAddress(hDriver=0x2eb69de8, name="zexDriverReleaseImportedPointer", ppFunctionAddress=0x76fce8093e30)
[2026-10-07 11:13:31.968] [thread-id: 130828661284032] [trace] zeDriverGetExtensionFunctionAddress(hDriver, name, ppFunctionAddress)
[2026-10-07 11:13:31.968] [thread-id: 130828661284032] [trace] SUCCESS (ZE_RESULT_SUCCESS) in zeDriverGetExtensionFunctionAddress(hDriver=0x2eb69de8, name="zeImageGetDeviceOffsetExp", ppFunctionAddress=0x76fce8095190)
[2026-10-07 11:13:31.968] [thread-id: 130828661284032] [trace] zeDriverGetExtensionFunctionAddress(hDriver, name, ppFunctionAddress)
[2026-10-07 11:13:31.968] [thread-id: 130828661284032] [trace] SUCCESS (ZE_RESULT_SUCCESS) in zeDriverGetExtensionFunctionAddress(hDriver=0x2eb69de8, name="zeMemGetPitchFor2dImage", ppFunctionAddress=0x76fce8097550)
[2026-10-07 11:13:31.968] [thread-id: 130828661284032] [trace] zeDriverGetExtensionFunctionAddress(hDriver, name, ppFunctionAddress)
[2026-10-07 11:13:31.968] [thread-id: 130828661284032] [trace] SUCCESS (ZE_RESULT_SUCCESS) in zeDriverGetExtensionFunctionAddress(hDriver=0x2eb69de8, name="zeGraphGetIdExt", ppFunctionAddress=0x76fce8085dd0)
[2026-10-07 11:13:31.968] [thread-id: 130828661284032] [trace] zeDriverGetExtensionFunctionAddress(hDriver, name, ppFunctionAddress)
[2026-10-07 11:13:31.968] [thread-id: 130828661284032] [trace] SUCCESS (ZE_RESULT_SUCCESS) in zeDriverGetExtensionFunctionAddress(hDriver=0x2eb69de8, name="zeCommandListAppendHostFunction", ppFunctionAddress=0x76fce8069140)
[2026-10-07 11:13:31.968] [thread-id: 130828661284032] [trace] zesDriverGet(pCount, phDrivers)
[2026-10-07 11:13:31.968] [thread-id: 130828661284032] [trace] SUCCESS (ZE_RESULT_SUCCESS) in zesDriverGet(pCount=1, phDrivers=nullptr)
[2026-10-07 11:13:31.968] [thread-id: 130828661284032] [trace] zesDriverGet(pCount, phDrivers)
[2026-10-07 11:13:31.968] [thread-id: 130828661284032] [trace] SUCCESS (ZE_RESULT_SUCCESS) in zesDriverGet(pCount=1, phDrivers=0x2eb7e9d0)
[2026-10-07 11:13:31.968] [thread-id: 130828661284032] [trace] zesDriverGetDeviceByUuidExp(hDriver, uuid, phDevice, onSubdevice, subdeviceId)
[2026-10-07 11:13:31.968] [thread-id: 130828661284032] [trace] SUCCESS (ZE_RESULT_SUCCESS) in zesDriverGetDeviceByUuidExp(hDriver=0x2eb7a5e8, uuid={id=134}, phDevice=0x2e9a4518, onSubdevice=0, subdeviceId=0)
<LEVEL_ZERO>[DEBUG]: Initialized 1 platforms
   <--- urAdapterGet(.NumEntries = 0, .phAdapters = nullptr, .pNumAdapters = 0x7ffdfde40548 (1)) -> UR_RESULT_SUCCESS;
   ---> urAdapterGet
   <--- urAdapterGet(.NumEntries = 1, .phAdapters = 0x2eb7dab0 {0x2e983700}, .pNumAdapters = nullptr) -> UR_RESULT_SUCCESS;
   ---> urAdapterGetInfo
   <--- urAdapterGetInfo(.hAdapter = 0x2e983700, .propName = UR_ADAPTER_INFO_BACKEND, .propSize = 4, .pPropValue = 0x7ffdfde4053c (UR_BACKEND_LEVEL_ZERO), .pPropSizeRet = nullptr) -> UR_RESULT_SUCCESS;
   ---> urAdapterSetLoggerCallback
   <--- urAdapterSetLoggerCallback(.hAdapter = 0x2e983700, .pfnLoggerCallback = 0x76fceee99420, .pUserData = nullptr, .level = UR_LOGGER_LEVEL_WARN) -> UR_RESULT_SUCCESS;
   ---> urPlatformGet
   <--- urPlatformGet(.hAdapter = 0x2e983700, .NumEntries = 0, .phPlatforms = nullptr, .pNumPlatforms = 0x7ffdfde4047c (1)) -> UR_RESULT_SUCCESS;
   ---> urPlatformGet
   <--- urPlatformGet(.hAdapter = 0x2e983700, .NumEntries = 1, .phPlatforms = 0x2eb7dab0 {0x2eb7dc30}, .pNumPlatforms = nullptr) -> UR_RESULT_SUCCESS;
   ---> urPlatformGetInfo
   <--- urPlatformGetInfo(.hPlatform = 0x2eb7dc30, .propName = UR_PLATFORM_INFO_BACKEND, .propSize = 4, .pPropValue = 0x7ffdfde4048c (UR_BACKEND_LEVEL_ZERO), .pPropSizeRet = nullptr) -> UR_RESULT_SUCCESS;
   ---> urDeviceGet
[2026-10-07 11:13:31.968] [thread-id: 130828661284032] [trace] zeDeviceGet(hDriver, pCount, phDevices)
[2026-10-07 11:13:31.968] [thread-id: 130828661284032] [trace] SUCCESS (ZE_RESULT_SUCCESS) in zeDeviceGet(hDriver=0x2eb69de8, pCount=1, phDevices=nullptr)
[2026-10-07 11:13:31.968] [thread-id: 130828661284032] [trace] zeDeviceGet(hDriver, pCount, phDevices)
[2026-10-07 11:13:31.968] [thread-id: 130828661284032] [trace] SUCCESS (ZE_RESULT_SUCCESS) in zeDeviceGet(hDriver=0x2eb69de8, pCount=1, phDevices=0x2eb7f420)
[2026-10-07 11:13:31.969] [thread-id: 130828661284032] [trace] zeDeviceGetProperties(hDevice, pDeviceProperties)
[2026-10-07 11:13:31.969] [thread-id: 130828661284032] [trace] SUCCESS (ZE_RESULT_SUCCESS) in zeDeviceGetProperties(hDevice=0x2eb6a348, pDeviceProperties={stype=0x2eb7f508, type=0x2eb7f518, vendorId=32902, deviceId=57868, flags=8, subdeviceId=0, coreClockRate=2750, maxMemAllocSize=10132807680, maxHardwareContexts=65536, maxCommandQueuePriority=0, numThreadsPerEU=8, physicalEUSimdWidth=16, numEUsPerSubslice=8, numSubslicesPerSlice=4, numSlices=5, timerResolution=19200000, timestampValidBits=64, kernelTimestampValidBits=64, uuid={id=134}, name="Intel(R) Arc(TM) B570 Graphics"})
[2026-10-07 11:13:31.969] [thread-id: 130828661284032] [trace] zeDeviceGetProperties(hDevice, pDeviceProperties)
[2026-10-07 11:13:31.969] [thread-id: 130828661284032] [trace] SUCCESS (ZE_RESULT_SUCCESS) in zeDeviceGetProperties(hDevice=0x2eb6a348, pDeviceProperties={stype=0x7ffdfde3fa88, type=0x7ffdfde3fa98, vendorId=32902, deviceId=57868, flags=8, subdeviceId=0, coreClockRate=2750, maxMemAllocSize=10132807680, maxHardwareContexts=65536, maxCommandQueuePriority=0, numThreadsPerEU=8, physicalEUSimdWidth=16, numEUsPerSubslice=8, numSubslicesPerSlice=4, numSlices=5, timerResolution=52, timestampValidBits=64, kernelTimestampValidBits=64, uuid={id=134}, name="Intel(R) Arc(TM) B570 Graphics"})
[2026-10-07 11:13:31.969] [thread-id: 130828661284032] [trace] zeDeviceGetCommandQueueGroupProperties(hDevice, pCount, pCommandQueueGroupProperties)
[2026-10-07 11:13:31.969] [thread-id: 130828661284032] [trace] SUCCESS (ZE_RESULT_SUCCESS) in zeDeviceGetCommandQueueGroupProperties(hDevice=0x2eb6a348, pCount=2, pCommandQueueGroupProperties=nullptr)
<LEVEL_ZERO>[INFO]: Number of queue groups = 2
[2026-10-07 11:13:31.969] [thread-id: 130828661284032] [trace] zeDeviceGetCommandQueueGroupProperties(hDevice, pCount, pCommandQueueGroupProperties)
[2026-10-07 11:13:31.969] [thread-id: 130828661284032] [trace] SUCCESS (ZE_RESULT_SUCCESS) in zeDeviceGetCommandQueueGroupProperties(hDevice=0x2eb6a348, pCount=2, pCommandQueueGroupProperties={stype=0x2e983610, flags=7, maxMemoryFillPatternSize=18446744073709551615, numQueues=1})
[2026-10-07 11:13:31.969] [thread-id: 130828661284032] [trace] zeDeviceGetSubDevices(hDevice, pCount, phSubdevices)
[2026-10-07 11:13:31.969] [thread-id: 130828661284032] [trace] SUCCESS (ZE_RESULT_SUCCESS) in zeDeviceGetSubDevices(hDevice=0x2eb6a348, pCount=0, phSubdevices=nullptr)
[2026-10-07 11:13:31.969] [thread-id: 130828661284032] [trace] zeDeviceGetSubDevices(hDevice, pCount, phSubdevices)
[2026-10-07 11:13:31.969] [thread-id: 130828661284032] [trace] SUCCESS (ZE_RESULT_SUCCESS) in zeDeviceGetSubDevices(hDevice=0x2eb6a348, pCount=0, phSubdevices=0x2eb7f440)
[2026-10-07 11:13:31.969] [thread-id: 130828661284032] [trace] zeDeviceGetRootDevice(hDevice, phRootDevice)
[2026-10-07 11:13:31.969] [thread-id: 130828661284032] [trace] SUCCESS (ZE_RESULT_SUCCESS) in zeDeviceGetRootDevice(hDevice=0x2eb6a348, phRootDevice=0x7ffdfde3fee0)
[2026-10-07 11:13:31.969] [thread-id: 130828661284032] [trace] zeDeviceSynchronize(hDevice)
[2026-10-07 11:13:31.969] [thread-id: 130828661284032] [trace] SUCCESS (ZE_RESULT_SUCCESS) in zeDeviceSynchronize(hDevice=0x2eb6a348)
[2026-10-07 11:13:31.969] [thread-id: 130828661284032] [trace] zeDeviceGetRootDevice(hDevice, phRootDevice)
[2026-10-07 11:13:31.969] [thread-id: 130828661284032] [trace] SUCCESS (ZE_RESULT_SUCCESS) in zeDeviceGetRootDevice(hDevice=0x2eb6a348, phRootDevice=0x7ffdfde3ffd0)
   <--- urDeviceGet(.hPlatform = 0x2eb7dc30, .DeviceType = UR_DEVICE_TYPE_ALL, .NumEntries = 0, .phDevices = nullptr, .pNumDevices = 0x7ffdfde403fc (1)) -> UR_RESULT_SUCCESS;
   ---> urDeviceGet
[2026-10-07 11:13:31.969] [thread-id: 130828661284032] [trace] zeDeviceGetRootDevice(hDevice, phRootDevice)
[2026-10-07 11:13:31.969] [thread-id: 130828661284032] [trace] SUCCESS (ZE_RESULT_SUCCESS) in zeDeviceGetRootDevice(hDevice=0x2eb6a348, phRootDevice=0x7ffdfde3ffd0)
   <--- urDeviceGet(.hPlatform = 0x2eb7dc30, .DeviceType = UR_DEVICE_TYPE_ALL, .NumEntries = 1, .phDevices = 0x2eb7f420 {0x2eb7f460}, .pNumDevices = nullptr) -> UR_RESULT_SUCCESS;
   ---> urPlatformGetInfo
   <--- urPlatformGetInfo(.hPlatform = 0x2eb7dc30, .propName = UR_PLATFORM_INFO_VERSION, .propSize = 0, .pPropValue = nullptr, .pPropSizeRet = 0x7ffdfde3ffd0 (5)) -> UR_RESULT_SUCCESS;
   ---> urPlatformGetInfo
   <--- urPlatformGetInfo(.hPlatform = 0x2eb7dc30, .propName = UR_PLATFORM_INFO_VERSION, .propSize = 5, .pPropValue = 0x7ffdfde40138 (1.17), .pPropSizeRet = nullptr) -> UR_RESULT_SUCCESS;
   ---> urPlatformGetInfo
   <--- urPlatformGetInfo(.hPlatform = 0x2eb7dc30, .propName = UR_PLATFORM_INFO_NAME, .propSize = 0, .pPropValue = nullptr, .pPropSizeRet = 0x7ffdfde3ffd0 (48)) -> UR_RESULT_SUCCESS;
   ---> urPlatformGetInfo
   <--- urPlatformGetInfo(.hPlatform = 0x2eb7dc30, .propName = UR_PLATFORM_INFO_NAME, .propSize = 48, .pPropValue = 0x2eb7fb30 (Intel(R) oneAPI Unified Runtime over Level-Zero), .pPropSizeRet = nullptr) -> UR_RESULT_SUCCESS;
   ---> urDeviceGetInfo
   <--- urDeviceGetInfo(.hDevice = 0x2eb7f460, .propName = UR_DEVICE_INFO_PARENT_DEVICE, .propSize = 8, .pPropValue = 0x7ffdfde3ff90 (nullptr), .pPropSizeRet = nullptr) -> UR_RESULT_SUCCESS;
   ---> urDeviceGetInfo
   <--- urDeviceGetInfo(.hDevice = 0x2eb7f460, .propName = UR_DEVICE_INFO_TYPE, .propSize = 4, .pPropValue = 0x7ffdfde3ff30 (UR_DEVICE_TYPE_GPU), .pPropSizeRet = nullptr) -> UR_RESULT_SUCCESS;
   ---> urDeviceGetInfo
   <--- urDeviceGetInfo(.hDevice = 0x2eb7f460, .propName = UR_DEVICE_INFO_USE_NATIVE_ASSERT, .propSize = 1, .pPropValue = 0x7ffdfde3ff30 (true), .pPropSizeRet = nullptr) -> UR_RESULT_SUCCESS;
   ---> urDeviceGetInfo
[2026-10-07 11:13:31.971] [thread-id: 130828661284032] [trace] zeDeviceGetModuleProperties(hDevice, pModuleProperties)
[2026-10-07 11:13:31.971] [thread-id: 130828661284032] [trace] SUCCESS (ZE_RESULT_SUCCESS) in zeDeviceGetModuleProperties(hDevice=0x2eb6a348, pModuleProperties={stype=0x2eb7f780, spirvVersionSupported=65541, flags=15, fp16flags=63, fp32flags=127, fp64flags=127, maxArgumentsSize=2048, printfBufferSize=4194304, nativeKernelSupported={id=0}})
[2026-10-07 11:13:31.971] [thread-id: 130828661284032] [trace] zeDeviceGetImageProperties(hDevice, pImageProperties)
[2026-10-07 11:13:31.971] [thread-id: 130828661284032] [trace] SUCCESS (ZE_RESULT_SUCCESS) in zeDeviceGetImageProperties(hDevice=0x2eb6a348, pImageProperties={stype=0x2eb7f720, maxImageDims1D=16384, maxImageDims2D=16384, maxImageDims3D=2048, maxImageBufferSize=633300480, maxImageArraySlices=2048, maxSamplers=16, maxReadImageArgs=128, maxWriteImageArgs=128})
   <--- urDeviceGetInfo(.hDevice = 0x2eb7f460, .propName = UR_DEVICE_INFO_EXTENSIONS, .propSize = 0, .pPropValue = nullptr, .pPropSizeRet = 0x7ffdfde3feb8 (245)) -> UR_RESULT_SUCCESS;
   ---> urDeviceGetInfo
   <--- urDeviceGetInfo(.hDevice = 0x2eb7f460, .propName = UR_DEVICE_INFO_EXTENSIONS, .propSize = 245, .pPropValue = 0x2ea39b40 (cl_khr_il_program cl_khr_subgroups cl_intel_subgroups cl_intel_subgroups_short cl_intel_required_subgroup_size cl_khr_fp16 cl_khr_fp64 cl_khr_int64_base_atomics cl_khr_int64_extended_atomics cl_khr_3d_image_writes cl_intel_bfloat16_conversions ), .pPropSizeRet = nullptr) -> UR_RESULT_SUCCESS;
   ---> urDeviceRetain
   <--- urDeviceRetain(.hDevice = 0x2eb7f460) -> UR_RESULT_SUCCESS;
   ---> urDeviceGetInfo
   <--- urDeviceGetInfo(.hDevice = 0x2eb7f460, .propName = UR_DEVICE_INFO_TYPE, .propSize = 4, .pPropValue = 0x7ffdfde400ac (UR_DEVICE_TYPE_GPU), .pPropSizeRet = nullptr) -> UR_RESULT_SUCCESS;
   ---> urDeviceGetInfo
   <--- urDeviceGetInfo(.hDevice = 0x2eb7f460, .propName = UR_DEVICE_INFO_VENDOR_ID, .propSize = 4, .pPropValue = 0x7ffdfde40128 (32902), .pPropSizeRet = nullptr) -> UR_RESULT_SUCCESS;
   ---> urDeviceGetInfo
   <--- urDeviceGetInfo(.hDevice = 0x2eb7f460, .propName = UR_DEVICE_INFO_DRIVER_VERSION, .propSize = 0, .pPropValue = nullptr, .pPropSizeRet = 0x7ffdfde3ffd0 (14)) -> UR_RESULT_SUCCESS;
   ---> urDeviceGetInfo
   <--- urDeviceGetInfo(.hDevice = 0x2eb7f460, .propName = UR_DEVICE_INFO_DRIVER_VERSION, .propSize = 14, .pPropValue = 0x7ffdfde400f8 (1.17.39395+14), .pPropSizeRet = nullptr) -> UR_RESULT_SUCCESS;
   ---> urDeviceGetInfo
   <--- urDeviceGetInfo(.hDevice = 0x2eb7f460, .propName = UR_DEVICE_INFO_NAME, .propSize = 0, .pPropValue = nullptr, .pPropSizeRet = 0x7ffdfde3ff10 (31)) -> UR_RESULT_SUCCESS;
   ---> urDeviceGetInfo
   <--- urDeviceGetInfo(.hDevice = 0x2eb7f460, .propName = UR_DEVICE_INFO_NAME, .propSize = 31, .pPropValue = 0x2eb7f3f0 (Intel(R) Arc(TM) B570 Graphics), .pPropSizeRet = nullptr) -> UR_RESULT_SUCCESS;
   ---> urPlatformGetInfo
   <--- urPlatformGetInfo(.hPlatform = 0x2eb7dc30, .propName = UR_PLATFORM_INFO_BACKEND, .propSize = 4, .pPropValue = 0x7ffdfde402ec (UR_BACKEND_LEVEL_ZERO), .pPropSizeRet = nullptr) -> UR_RESULT_SUCCESS;
   ---> urDeviceGetInfo
   <--- urDeviceGetInfo(.hDevice = 0x2eb7f460, .propName = UR_DEVICE_INFO_TYPE, .propSize = 4, .pPropValue = 0x7ffdfde402e4 (UR_DEVICE_TYPE_GPU), .pPropSizeRet = nullptr) -> UR_RESULT_SUCCESS;
   ---> urDeviceRelease
   <--- urDeviceRelease(.hDevice = 0x2eb7f460) -> UR_RESULT_SUCCESS;
   ---> urDeviceGetInfo
   <--- urDeviceGetInfo(.hDevice = 0x2eb7f460, .propName = UR_DEVICE_INFO_SUPPORTED_PARTITIONS, .propSize = 0, .pPropValue = nullptr, .pPropSizeRet = 0x7ffdfde402d8 (0)) -> UR_RESULT_SUCCESS;
   ---> urDeviceGet
[2026-10-07 11:13:31.971] [thread-id: 130828661284032] [trace] zeDeviceGetRootDevice(hDevice, phRootDevice)
[2026-10-07 11:13:31.971] [thread-id: 130828661284032] [trace] SUCCESS (ZE_RESULT_SUCCESS) in zeDeviceGetRootDevice(hDevice=0x2eb6a348, phRootDevice=0x7ffdfde400e0)
   <--- urDeviceGet(.hPlatform = 0x2eb7dc30, .DeviceType = UR_DEVICE_TYPE_ALL, .NumEntries = 0, .phDevices = nullptr, .pNumDevices = 0x7ffdfde4050c (1)) -> UR_RESULT_SUCCESS;
   ---> urDeviceGet
[2026-10-07 11:13:31.971] [thread-id: 130828661284032] [trace] zeDeviceGetRootDevice(hDevice, phRootDevice)
[2026-10-07 11:13:31.971] [thread-id: 130828661284032] [trace] SUCCESS (ZE_RESULT_SUCCESS) in zeDeviceGetRootDevice(hDevice=0x2eb6a348, phRootDevice=0x7ffdfde400e0)
   <--- urDeviceGet(.hPlatform = 0x2eb7dc30, .DeviceType = UR_DEVICE_TYPE_ALL, .NumEntries = 1, .phDevices = 0x2eb7dad0 {0x2eb7f460}, .pNumDevices = nullptr) -> UR_RESULT_SUCCESS;
   ---> urPlatformGetInfo
   <--- urPlatformGetInfo(.hPlatform = 0x2eb7dc30, .propName = UR_PLATFORM_INFO_VERSION, .propSize = 0, .pPropValue = nullptr, .pPropSizeRet = 0x7ffdfde400e0 (5)) -> UR_RESULT_SUCCESS;
   ---> urPlatformGetInfo
   <--- urPlatformGetInfo(.hPlatform = 0x2eb7dc30, .propName = UR_PLATFORM_INFO_VERSION, .propSize = 5, .pPropValue = 0x7ffdfde40248 (1.17), .pPropSizeRet = nullptr) -> UR_RESULT_SUCCESS;
   ---> urPlatformGetInfo
   <--- urPlatformGetInfo(.hPlatform = 0x2eb7dc30, .propName = UR_PLATFORM_INFO_NAME, .propSize = 0, .pPropValue = nullptr, .pPropSizeRet = 0x7ffdfde400e0 (48)) -> UR_RESULT_SUCCESS;
   ---> urPlatformGetInfo
   <--- urPlatformGetInfo(.hPlatform = 0x2eb7dc30, .propName = UR_PLATFORM_INFO_NAME, .propSize = 48, .pPropValue = 0x2eb80050 (Intel(R) oneAPI Unified Runtime over Level-Zero), .pPropSizeRet = nullptr) -> UR_RESULT_SUCCESS;
   ---> urDeviceGetInfo
   <--- urDeviceGetInfo(.hDevice = 0x2eb7f460, .propName = UR_DEVICE_INFO_TYPE, .propSize = 4, .pPropValue = 0x7ffdfde401bc (UR_DEVICE_TYPE_GPU), .pPropSizeRet = nullptr) -> UR_RESULT_SUCCESS;
   ---> urDeviceGetInfo
   <--- urDeviceGetInfo(.hDevice = 0x2eb7f460, .propName = UR_DEVICE_INFO_VENDOR_ID, .propSize = 4, .pPropValue = 0x7ffdfde40238 (32902), .pPropSizeRet = nullptr) -> UR_RESULT_SUCCESS;
   ---> urDeviceGetInfo
   <--- urDeviceGetInfo(.hDevice = 0x2eb7f460, .propName = UR_DEVICE_INFO_DRIVER_VERSION, .propSize = 0, .pPropValue = nullptr, .pPropSizeRet = 0x7ffdfde400e0 (14)) -> UR_RESULT_SUCCESS;
   ---> urDeviceGetInfo
   <--- urDeviceGetInfo(.hDevice = 0x2eb7f460, .propName = UR_DEVICE_INFO_DRIVER_VERSION, .propSize = 14, .pPropValue = 0x7ffdfde40208 (1.17.39395+14), .pPropSizeRet = nullptr) -> UR_RESULT_SUCCESS;
   ---> urPlatformGetInfo
   <--- urPlatformGetInfo(.hPlatform = 0x2eb7dc30, .propName = UR_PLATFORM_INFO_BACKEND, .propSize = 4, .pPropValue = 0x7ffdfde403fc (UR_BACKEND_LEVEL_ZERO), .pPropSizeRet = nullptr) -> UR_RESULT_SUCCESS;
   ---> urDeviceGetInfo
   <--- urDeviceGetInfo(.hDevice = 0x2eb7f460, .propName = UR_DEVICE_INFO_TYPE, .propSize = 4, .pPropValue = 0x7ffdfde403f4 (UR_DEVICE_TYPE_GPU), .pPropSizeRet = nullptr) -> UR_RESULT_SUCCESS;
   ---> urDeviceRelease
   <--- urDeviceRelease(.hDevice = 0x2eb7f460) -> UR_RESULT_SUCCESS;
   ---> urDeviceGetInfo
   <--- urDeviceGetInfo(.hDevice = 0x2eb7f460, .propName = UR_DEVICE_INFO_SUPPORTED_PARTITIONS, .propSize = 0, .pPropValue = nullptr, .pPropSizeRet = 0x7ffdfde403e8 (0)) -> UR_RESULT_SUCCESS;
   ---> urDeviceSelectBinary
   <--- urDeviceSelectBinary(.hDevice = 0x2eb7f460, .pBinaries = 0x7ffdfde40430 ((struct ur_device_binary_t){.stype = UR_STRUCTURE_TYPE_CONTEXT_PROPERTIES, .pNext = nullptr, .pDeviceTargetSpec = 0x76fceec1a3c0 (spir64)}), .NumBinaries = 1, .pSelectedBinary = 0x7ffdfde40454 (0)) -> UR_RESULT_SUCCESS;
   ---> urDeviceGet
[2026-10-07 11:13:31.972] [thread-id: 130828661284032] [trace] zeDeviceGetRootDevice(hDevice, phRootDevice)
[2026-10-07 11:13:31.972] [thread-id: 130828661284032] [trace] SUCCESS (ZE_RESULT_SUCCESS) in zeDeviceGetRootDevice(hDevice=0x2eb6a348, phRootDevice=0x7ffdfde40070)
   <--- urDeviceGet(.hPlatform = 0x2eb7dc30, .DeviceType = UR_DEVICE_TYPE_ALL, .NumEntries = 0, .phDevices = nullptr, .pNumDevices = 0x7ffdfde4049c (1)) -> UR_RESULT_SUCCESS;
   ---> urDeviceGet
[2026-10-07 11:13:31.972] [thread-id: 130828661284032] [trace] zeDeviceGetRootDevice(hDevice, phRootDevice)
[2026-10-07 11:13:31.972] [thread-id: 130828661284032] [trace] SUCCESS (ZE_RESULT_SUCCESS) in zeDeviceGetRootDevice(hDevice=0x2eb6a348, phRootDevice=0x7ffdfde40070)
   <--- urDeviceGet(.hPlatform = 0x2eb7dc30, .DeviceType = UR_DEVICE_TYPE_ALL, .NumEntries = 1, .phDevices = 0x2eb80120 {0x2eb7f460}, .pNumDevices = nullptr) -> UR_RESULT_SUCCESS;
   ---> urPlatformGetInfo
   <--- urPlatformGetInfo(.hPlatform = 0x2eb7dc30, .propName = UR_PLATFORM_INFO_VERSION, .propSize = 0, .pPropValue = nullptr, .pPropSizeRet = 0x7ffdfde40070 (5)) -> UR_RESULT_SUCCESS;
   ---> urPlatformGetInfo
   <--- urPlatformGetInfo(.hPlatform = 0x2eb7dc30, .propName = UR_PLATFORM_INFO_VERSION, .propSize = 5, .pPropValue = 0x7ffdfde401d8 (1.17), .pPropSizeRet = nullptr) -> UR_RESULT_SUCCESS;
   ---> urPlatformGetInfo
   <--- urPlatformGetInfo(.hPlatform = 0x2eb7dc30, .propName = UR_PLATFORM_INFO_NAME, .propSize = 0, .pPropValue = nullptr, .pPropSizeRet = 0x7ffdfde40070 (48)) -> UR_RESULT_SUCCESS;
   ---> urPlatformGetInfo
   <--- urPlatformGetInfo(.hPlatform = 0x2eb7dc30, .propName = UR_PLATFORM_INFO_NAME, .propSize = 48, .pPropValue = 0x2eb7fb30 (Intel(R) oneAPI Unified Runtime over Level-Zero), .pPropSizeRet = nullptr) -> UR_RESULT_SUCCESS;
   ---> urDeviceGetInfo
   <--- urDeviceGetInfo(.hDevice = 0x2eb7f460, .propName = UR_DEVICE_INFO_TYPE, .propSize = 4, .pPropValue = 0x7ffdfde4014c (UR_DEVICE_TYPE_GPU), .pPropSizeRet = nullptr) -> UR_RESULT_SUCCESS;
   ---> urDeviceGetInfo
   <--- urDeviceGetInfo(.hDevice = 0x2eb7f460, .propName = UR_DEVICE_INFO_VENDOR_ID, .propSize = 4, .pPropValue = 0x7ffdfde401c8 (32902), .pPropSizeRet = nullptr) -> UR_RESULT_SUCCESS;
   ---> urDeviceGetInfo
   <--- urDeviceGetInfo(.hDevice = 0x2eb7f460, .propName = UR_DEVICE_INFO_DRIVER_VERSION, .propSize = 0, .pPropValue = nullptr, .pPropSizeRet = 0x7ffdfde40070 (14)) -> UR_RESULT_SUCCESS;
   ---> urDeviceGetInfo
   <--- urDeviceGetInfo(.hDevice = 0x2eb7f460, .propName = UR_DEVICE_INFO_DRIVER_VERSION, .propSize = 14, .pPropValue = 0x7ffdfde40198 (1.17.39395+14), .pPropSizeRet = nullptr) -> UR_RESULT_SUCCESS;
   ---> urPlatformGetInfo
   <--- urPlatformGetInfo(.hPlatform = 0x2eb7dc30, .propName = UR_PLATFORM_INFO_BACKEND, .propSize = 4, .pPropValue = 0x7ffdfde4038c (UR_BACKEND_LEVEL_ZERO), .pPropSizeRet = nullptr) -> UR_RESULT_SUCCESS;
   ---> urDeviceGetInfo
   <--- urDeviceGetInfo(.hDevice = 0x2eb7f460, .propName = UR_DEVICE_INFO_TYPE, .propSize = 4, .pPropValue = 0x7ffdfde40384 (UR_DEVICE_TYPE_GPU), .pPropSizeRet = nullptr) -> UR_RESULT_SUCCESS;
   ---> urDeviceRelease
   <--- urDeviceRelease(.hDevice = 0x2eb7f460) -> UR_RESULT_SUCCESS;
   ---> urDeviceGetInfo
   <--- urDeviceGetInfo(.hDevice = 0x2eb7f460, .propName = UR_DEVICE_INFO_SUPPORTED_PARTITIONS, .propSize = 0, .pPropValue = nullptr, .pPropSizeRet = 0x7ffdfde40378 (0)) -> UR_RESULT_SUCCESS;
   ---> urDeviceGet
[2026-10-07 11:13:31.972] [thread-id: 130828661284032] [trace] zeDeviceGetRootDevice(hDevice, phRootDevice)
[2026-10-07 11:13:31.972] [thread-id: 130828661284032] [trace] SUCCESS (ZE_RESULT_SUCCESS) in zeDeviceGetRootDevice(hDevice=0x2eb6a348, phRootDevice=0x7ffdfde40180)
   <--- urDeviceGet(.hPlatform = 0x2eb7dc30, .DeviceType = UR_DEVICE_TYPE_GPU, .NumEntries = 0, .phDevices = nullptr, .pNumDevices = 0x7ffdfde405ac (1)) -> UR_RESULT_SUCCESS;
   ---> urDeviceGet
[2026-10-07 11:13:31.972] [thread-id: 130828661284032] [trace] zeDeviceGetRootDevice(hDevice, phRootDevice)
[2026-10-07 11:13:31.972] [thread-id: 130828661284032] [trace] SUCCESS (ZE_RESULT_SUCCESS) in zeDeviceGetRootDevice(hDevice=0x2eb6a348, phRootDevice=0x7ffdfde40180)
   <--- urDeviceGet(.hPlatform = 0x2eb7dc30, .DeviceType = UR_DEVICE_TYPE_GPU, .NumEntries = 1, .phDevices = 0x2eb80140 {0x2eb7f460}, .pNumDevices = nullptr) -> UR_RESULT_SUCCESS;
   ---> urPlatformGetInfo
   <--- urPlatformGetInfo(.hPlatform = 0x2eb7dc30, .propName = UR_PLATFORM_INFO_VERSION, .propSize = 0, .pPropValue = nullptr, .pPropSizeRet = 0x7ffdfde40180 (5)) -> UR_RESULT_SUCCESS;
   ---> urPlatformGetInfo
   <--- urPlatformGetInfo(.hPlatform = 0x2eb7dc30, .propName = UR_PLATFORM_INFO_VERSION, .propSize = 5, .pPropValue = 0x7ffdfde402e8 (1.17), .pPropSizeRet = nullptr) -> UR_RESULT_SUCCESS;
   ---> urPlatformGetInfo
   <--- urPlatformGetInfo(.hPlatform = 0x2eb7dc30, .propName = UR_PLATFORM_INFO_NAME, .propSize = 0, .pPropValue = nullptr, .pPropSizeRet = 0x7ffdfde40180 (48)) -> UR_RESULT_SUCCESS;
   ---> urPlatformGetInfo
   <--- urPlatformGetInfo(.hPlatform = 0x2eb7dc30, .propName = UR_PLATFORM_INFO_NAME, .propSize = 48, .pPropValue = 0x2eb80050 (Intel(R) oneAPI Unified Runtime over Level-Zero), .pPropSizeRet = nullptr) -> UR_RESULT_SUCCESS;
   ---> urDeviceGetInfo
   <--- urDeviceGetInfo(.hDevice = 0x2eb7f460, .propName = UR_DEVICE_INFO_TYPE, .propSize = 4, .pPropValue = 0x7ffdfde4025c (UR_DEVICE_TYPE_GPU), .pPropSizeRet = nullptr) -> UR_RESULT_SUCCESS;
   ---> urDeviceGetInfo
   <--- urDeviceGetInfo(.hDevice = 0x2eb7f460, .propName = UR_DEVICE_INFO_VENDOR_ID, .propSize = 4, .pPropValue = 0x7ffdfde402d8 (32902), .pPropSizeRet = nullptr) -> UR_RESULT_SUCCESS;
   ---> urDeviceGetInfo
   <--- urDeviceGetInfo(.hDevice = 0x2eb7f460, .propName = UR_DEVICE_INFO_DRIVER_VERSION, .propSize = 0, .pPropValue = nullptr, .pPropSizeRet = 0x7ffdfde40180 (14)) -> UR_RESULT_SUCCESS;
   ---> urDeviceGetInfo
   <--- urDeviceGetInfo(.hDevice = 0x2eb7f460, .propName = UR_DEVICE_INFO_DRIVER_VERSION, .propSize = 14, .pPropValue = 0x7ffdfde402a8 (1.17.39395+14), .pPropSizeRet = nullptr) -> UR_RESULT_SUCCESS;
   ---> urPlatformGetInfo
   <--- urPlatformGetInfo(.hPlatform = 0x2eb7dc30, .propName = UR_PLATFORM_INFO_BACKEND, .propSize = 4, .pPropValue = 0x7ffdfde4049c (UR_BACKEND_LEVEL_ZERO), .pPropSizeRet = nullptr) -> UR_RESULT_SUCCESS;
   ---> urDeviceGetInfo
   <--- urDeviceGetInfo(.hDevice = 0x2eb7f460, .propName = UR_DEVICE_INFO_TYPE, .propSize = 4, .pPropValue = 0x7ffdfde40494 (UR_DEVICE_TYPE_GPU), .pPropSizeRet = nullptr) -> UR_RESULT_SUCCESS;
   ---> urDeviceRelease
   <--- urDeviceRelease(.hDevice = 0x2eb7f460) -> UR_RESULT_SUCCESS;
   ---> urDeviceGetInfo
   <--- urDeviceGetInfo(.hDevice = 0x2eb7f460, .propName = UR_DEVICE_INFO_SUPPORTED_PARTITIONS, .propSize = 0, .pPropValue = nullptr, .pPropSizeRet = 0x7ffdfde40488 (0)) -> UR_RESULT_SUCCESS;
   ---> urDeviceGetInfo
[2026-10-07 11:13:31.972] [thread-id: 130828661284032] [trace] zeDevicePciGetPropertiesExt(hDevice, pPciProperties)
[2026-10-07 11:13:31.972] [thread-id: 130828661284032] [trace] SUCCESS (ZE_RESULT_SUCCESS) in zeDevicePciGetPropertiesExt(hDevice=0x2eb6a348, pPciProperties={stype=0x7ffdfde40150, address={domain=0, bus=5, device=0, function=0}, maxSpeed={genVersion=4, width=8, maxBandwidth=15753846153}})
   <--- urDeviceGetInfo(.hDevice = 0x2eb7f460, .propName = UR_DEVICE_INFO_PCI_ADDRESS, .propSize = 0, .pPropValue = nullptr, .pPropSizeRet = 0x7ffdfde405c8 (13)) -> UR_RESULT_SUCCESS;
   ---> urDeviceGetInfo
[2026-10-07 11:13:31.972] [thread-id: 130828661284032] [trace] zeDevicePciGetPropertiesExt(hDevice, pPciProperties)
[2026-10-07 11:13:31.972] [thread-id: 130828661284032] [trace] SUCCESS (ZE_RESULT_SUCCESS) in zeDevicePciGetPropertiesExt(hDevice=0x2eb6a348, pPciProperties={stype=0x7ffdfde40260, address={domain=0, bus=5, device=0, function=0}, maxSpeed={genVersion=4, width=8, maxBandwidth=15753846153}})
   <--- urDeviceGetInfo(.hDevice = 0x2eb7f460, .propName = UR_DEVICE_INFO_PCI_ADDRESS, .propSize = 0, .pPropValue = nullptr, .pPropSizeRet = 0x7ffdfde406d0 (13)) -> UR_RESULT_SUCCESS;
   ---> urDeviceGetInfo
[2026-10-07 11:13:31.972] [thread-id: 130828661284032] [trace] zeDevicePciGetPropertiesExt(hDevice, pPciProperties)
[2026-10-07 11:13:31.972] [thread-id: 130828661284032] [trace] SUCCESS (ZE_RESULT_SUCCESS) in zeDevicePciGetPropertiesExt(hDevice=0x2eb6a348, pPciProperties={stype=0x7ffdfde40260, address={domain=0, bus=5, device=0, function=0}, maxSpeed={genVersion=4, width=8, maxBandwidth=15753846153}})
   <--- urDeviceGetInfo(.hDevice = 0x2eb7f460, .propName = UR_DEVICE_INFO_PCI_ADDRESS, .propSize = 13, .pPropValue = 0x7ffdfde40720 (0000:05:00.0), .pPropSizeRet = nullptr) -> UR_RESULT_SUCCESS;
   ---> urDeviceGet
[2026-10-07 11:13:31.972] [thread-id: 130828661284032] [trace] zeDeviceGetRootDevice(hDevice, phRootDevice)
[2026-10-07 11:13:31.972] [thread-id: 130828661284032] [trace] SUCCESS (ZE_RESULT_SUCCESS) in zeDeviceGetRootDevice(hDevice=0x2eb6a348, phRootDevice=0x7ffdfde40080)
   <--- urDeviceGet(.hPlatform = 0x2eb7dc30, .DeviceType = UR_DEVICE_TYPE_ALL, .NumEntries = 0, .phDevices = nullptr, .pNumDevices = 0x7ffdfde404ac (1)) -> UR_RESULT_SUCCESS;
   ---> urDeviceGet
[2026-10-07 11:13:31.972] [thread-id: 130828661284032] [trace] zeDeviceGetRootDevice(hDevice, phRootDevice)
[2026-10-07 11:13:31.972] [thread-id: 130828661284032] [trace] SUCCESS (ZE_RESULT_SUCCESS) in zeDeviceGetRootDevice(hDevice=0x2eb6a348, phRootDevice=0x7ffdfde40080)
   <--- urDeviceGet(.hPlatform = 0x2eb7dc30, .DeviceType = UR_DEVICE_TYPE_ALL, .NumEntries = 1, .phDevices = 0x2eb80160 {0x2eb7f460}, .pNumDevices = nullptr) -> UR_RESULT_SUCCESS;
   ---> urPlatformGetInfo
   <--- urPlatformGetInfo(.hPlatform = 0x2eb7dc30, .propName = UR_PLATFORM_INFO_VERSION, .propSize = 0, .pPropValue = nullptr, .pPropSizeRet = 0x7ffdfde40080 (5)) -> UR_RESULT_SUCCESS;
   ---> urPlatformGetInfo
   <--- urPlatformGetInfo(.hPlatform = 0x2eb7dc30, .propName = UR_PLATFORM_INFO_VERSION, .propSize = 5, .pPropValue = 0x7ffdfde401e8 (1.17), .pPropSizeRet = nullptr) -> UR_RESULT_SUCCESS;
   ---> urPlatformGetInfo
   <--- urPlatformGetInfo(.hPlatform = 0x2eb7dc30, .propName = UR_PLATFORM_INFO_NAME, .propSize = 0, .pPropValue = nullptr, .pPropSizeRet = 0x7ffdfde40080 (48)) -> UR_RESULT_SUCCESS;
   ---> urPlatformGetInfo
   <--- urPlatformGetInfo(.hPlatform = 0x2eb7dc30, .propName = UR_PLATFORM_INFO_NAME, .propSize = 48, .pPropValue = 0x2eb80050 (Intel(R) oneAPI Unified Runtime over Level-Zero), .pPropSizeRet = nullptr) -> UR_RESULT_SUCCESS;
   ---> urDeviceGetInfo
   <--- urDeviceGetInfo(.hDevice = 0x2eb7f460, .propName = UR_DEVICE_INFO_TYPE, .propSize = 4, .pPropValue = 0x7ffdfde4015c (UR_DEVICE_TYPE_GPU), .pPropSizeRet = nullptr) -> UR_RESULT_SUCCESS;
   ---> urDeviceGetInfo
   <--- urDeviceGetInfo(.hDevice = 0x2eb7f460, .propName = UR_DEVICE_INFO_VENDOR_ID, .propSize = 4, .pPropValue = 0x7ffdfde401d8 (32902), .pPropSizeRet = nullptr) -> UR_RESULT_SUCCESS;
   ---> urDeviceGetInfo
   <--- urDeviceGetInfo(.hDevice = 0x2eb7f460, .propName = UR_DEVICE_INFO_DRIVER_VERSION, .propSize = 0, .pPropValue = nullptr, .pPropSizeRet = 0x7ffdfde40080 (14)) -> UR_RESULT_SUCCESS;
   ---> urDeviceGetInfo
   <--- urDeviceGetInfo(.hDevice = 0x2eb7f460, .propName = UR_DEVICE_INFO_DRIVER_VERSION, .propSize = 14, .pPropValue = 0x7ffdfde401a8 (1.17.39395+14), .pPropSizeRet = nullptr) -> UR_RESULT_SUCCESS;
   ---> urPlatformGetInfo
   <--- urPlatformGetInfo(.hPlatform = 0x2eb7dc30, .propName = UR_PLATFORM_INFO_BACKEND, .propSize = 4, .pPropValue = 0x7ffdfde4039c (UR_BACKEND_LEVEL_ZERO), .pPropSizeRet = nullptr) -> UR_RESULT_SUCCESS;
   ---> urDeviceGetInfo
   <--- urDeviceGetInfo(.hDevice = 0x2eb7f460, .propName = UR_DEVICE_INFO_TYPE, .propSize = 4, .pPropValue = 0x7ffdfde40394 (UR_DEVICE_TYPE_GPU), .pPropSizeRet = nullptr) -> UR_RESULT_SUCCESS;
   ---> urDeviceRelease
   <--- urDeviceRelease(.hDevice = 0x2eb7f460) -> UR_RESULT_SUCCESS;
   ---> urDeviceGetInfo
   <--- urDeviceGetInfo(.hDevice = 0x2eb7f460, .propName = UR_DEVICE_INFO_SUPPORTED_PARTITIONS, .propSize = 0, .pPropValue = nullptr, .pPropSizeRet = 0x7ffdfde40388 (0)) -> UR_RESULT_SUCCESS;
   ---> urDeviceGetInfo
[2026-10-07 11:13:31.973] [thread-id: 130828661284032] [trace] zeDeviceGetSubDevices(hDevice, pCount, phSubdevices)
[2026-10-07 11:13:31.973] [thread-id: 130828661284032] [trace] SUCCESS (ZE_RESULT_SUCCESS) in zeDeviceGetSubDevices(hDevice=0x2eb6a348, pCount=0, phSubdevices=nullptr)
   <--- urDeviceGetInfo(.hDevice = 0x2eb7f460, .propName = UR_DEVICE_INFO_COMPONENT_DEVICES, .propSize = 0, .pPropValue = nullptr, .pPropSizeRet = 0x7ffdfde401a0 (0)) -> UR_RESULT_SUCCESS;
   ---> urContextCreate
[2026-10-07 11:13:31.973] [thread-id: 130828661284032] [trace] zeContextCreate(hDriver, desc, phContext)
[2026-10-07 11:13:31.973] [thread-id: 130828661284032] [trace] SUCCESS (ZE_RESULT_SUCCESS) in zeContextCreate(hDriver=0x2eb69de8, desc={stype=0x7ffdfde40080, flags=0}, phContext=0x2eb80b58)
[2026-10-07 11:13:31.974] [thread-id: 130828661284032] [trace] zeMemAllocHost(hContext, host_desc, size, alignment, pptr)
[2026-10-07 11:13:31.975] [thread-id: 130828661284032] [trace] SUCCESS (ZE_RESULT_SUCCESS) in zeMemAllocHost(hContext=0x2eb80b58, host_desc={stype=0x7ffdfde3f820, flags=0}, size=1, alignment=0, pptr=0x76fcd95ffe00)
[2026-10-07 11:13:31.975] [thread-id: 130828661284032] [trace] zeMemGetAllocProperties(hContext, ptr, pMemAllocProperties, phDevice)
[2026-10-07 11:13:31.975] [thread-id: 130828661284032] [trace] SUCCESS (ZE_RESULT_SUCCESS) in zeMemGetAllocProperties(hContext=0x2eb80b58, ptr=0x76fcd95ffe00, pMemAllocProperties={stype=0x7ffdfde3f8a0, type=0x7ffdfde3f8b0, id=1, pageSize=2097152}, phDevice=nullptr)
[2026-10-07 11:13:31.975] [thread-id: 130828661284032] [trace] zeMemFree(hContext, ptr)
[2026-10-07 11:13:31.976] [thread-id: 130828661284032] [trace] SUCCESS (ZE_RESULT_SUCCESS) in zeMemFree(hContext=0x2eb80b58, ptr=0x76fcd95ffe00)
[2026-10-07 11:13:31.976] [thread-id: 130828661284032] [trace] zeMemAllocDevice(hContext, device_desc, size, alignment, hDevice, pptr)
[2026-10-07 11:13:31.976] [thread-id: 130828661284032] [trace] SUCCESS (ZE_RESULT_SUCCESS) in zeMemAllocDevice(hContext=0x2eb80b58, device_desc={stype=0x7ffdfde3f818, flags=0, ordinal=0}, size=1, alignment=0, hDevice=0x2eb6a348, pptr=0xffffffffff9ffe00)
[2026-10-07 11:13:31.976] [thread-id: 130828661284032] [trace] zeContextMakeMemoryResident(hContext, hDevice, ptr, size)
[2026-10-07 11:13:31.976] [thread-id: 130828661284032] [trace] SUCCESS (ZE_RESULT_SUCCESS) in zeContextMakeMemoryResident(hContext=0x2eb80b58, hDevice=0x2eb6a348, ptr=0xffffffffff9ffe00, size=1)
[2026-10-07 11:13:31.976] [thread-id: 130828661284032] [trace] zeMemGetAllocProperties(hContext, ptr, pMemAllocProperties, phDevice)
[2026-10-07 11:13:31.976] [thread-id: 130828661284032] [trace] SUCCESS (ZE_RESULT_SUCCESS) in zeMemGetAllocProperties(hContext=0x2eb80b58, ptr=0xffffffffff9ffe00, pMemAllocProperties={stype=0x7ffdfde3f8a0, type=0x7ffdfde3f8b0, id=3, pageSize=65536}, phDevice=nullptr)
[2026-10-07 11:13:31.977] [thread-id: 130828661284032] [trace] zeMemFree(hContext, ptr)
[2026-10-07 11:13:31.977] [thread-id: 130828661284032] [trace] SUCCESS (ZE_RESULT_SUCCESS) in zeMemFree(hContext=0x2eb80b58, ptr=0xffffffffff9ffe00)
[2026-10-07 11:13:31.977] [thread-id: 130828661284032] [trace] zeMemAllocShared(hContext, device_desc, host_desc, size, alignment, hDevice, pptr)
[2026-10-07 11:13:31.977] [thread-id: 130828661284032] [trace] SUCCESS (ZE_RESULT_SUCCESS) in zeMemAllocShared(hContext=0x2eb80b58, device_desc={stype=0x7ffdfde3f7f8, flags=0, ordinal=0}, host_desc={stype=0x7ffdfde3f810, flags=0}, size=1, alignment=0, hDevice=0x2eb6a348, pptr=0x76fcd9790000)
[2026-10-07 11:13:31.977] [thread-id: 130828661284032] [trace] zeMemGetAllocProperties(hContext, ptr, pMemAllocProperties, phDevice)
[2026-10-07 11:13:31.977] [thread-id: 130828661284032] [trace] SUCCESS (ZE_RESULT_SUCCESS) in zeMemGetAllocProperties(hContext=0x2eb80b58, ptr=0x76fcd9790000, pMemAllocProperties={stype=0x7ffdfde3f8a0, type=0x7ffdfde3f8b0, id=5, pageSize=65536}, phDevice=nullptr)
[2026-10-07 11:13:31.977] [thread-id: 130828661284032] [trace] zeMemFree(hContext, ptr)
[2026-10-07 11:13:31.978] [thread-id: 130828661284032] [trace] SUCCESS (ZE_RESULT_SUCCESS) in zeMemFree(hContext=0x2eb80b58, ptr=0x76fcd9790000)
[2026-10-07 11:13:31.978] [thread-id: 130828661284032] [trace] zeMemAllocShared(hContext, device_desc, host_desc, size, alignment, hDevice, pptr)
[2026-10-07 11:13:31.978] [thread-id: 130828661284032] [trace] SUCCESS (ZE_RESULT_SUCCESS) in zeMemAllocShared(hContext=0x2eb80b58, device_desc={stype=0x7ffdfde3f7f8, flags=0, ordinal=0}, host_desc={stype=0x7ffdfde3f810, flags=0}, size=1, alignment=0, hDevice=0x2eb6a348, pptr=0x76fcd9790000)
[2026-10-07 11:13:31.978] [thread-id: 130828661284032] [trace] zeMemGetAllocProperties(hContext, ptr, pMemAllocProperties, phDevice)
[2026-10-07 11:13:31.978] [thread-id: 130828661284032] [trace] SUCCESS (ZE_RESULT_SUCCESS) in zeMemGetAllocProperties(hContext=0x2eb80b58, ptr=0x76fcd9790000, pMemAllocProperties={stype=0x7ffdfde3f8a0, type=0x7ffdfde3f8b0, id=6, pageSize=65536}, phDevice=nullptr)
[2026-10-07 11:13:31.978] [thread-id: 130828661284032] [trace] zeMemFree(hContext, ptr)
[2026-10-07 11:13:31.978] [thread-id: 130828661284032] [trace] SUCCESS (ZE_RESULT_SUCCESS) in zeMemFree(hContext=0x2eb80b58, ptr=0x76fcd9790000)
[2026-10-07 11:13:31.978] [thread-id: 130828661284032] [trace] zeMemAllocHost(hContext, host_desc, size, alignment, pptr)
[2026-10-07 11:13:31.978] [thread-id: 130828661284032] [trace] SUCCESS (ZE_RESULT_SUCCESS) in zeMemAllocHost(hContext=0x2eb80b58, host_desc={stype=0x7ffdfde3f820, flags=0}, size=1, alignment=0, pptr=0x76fcd95ffe00)
[2026-10-07 11:13:31.978] [thread-id: 130828661284032] [trace] zeMemGetAllocProperties(hContext, ptr, pMemAllocProperties, phDevice)
[2026-10-07 11:13:31.978] [thread-id: 130828661284032] [trace] SUCCESS (ZE_RESULT_SUCCESS) in zeMemGetAllocProperties(hContext=0x2eb80b58, ptr=0x76fcd95ffe00, pMemAllocProperties={stype=0x7ffdfde3f8a0, type=0x7ffdfde3f8b0, id=1, pageSize=2097152}, phDevice=nullptr)
[2026-10-07 11:13:31.979] [thread-id: 130828661284032] [trace] zeMemFree(hContext, ptr)
[2026-10-07 11:13:31.979] [thread-id: 130828661284032] [trace] SUCCESS (ZE_RESULT_SUCCESS) in zeMemFree(hContext=0x2eb80b58, ptr=0x76fcd95ffe00)
[2026-10-07 11:13:31.979] [thread-id: 130828661284032] [trace] zeMemAllocDevice(hContext, device_desc, size, alignment, hDevice, pptr)
[2026-10-07 11:13:31.979] [thread-id: 130828661284032] [trace] SUCCESS (ZE_RESULT_SUCCESS) in zeMemAllocDevice(hContext=0x2eb80b58, device_desc={stype=0x7ffdfde3f818, flags=0, ordinal=0}, size=1, alignment=0, hDevice=0x2eb6a348, pptr=0xffffffffff9ffe00)
[2026-10-07 11:13:31.979] [thread-id: 130828661284032] [trace] zeContextMakeMemoryResident(hContext, hDevice, ptr, size)
[2026-10-07 11:13:31.979] [thread-id: 130828661284032] [trace] SUCCESS (ZE_RESULT_SUCCESS) in zeContextMakeMemoryResident(hContext=0x2eb80b58, hDevice=0x2eb6a348, ptr=0xffffffffff9ffe00, size=1)
[2026-10-07 11:13:31.979] [thread-id: 130828661284032] [trace] zeMemGetAllocProperties(hContext, ptr, pMemAllocProperties, phDevice)
[2026-10-07 11:13:31.979] [thread-id: 130828661284032] [trace] SUCCESS (ZE_RESULT_SUCCESS) in zeMemGetAllocProperties(hContext=0x2eb80b58, ptr=0xffffffffff9ffe00, pMemAllocProperties={stype=0x7ffdfde3f8a0, type=0x7ffdfde3f8b0, id=3, pageSize=65536}, phDevice=nullptr)
[2026-10-07 11:13:31.979] [thread-id: 130828661284032] [trace] zeMemFree(hContext, ptr)
[2026-10-07 11:13:31.979] [thread-id: 130828661284032] [trace] SUCCESS (ZE_RESULT_SUCCESS) in zeMemFree(hContext=0x2eb80b58, ptr=0xffffffffff9ffe00)
[2026-10-07 11:13:31.979] [thread-id: 130828661284032] [trace] zeMemAllocShared(hContext, device_desc, host_desc, size, alignment, hDevice, pptr)
[2026-10-07 11:13:31.980] [thread-id: 130828661284032] [trace] SUCCESS (ZE_RESULT_SUCCESS) in zeMemAllocShared(hContext=0x2eb80b58, device_desc={stype=0x7ffdfde3f7f8, flags=0, ordinal=0}, host_desc={stype=0x7ffdfde3f810, flags=0}, size=1, alignment=0, hDevice=0x2eb6a348, pptr=0x76fcd9780000)
[2026-10-07 11:13:31.980] [thread-id: 130828661284032] [trace] zeMemGetAllocProperties(hContext, ptr, pMemAllocProperties, phDevice)
[2026-10-07 11:13:31.980] [thread-id: 130828661284032] [trace] SUCCESS (ZE_RESULT_SUCCESS) in zeMemGetAllocProperties(hContext=0x2eb80b58, ptr=0x76fcd9780000, pMemAllocProperties={stype=0x7ffdfde3f8a0, type=0x7ffdfde3f8b0, id=9, pageSize=65536}, phDevice=nullptr)
[2026-10-07 11:13:31.980] [thread-id: 130828661284032] [trace] zeMemFree(hContext, ptr)
[2026-10-07 11:13:31.980] [thread-id: 130828661284032] [trace] SUCCESS (ZE_RESULT_SUCCESS) in zeMemFree(hContext=0x2eb80b58, ptr=0x76fcd9780000)
[2026-10-07 11:13:31.980] [thread-id: 130828661284032] [trace] zeMemAllocShared(hContext, device_desc, host_desc, size, alignment, hDevice, pptr)
[2026-10-07 11:13:31.980] [thread-id: 130828661284032] [trace] SUCCESS (ZE_RESULT_SUCCESS) in zeMemAllocShared(hContext=0x2eb80b58, device_desc={stype=0x7ffdfde3f7f8, flags=0, ordinal=0}, host_desc={stype=0x7ffdfde3f810, flags=0}, size=1, alignment=0, hDevice=0x2eb6a348, pptr=0x76fcd9780000)
[2026-10-07 11:13:31.980] [thread-id: 130828661284032] [trace] zeMemGetAllocProperties(hContext, ptr, pMemAllocProperties, phDevice)
[2026-10-07 11:13:31.980] [thread-id: 130828661284032] [trace] SUCCESS (ZE_RESULT_SUCCESS) in zeMemGetAllocProperties(hContext=0x2eb80b58, ptr=0x76fcd9780000, pMemAllocProperties={stype=0x7ffdfde3f8a0, type=0x7ffdfde3f8b0, id=10, pageSize=65536}, phDevice=nullptr)
[2026-10-07 11:13:31.980] [thread-id: 130828661284032] [trace] zeMemFree(hContext, ptr)
[2026-10-07 11:13:31.980] [thread-id: 130828661284032] [trace] SUCCESS (ZE_RESULT_SUCCESS) in zeMemFree(hContext=0x2eb80b58, ptr=0x76fcd9780000)
[2026-10-07 11:13:31.981] [thread-id: 130828661284032] [trace] zeCommandListCreateImmediate(hContext, hDevice, altdesc, phCommandList)
[2026-10-07 11:13:31.982] [thread-id: 130828661284032] [trace] SUCCESS (ZE_RESULT_SUCCESS) in zeCommandListCreateImmediate(hContext=0x2eb80b58, hDevice=0x2eb6a348, altdesc={stype=0x7ffdfde3fff0, ordinal=0, index=0, flags=0, mode=0x7ffdfde4000c, priority=0x7ffdfde40010}, phCommandList=0x2eb88d48)
   <--- urContextCreate(.DeviceCount = 1, .phDevices = 0x2eb80100 {0x2eb7f460}, .pProperties = nullptr, .phContext = 0x2eb82060 (0x2eb83fb0)) -> UR_RESULT_SUCCESS;
   ---> urQueueCreate
   <--- urQueueCreate(.hContext = 0x2eb83fb0, .hDevice = 0x2eb7f460, .pProperties = 0x7ffdfde40630 ((struct ur_queue_properties_t){.stype = UR_STRUCTURE_TYPE_QUEUE_PROPERTIES, .pNext = nullptr, .flags = 0}), .phQueue = 0x7ffdfde40648 (0x2eb79f80)) -> UR_RESULT_SUCCESS;
   ---> urDeviceGetInfo
[2026-10-07 11:13:31.983] [thread-id: 130828661284032] [trace] zeDeviceGetMemoryAccessProperties(hDevice, pMemAccessProperties)
[2026-10-07 11:13:31.983] [thread-id: 130828661284032] [trace] SUCCESS (ZE_RESULT_SUCCESS) in zeDeviceGetMemoryAccessProperties(hDevice=0x2eb6a348, pMemAccessProperties={stype=0x2eb7f840, hostAllocCapabilities=3, deviceAllocCapabilities=3, sharedSingleDeviceAllocCapabilities=3, sharedCrossDeviceAllocCapabilities=0, sharedSystemAllocCapabilities=15})
   <--- urDeviceGetInfo(.hDevice = 0x2eb7f460, .propName = UR_DEVICE_INFO_USM_DEVICE_SUPPORT, .propSize = 4, .pPropValue = 0x7ffdfde40494 (UR_DEVICE_USM_ACCESS_CAPABILITY_FLAG_ACCESS | UR_DEVICE_USM_ACCESS_CAPABILITY_FLAG_ATOMIC_ACCESS), .pPropSizeRet = nullptr) -> UR_RESULT_SUCCESS;
   ---> urUSMDeviceAlloc
[2026-10-07 11:13:31.983] [thread-id: 130828661284032] [trace] zeMemAllocDevice(hContext, device_desc, size, alignment, hDevice, pptr)
[2026-10-07 11:13:31.984] [thread-id: 130828661284032] [trace] SUCCESS (ZE_RESULT_SUCCESS) in zeMemAllocDevice(hContext=0x2eb80b58, device_desc={stype=0x7ffdfde40058, flags=0, ordinal=0}, size=65536, alignment=0, hDevice=0x2eb6a348, pptr=0xffffffffff600000)
[2026-10-07 11:13:31.984] [thread-id: 130828661284032] [trace] zeContextMakeMemoryResident(hContext, hDevice, ptr, size)
[2026-10-07 11:13:31.984] [thread-id: 130828661284032] [trace] SUCCESS (ZE_RESULT_SUCCESS) in zeContextMakeMemoryResident(hContext=0x2eb80b58, hDevice=0x2eb6a348, ptr=0xffffffffff600000, size=65536)
   <--- urUSMDeviceAlloc(.hContext = 0x2eb83fb0, .hDevice = 0x2eb7f460, .pUSMDesc = 0x7ffdfde40600 ((struct ur_usm_desc_t){.stype = UR_STRUCTURE_TYPE_CONTEXT_PROPERTIES, .pNext = nullptr, .hints = 0, .align = 4}), .pool = nullptr, .size = 65536, .ppMem = 0x7ffdfde40618 (0xffffffffff600000)) -> UR_RESULT_SUCCESS;
   ---> urEnqueueUSMMemcpy
[2026-10-07 11:13:31.984] [thread-id: 130828661284032] [trace] zeMemGetAllocProperties(hContext, ptr, pMemAllocProperties, phDevice)
[2026-10-07 11:13:31.984] [thread-id: 130828661284032] [trace] SUCCESS (ZE_RESULT_SUCCESS) in zeMemGetAllocProperties(hContext=0x2eb80b58, ptr=0x2eb95b00, pMemAllocProperties={stype=0x7ffdfde40180, type=0x7ffdfde40190, id=0, pageSize=0}, phDevice=0x2eb79f88)
<LEVEL_ZERO>[DEBUG]: [getZeQueue]: create queue ordinal = 0, index = 0 (round robin in [0, 0]) priority = Normal
<LEVEL_ZERO>[DEBUG]: create command list ordinal: 0, type: immediate, device: 0x2eb6a348, inOrder: 0
[2026-10-07 11:13:31.986] [thread-id: 130828661284032] [trace] zeCommandListCreateImmediate(hContext, hDevice, altdesc, phCommandList)
[2026-10-07 11:13:31.987] [thread-id: 130828661284032] [trace] SUCCESS (ZE_RESULT_SUCCESS) in zeCommandListCreateImmediate(hContext=0x2eb80b58, hDevice=0x2eb6a348, altdesc={stype=0x7ffdfde3faf0, ordinal=0, index=0, flags=0, mode=0x7ffdfde3fb0c, priority=0x7ffdfde3fb10}, phCommandList=0x2ebb5d78)
<LEVEL_ZERO>[INFO]: Cache empty (Host Visible: 1, Profiling: 0, Counter: 0, Interrupt: 0, Device: 0x2eb7f460)
<LEVEL_ZERO>[DEBUG]: ze_event_pool_desc_t flags set to: 1
[2026-10-07 11:13:31.989] [thread-id: 130828661284032] [trace] zeEventPoolCreate(hContext, desc, numDevices, phDevicesLocal, phEventPool)
[2026-10-07 11:13:31.990] [thread-id: 130828661284032] [trace] SUCCESS (ZE_RESULT_SUCCESS) in zeEventPoolCreate(hContext=0x2eb80b58, desc={stype=0x7ffdfde3fb90, flags=1, count=256}, numDevices=1, phDevices=0x2ebbdf10, phEventPool=0x2ebbdfd8)
[2026-10-07 11:13:31.990] [thread-id: 130828661284032] [trace] zeEventCreate(hEventPool, desc, phEvent)
[2026-10-07 11:13:31.990] [thread-id: 130828661284032] [trace] SUCCESS (ZE_RESULT_SUCCESS) in zeEventCreate(hEventPool=0x2ebbdfd8, desc={stype=0x7ffdfde3fe20, index=0, signal=4, wait=0}, phEvent=0x2ebbee98)
<LEVEL_ZERO>[DEBUG]: calling zeCommandListAppendMemoryCopy() with ZeEvent 784068248
[2026-10-07 11:13:31.990] [thread-id: 130828661284032] [trace] zeCommandListAppendMemoryCopy(hCommandList, dstptr, srcptr, size, hSignalEvent, numWaitEvents, phWaitEventsLocal)
[2026-10-07 11:13:31.994] [thread-id: 130828661284032] [trace] SUCCESS (ZE_RESULT_SUCCESS) in zeCommandListAppendMemoryCopy(hCommandList=0x2ebb5d78, dstptr=0xffffffffff600000, srcptr=0x2eb95b00, size=65536, hSignalEvent=0x2ebbee98, numWaitEvents=0, phWaitEvents=nullptr)
   <--- urEnqueueUSMMemcpy(.hQueue = 0x2eb79f80, .blocking = 0, .pDst = 0xffffffffff600000, .pSrc = 0x2eb95b00, .size = 65536, .numEventsInWaitList = 0, .phEventWaitList = nullptr, .phEvent = 0x7ffdfde40650 (0x2ebbf400)) -> UR_RESULT_SUCCESS;
   ---> urEventWait
<LEVEL_ZERO>[DEBUG]: ZeEvent = 784068248
[2026-10-07 11:13:31.994] [thread-id: 130828661284032] [trace] zeEventHostSynchronize(hEvent, timeout)
[2026-10-07 11:13:31.995] [thread-id: 130828661284032] [trace] SUCCESS (ZE_RESULT_SUCCESS) in zeEventHostSynchronize(hEvent=0x2ebbee98, timeout=18446744073709551615)
   <--- urEventWait(.numEvents = 1, .phEventWaitList = 0x7ffdfde406a0 {0x2ebbf400}) -> UR_RESULT_SUCCESS;
   ---> urEventRelease
<LEVEL_ZERO>[INFO]: Inserting 0x2ebbf400 event (Host Visible: 0x2ebbf400, Profiling: 0, Counter: 0, Device: 0x2eb7f460) into cache 0x2eb7e0a8
   <--- urEventRelease(.hEvent = 0x2ebbf400) -> UR_RESULT_SUCCESS;
   ---> urDeviceGetInfo
[2026-10-07 11:13:31.997] [thread-id: 130828661284032] [trace] zeDeviceGetComputeProperties(hDevice, pComputeProperties)
[2026-10-07 11:13:31.997] [thread-id: 130828661284032] [trace] SUCCESS (ZE_RESULT_SUCCESS) in zeDeviceGetComputeProperties(hDevice=0x2eb6a348, pComputeProperties={stype=0x2eb7f6a0, maxTotalGroupSize=1024, maxGroupSizeX=1024, maxGroupSizeY=1024, maxGroupSizeZ=1024, maxGroupCountX=4294967295, maxGroupCountY=4294967295, maxGroupCountZ=4294967295, maxSharedLocalMemory=131072, numSubGroupSizes=2, subGroupSizes=16})
   <--- urDeviceGetInfo(.hDevice = 0x2eb7f460, .propName = UR_DEVICE_INFO_MAX_WORK_GROUPS_3D, .propSize = 24, .pPropValue = {4294967295, 4294967295, 4294967295}, .pPropSizeRet = nullptr) -> UR_RESULT_SUCCESS;
   ---> urDeviceSelectBinary
   <--- urDeviceSelectBinary(.hDevice = 0x2eb7f460, .pBinaries = 0x2ebe9010 ((struct ur_device_binary_t){.stype = UR_STRUCTURE_TYPE_CONTEXT_PROPERTIES, .pNext = nullptr, .pDeviceTargetSpec = 0x76fceec1a3c0 (spir64)}), .NumBinaries = 1, .pSelectedBinary = 0x7ffdfde3fbac (0)) -> UR_RESULT_SUCCESS;
   ---> urPlatformGetBackendOption
   <--- urPlatformGetBackendOption(.hPlatform = 0x2eb7dc30, .pFrontendOption = 0x7ffdfde3f6b8 (-O2), .ppPlatformOption = 0x7ffdfde3f688 (0x76fcebc5bfae (-ze-opt-level=2))) -> UR_RESULT_SUCCESS;
   ---> urDeviceGetInfo
   <--- urDeviceGetInfo(.hDevice = 0x2eb7f460, .propName = UR_DEVICE_INFO_VENDOR_ID, .propSize = 4, .pPropValue = 0x7ffdfde3f608 (32902), .pPropSizeRet = nullptr) -> UR_RESULT_SUCCESS;
   ---> urDeviceGetInfo
   <--- urDeviceGetInfo(.hDevice = 0x2eb7f460, .propName = UR_DEVICE_INFO_DEVICE_ID, .propSize = 0, .pPropValue = nullptr, .pPropSizeRet = 0x7ffdfde3f490 (4)) -> UR_RESULT_SUCCESS;
   ---> urDeviceGetInfo
   <--- urDeviceGetInfo(.hDevice = 0x2eb7f460, .propName = UR_DEVICE_INFO_DEVICE_ID, .propSize = 4, .pPropValue = 0x7ffdfde3f5d8 (57868), .pPropSizeRet = nullptr) -> UR_RESULT_SUCCESS;
   ---> urDeviceGetInfo
   <--- urDeviceGetInfo(.hDevice = 0x2eb7f460, .propName = UR_DEVICE_INFO_COMPILER_AVAILABLE, .propSize = 1, .pPropValue = 0x7ffdfde3f670 (true), .pPropSizeRet = nullptr) -> UR_RESULT_SUCCESS;
   ---> urProgramCreateWithIL
   <--- urProgramCreateWithIL(.hContext = 0x2eb83fb0, .pIL = 0x415b20, .length = 2080, .pProperties = nullptr, .phProgram = 0x7ffdfde3f790 (0x2eb81010)) -> UR_RESULT_SUCCESS;
   ---> urProgramBuildExp
[2026-10-07 11:13:31.998] [thread-id: 130828661284032] [trace] zeModuleCreate(hContext, hDevice, desc, phModule, phBuildLog)
[2026-10-07 11:13:31.999] [thread-id: 130828661284032] [trace] SUCCESS (ZE_RESULT_SUCCESS) in zeModuleCreate(hContext=0x2eb80b58, hDevice=0x2eb6a348, desc={stype=0x7ffdfde3f410, format=0x7ffdfde3f420, inputSize=2080, pInputModule=3, pBuildFlags=" -ze-opt-level=2", pConstants={numConstants=0, pConstantIds=nullptr, pConstantValues=nullptr}}, phModule=0x2ebc4008, phBuildLog=0x2ebe9d38)
[2026-10-07 11:13:31.999] [thread-id: 130828661284032] [trace] zeModuleGetProperties(hModule, pModuleProperties)
[2026-10-07 11:13:31.999] [thread-id: 130828661284032] [trace] SUCCESS (ZE_RESULT_SUCCESS) in zeModuleGetProperties(hModule=0x2ebc4008, pModuleProperties={stype=0x7ffdfde3f380, flags=0})
   <--- urProgramBuildExp(.hProgram = 0x2eb81010, .numDevices = 1, .phDevices = 0x2ebe9010 {0x2eb7f460}, .flags = 0, .pOptions = 0x2ebe9030 ( -ze-opt-level=2)) -> UR_RESULT_SUCCESS;
   ---> urProgramRetain
   <--- urProgramRetain(.hProgram = 0x2eb81010) -> UR_RESULT_SUCCESS;
   ---> urKernelCreate
[2026-10-07 11:13:32.000] [thread-id: 130828661284032] [trace] zeKernelCreate(hModule, desc, phKernel)
[2026-10-07 11:13:32.000] [thread-id: 130828661284032] [trace] SUCCESS (ZE_RESULT_SUCCESS) in zeKernelCreate(hModule=0x2ebc4008, desc={stype=0x7ffdfde3faa0, flags=0, pKernelName="_ZTSZ4mainEUlN4sycl3_V12idILi1EEEE_"}, phKernel=0x2ec00b58)
[2026-10-07 11:13:32.000] [thread-id: 130828661284032] [trace] zeDeviceGetSubDevices(hDevice, pCount, phSubdevices)
[2026-10-07 11:13:32.000] [thread-id: 130828661284032] [trace] SUCCESS (ZE_RESULT_SUCCESS) in zeDeviceGetSubDevices(hDevice=0x2eb6a348, pCount=0, phSubdevices=nullptr)
[2026-10-07 11:13:32.000] [thread-id: 130828661284032] [trace] zeDeviceGetSubDevices(hDevice, pCount, phSubdevices)
[2026-10-07 11:13:32.000] [thread-id: 130828661284032] [trace] SUCCESS (ZE_RESULT_SUCCESS) in zeDeviceGetSubDevices(hDevice=0x2eb6a348, pCount=0, phSubdevices=nullptr)
   <--- urKernelCreate(.hProgram = 0x2eb81010, .pKernelName = 0x4131d2 (_ZTSZ4mainEUlN4sycl3_V12idILi1EEEE_), .phKernel = 0x7ffdfde3fdc0 (0x2ec00960)) -> UR_RESULT_SUCCESS;
   ---> urKernelSetExecInfo
[2026-10-07 11:13:32.000] [thread-id: 130828661284032] [trace] zeKernelSetIndirectAccess(hKernel, flags)
[2026-10-07 11:13:32.000] [thread-id: 130828661284032] [trace] SUCCESS (ZE_RESULT_SUCCESS) in zeKernelSetIndirectAccess(hKernel=0x2ec00b58, flags=7)
   <--- urKernelSetExecInfo(.hKernel = 0x2ec00960, .propName = UR_KERNEL_EXEC_INFO_USM_INDIRECT_ACCESS, .propSize = 1, .pProperties = nullptr, .pPropValue = 0x7ffdfde3fdbf (true)) -> UR_RESULT_SUCCESS;
   ---> urKernelRetain
   <--- urKernelRetain(.hKernel = 0x2ec00960) -> UR_RESULT_SUCCESS;
   ---> urKernelGetGroupInfo
[2026-10-07 11:13:32.001] [thread-id: 130828661284032] [trace] zeKernelGetProperties(hKernel, pKernelProperties)
[2026-10-07 11:13:32.001] [thread-id: 130828661284032] [trace] SUCCESS (ZE_RESULT_SUCCESS) in zeKernelGetProperties(hKernel=0x2ec00b58, pKernelProperties={stype=0x2ec00a68, numKernelArgs=1, requiredGroupSizeX=0, requiredGroupSizeY=0, requiredGroupSizeZ=0, requiredNumSubGroups=0, requiredSubgroupSize=0, maxSubgroupSize=32, maxNumSubgroups=32, localMemSize=0, privateMemSize=0, spillMemSize=0, uuid={kid=0, mid=0}})
   <--- urKernelGetGroupInfo(.hKernel = 0x2ec00960, .hDevice = 0x2eb7f460, .propName = UR_KERNEL_GROUP_INFO_COMPILE_WORK_GROUP_SIZE, .propSize = 24, .pPropValue = {0, 0, 0}, .pPropSizeRet = nullptr) -> UR_RESULT_SUCCESS;
   ---> urEnqueueKernelLaunchWithArgsExp
[2026-10-07 11:13:32.001] [thread-id: 130828661284032] [trace] zeKernelSetArgumentValue(hKernel, argIndex, argSize, pArgValue)
[2026-10-07 11:13:32.001] [thread-id: 130828661284032] [trace] SUCCESS (ZE_RESULT_SUCCESS) in zeKernelSetArgumentValue(hKernel=0x2ec00b58, argIndex=0, argSize=8, pArgValue=0x2ebfc9f0)
[2026-10-07 11:13:32.002] [thread-id: 130828661284032] [trace] zeKernelSuggestGroupSize(hKernel, globalSizeX, globalSizeY, globalSizeZ, groupSizeX, groupSizeY, groupSizeZ)
[2026-10-07 11:13:32.002] [thread-id: 130828661284032] [trace] SUCCESS (ZE_RESULT_SUCCESS) in zeKernelSuggestGroupSize(hKernel=0x2ec00b58, globalSizeX=16384, globalSizeY=1, globalSizeZ=1, groupSizeX=1024, groupSizeY=1, groupSizeZ=1)
[2026-10-07 11:13:32.002] [thread-id: 130828661284032] [trace] zeKernelSetGroupSize(hKernel, groupSizeX, groupSizeY, groupSizeZ)
[2026-10-07 11:13:32.002] [thread-id: 130828661284032] [trace] SUCCESS (ZE_RESULT_SUCCESS) in zeKernelSetGroupSize(hKernel=0x2ec00b58, groupSizeX=1024, groupSizeY=1, groupSizeZ=1)
[2026-10-07 11:13:32.002] [thread-id: 130828661284032] [trace] zeEventHostReset(hEvent)
[2026-10-07 11:13:32.002] [thread-id: 130828661284032] [trace] SUCCESS (ZE_RESULT_SUCCESS) in zeEventHostReset(hEvent=0x2ebbee98)
<LEVEL_ZERO>[INFO]: Using 0x2ebbf400 event (Host Visible: 0x2ebbf400, Profiling: 1, Counter: 0, Interrupt: 0, Device: 0x2eb7f460) from cache 0x2eb7e0a8
[2026-10-07 11:13:32.002] [thread-id: 130828661284032] [trace] zeCommandListAppendLaunchKernel(hCommandList, hKernel, pLaunchFuncArgs, hSignalEvent, numWaitEvents, phWaitEventsLocal)
[2026-10-07 11:13:32.003] [thread-id: 130828661284032] [trace] SUCCESS (ZE_RESULT_SUCCESS) in zeCommandListAppendLaunchKernel(hCommandList=0x2ebb5d78, hKernel=0x2ec00b58, pLaunchFuncArgs={groupCountX=16, groupCountY=1, groupCountZ=1}, hSignalEvent=0x2ebbee98, numWaitEvents=0, phWaitEvents=nullptr)
<LEVEL_ZERO>[DEBUG]: calling zeCommandListAppendLaunchKernel() with ZeEvent 784068248
   <--- urEnqueueKernelLaunchWithArgsExp(.hQueue = 0x2eb79f80, .hKernel = 0x2ec00960, .workDim = 1, .pGlobalWorkOffset = nullptr, .pGlobalWorkSize = 0x7ffdfde40580 (16384), .pLocalWorkSize = nullptr, .numArgs = 1, .pArgs = 0x2ebfc9d0 {(struct ur_exp_kernel_arg_properties_t){.stype = UR_STRUCTURE_TYPE_EXP_KERNEL_ARG_PROPERTIES, .pNext = nullptr, .type = UR_EXP_KERNEL_ARG_TYPE_POINTER, .index = 0, .size = 8, .value = (union ur_exp_kernel_arg_value_t){.pointer = 0xffffffffff600000}}}, .launchPropList = nullptr, .numEventsInWaitList = 0, .phEventWaitList = nullptr, .phEvent = 0x7ffdfde3ffa0 (0x2ebbf400)) -> UR_RESULT_SUCCESS;
   ---> urEventWait
<LEVEL_ZERO>[DEBUG]: ZeEvent = 784068248
[2026-10-07 11:13:32.004] [thread-id: 130828661284032] [trace] zeEventHostSynchronize(hEvent, timeout)
[2026-10-07 11:13:32.004] [thread-id: 130828661284032] [trace] SUCCESS (ZE_RESULT_SUCCESS) in zeEventHostSynchronize(hEvent=0x2ebbee98, timeout=18446744073709551615)
   <--- urEventWait(.numEvents = 1, .phEventWaitList = 0x7ffdfde406a0 {0x2ebbf400}) -> UR_RESULT_SUCCESS;
   ---> urEventRelease
<LEVEL_ZERO>[INFO]: Inserting 0x2ebbf400 event (Host Visible: 0x2ebbf400, Profiling: 0, Counter: 0, Device: 0x2eb7f460) into cache 0x2eb7e0a8
   <--- urEventRelease(.hEvent = 0x2ebbf400) -> UR_RESULT_SUCCESS;
   ---> urEnqueueUSMMemcpy
[2026-10-07 11:13:32.004] [thread-id: 130828661284032] [trace] zeMemGetAllocProperties(hContext, ptr, pMemAllocProperties, phDevice)
[2026-10-07 11:13:32.004] [thread-id: 130828661284032] [trace] SUCCESS (ZE_RESULT_SUCCESS) in zeMemGetAllocProperties(hContext=0x2eb80b58, ptr=0xffffffffff600000, pMemAllocProperties={stype=0x7ffdfde40180, type=0x7ffdfde40190, id=11, pageSize=65536}, phDevice=0x2eb6a348)
[2026-10-07 11:13:32.004] [thread-id: 130828661284032] [trace] zeMemGetAllocProperties(hContext, ptr, pMemAllocProperties, phDevice)
[2026-10-07 11:13:32.004] [thread-id: 130828661284032] [trace] SUCCESS (ZE_RESULT_SUCCESS) in zeMemGetAllocProperties(hContext=0x2eb80b58, ptr=0x2eba5b10, pMemAllocProperties={stype=0x7ffdfde40180, type=0x7ffdfde40190, id=0, pageSize=0}, phDevice=0x2eb6a348)
[2026-10-07 11:13:32.004] [thread-id: 130828661284032] [trace] zeEventHostReset(hEvent)
[2026-10-07 11:13:32.004] [thread-id: 130828661284032] [trace] SUCCESS (ZE_RESULT_SUCCESS) in zeEventHostReset(hEvent=0x2ebbee98)
<LEVEL_ZERO>[INFO]: Using 0x2ebbf400 event (Host Visible: 0x2ebbf400, Profiling: 1, Counter: 0, Interrupt: 0, Device: 0x2eb7f460) from cache 0x2eb7e0a8
<LEVEL_ZERO>[DEBUG]: calling zeCommandListAppendMemoryCopy() with ZeEvent 784068248
[2026-10-07 11:13:32.004] [thread-id: 130828661284032] [trace] zeCommandListAppendMemoryCopy(hCommandList, dstptr, srcptr, size, hSignalEvent, numWaitEvents, phWaitEventsLocal)
[2026-10-07 11:13:32.004] [thread-id: 130828661284032] [trace] SUCCESS (ZE_RESULT_SUCCESS) in zeCommandListAppendMemoryCopy(hCommandList=0x2ebb5d78, dstptr=0x2eba5b10, srcptr=0xffffffffff600000, size=65536, hSignalEvent=0x2ebbee98, numWaitEvents=0, phWaitEvents=nullptr)
   <--- urEnqueueUSMMemcpy(.hQueue = 0x2eb79f80, .blocking = 0, .pDst = 0x2eba5b10, .pSrc = 0xffffffffff600000, .size = 65536, .numEventsInWaitList = 0, .phEventWaitList = nullptr, .phEvent = 0x7ffdfde40650 (0x2ebbf400)) -> UR_RESULT_SUCCESS;
   ---> urEventWait
<LEVEL_ZERO>[DEBUG]: ZeEvent = 784068248
[2026-10-07 11:13:32.004] [thread-id: 130828661284032] [trace] zeEventHostSynchronize(hEvent, timeout)
[2026-10-07 11:13:32.004] [thread-id: 130828661284032] [trace] SUCCESS (ZE_RESULT_SUCCESS) in zeEventHostSynchronize(hEvent=0x2ebbee98, timeout=18446744073709551615)
   <--- urEventWait(.numEvents = 1, .phEventWaitList = 0x7ffdfde406a0 {0x2ebbf400}) -> UR_RESULT_SUCCESS;
   ---> urEventRelease
<LEVEL_ZERO>[INFO]: Inserting 0x2ebbf400 event (Host Visible: 0x2ebbf400, Profiling: 0, Counter: 0, Device: 0x2eb7f460) into cache 0x2eb7e0a8
   <--- urEventRelease(.hEvent = 0x2ebbf400) -> UR_RESULT_SUCCESS;
   ---> urEnqueueUSMMemcpy
[2026-10-07 11:13:32.004] [thread-id: 130828661284032] [trace] zeMemGetAllocProperties(hContext, ptr, pMemAllocProperties, phDevice)
[2026-10-07 11:13:32.004] [thread-id: 130828661284032] [trace] SUCCESS (ZE_RESULT_SUCCESS) in zeMemGetAllocProperties(hContext=0x2eb80b58, ptr=0x2eb95b00, pMemAllocProperties={stype=0x7ffdfde40180, type=0x7ffdfde40190, id=0, pageSize=0}, phDevice=0x2eb79f88)
[2026-10-07 11:13:32.004] [thread-id: 130828661284032] [trace] zeEventHostReset(hEvent)
[2026-10-07 11:13:32.004] [thread-id: 130828661284032] [trace] SUCCESS (ZE_RESULT_SUCCESS) in zeEventHostReset(hEvent=0x2ebbee98)
<LEVEL_ZERO>[INFO]: Using 0x2ebbf400 event (Host Visible: 0x2ebbf400, Profiling: 1, Counter: 0, Interrupt: 0, Device: 0x2eb7f460) from cache 0x2eb7e0a8
<LEVEL_ZERO>[DEBUG]: calling zeCommandListAppendMemoryCopy() with ZeEvent 784068248
[2026-10-07 11:13:32.004] [thread-id: 130828661284032] [trace] zeCommandListAppendMemoryCopy(hCommandList, dstptr, srcptr, size, hSignalEvent, numWaitEvents, phWaitEventsLocal)
[2026-10-07 11:13:32.004] [thread-id: 130828661284032] [trace] SUCCESS (ZE_RESULT_SUCCESS) in zeCommandListAppendMemoryCopy(hCommandList=0x2ebb5d78, dstptr=0xffffffffff600000, srcptr=0x2eb95b00, size=65536, hSignalEvent=0x2ebbee98, numWaitEvents=0, phWaitEvents=nullptr)
   <--- urEnqueueUSMMemcpy(.hQueue = 0x2eb79f80, .blocking = 0, .pDst = 0xffffffffff600000, .pSrc = 0x2eb95b00, .size = 65536, .numEventsInWaitList = 0, .phEventWaitList = nullptr, .phEvent = 0x7ffdfde40650 (0x2ebbf400)) -> UR_RESULT_SUCCESS;
   ---> urEventWait
<LEVEL_ZERO>[DEBUG]: ZeEvent = 784068248
[2026-10-07 11:13:32.004] [thread-id: 130828661284032] [trace] zeEventHostSynchronize(hEvent, timeout)
[2026-10-07 11:13:32.004] [thread-id: 130828661284032] [trace] SUCCESS (ZE_RESULT_SUCCESS) in zeEventHostSynchronize(hEvent=0x2ebbee98, timeout=18446744073709551615)
   <--- urEventWait(.numEvents = 1, .phEventWaitList = 0x7ffdfde406a0 {0x2ebbf400}) -> UR_RESULT_SUCCESS;
   ---> urEventRelease
<LEVEL_ZERO>[INFO]: Inserting 0x2ebbf400 event (Host Visible: 0x2ebbf400, Profiling: 0, Counter: 0, Device: 0x2eb7f460) into cache 0x2eb7e0a8
   <--- urEventRelease(.hEvent = 0x2ebbf400) -> UR_RESULT_SUCCESS;
   ---> urDeviceGetInfo
   <--- urDeviceGetInfo(.hDevice = 0x2eb7f460, .propName = UR_DEVICE_INFO_MAX_WORK_GROUPS_3D, .propSize = 24, .pPropValue = {4294967295, 4294967295, 4294967295}, .pPropSizeRet = nullptr) -> UR_RESULT_SUCCESS;
   ---> urKernelGetGroupInfo
   <--- urKernelGetGroupInfo(.hKernel = 0x2ec00960, .hDevice = 0x2eb7f460, .propName = UR_KERNEL_GROUP_INFO_COMPILE_WORK_GROUP_SIZE, .propSize = 24, .pPropValue = {0, 0, 0}, .pPropSizeRet = nullptr) -> UR_RESULT_SUCCESS;
   ---> urEnqueueKernelLaunchWithArgsExp
[2026-10-07 11:13:32.005] [thread-id: 130828661284032] [trace] zeKernelSetArgumentValue(hKernel, argIndex, argSize, pArgValue)
[2026-10-07 11:13:32.005] [thread-id: 130828661284032] [trace] SUCCESS (ZE_RESULT_SUCCESS) in zeKernelSetArgumentValue(hKernel=0x2ec00b58, argIndex=0, argSize=8, pArgValue=0x2ebfc9f0)
[2026-10-07 11:13:32.005] [thread-id: 130828661284032] [trace] zeKernelSuggestGroupSize(hKernel, globalSizeX, globalSizeY, globalSizeZ, groupSizeX, groupSizeY, groupSizeZ)
[2026-10-07 11:13:32.005] [thread-id: 130828661284032] [trace] SUCCESS (ZE_RESULT_SUCCESS) in zeKernelSuggestGroupSize(hKernel=0x2ec00b58, globalSizeX=16384, globalSizeY=1, globalSizeZ=1, groupSizeX=1024, groupSizeY=1, groupSizeZ=1)
[2026-10-07 11:13:32.005] [thread-id: 130828661284032] [trace] zeKernelSetGroupSize(hKernel, groupSizeX, groupSizeY, groupSizeZ)
[2026-10-07 11:13:32.005] [thread-id: 130828661284032] [trace] SUCCESS (ZE_RESULT_SUCCESS) in zeKernelSetGroupSize(hKernel=0x2ec00b58, groupSizeX=1024, groupSizeY=1, groupSizeZ=1)
[2026-10-07 11:13:32.005] [thread-id: 130828661284032] [trace] zeEventHostReset(hEvent)
[2026-10-07 11:13:32.005] [thread-id: 130828661284032] [trace] SUCCESS (ZE_RESULT_SUCCESS) in zeEventHostReset(hEvent=0x2ebbee98)
<LEVEL_ZERO>[INFO]: Using 0x2ebbf400 event (Host Visible: 0x2ebbf400, Profiling: 1, Counter: 0, Interrupt: 0, Device: 0x2eb7f460) from cache 0x2eb7e0a8
[2026-10-07 11:13:32.005] [thread-id: 130828661284032] [trace] zeCommandListAppendLaunchKernel(hCommandList, hKernel, pLaunchFuncArgs, hSignalEvent, numWaitEvents, phWaitEventsLocal)
[2026-10-07 11:13:32.005] [thread-id: 130828661284032] [trace] SUCCESS (ZE_RESULT_SUCCESS) in zeCommandListAppendLaunchKernel(hCommandList=0x2ebb5d78, hKernel=0x2ec00b58, pLaunchFuncArgs={groupCountX=16, groupCountY=1, groupCountZ=1}, hSignalEvent=0x2ebbee98, numWaitEvents=0, phWaitEvents=nullptr)
<LEVEL_ZERO>[DEBUG]: calling zeCommandListAppendLaunchKernel() with ZeEvent 784068248
   <--- urEnqueueKernelLaunchWithArgsExp(.hQueue = 0x2eb79f80, .hKernel = 0x2ec00960, .workDim = 1, .pGlobalWorkOffset = nullptr, .pGlobalWorkSize = 0x7ffdfde40580 (16384), .pLocalWorkSize = nullptr, .numArgs = 1, .pArgs = 0x2ebfc9d0 {(struct ur_exp_kernel_arg_properties_t){.stype = UR_STRUCTURE_TYPE_EXP_KERNEL_ARG_PROPERTIES, .pNext = nullptr, .type = UR_EXP_KERNEL_ARG_TYPE_POINTER, .index = 0, .size = 8, .value = (union ur_exp_kernel_arg_value_t){.pointer = 0xffffffffff600000}}}, .launchPropList = nullptr, .numEventsInWaitList = 0, .phEventWaitList = nullptr, .phEvent = 0x7ffdfde3ffa0 (0x2ebbf400)) -> UR_RESULT_SUCCESS;
   ---> urEventWait
<LEVEL_ZERO>[DEBUG]: ZeEvent = 784068248
[2026-10-07 11:13:32.005] [thread-id: 130828661284032] [trace] zeEventHostSynchronize(hEvent, timeout)
[2026-10-07 11:13:32.005] [thread-id: 130828661284032] [trace] SUCCESS (ZE_RESULT_SUCCESS) in zeEventHostSynchronize(hEvent=0x2ebbee98, timeout=18446744073709551615)
   <--- urEventWait(.numEvents = 1, .phEventWaitList = 0x7ffdfde406a0 {0x2ebbf400}) -> UR_RESULT_SUCCESS;
   ---> urEventRelease
<LEVEL_ZERO>[INFO]: Inserting 0x2ebbf400 event (Host Visible: 0x2ebbf400, Profiling: 0, Counter: 0, Device: 0x2eb7f460) into cache 0x2eb7e0a8
   <--- urEventRelease(.hEvent = 0x2ebbf400) -> UR_RESULT_SUCCESS;
   ---> urEnqueueUSMMemcpy
[2026-10-07 11:13:32.005] [thread-id: 130828661284032] [trace] zeMemGetAllocProperties(hContext, ptr, pMemAllocProperties, phDevice)
[2026-10-07 11:13:32.005] [thread-id: 130828661284032] [trace] SUCCESS (ZE_RESULT_SUCCESS) in zeMemGetAllocProperties(hContext=0x2eb80b58, ptr=0xffffffffff600000, pMemAllocProperties={stype=0x7ffdfde40180, type=0x7ffdfde40190, id=11, pageSize=65536}, phDevice=0x2eb6a348)
[2026-10-07 11:13:32.005] [thread-id: 130828661284032] [trace] zeMemGetAllocProperties(hContext, ptr, pMemAllocProperties, phDevice)
[2026-10-07 11:13:32.005] [thread-id: 130828661284032] [trace] SUCCESS (ZE_RESULT_SUCCESS) in zeMemGetAllocProperties(hContext=0x2eb80b58, ptr=0x2eba5b10, pMemAllocProperties={stype=0x7ffdfde40180, type=0x7ffdfde40190, id=0, pageSize=0}, phDevice=0x2eb6a348)
[2026-10-07 11:13:32.005] [thread-id: 130828661284032] [trace] zeEventHostReset(hEvent)
[2026-10-07 11:13:32.005] [thread-id: 130828661284032] [trace] SUCCESS (ZE_RESULT_SUCCESS) in zeEventHostReset(hEvent=0x2ebbee98)
<LEVEL_ZERO>[INFO]: Using 0x2ebbf400 event (Host Visible: 0x2ebbf400, Profiling: 1, Counter: 0, Interrupt: 0, Device: 0x2eb7f460) from cache 0x2eb7e0a8
<LEVEL_ZERO>[DEBUG]: calling zeCommandListAppendMemoryCopy() with ZeEvent 784068248
[2026-10-07 11:13:32.005] [thread-id: 130828661284032] [trace] zeCommandListAppendMemoryCopy(hCommandList, dstptr, srcptr, size, hSignalEvent, numWaitEvents, phWaitEventsLocal)
[2026-10-07 11:13:32.005] [thread-id: 130828661284032] [trace] SUCCESS (ZE_RESULT_SUCCESS) in zeCommandListAppendMemoryCopy(hCommandList=0x2ebb5d78, dstptr=0x2eba5b10, srcptr=0xffffffffff600000, size=65536, hSignalEvent=0x2ebbee98, numWaitEvents=0, phWaitEvents=nullptr)
   <--- urEnqueueUSMMemcpy(.hQueue = 0x2eb79f80, .blocking = 0, .pDst = 0x2eba5b10, .pSrc = 0xffffffffff600000, .size = 65536, .numEventsInWaitList = 0, .phEventWaitList = nullptr, .phEvent = 0x7ffdfde40650 (0x2ebbf400)) -> UR_RESULT_SUCCESS;
   ---> urEventWait
<LEVEL_ZERO>[DEBUG]: ZeEvent = 784068248
[2026-10-07 11:13:32.005] [thread-id: 130828661284032] [trace] zeEventHostSynchronize(hEvent, timeout)
[2026-10-07 11:13:32.005] [thread-id: 130828661284032] [trace] SUCCESS (ZE_RESULT_SUCCESS) in zeEventHostSynchronize(hEvent=0x2ebbee98, timeout=18446744073709551615)
   <--- urEventWait(.numEvents = 1, .phEventWaitList = 0x7ffdfde406a0 {0x2ebbf400}) -> UR_RESULT_SUCCESS;
   ---> urEventRelease
<LEVEL_ZERO>[INFO]: Inserting 0x2ebbf400 event (Host Visible: 0x2ebbf400, Profiling: 0, Counter: 0, Device: 0x2eb7f460) into cache 0x2eb7e0a8
   <--- urEventRelease(.hEvent = 0x2ebbf400) -> UR_RESULT_SUCCESS;
   ---> urEnqueueUSMMemcpy
[2026-10-07 11:13:32.005] [thread-id: 130828661284032] [trace] zeMemGetAllocProperties(hContext, ptr, pMemAllocProperties, phDevice)
[2026-10-07 11:13:32.005] [thread-id: 130828661284032] [trace] SUCCESS (ZE_RESULT_SUCCESS) in zeMemGetAllocProperties(hContext=0x2eb80b58, ptr=0x2eb95b00, pMemAllocProperties={stype=0x7ffdfde40180, type=0x7ffdfde40190, id=0, pageSize=0}, phDevice=0x2eb79f88)
[2026-10-07 11:13:32.005] [thread-id: 130828661284032] [trace] zeEventHostReset(hEvent)
[2026-10-07 11:13:32.005] [thread-id: 130828661284032] [trace] SUCCESS (ZE_RESULT_SUCCESS) in zeEventHostReset(hEvent=0x2ebbee98)
<LEVEL_ZERO>[INFO]: Using 0x2ebbf400 event (Host Visible: 0x2ebbf400, Profiling: 1, Counter: 0, Interrupt: 0, Device: 0x2eb7f460) from cache 0x2eb7e0a8
<LEVEL_ZERO>[DEBUG]: calling zeCommandListAppendMemoryCopy() with ZeEvent 784068248
[2026-10-07 11:13:32.005] [thread-id: 130828661284032] [trace] zeCommandListAppendMemoryCopy(hCommandList, dstptr, srcptr, size, hSignalEvent, numWaitEvents, phWaitEventsLocal)
[2026-10-07 11:13:32.005] [thread-id: 130828661284032] [trace] SUCCESS (ZE_RESULT_SUCCESS) in zeCommandListAppendMemoryCopy(hCommandList=0x2ebb5d78, dstptr=0xffffffffff600000, srcptr=0x2eb95b00, size=65536, hSignalEvent=0x2ebbee98, numWaitEvents=0, phWaitEvents=nullptr)
   <--- urEnqueueUSMMemcpy(.hQueue = 0x2eb79f80, .blocking = 0, .pDst = 0xffffffffff600000, .pSrc = 0x2eb95b00, .size = 65536, .numEventsInWaitList = 0, .phEventWaitList = nullptr, .phEvent = 0x7ffdfde40650 (0x2ebbf400)) -> UR_RESULT_SUCCESS;
   ---> urEventWait
<LEVEL_ZERO>[DEBUG]: ZeEvent = 784068248
[2026-10-07 11:13:32.005] [thread-id: 130828661284032] [trace] zeEventHostSynchronize(hEvent, timeout)
[2026-10-07 11:13:32.005] [thread-id: 130828661284032] [trace] SUCCESS (ZE_RESULT_SUCCESS) in zeEventHostSynchronize(hEvent=0x2ebbee98, timeout=18446744073709551615)
   <--- urEventWait(.numEvents = 1, .phEventWaitList = 0x7ffdfde406a0 {0x2ebbf400}) -> UR_RESULT_SUCCESS;
   ---> urEventRelease
<LEVEL_ZERO>[INFO]: Inserting 0x2ebbf400 event (Host Visible: 0x2ebbf400, Profiling: 0, Counter: 0, Device: 0x2eb7f460) into cache 0x2eb7e0a8
   <--- urEventRelease(.hEvent = 0x2ebbf400) -> UR_RESULT_SUCCESS;
   ---> urDeviceGetInfo
   <--- urDeviceGetInfo(.hDevice = 0x2eb7f460, .propName = UR_DEVICE_INFO_MAX_WORK_GROUPS_3D, .propSize = 24, .pPropValue = {4294967295, 4294967295, 4294967295}, .pPropSizeRet = nullptr) -> UR_RESULT_SUCCESS;
   ---> urKernelGetGroupInfo
   <--- urKernelGetGroupInfo(.hKernel = 0x2ec00960, .hDevice = 0x2eb7f460, .propName = UR_KERNEL_GROUP_INFO_COMPILE_WORK_GROUP_SIZE, .propSize = 24, .pPropValue = {0, 0, 0}, .pPropSizeRet = nullptr) -> UR_RESULT_SUCCESS;
   ---> urEnqueueKernelLaunchWithArgsExp
[2026-10-07 11:13:32.006] [thread-id: 130828661284032] [trace] zeKernelSetArgumentValue(hKernel, argIndex, argSize, pArgValue)
[2026-10-07 11:13:32.006] [thread-id: 130828661284032] [trace] SUCCESS (ZE_RESULT_SUCCESS) in zeKernelSetArgumentValue(hKernel=0x2ec00b58, argIndex=0, argSize=8, pArgValue=0x2ebfc9f0)
[2026-10-07 11:13:32.006] [thread-id: 130828661284032] [trace] zeKernelSuggestGroupSize(hKernel, globalSizeX, globalSizeY, globalSizeZ, groupSizeX, groupSizeY, groupSizeZ)
[2026-10-07 11:13:32.006] [thread-id: 130828661284032] [trace] SUCCESS (ZE_RESULT_SUCCESS) in zeKernelSuggestGroupSize(hKernel=0x2ec00b58, globalSizeX=16384, globalSizeY=1, globalSizeZ=1, groupSizeX=1024, groupSizeY=1, groupSizeZ=1)
[2026-10-07 11:13:32.006] [thread-id: 130828661284032] [trace] zeKernelSetGroupSize(hKernel, groupSizeX, groupSizeY, groupSizeZ)
[2026-10-07 11:13:32.006] [thread-id: 130828661284032] [trace] SUCCESS (ZE_RESULT_SUCCESS) in zeKernelSetGroupSize(hKernel=0x2ec00b58, groupSizeX=1024, groupSizeY=1, groupSizeZ=1)
[2026-10-07 11:13:32.006] [thread-id: 130828661284032] [trace] zeEventHostReset(hEvent)
[2026-10-07 11:13:32.006] [thread-id: 130828661284032] [trace] SUCCESS (ZE_RESULT_SUCCESS) in zeEventHostReset(hEvent=0x2ebbee98)
<LEVEL_ZERO>[INFO]: Using 0x2ebbf400 event (Host Visible: 0x2ebbf400, Profiling: 1, Counter: 0, Interrupt: 0, Device: 0x2eb7f460) from cache 0x2eb7e0a8
[2026-10-07 11:13:32.006] [thread-id: 130828661284032] [trace] zeCommandListAppendLaunchKernel(hCommandList, hKernel, pLaunchFuncArgs, hSignalEvent, numWaitEvents, phWaitEventsLocal)
[2026-10-07 11:13:32.006] [thread-id: 130828661284032] [trace] SUCCESS (ZE_RESULT_SUCCESS) in zeCommandListAppendLaunchKernel(hCommandList=0x2ebb5d78, hKernel=0x2ec00b58, pLaunchFuncArgs={groupCountX=16, groupCountY=1, groupCountZ=1}, hSignalEvent=0x2ebbee98, numWaitEvents=0, phWaitEvents=nullptr)
<LEVEL_ZERO>[DEBUG]: calling zeCommandListAppendLaunchKernel() with ZeEvent 784068248
   <--- urEnqueueKernelLaunchWithArgsExp(.hQueue = 0x2eb79f80, .hKernel = 0x2ec00960, .workDim = 1, .pGlobalWorkOffset = nullptr, .pGlobalWorkSize = 0x7ffdfde40580 (16384), .pLocalWorkSize = nullptr, .numArgs = 1, .pArgs = 0x2ebfc9d0 {(struct ur_exp_kernel_arg_properties_t){.stype = UR_STRUCTURE_TYPE_EXP_KERNEL_ARG_PROPERTIES, .pNext = nullptr, .type = UR_EXP_KERNEL_ARG_TYPE_POINTER, .index = 0, .size = 8, .value = (union ur_exp_kernel_arg_value_t){.pointer = 0xffffffffff600000}}}, .launchPropList = nullptr, .numEventsInWaitList = 0, .phEventWaitList = nullptr, .phEvent = 0x7ffdfde3ffa0 (0x2ebbf400)) -> UR_RESULT_SUCCESS;
   ---> urEventWait
<LEVEL_ZERO>[DEBUG]: ZeEvent = 784068248
[2026-10-07 11:13:32.006] [thread-id: 130828661284032] [trace] zeEventHostSynchronize(hEvent, timeout)
[2026-10-07 11:13:32.006] [thread-id: 130828661284032] [trace] SUCCESS (ZE_RESULT_SUCCESS) in zeEventHostSynchronize(hEvent=0x2ebbee98, timeout=18446744073709551615)
   <--- urEventWait(.numEvents = 1, .phEventWaitList = 0x7ffdfde406a0 {0x2ebbf400}) -> UR_RESULT_SUCCESS;
   ---> urEventRelease
<LEVEL_ZERO>[INFO]: Inserting 0x2ebbf400 event (Host Visible: 0x2ebbf400, Profiling: 0, Counter: 0, Device: 0x2eb7f460) into cache 0x2eb7e0a8
   <--- urEventRelease(.hEvent = 0x2ebbf400) -> UR_RESULT_SUCCESS;
   ---> urEnqueueUSMMemcpy
[2026-10-07 11:13:32.006] [thread-id: 130828661284032] [trace] zeMemGetAllocProperties(hContext, ptr, pMemAllocProperties, phDevice)
[2026-10-07 11:13:32.006] [thread-id: 130828661284032] [trace] SUCCESS (ZE_RESULT_SUCCESS) in zeMemGetAllocProperties(hContext=0x2eb80b58, ptr=0xffffffffff600000, pMemAllocProperties={stype=0x7ffdfde40180, type=0x7ffdfde40190, id=11, pageSize=65536}, phDevice=0x2eb6a348)
[2026-10-07 11:13:32.006] [thread-id: 130828661284032] [trace] zeMemGetAllocProperties(hContext, ptr, pMemAllocProperties, phDevice)
[2026-10-07 11:13:32.006] [thread-id: 130828661284032] [trace] SUCCESS (ZE_RESULT_SUCCESS) in zeMemGetAllocProperties(hContext=0x2eb80b58, ptr=0x2eba5b10, pMemAllocProperties={stype=0x7ffdfde40180, type=0x7ffdfde40190, id=0, pageSize=0}, phDevice=0x2eb6a348)
[2026-10-07 11:13:32.006] [thread-id: 130828661284032] [trace] zeEventHostReset(hEvent)
[2026-10-07 11:13:32.006] [thread-id: 130828661284032] [trace] SUCCESS (ZE_RESULT_SUCCESS) in zeEventHostReset(hEvent=0x2ebbee98)
<LEVEL_ZERO>[INFO]: Using 0x2ebbf400 event (Host Visible: 0x2ebbf400, Profiling: 1, Counter: 0, Interrupt: 0, Device: 0x2eb7f460) from cache 0x2eb7e0a8
<LEVEL_ZERO>[DEBUG]: calling zeCommandListAppendMemoryCopy() with ZeEvent 784068248
[2026-10-07 11:13:32.006] [thread-id: 130828661284032] [trace] zeCommandListAppendMemoryCopy(hCommandList, dstptr, srcptr, size, hSignalEvent, numWaitEvents, phWaitEventsLocal)
[2026-10-07 11:13:32.006] [thread-id: 130828661284032] [trace] SUCCESS (ZE_RESULT_SUCCESS) in zeCommandListAppendMemoryCopy(hCommandList=0x2ebb5d78, dstptr=0x2eba5b10, srcptr=0xffffffffff600000, size=65536, hSignalEvent=0x2ebbee98, numWaitEvents=0, phWaitEvents=nullptr)
   <--- urEnqueueUSMMemcpy(.hQueue = 0x2eb79f80, .blocking = 0, .pDst = 0x2eba5b10, .pSrc = 0xffffffffff600000, .size = 65536, .numEventsInWaitList = 0, .phEventWaitList = nullptr, .phEvent = 0x7ffdfde40650 (0x2ebbf400)) -> UR_RESULT_SUCCESS;
   ---> urEventWait
<LEVEL_ZERO>[DEBUG]: ZeEvent = 784068248
[2026-10-07 11:13:32.006] [thread-id: 130828661284032] [trace] zeEventHostSynchronize(hEvent, timeout)
[2026-10-07 11:13:32.006] [thread-id: 130828661284032] [trace] SUCCESS (ZE_RESULT_SUCCESS) in zeEventHostSynchronize(hEvent=0x2ebbee98, timeout=18446744073709551615)
   <--- urEventWait(.numEvents = 1, .phEventWaitList = 0x7ffdfde406a0 {0x2ebbf400}) -> UR_RESULT_SUCCESS;
   ---> urEventRelease
<LEVEL_ZERO>[INFO]: Inserting 0x2ebbf400 event (Host Visible: 0x2ebbf400, Profiling: 0, Counter: 0, Device: 0x2eb7f460) into cache 0x2eb7e0a8
   <--- urEventRelease(.hEvent = 0x2ebbf400) -> UR_RESULT_SUCCESS;
   ---> urQueueFinish
   <--- urQueueFinish(.hQueue = 0x2eb79f80) -> UR_RESULT_SUCCESS;
   ---> urUSMFree
   <--- urUSMFree(.hContext = 0x2eb83fb0, .pMem = 0xffffffffff600000) -> UR_RESULT_SUCCESS;
   ---> urQueueRelease
<LEVEL_ZERO>[DEBUG]: urQueueRelease(compute) NumTimesClosedFull 0, NumTimesClosedEarly 0
<LEVEL_ZERO>[DEBUG]: urQueueRelease(copy) NumTimesClosedFull 0, NumTimesClosedEarly 0
   <--- urQueueRelease(.hQueue = 0x2eb79f80) -> UR_RESULT_SUCCESS;
   ---> urProgramRelease
   <--- urProgramRelease(.hProgram = 0x2eb81010) -> UR_RESULT_SUCCESS;
   ---> urKernelRelease
   <--- urKernelRelease(.hKernel = 0x2ec00960) -> UR_RESULT_SUCCESS;
   ---> urProgramRelease
   <--- urProgramRelease(.hProgram = 0x2eb81010) -> UR_RESULT_SUCCESS;
   ---> urKernelRelease
[2026-10-07 11:13:32.007] [thread-id: 130828661284032] [trace] zeKernelDestroy(hKernel)
[2026-10-07 11:13:32.007] [thread-id: 130828661284032] [trace] SUCCESS (ZE_RESULT_SUCCESS) in zeKernelDestroy(hKernel=0x2ec00b58)
[2026-10-07 11:13:32.007] [thread-id: 130828661284032] [trace] zeModuleBuildLogDestroy(hModuleBuildLog)
[2026-10-07 11:13:32.007] [thread-id: 130828661284032] [trace] SUCCESS (ZE_RESULT_SUCCESS) in zeModuleBuildLogDestroy(hModuleBuildLog=0x2ebe9d38)
[2026-10-07 11:13:32.007] [thread-id: 130828661284032] [trace] zeModuleDestroy(hModule)
[2026-10-07 11:13:32.007] [thread-id: 130828661284032] [trace] SUCCESS (ZE_RESULT_SUCCESS) in zeModuleDestroy(hModule=0x2ebc4008)
   <--- urKernelRelease(.hKernel = 0x2ec00960) -> UR_RESULT_SUCCESS;
   ---> urContextRelease
[2026-10-07 11:13:32.007] [thread-id: 130828661284032] [trace] zeEventDestroy(hEvent)
[2026-10-07 11:13:32.007] [thread-id: 130828661284032] [trace] SUCCESS (ZE_RESULT_SUCCESS) in zeEventDestroy(hEvent=0x2ebbee98)
[2026-10-07 11:13:32.007] [thread-id: 130828661284032] [trace] zeEventPoolDestroy(hEventPool)
[2026-10-07 11:13:32.008] [thread-id: 130828661284032] [trace] SUCCESS (ZE_RESULT_SUCCESS) in zeEventPoolDestroy(hEventPool=0x2ebbdfd8)
[2026-10-07 11:13:32.008] [thread-id: 130828661284032] [trace] zeCommandListDestroy(hCommandList)
[2026-10-07 11:13:32.008] [thread-id: 130828661284032] [trace] SUCCESS (ZE_RESULT_SUCCESS) in zeCommandListDestroy(hCommandList=0x2eb88d48)
[2026-10-07 11:13:32.008] [thread-id: 130828661284032] [trace] zeCommandListDestroy(hCommandList)
[2026-10-07 11:13:32.008] [thread-id: 130828661284032] [trace] SUCCESS (ZE_RESULT_SUCCESS) in zeCommandListDestroy(hCommandList=0x2ebb5d78)
[2026-10-07 11:13:32.008] [thread-id: 130828661284032] [trace] zeMemFree(hContext, ptr)
[2026-10-07 11:13:32.008] [thread-id: 130828661284032] [trace] SUCCESS (ZE_RESULT_SUCCESS) in zeMemFree(hContext=0x2eb80b58, ptr=0xffffffffff600000)
[2026-10-07 11:13:32.008] [thread-id: 130828661284032] [trace] zeContextDestroy(hContext)
[2026-10-07 11:13:32.008] [thread-id: 130828661284032] [trace] SUCCESS (ZE_RESULT_SUCCESS) in zeContextDestroy(hContext=0x2eb80b58)
   <--- urContextRelease(.hContext = 0x2eb83fb0) -> UR_RESULT_SUCCESS;
   ---> urDeviceRelease
   <--- urDeviceRelease(.hDevice = 0x2eb7f460) -> UR_RESULT_SUCCESS;
   ---> urAdapterRelease
   <--- urAdapterRelease(.hAdapter = 0x2e983700) -> UR_RESULT_SUCCESS;
