<LOADER>[DEBUG]: Logger loader initialized successfully!
<LOADER>[INFO]: loaded adapter 0x0x595f790 (/opt/intel/oneapi/compiler/2026.1/lib/libur_adapter_level_zero_v2.so.0) from /opt/intel/oneapi/compiler/2026.1/lib/libur_adapter_level_zero_v2.so.0
   ---> urAdapterGet
<LEVEL_ZERO>[DEBUG]: zeInit with flags value of 1
[2026-10-10 11:01:19.796] [thread-id: 136524549926976] [info] Loader Version 1.32.0  - No git SHA found, compiled outside git folder.
[2026-10-10 11:01:19.798] [thread-id: 136524549926976] [info] Validation Layer Enabled
[2026-10-10 11:01:19.798] [thread-id: 136524549926976] [info] zeInit succeeded
[2026-10-10 11:01:19.799] [thread-id: 136524549926976] [trace] zeInit(flags)
[2026-10-10 11:01:19.864] [thread-id: 136524549926976] [trace] SUCCESS (ZE_RESULT_SUCCESS) in zeInit(flags=1)
<LEVEL_ZERO>[DEBUG]: Level Zero Loader version: 1.32.0
<LEVEL_ZERO>[DEBUG]: zeInitDrivers with flags value of 1
[2026-10-10 11:01:19.864] [thread-id: 136524549926976] [trace] zeInitDrivers(pCount, phDrivers, desc)
[2026-10-10 11:01:19.864] [thread-id: 136524549926976] [trace] SUCCESS (ZE_RESULT_SUCCESS) in zeInitDrivers(pCount=1, phDrivers=nullptr, desc={stype=0x595e528, flags=1})
[2026-10-10 11:01:19.864] [thread-id: 136524549926976] [trace] zeInitDrivers(pCount, phDrivers, desc)
[2026-10-10 11:01:19.864] [thread-id: 136524549926976] [trace] SUCCESS (ZE_RESULT_SUCCESS) in zeInitDrivers(pCount=1, phDrivers=nullptr, desc={stype=0x595e528, flags=1})
[2026-10-10 11:01:19.864] [thread-id: 136524549926976] [trace] zeDriverGet(pCount, phDrivers)
[2026-10-10 11:01:19.865] [thread-id: 136524549926976] [trace] SUCCESS (ZE_RESULT_SUCCESS) in zeDriverGet(pCount=1, phDrivers=nullptr)
[2026-10-10 11:01:19.865] [thread-id: 136524549926976] [trace] zeDriverGet(pCount, phDrivers)
[2026-10-10 11:01:19.865] [thread-id: 136524549926976] [trace] SUCCESS (ZE_RESULT_SUCCESS) in zeDriverGet(pCount=1, phDrivers=0x5b41960)
[2026-10-10 11:01:19.865] [thread-id: 136524549926976] [trace] zeDeviceGet(hDriver, pCount, phDevices)
[2026-10-10 11:01:19.865] [thread-id: 136524549926976] [trace] SUCCESS (ZE_RESULT_SUCCESS) in zeDeviceGet(hDriver=0x5b419a8, pCount=1, phDevices=nullptr)
[2026-10-10 11:01:19.865] [thread-id: 136524549926976] [trace] zeDeviceGet(hDriver, pCount, phDevices)
[2026-10-10 11:01:19.865] [thread-id: 136524549926976] [trace] SUCCESS (ZE_RESULT_SUCCESS) in zeDeviceGet(hDriver=0x5b419a8, pCount=1, phDevices=0x5b4e290)
[2026-10-10 11:01:19.865] [thread-id: 136524549926976] [trace] zeDeviceGetProperties(hDevice, pDeviceProperties)
[2026-10-10 11:01:19.865] [thread-id: 136524549926976] [trace] SUCCESS (ZE_RESULT_SUCCESS) in zeDeviceGetProperties(hDevice=0x5b41f08, pDeviceProperties={stype=0x7ffeee54ae90, type=0x7ffeee54aea0, vendorId=32902, deviceId=57868, flags=8, subdeviceId=0, coreClockRate=2750, maxMemAllocSize=10132807680, maxHardwareContexts=65536, maxCommandQueuePriority=0, numThreadsPerEU=8, physicalEUSimdWidth=16, numEUsPerSubslice=8, numSubslicesPerSlice=4, numSlices=5, timerResolution=52, timestampValidBits=64, kernelTimestampValidBits=64, uuid={id=134}, name="Intel(R) Arc(TM) B570 Graphics"})
<LEVEL_ZERO>[DEBUG]: 
zesInit with flags value of 0

[2026-10-10 11:01:19.865] [thread-id: 136524549926976] [trace] zesInit(flags)
[2026-10-10 11:01:19.866] [thread-id: 136524549926976] [trace] SUCCESS (ZE_RESULT_SUCCESS) in zesInit(flags=0)
[2026-10-10 11:01:19.866] [thread-id: 136524549926976] [trace] zeDriverGet(pCount, phDrivers)
[2026-10-10 11:01:19.867] [thread-id: 136524549926976] [trace] SUCCESS (ZE_RESULT_SUCCESS) in zeDriverGet(pCount=1, phDrivers=nullptr)
[2026-10-10 11:01:19.867] [thread-id: 136524549926976] [trace] zeDriverGet(pCount, phDrivers)
[2026-10-10 11:01:19.867] [thread-id: 136524549926976] [trace] SUCCESS (ZE_RESULT_SUCCESS) in zeDriverGet(pCount=1, phDrivers=0x5b55320)
[2026-10-10 11:01:19.867] [thread-id: 136524549926976] [trace] zeInitDrivers(pCount, phDrivers, desc)
[2026-10-10 11:01:19.867] [thread-id: 136524549926976] [trace] SUCCESS (ZE_RESULT_SUCCESS) in zeInitDrivers(pCount=1, phDrivers=0x5b553f0, desc={stype=0x595e528, flags=1})
[2026-10-10 11:01:19.867] [thread-id: 136524549926976] [trace] zeDriverGetProperties(hDriver, pDriverProperties)
[2026-10-10 11:01:19.867] [thread-id: 136524549926976] [trace] SUCCESS (ZE_RESULT_SUCCESS) in zeDriverGetProperties(hDriver=0x5b419a8, pDriverProperties={stype=0x7ffeee54ade0, uuid={id=227}, driverVersion=17013219})
[2026-10-10 11:01:19.867] [thread-id: 136524549926976] [trace] zeDriverGetProperties(hDriver, pDriverProperties)
[2026-10-10 11:01:19.867] [thread-id: 136524549926976] [trace] SUCCESS (ZE_RESULT_SUCCESS) in zeDriverGetProperties(hDriver=0x5b419a8, pDriverProperties={stype=0x7ffeee54afb0, uuid={id=227}, driverVersion=17013219})
<LEVEL_ZERO>[DEBUG]: zeDriverHandle 0x5b419a8 matched between zeDriverGet and zeInitDrivers. Not adding duplicate driver to list
<LEVEL_ZERO>[DEBUG]: 1 L0 Drivers found.
[2026-10-10 11:01:19.867] [thread-id: 136524549926976] [trace] zeDeviceGet(hDriver, pCount, phDevices)
[2026-10-10 11:01:19.867] [thread-id: 136524549926976] [trace] SUCCESS (ZE_RESULT_SUCCESS) in zeDeviceGet(hDriver=0x5b419a8, pCount=1, phDevices=nullptr)
[2026-10-10 11:01:19.867] [thread-id: 136524549926976] [trace] zeDeviceGet(hDriver, pCount, phDevices)
[2026-10-10 11:01:19.867] [thread-id: 136524549926976] [trace] SUCCESS (ZE_RESULT_SUCCESS) in zeDeviceGet(hDriver=0x5b419a8, pCount=1, phDevices=0x5b55690)
[2026-10-10 11:01:19.867] [thread-id: 136524549926976] [trace] zeDeviceGetProperties(hDevice, pDeviceProperties)
[2026-10-10 11:01:19.867] [thread-id: 136524549926976] [trace] SUCCESS (ZE_RESULT_SUCCESS) in zeDeviceGetProperties(hDevice=0x5b41f08, pDeviceProperties={stype=0x7ffeee54ade0, type=0x7ffeee54adf0, vendorId=32902, deviceId=57868, flags=8, subdeviceId=0, coreClockRate=2750, maxMemAllocSize=10132807680, maxHardwareContexts=65536, maxCommandQueuePriority=0, numThreadsPerEU=8, physicalEUSimdWidth=16, numEUsPerSubslice=8, numSubslicesPerSlice=4, numSlices=5, timerResolution=52, timestampValidBits=64, kernelTimestampValidBits=64, uuid={id=134}, name="Intel(R) Arc(TM) B570 Graphics"})
[2026-10-10 11:01:19.867] [thread-id: 136524549926976] [trace] zeDriverGetApiVersion(hDriver, version)
[2026-10-10 11:01:19.867] [thread-id: 136524549926976] [trace] SUCCESS (ZE_RESULT_SUCCESS) in zeDriverGetApiVersion(hDriver=0x5b419a8, version=65553)
[2026-10-10 11:01:19.867] [thread-id: 136524549926976] [trace] zeDriverGetExtensionProperties(hDriver, pCount, pExtensionProperties)
[2026-10-10 11:01:19.867] [thread-id: 136524549926976] [trace] SUCCESS (ZE_RESULT_SUCCESS) in zeDriverGetExtensionProperties(hDriver=0x5b419a8, pCount=63, pExtensionProperties=nullptr)
[2026-10-10 11:01:19.867] [thread-id: 136524549926976] [trace] zeDriverGetExtensionProperties(hDriver, pCount, pExtensionProperties)
[2026-10-10 11:01:19.867] [thread-id: 136524549926976] [trace] SUCCESS (ZE_RESULT_SUCCESS) in zeDriverGetExtensionProperties(hDriver=0x5b419a8, pCount=63, pExtensionProperties={name="ZE_extension_device_cache_line_size", version=65536})
[2026-10-10 11:01:19.867] [thread-id: 136524549926976] [trace] zeDriverGetExtensionFunctionAddress(hDriver, name, ppFunctionAddress)
[2026-10-10 11:01:19.867] [thread-id: 136524549926976] [trace] SUCCESS (ZE_RESULT_SUCCESS) in zeDriverGetExtensionFunctionAddress(hDriver=0x5b419a8, name="zeIntelGetDriverVersionString", ppFunctionAddress=0x7c2b15831c00)
[2026-10-10 11:01:19.867] [thread-id: 136524549926976] [trace] zeDriverGetProperties(hDriver, pDriverProperties)
[2026-10-10 11:01:19.867] [thread-id: 136524549926976] [trace] SUCCESS (ZE_RESULT_SUCCESS) in zeDriverGetProperties(hDriver=0x5b419a8, pDriverProperties={stype=0x7ffeee54aca0, uuid={id=227}, driverVersion=17013219})
<LEVEL_ZERO>[DEBUG]: Level Zero Driver version: 1.17.39395+14
[2026-10-10 11:01:19.867] [thread-id: 136524549926976] [trace] zeDriverGetExtensionFunctionAddress(hDriver, name, ppFunctionAddress)
[2026-10-10 11:01:19.867] [thread-id: 136524549926976] [trace] SUCCESS (ZE_RESULT_SUCCESS) in zeDriverGetExtensionFunctionAddress(hDriver=0x5b419a8, name="zexDriverImportExternalPointer", ppFunctionAddress=0x7c2b1582ca40)
[2026-10-10 11:01:19.867] [thread-id: 136524549926976] [trace] zeDriverGetExtensionFunctionAddress(hDriver, name, ppFunctionAddress)
[2026-10-10 11:01:19.867] [thread-id: 136524549926976] [trace] SUCCESS (ZE_RESULT_SUCCESS) in zeDriverGetExtensionFunctionAddress(hDriver=0x5b419a8, name="zexDriverReleaseImportedPointer", ppFunctionAddress=0x7c2b15834e30)
[2026-10-10 11:01:19.867] [thread-id: 136524549926976] [trace] zeDriverGetExtensionFunctionAddress(hDriver, name, ppFunctionAddress)
[2026-10-10 11:01:19.867] [thread-id: 136524549926976] [trace] SUCCESS (ZE_RESULT_SUCCESS) in zeDriverGetExtensionFunctionAddress(hDriver=0x5b419a8, name="zeImageGetDeviceOffsetExp", ppFunctionAddress=0x7c2b15836190)
[2026-10-10 11:01:19.867] [thread-id: 136524549926976] [trace] zeDriverGetExtensionFunctionAddress(hDriver, name, ppFunctionAddress)
[2026-10-10 11:01:19.867] [thread-id: 136524549926976] [trace] SUCCESS (ZE_RESULT_SUCCESS) in zeDriverGetExtensionFunctionAddress(hDriver=0x5b419a8, name="zeMemGetPitchFor2dImage", ppFunctionAddress=0x7c2b15838550)
[2026-10-10 11:01:19.867] [thread-id: 136524549926976] [trace] zeDriverGetExtensionFunctionAddress(hDriver, name, ppFunctionAddress)
[2026-10-10 11:01:19.867] [thread-id: 136524549926976] [trace] SUCCESS (ZE_RESULT_SUCCESS) in zeDriverGetExtensionFunctionAddress(hDriver=0x5b419a8, name="zeGraphGetIdExt", ppFunctionAddress=0x7c2b15826dd0)
[2026-10-10 11:01:19.867] [thread-id: 136524549926976] [trace] zeDriverGetExtensionFunctionAddress(hDriver, name, ppFunctionAddress)
[2026-10-10 11:01:19.867] [thread-id: 136524549926976] [trace] SUCCESS (ZE_RESULT_SUCCESS) in zeDriverGetExtensionFunctionAddress(hDriver=0x5b419a8, name="zeCommandListAppendHostFunction", ppFunctionAddress=0x7c2b1580a140)
[2026-10-10 11:01:19.867] [thread-id: 136524549926976] [trace] zesDriverGet(pCount, phDrivers)
[2026-10-10 11:01:19.867] [thread-id: 136524549926976] [trace] SUCCESS (ZE_RESULT_SUCCESS) in zesDriverGet(pCount=1, phDrivers=nullptr)
[2026-10-10 11:01:19.867] [thread-id: 136524549926976] [trace] zesDriverGet(pCount, phDrivers)
[2026-10-10 11:01:19.867] [thread-id: 136524549926976] [trace] SUCCESS (ZE_RESULT_SUCCESS) in zesDriverGet(pCount=1, phDrivers=0x5b56590)
[2026-10-10 11:01:19.867] [thread-id: 136524549926976] [trace] zesDriverGetDeviceByUuidExp(hDriver, uuid, phDevice, onSubdevice, subdeviceId)
[2026-10-10 11:01:19.867] [thread-id: 136524549926976] [trace] SUCCESS (ZE_RESULT_SUCCESS) in zesDriverGetDeviceByUuidExp(hDriver=0x5b521a8, uuid={id=134}, phDevice=0x597d528, onSubdevice=0, subdeviceId=0)
<LEVEL_ZERO>[DEBUG]: Initialized 1 platforms
   <--- urAdapterGet(.NumEntries = 0, .phAdapters = nullptr, .pNumAdapters = 0x7ffeee54b6b8 (1)) -> UR_RESULT_SUCCESS;
   ---> urAdapterGet
   <--- urAdapterGet(.NumEntries = 1, .phAdapters = 0x5b55670 {0x595e500}, .pNumAdapters = nullptr) -> UR_RESULT_SUCCESS;
   ---> urAdapterGetInfo
   <--- urAdapterGetInfo(.hAdapter = 0x595e500, .propName = UR_ADAPTER_INFO_BACKEND, .propSize = 4, .pPropValue = 0x7ffeee54b6ac (UR_BACKEND_LEVEL_ZERO), .pPropSizeRet = nullptr) -> UR_RESULT_SUCCESS;
   ---> urAdapterSetLoggerCallback
   <--- urAdapterSetLoggerCallback(.hAdapter = 0x595e500, .pfnLoggerCallback = 0x7c2b1c551420, .pUserData = nullptr, .level = UR_LOGGER_LEVEL_WARN) -> UR_RESULT_SUCCESS;
   ---> urPlatformGet
   <--- urPlatformGet(.hAdapter = 0x595e500, .NumEntries = 0, .phPlatforms = nullptr, .pNumPlatforms = 0x7ffeee54b5ec (1)) -> UR_RESULT_SUCCESS;
   ---> urPlatformGet
   <--- urPlatformGet(.hAdapter = 0x595e500, .NumEntries = 1, .phPlatforms = 0x5b55670 {0x5b557f0}, .pNumPlatforms = nullptr) -> UR_RESULT_SUCCESS;
   ---> urPlatformGetInfo
   <--- urPlatformGetInfo(.hPlatform = 0x5b557f0, .propName = UR_PLATFORM_INFO_BACKEND, .propSize = 4, .pPropValue = 0x7ffeee54b5fc (UR_BACKEND_LEVEL_ZERO), .pPropSizeRet = nullptr) -> UR_RESULT_SUCCESS;
   ---> urDeviceGet
[2026-10-10 11:01:19.867] [thread-id: 136524549926976] [trace] zeDeviceGet(hDriver, pCount, phDevices)
[2026-10-10 11:01:19.867] [thread-id: 136524549926976] [trace] SUCCESS (ZE_RESULT_SUCCESS) in zeDeviceGet(hDriver=0x5b419a8, pCount=1, phDevices=nullptr)
[2026-10-10 11:01:19.867] [thread-id: 136524549926976] [trace] zeDeviceGet(hDriver, pCount, phDevices)
[2026-10-10 11:01:19.867] [thread-id: 136524549926976] [trace] SUCCESS (ZE_RESULT_SUCCESS) in zeDeviceGet(hDriver=0x5b419a8, pCount=1, phDevices=0x5b56fe0)
[2026-10-10 11:01:19.867] [thread-id: 136524549926976] [trace] zeDeviceGetProperties(hDevice, pDeviceProperties)
[2026-10-10 11:01:19.867] [thread-id: 136524549926976] [trace] SUCCESS (ZE_RESULT_SUCCESS) in zeDeviceGetProperties(hDevice=0x5b41f08, pDeviceProperties={stype=0x5b570c8, type=0x5b570d8, vendorId=32902, deviceId=57868, flags=8, subdeviceId=0, coreClockRate=2750, maxMemAllocSize=10132807680, maxHardwareContexts=65536, maxCommandQueuePriority=0, numThreadsPerEU=8, physicalEUSimdWidth=16, numEUsPerSubslice=8, numSubslicesPerSlice=4, numSlices=5, timerResolution=19200000, timestampValidBits=64, kernelTimestampValidBits=64, uuid={id=134}, name="Intel(R) Arc(TM) B570 Graphics"})
[2026-10-10 11:01:19.867] [thread-id: 136524549926976] [trace] zeDeviceGetProperties(hDevice, pDeviceProperties)
[2026-10-10 11:01:19.867] [thread-id: 136524549926976] [trace] SUCCESS (ZE_RESULT_SUCCESS) in zeDeviceGetProperties(hDevice=0x5b41f08, pDeviceProperties={stype=0x7ffeee54abf8, type=0x7ffeee54ac08, vendorId=32902, deviceId=57868, flags=8, subdeviceId=0, coreClockRate=2750, maxMemAllocSize=10132807680, maxHardwareContexts=65536, maxCommandQueuePriority=0, numThreadsPerEU=8, physicalEUSimdWidth=16, numEUsPerSubslice=8, numSubslicesPerSlice=4, numSlices=5, timerResolution=52, timestampValidBits=64, kernelTimestampValidBits=64, uuid={id=134}, name="Intel(R) Arc(TM) B570 Graphics"})
[2026-10-10 11:01:19.867] [thread-id: 136524549926976] [trace] zeDeviceGetCommandQueueGroupProperties(hDevice, pCount, pCommandQueueGroupProperties)
[2026-10-10 11:01:19.867] [thread-id: 136524549926976] [trace] SUCCESS (ZE_RESULT_SUCCESS) in zeDeviceGetCommandQueueGroupProperties(hDevice=0x5b41f08, pCount=2, pCommandQueueGroupProperties=nullptr)
<LEVEL_ZERO>[INFO]: Number of queue groups = 2
[2026-10-10 11:01:19.867] [thread-id: 136524549926976] [trace] zeDeviceGetCommandQueueGroupProperties(hDevice, pCount, pCommandQueueGroupProperties)
[2026-10-10 11:01:19.867] [thread-id: 136524549926976] [trace] SUCCESS (ZE_RESULT_SUCCESS) in zeDeviceGetCommandQueueGroupProperties(hDevice=0x5b41f08, pCount=2, pCommandQueueGroupProperties={stype=0x595c270, flags=7, maxMemoryFillPatternSize=18446744073709551615, numQueues=1})
<LEVEL_ZERO>[INFO]: main blitter/copy engine is available
<LEVEL_ZERO>[INFO]: link blitter/copy engines are not available
[2026-10-10 11:01:19.867] [thread-id: 136524549926976] [trace] zeDeviceGetSubDevices(hDevice, pCount, phSubdevices)
[2026-10-10 11:01:19.867] [thread-id: 136524549926976] [trace] SUCCESS (ZE_RESULT_SUCCESS) in zeDeviceGetSubDevices(hDevice=0x5b41f08, pCount=0, phSubdevices=nullptr)
[2026-10-10 11:01:19.867] [thread-id: 136524549926976] [trace] zeDeviceGetSubDevices(hDevice, pCount, phSubdevices)
[2026-10-10 11:01:19.867] [thread-id: 136524549926976] [trace] SUCCESS (ZE_RESULT_SUCCESS) in zeDeviceGetSubDevices(hDevice=0x5b41f08, pCount=0, phSubdevices=0x5b57000)
[2026-10-10 11:01:19.867] [thread-id: 136524549926976] [trace] zeDeviceGetRootDevice(hDevice, phRootDevice)
[2026-10-10 11:01:19.867] [thread-id: 136524549926976] [trace] SUCCESS (ZE_RESULT_SUCCESS) in zeDeviceGetRootDevice(hDevice=0x5b41f08, phRootDevice=0x7ffeee54b050)
[2026-10-10 11:01:19.867] [thread-id: 136524549926976] [trace] zeDeviceSynchronize(hDevice)
[2026-10-10 11:01:19.867] [thread-id: 136524549926976] [trace] SUCCESS (ZE_RESULT_SUCCESS) in zeDeviceSynchronize(hDevice=0x5b41f08)
[2026-10-10 11:01:19.868] [thread-id: 136524549926976] [trace] zeDeviceGetRootDevice(hDevice, phRootDevice)
[2026-10-10 11:01:19.868] [thread-id: 136524549926976] [trace] SUCCESS (ZE_RESULT_SUCCESS) in zeDeviceGetRootDevice(hDevice=0x5b41f08, phRootDevice=0x7ffeee54b140)
   <--- urDeviceGet(.hPlatform = 0x5b557f0, .DeviceType = UR_DEVICE_TYPE_ALL, .NumEntries = 0, .phDevices = nullptr, .pNumDevices = 0x7ffeee54b56c (1)) -> UR_RESULT_SUCCESS;
   ---> urDeviceGet
[2026-10-10 11:01:19.868] [thread-id: 136524549926976] [trace] zeDeviceGetRootDevice(hDevice, phRootDevice)
[2026-10-10 11:01:19.868] [thread-id: 136524549926976] [trace] SUCCESS (ZE_RESULT_SUCCESS) in zeDeviceGetRootDevice(hDevice=0x5b41f08, phRootDevice=0x7ffeee54b140)
   <--- urDeviceGet(.hPlatform = 0x5b557f0, .DeviceType = UR_DEVICE_TYPE_ALL, .NumEntries = 1, .phDevices = 0x5b56fe0 {0x5b57020}, .pNumDevices = nullptr) -> UR_RESULT_SUCCESS;
   ---> urPlatformGetInfo
   <--- urPlatformGetInfo(.hPlatform = 0x5b557f0, .propName = UR_PLATFORM_INFO_VERSION, .propSize = 0, .pPropValue = nullptr, .pPropSizeRet = 0x7ffeee54b140 (5)) -> UR_RESULT_SUCCESS;
   ---> urPlatformGetInfo
   <--- urPlatformGetInfo(.hPlatform = 0x5b557f0, .propName = UR_PLATFORM_INFO_VERSION, .propSize = 5, .pPropValue = 0x7ffeee54b2a8 (1.17), .pPropSizeRet = nullptr) -> UR_RESULT_SUCCESS;
   ---> urPlatformGetInfo
   <--- urPlatformGetInfo(.hPlatform = 0x5b557f0, .propName = UR_PLATFORM_INFO_NAME, .propSize = 0, .pPropValue = nullptr, .pPropSizeRet = 0x7ffeee54b140 (51)) -> UR_RESULT_SUCCESS;
   ---> urPlatformGetInfo
   <--- urPlatformGetInfo(.hPlatform = 0x5b557f0, .propName = UR_PLATFORM_INFO_NAME, .propSize = 51, .pPropValue = 0x5b576f0 (Intel(R) oneAPI Unified Runtime over Level-Zero V2), .pPropSizeRet = nullptr) -> UR_RESULT_SUCCESS;
   ---> urDeviceGetInfo
   <--- urDeviceGetInfo(.hDevice = 0x5b57020, .propName = UR_DEVICE_INFO_PARENT_DEVICE, .propSize = 8, .pPropValue = 0x7ffeee54b100 (nullptr), .pPropSizeRet = nullptr) -> UR_RESULT_SUCCESS;
   ---> urDeviceGetInfo
   <--- urDeviceGetInfo(.hDevice = 0x5b57020, .propName = UR_DEVICE_INFO_TYPE, .propSize = 4, .pPropValue = 0x7ffeee54b0a0 (UR_DEVICE_TYPE_GPU), .pPropSizeRet = nullptr) -> UR_RESULT_SUCCESS;
   ---> urDeviceGetInfo
   <--- urDeviceGetInfo(.hDevice = 0x5b57020, .propName = UR_DEVICE_INFO_USE_NATIVE_ASSERT, .propSize = 1, .pPropValue = 0x7ffeee54b0a0 (true), .pPropSizeRet = nullptr) -> UR_RESULT_SUCCESS;
   ---> urDeviceGetInfo
[2026-10-10 11:01:19.868] [thread-id: 136524549926976] [trace] zeDeviceGetModuleProperties(hDevice, pModuleProperties)
[2026-10-10 11:01:19.868] [thread-id: 136524549926976] [trace] SUCCESS (ZE_RESULT_SUCCESS) in zeDeviceGetModuleProperties(hDevice=0x5b41f08, pModuleProperties={stype=0x5b57340, spirvVersionSupported=65541, flags=15, fp16flags=63, fp32flags=127, fp64flags=127, maxArgumentsSize=2048, printfBufferSize=4194304, nativeKernelSupported={id=0}})
[2026-10-10 11:01:19.868] [thread-id: 136524549926976] [trace] zeDeviceGetImageProperties(hDevice, pImageProperties)
[2026-10-10 11:01:19.868] [thread-id: 136524549926976] [trace] SUCCESS (ZE_RESULT_SUCCESS) in zeDeviceGetImageProperties(hDevice=0x5b41f08, pImageProperties={stype=0x5b572e0, maxImageDims1D=16384, maxImageDims2D=16384, maxImageDims3D=2048, maxImageBufferSize=633300480, maxImageArraySlices=2048, maxSamplers=16, maxReadImageArgs=128, maxWriteImageArgs=128})
   <--- urDeviceGetInfo(.hDevice = 0x5b57020, .propName = UR_DEVICE_INFO_EXTENSIONS, .propSize = 0, .pPropValue = nullptr, .pPropSizeRet = 0x7ffeee54b028 (245)) -> UR_RESULT_SUCCESS;
   ---> urDeviceGetInfo
   <--- urDeviceGetInfo(.hDevice = 0x5b57020, .propName = UR_DEVICE_INFO_EXTENSIONS, .propSize = 245, .pPropValue = 0x5a11750 (cl_khr_il_program cl_khr_subgroups cl_intel_subgroups cl_intel_subgroups_short cl_intel_required_subgroup_size cl_khr_fp16 cl_khr_fp64 cl_khr_int64_base_atomics cl_khr_int64_extended_atomics cl_khr_3d_image_writes cl_intel_bfloat16_conversions ), .pPropSizeRet = nullptr) -> UR_RESULT_SUCCESS;
   ---> urDeviceRetain
   <--- urDeviceRetain(.hDevice = 0x5b57020) -> UR_RESULT_SUCCESS;
   ---> urDeviceGetInfo
   <--- urDeviceGetInfo(.hDevice = 0x5b57020, .propName = UR_DEVICE_INFO_TYPE, .propSize = 4, .pPropValue = 0x7ffeee54b21c (UR_DEVICE_TYPE_GPU), .pPropSizeRet = nullptr) -> UR_RESULT_SUCCESS;
   ---> urDeviceGetInfo
   <--- urDeviceGetInfo(.hDevice = 0x5b57020, .propName = UR_DEVICE_INFO_VENDOR_ID, .propSize = 4, .pPropValue = 0x7ffeee54b298 (32902), .pPropSizeRet = nullptr) -> UR_RESULT_SUCCESS;
   ---> urDeviceGetInfo
   <--- urDeviceGetInfo(.hDevice = 0x5b57020, .propName = UR_DEVICE_INFO_DRIVER_VERSION, .propSize = 0, .pPropValue = nullptr, .pPropSizeRet = 0x7ffeee54b140 (14)) -> UR_RESULT_SUCCESS;
   ---> urDeviceGetInfo
   <--- urDeviceGetInfo(.hDevice = 0x5b57020, .propName = UR_DEVICE_INFO_DRIVER_VERSION, .propSize = 14, .pPropValue = 0x7ffeee54b268 (1.17.39395+14), .pPropSizeRet = nullptr) -> UR_RESULT_SUCCESS;
   ---> urDeviceGetInfo
   <--- urDeviceGetInfo(.hDevice = 0x5b57020, .propName = UR_DEVICE_INFO_NAME, .propSize = 0, .pPropValue = nullptr, .pPropSizeRet = 0x7ffeee54b080 (31)) -> UR_RESULT_SUCCESS;
   ---> urDeviceGetInfo
   <--- urDeviceGetInfo(.hDevice = 0x5b57020, .propName = UR_DEVICE_INFO_NAME, .propSize = 31, .pPropValue = 0x5b56fb0 (Intel(R) Arc(TM) B570 Graphics), .pPropSizeRet = nullptr) -> UR_RESULT_SUCCESS;
   ---> urPlatformGetInfo
   <--- urPlatformGetInfo(.hPlatform = 0x5b557f0, .propName = UR_PLATFORM_INFO_BACKEND, .propSize = 4, .pPropValue = 0x7ffeee54b45c (UR_BACKEND_LEVEL_ZERO), .pPropSizeRet = nullptr) -> UR_RESULT_SUCCESS;
   ---> urDeviceGetInfo
   <--- urDeviceGetInfo(.hDevice = 0x5b57020, .propName = UR_DEVICE_INFO_TYPE, .propSize = 4, .pPropValue = 0x7ffeee54b454 (UR_DEVICE_TYPE_GPU), .pPropSizeRet = nullptr) -> UR_RESULT_SUCCESS;
   ---> urDeviceRelease
   <--- urDeviceRelease(.hDevice = 0x5b57020) -> UR_RESULT_SUCCESS;
   ---> urDeviceGetInfo
   <--- urDeviceGetInfo(.hDevice = 0x5b57020, .propName = UR_DEVICE_INFO_SUPPORTED_PARTITIONS, .propSize = 0, .pPropValue = nullptr, .pPropSizeRet = 0x7ffeee54b448 (0)) -> UR_RESULT_SUCCESS;
   ---> urDeviceGet
[2026-10-10 11:01:19.868] [thread-id: 136524549926976] [trace] zeDeviceGetRootDevice(hDevice, phRootDevice)
[2026-10-10 11:01:19.868] [thread-id: 136524549926976] [trace] SUCCESS (ZE_RESULT_SUCCESS) in zeDeviceGetRootDevice(hDevice=0x5b41f08, phRootDevice=0x7ffeee54b250)
   <--- urDeviceGet(.hPlatform = 0x5b557f0, .DeviceType = UR_DEVICE_TYPE_ALL, .NumEntries = 0, .phDevices = nullptr, .pNumDevices = 0x7ffeee54b67c (1)) -> UR_RESULT_SUCCESS;
   ---> urDeviceGet
[2026-10-10 11:01:19.868] [thread-id: 136524549926976] [trace] zeDeviceGetRootDevice(hDevice, phRootDevice)
[2026-10-10 11:01:19.868] [thread-id: 136524549926976] [trace] SUCCESS (ZE_RESULT_SUCCESS) in zeDeviceGetRootDevice(hDevice=0x5b41f08, phRootDevice=0x7ffeee54b250)
   <--- urDeviceGet(.hPlatform = 0x5b557f0, .DeviceType = UR_DEVICE_TYPE_ALL, .NumEntries = 1, .phDevices = 0x5b55690 {0x5b57020}, .pNumDevices = nullptr) -> UR_RESULT_SUCCESS;
   ---> urPlatformGetInfo
   <--- urPlatformGetInfo(.hPlatform = 0x5b557f0, .propName = UR_PLATFORM_INFO_VERSION, .propSize = 0, .pPropValue = nullptr, .pPropSizeRet = 0x7ffeee54b250 (5)) -> UR_RESULT_SUCCESS;
   ---> urPlatformGetInfo
   <--- urPlatformGetInfo(.hPlatform = 0x5b557f0, .propName = UR_PLATFORM_INFO_VERSION, .propSize = 5, .pPropValue = 0x7ffeee54b3b8 (1.17), .pPropSizeRet = nullptr) -> UR_RESULT_SUCCESS;
   ---> urPlatformGetInfo
   <--- urPlatformGetInfo(.hPlatform = 0x5b557f0, .propName = UR_PLATFORM_INFO_NAME, .propSize = 0, .pPropValue = nullptr, .pPropSizeRet = 0x7ffeee54b250 (51)) -> UR_RESULT_SUCCESS;
   ---> urPlatformGetInfo
   <--- urPlatformGetInfo(.hPlatform = 0x5b557f0, .propName = UR_PLATFORM_INFO_NAME, .propSize = 51, .pPropValue = 0x5b57c10 (Intel(R) oneAPI Unified Runtime over Level-Zero V2), .pPropSizeRet = nullptr) -> UR_RESULT_SUCCESS;
   ---> urDeviceGetInfo
   <--- urDeviceGetInfo(.hDevice = 0x5b57020, .propName = UR_DEVICE_INFO_TYPE, .propSize = 4, .pPropValue = 0x7ffeee54b32c (UR_DEVICE_TYPE_GPU), .pPropSizeRet = nullptr) -> UR_RESULT_SUCCESS;
   ---> urDeviceGetInfo
   <--- urDeviceGetInfo(.hDevice = 0x5b57020, .propName = UR_DEVICE_INFO_VENDOR_ID, .propSize = 4, .pPropValue = 0x7ffeee54b3a8 (32902), .pPropSizeRet = nullptr) -> UR_RESULT_SUCCESS;
   ---> urDeviceGetInfo
   <--- urDeviceGetInfo(.hDevice = 0x5b57020, .propName = UR_DEVICE_INFO_DRIVER_VERSION, .propSize = 0, .pPropValue = nullptr, .pPropSizeRet = 0x7ffeee54b250 (14)) -> UR_RESULT_SUCCESS;
   ---> urDeviceGetInfo
   <--- urDeviceGetInfo(.hDevice = 0x5b57020, .propName = UR_DEVICE_INFO_DRIVER_VERSION, .propSize = 14, .pPropValue = 0x7ffeee54b378 (1.17.39395+14), .pPropSizeRet = nullptr) -> UR_RESULT_SUCCESS;
   ---> urPlatformGetInfo
   <--- urPlatformGetInfo(.hPlatform = 0x5b557f0, .propName = UR_PLATFORM_INFO_BACKEND, .propSize = 4, .pPropValue = 0x7ffeee54b56c (UR_BACKEND_LEVEL_ZERO), .pPropSizeRet = nullptr) -> UR_RESULT_SUCCESS;
   ---> urDeviceGetInfo
   <--- urDeviceGetInfo(.hDevice = 0x5b57020, .propName = UR_DEVICE_INFO_TYPE, .propSize = 4, .pPropValue = 0x7ffeee54b564 (UR_DEVICE_TYPE_GPU), .pPropSizeRet = nullptr) -> UR_RESULT_SUCCESS;
   ---> urDeviceRelease
   <--- urDeviceRelease(.hDevice = 0x5b57020) -> UR_RESULT_SUCCESS;
   ---> urDeviceGetInfo
   <--- urDeviceGetInfo(.hDevice = 0x5b57020, .propName = UR_DEVICE_INFO_SUPPORTED_PARTITIONS, .propSize = 0, .pPropValue = nullptr, .pPropSizeRet = 0x7ffeee54b558 (0)) -> UR_RESULT_SUCCESS;
   ---> urDeviceSelectBinary
   <--- urDeviceSelectBinary(.hDevice = 0x5b57020, .pBinaries = 0x7ffeee54b5a0 ((struct ur_device_binary_t){.stype = UR_STRUCTURE_TYPE_CONTEXT_PROPERTIES, .pNext = nullptr, .pDeviceTargetSpec = 0x7c2b1c2d23c0 (spir64)}), .NumBinaries = 1, .pSelectedBinary = 0x7ffeee54b5c4 (0)) -> UR_RESULT_SUCCESS;
   ---> urDeviceGet
[2026-10-10 11:01:19.869] [thread-id: 136524549926976] [trace] zeDeviceGetRootDevice(hDevice, phRootDevice)
[2026-10-10 11:01:19.869] [thread-id: 136524549926976] [trace] SUCCESS (ZE_RESULT_SUCCESS) in zeDeviceGetRootDevice(hDevice=0x5b41f08, phRootDevice=0x7ffeee54b1b0)
   <--- urDeviceGet(.hPlatform = 0x5b557f0, .DeviceType = UR_DEVICE_TYPE_ALL, .NumEntries = 0, .phDevices = nullptr, .pNumDevices = 0x7ffeee54b5dc (1)) -> UR_RESULT_SUCCESS;
   ---> urDeviceGet
[2026-10-10 11:01:19.869] [thread-id: 136524549926976] [trace] zeDeviceGetRootDevice(hDevice, phRootDevice)
[2026-10-10 11:01:19.869] [thread-id: 136524549926976] [trace] SUCCESS (ZE_RESULT_SUCCESS) in zeDeviceGetRootDevice(hDevice=0x5b41f08, phRootDevice=0x7ffeee54b1b0)
   <--- urDeviceGet(.hPlatform = 0x5b557f0, .DeviceType = UR_DEVICE_TYPE_ALL, .NumEntries = 1, .phDevices = 0x5b57d00 {0x5b57020}, .pNumDevices = nullptr) -> UR_RESULT_SUCCESS;
   ---> urPlatformGetInfo
   <--- urPlatformGetInfo(.hPlatform = 0x5b557f0, .propName = UR_PLATFORM_INFO_VERSION, .propSize = 0, .pPropValue = nullptr, .pPropSizeRet = 0x7ffeee54b1b0 (5)) -> UR_RESULT_SUCCESS;
   ---> urPlatformGetInfo
   <--- urPlatformGetInfo(.hPlatform = 0x5b557f0, .propName = UR_PLATFORM_INFO_VERSION, .propSize = 5, .pPropValue = 0x7ffeee54b318 (1.17), .pPropSizeRet = nullptr) -> UR_RESULT_SUCCESS;
   ---> urPlatformGetInfo
   <--- urPlatformGetInfo(.hPlatform = 0x5b557f0, .propName = UR_PLATFORM_INFO_NAME, .propSize = 0, .pPropValue = nullptr, .pPropSizeRet = 0x7ffeee54b1b0 (51)) -> UR_RESULT_SUCCESS;
   ---> urPlatformGetInfo
   <--- urPlatformGetInfo(.hPlatform = 0x5b557f0, .propName = UR_PLATFORM_INFO_NAME, .propSize = 51, .pPropValue = 0x5b57c10 (Intel(R) oneAPI Unified Runtime over Level-Zero V2), .pPropSizeRet = nullptr) -> UR_RESULT_SUCCESS;
   ---> urDeviceGetInfo
   <--- urDeviceGetInfo(.hDevice = 0x5b57020, .propName = UR_DEVICE_INFO_TYPE, .propSize = 4, .pPropValue = 0x7ffeee54b28c (UR_DEVICE_TYPE_GPU), .pPropSizeRet = nullptr) -> UR_RESULT_SUCCESS;
   ---> urDeviceGetInfo
   <--- urDeviceGetInfo(.hDevice = 0x5b57020, .propName = UR_DEVICE_INFO_VENDOR_ID, .propSize = 4, .pPropValue = 0x7ffeee54b308 (32902), .pPropSizeRet = nullptr) -> UR_RESULT_SUCCESS;
   ---> urDeviceGetInfo
   <--- urDeviceGetInfo(.hDevice = 0x5b57020, .propName = UR_DEVICE_INFO_DRIVER_VERSION, .propSize = 0, .pPropValue = nullptr, .pPropSizeRet = 0x7ffeee54b1b0 (14)) -> UR_RESULT_SUCCESS;
   ---> urDeviceGetInfo
   <--- urDeviceGetInfo(.hDevice = 0x5b57020, .propName = UR_DEVICE_INFO_DRIVER_VERSION, .propSize = 14, .pPropValue = 0x7ffeee54b2d8 (1.17.39395+14), .pPropSizeRet = nullptr) -> UR_RESULT_SUCCESS;
   ---> urPlatformGetInfo
   <--- urPlatformGetInfo(.hPlatform = 0x5b557f0, .propName = UR_PLATFORM_INFO_BACKEND, .propSize = 4, .pPropValue = 0x7ffeee54b4cc (UR_BACKEND_LEVEL_ZERO), .pPropSizeRet = nullptr) -> UR_RESULT_SUCCESS;
   ---> urDeviceGetInfo
   <--- urDeviceGetInfo(.hDevice = 0x5b57020, .propName = UR_DEVICE_INFO_TYPE, .propSize = 4, .pPropValue = 0x7ffeee54b4c4 (UR_DEVICE_TYPE_GPU), .pPropSizeRet = nullptr) -> UR_RESULT_SUCCESS;
   ---> urDeviceRelease
   <--- urDeviceRelease(.hDevice = 0x5b57020) -> UR_RESULT_SUCCESS;
   ---> urDeviceGetInfo
   <--- urDeviceGetInfo(.hDevice = 0x5b57020, .propName = UR_DEVICE_INFO_SUPPORTED_PARTITIONS, .propSize = 0, .pPropValue = nullptr, .pPropSizeRet = 0x7ffeee54b4b8 (0)) -> UR_RESULT_SUCCESS;
   ---> urDeviceGetInfo
[2026-10-10 11:01:19.869] [thread-id: 136524549926976] [trace] zeDeviceGetSubDevices(hDevice, pCount, phSubdevices)
[2026-10-10 11:01:19.869] [thread-id: 136524549926976] [trace] SUCCESS (ZE_RESULT_SUCCESS) in zeDeviceGetSubDevices(hDevice=0x5b41f08, pCount=0, phSubdevices=nullptr)
   <--- urDeviceGetInfo(.hDevice = 0x5b57020, .propName = UR_DEVICE_INFO_COMPONENT_DEVICES, .propSize = 0, .pPropValue = nullptr, .pPropSizeRet = 0x7ffeee54b2d0 (0)) -> UR_RESULT_SUCCESS;
   ---> urContextCreate
[2026-10-10 11:01:19.869] [thread-id: 136524549926976] [trace] zeContextCreate(hDriver, desc, phContext)
[2026-10-10 11:01:19.869] [thread-id: 136524549926976] [trace] SUCCESS (ZE_RESULT_SUCCESS) in zeContextCreate(hDriver=0x5b419a8, desc={stype=0x7ffeee54b200, flags=0}, phContext=0x5b581e8)
[2026-10-10 11:01:19.869] [thread-id: 136524549926976] [trace] zeMemAllocHost(hContext, host_desc, size, alignment, pptr)
[2026-10-10 11:01:19.870] [thread-id: 136524549926976] [trace] SUCCESS (ZE_RESULT_SUCCESS) in zeMemAllocHost(hContext=0x5b581e8, host_desc={stype=0x7ffeee54ac80, flags=0}, size=1, alignment=0, pptr=0x7c2b06dffe00)
[2026-10-10 11:01:19.870] [thread-id: 136524549926976] [trace] zeMemGetAllocProperties(hContext, ptr, pMemAllocProperties, phDevice)
[2026-10-10 11:01:19.870] [thread-id: 136524549926976] [trace] SUCCESS (ZE_RESULT_SUCCESS) in zeMemGetAllocProperties(hContext=0x5b581e8, ptr=0x7c2b06dffe00, pMemAllocProperties={stype=0x7ffeee54ac80, type=0x7ffeee54ac90, id=1, pageSize=2097152}, phDevice=nullptr)
[2026-10-10 11:01:19.870] [thread-id: 136524549926976] [trace] zeMemFreeExt(hContext, pMemFreeDesc, ptr)
[2026-10-10 11:01:19.870] [thread-id: 136524549926976] [trace] SUCCESS (ZE_RESULT_SUCCESS) in zeMemFreeExt(hContext=0x5b581e8, pMemFreeDesc={stype=0x7ffeee54ac60, freePolicy=1}, ptr=0x7c2b06dffe00)
[2026-10-10 11:01:19.870] [thread-id: 136524549926976] [trace] zeDeviceGetProperties(hDevice, pDeviceProperties)
[2026-10-10 11:01:19.870] [thread-id: 136524549926976] [trace] SUCCESS (ZE_RESULT_SUCCESS) in zeDeviceGetProperties(hDevice=0x5b41f08, pDeviceProperties={stype=0x7c2b072c3068, type=0x7c2b072c3078, vendorId=32902, deviceId=57868, flags=8, subdeviceId=0, coreClockRate=2750, maxMemAllocSize=10132807680, maxHardwareContexts=65536, maxCommandQueuePriority=0, numThreadsPerEU=8, physicalEUSimdWidth=16, numEUsPerSubslice=8, numSubslicesPerSlice=4, numSlices=5, timerResolution=52, timestampValidBits=64, kernelTimestampValidBits=64, uuid={id=134}, name="Intel(R) Arc(TM) B570 Graphics"})
[2026-10-10 11:01:19.870] [thread-id: 136524549926976] [trace] zeMemAllocDevice(hContext, device_desc, size, alignment, hDevice, pptr)
[2026-10-10 11:01:19.870] [thread-id: 136524549926976] [trace] SUCCESS (ZE_RESULT_SUCCESS) in zeMemAllocDevice(hContext=0x5b581e8, device_desc={stype=0x7ffeee54ac40, flags=0, ordinal=0}, size=1, alignment=0, hDevice=0x5b41f08, pptr=0xffffffffff9ffe00)
[2026-10-10 11:01:19.870] [thread-id: 136524549926976] [trace] zeContextMakeMemoryResident(hContext, hDevice, ptr, size)
[2026-10-10 11:01:19.870] [thread-id: 136524549926976] [trace] SUCCESS (ZE_RESULT_SUCCESS) in zeContextMakeMemoryResident(hContext=0x5b581e8, hDevice=0x5b41f08, ptr=0xffffffffff9ffe00, size=1)
[2026-10-10 11:01:19.870] [thread-id: 136524549926976] [trace] zeMemGetAllocProperties(hContext, ptr, pMemAllocProperties, phDevice)
[2026-10-10 11:01:19.870] [thread-id: 136524549926976] [trace] SUCCESS (ZE_RESULT_SUCCESS) in zeMemGetAllocProperties(hContext=0x5b581e8, ptr=0xffffffffff9ffe00, pMemAllocProperties={stype=0x7ffeee54ac80, type=0x7ffeee54ac90, id=3, pageSize=65536}, phDevice=nullptr)
[2026-10-10 11:01:19.870] [thread-id: 136524549926976] [trace] zeMemFreeExt(hContext, pMemFreeDesc, ptr)
[2026-10-10 11:01:19.870] [thread-id: 136524549926976] [trace] SUCCESS (ZE_RESULT_SUCCESS) in zeMemFreeExt(hContext=0x5b581e8, pMemFreeDesc={stype=0x7ffeee54ac60, freePolicy=1}, ptr=0xffffffffff9ffe00)
[2026-10-10 11:01:19.871] [thread-id: 136524549926976] [trace] zeDeviceGetProperties(hDevice, pDeviceProperties)
[2026-10-10 11:01:19.871] [thread-id: 136524549926976] [trace] SUCCESS (ZE_RESULT_SUCCESS) in zeDeviceGetProperties(hDevice=0x5b41f08, pDeviceProperties={stype=0x7c2b072bb068, type=0x7c2b072bb078, vendorId=32902, deviceId=57868, flags=8, subdeviceId=0, coreClockRate=2750, maxMemAllocSize=10132807680, maxHardwareContexts=65536, maxCommandQueuePriority=0, numThreadsPerEU=8, physicalEUSimdWidth=16, numEUsPerSubslice=8, numSubslicesPerSlice=4, numSlices=5, timerResolution=52, timestampValidBits=64, kernelTimestampValidBits=64, uuid={id=134}, name="Intel(R) Arc(TM) B570 Graphics"})
[2026-10-10 11:01:19.871] [thread-id: 136524549926976] [trace] zeMemAllocShared(hContext, device_desc, host_desc, size, alignment, hDevice, pptr)
[2026-10-10 11:01:19.871] [thread-id: 136524549926976] [trace] SUCCESS (ZE_RESULT_SUCCESS) in zeMemAllocShared(hContext=0x5b581e8, device_desc={stype=0x7ffeee54ac80, flags=0, ordinal=0}, host_desc={stype=0x7ffeee54ac60, flags=0}, size=1, alignment=0, hDevice=0x5b41f08, pptr=0x7c2b06f40000)
[2026-10-10 11:01:19.871] [thread-id: 136524549926976] [trace] zeMemGetAllocProperties(hContext, ptr, pMemAllocProperties, phDevice)
[2026-10-10 11:01:19.871] [thread-id: 136524549926976] [trace] SUCCESS (ZE_RESULT_SUCCESS) in zeMemGetAllocProperties(hContext=0x5b581e8, ptr=0x7c2b06f40000, pMemAllocProperties={stype=0x7ffeee54ac80, type=0x7ffeee54ac90, id=5, pageSize=65536}, phDevice=nullptr)
[2026-10-10 11:01:19.871] [thread-id: 136524549926976] [trace] zeMemFreeExt(hContext, pMemFreeDesc, ptr)
[2026-10-10 11:01:19.871] [thread-id: 136524549926976] [trace] SUCCESS (ZE_RESULT_SUCCESS) in zeMemFreeExt(hContext=0x5b581e8, pMemFreeDesc={stype=0x7ffeee54ac60, freePolicy=1}, ptr=0x7c2b06f40000)
[2026-10-10 11:01:19.871] [thread-id: 136524549926976] [trace] zeDeviceGetProperties(hDevice, pDeviceProperties)
[2026-10-10 11:01:19.871] [thread-id: 136524549926976] [trace] SUCCESS (ZE_RESULT_SUCCESS) in zeDeviceGetProperties(hDevice=0x5b41f08, pDeviceProperties={stype=0x7c2b06f4d068, type=0x7c2b06f4d078, vendorId=32902, deviceId=57868, flags=8, subdeviceId=0, coreClockRate=2750, maxMemAllocSize=10132807680, maxHardwareContexts=65536, maxCommandQueuePriority=0, numThreadsPerEU=8, physicalEUSimdWidth=16, numEUsPerSubslice=8, numSubslicesPerSlice=4, numSlices=5, timerResolution=52, timestampValidBits=64, kernelTimestampValidBits=64, uuid={id=134}, name="Intel(R) Arc(TM) B570 Graphics"})
[2026-10-10 11:01:19.871] [thread-id: 136524549926976] [trace] zeMemAllocShared(hContext, device_desc, host_desc, size, alignment, hDevice, pptr)
[2026-10-10 11:01:19.871] [thread-id: 136524549926976] [trace] SUCCESS (ZE_RESULT_SUCCESS) in zeMemAllocShared(hContext=0x5b581e8, device_desc={stype=0x7ffeee54ac80, flags=0, ordinal=0}, host_desc={stype=0x7ffeee54ac60, flags=0}, size=1, alignment=0, hDevice=0x5b41f08, pptr=0x7c2b06f30000)
[2026-10-10 11:01:19.871] [thread-id: 136524549926976] [trace] zeMemGetAllocProperties(hContext, ptr, pMemAllocProperties, phDevice)
[2026-10-10 11:01:19.871] [thread-id: 136524549926976] [trace] SUCCESS (ZE_RESULT_SUCCESS) in zeMemGetAllocProperties(hContext=0x5b581e8, ptr=0x7c2b06f30000, pMemAllocProperties={stype=0x7ffeee54ac80, type=0x7ffeee54ac90, id=6, pageSize=65536}, phDevice=nullptr)
[2026-10-10 11:01:19.871] [thread-id: 136524549926976] [trace] zeMemFreeExt(hContext, pMemFreeDesc, ptr)
[2026-10-10 11:01:19.871] [thread-id: 136524549926976] [trace] SUCCESS (ZE_RESULT_SUCCESS) in zeMemFreeExt(hContext=0x5b581e8, pMemFreeDesc={stype=0x7ffeee54ac60, freePolicy=1}, ptr=0x7c2b06f30000)
[2026-10-10 11:01:19.871] [thread-id: 136524549926976] [trace] zeMemAllocHost(hContext, host_desc, size, alignment, pptr)
[2026-10-10 11:01:19.872] [thread-id: 136524549926976] [trace] SUCCESS (ZE_RESULT_SUCCESS) in zeMemAllocHost(hContext=0x5b581e8, host_desc={stype=0x7ffeee54ac80, flags=0}, size=1, alignment=0, pptr=0x7c2b06dffe00)
[2026-10-10 11:01:19.872] [thread-id: 136524549926976] [trace] zeMemGetAllocProperties(hContext, ptr, pMemAllocProperties, phDevice)
[2026-10-10 11:01:19.872] [thread-id: 136524549926976] [trace] SUCCESS (ZE_RESULT_SUCCESS) in zeMemGetAllocProperties(hContext=0x5b581e8, ptr=0x7c2b06dffe00, pMemAllocProperties={stype=0x7ffeee54ac80, type=0x7ffeee54ac90, id=1, pageSize=2097152}, phDevice=nullptr)
[2026-10-10 11:01:19.872] [thread-id: 136524549926976] [trace] zeMemFreeExt(hContext, pMemFreeDesc, ptr)
[2026-10-10 11:01:19.872] [thread-id: 136524549926976] [trace] SUCCESS (ZE_RESULT_SUCCESS) in zeMemFreeExt(hContext=0x5b581e8, pMemFreeDesc={stype=0x7ffeee54ac60, freePolicy=1}, ptr=0x7c2b06dffe00)
[2026-10-10 11:01:19.872] [thread-id: 136524549926976] [trace] zeDeviceGetProperties(hDevice, pDeviceProperties)
[2026-10-10 11:01:19.872] [thread-id: 136524549926976] [trace] SUCCESS (ZE_RESULT_SUCCESS) in zeDeviceGetProperties(hDevice=0x5b41f08, pDeviceProperties={stype=0x7c2b06f45068, type=0x7c2b06f45078, vendorId=32902, deviceId=57868, flags=8, subdeviceId=0, coreClockRate=2750, maxMemAllocSize=10132807680, maxHardwareContexts=65536, maxCommandQueuePriority=0, numThreadsPerEU=8, physicalEUSimdWidth=16, numEUsPerSubslice=8, numSubslicesPerSlice=4, numSlices=5, timerResolution=52, timestampValidBits=64, kernelTimestampValidBits=64, uuid={id=134}, name="Intel(R) Arc(TM) B570 Graphics"})
[2026-10-10 11:01:19.872] [thread-id: 136524549926976] [trace] zeMemAllocDevice(hContext, device_desc, size, alignment, hDevice, pptr)
[2026-10-10 11:01:19.872] [thread-id: 136524549926976] [trace] SUCCESS (ZE_RESULT_SUCCESS) in zeMemAllocDevice(hContext=0x5b581e8, device_desc={stype=0x7ffeee54ac40, flags=0, ordinal=0}, size=1, alignment=0, hDevice=0x5b41f08, pptr=0xffffffffff9ffe00)
[2026-10-10 11:01:19.872] [thread-id: 136524549926976] [trace] zeContextMakeMemoryResident(hContext, hDevice, ptr, size)
[2026-10-10 11:01:19.872] [thread-id: 136524549926976] [trace] SUCCESS (ZE_RESULT_SUCCESS) in zeContextMakeMemoryResident(hContext=0x5b581e8, hDevice=0x5b41f08, ptr=0xffffffffff9ffe00, size=1)
[2026-10-10 11:01:19.872] [thread-id: 136524549926976] [trace] zeMemGetAllocProperties(hContext, ptr, pMemAllocProperties, phDevice)
[2026-10-10 11:01:19.872] [thread-id: 136524549926976] [trace] SUCCESS (ZE_RESULT_SUCCESS) in zeMemGetAllocProperties(hContext=0x5b581e8, ptr=0xffffffffff9ffe00, pMemAllocProperties={stype=0x7ffeee54ac80, type=0x7ffeee54ac90, id=3, pageSize=65536}, phDevice=nullptr)
[2026-10-10 11:01:19.872] [thread-id: 136524549926976] [trace] zeMemFreeExt(hContext, pMemFreeDesc, ptr)
[2026-10-10 11:01:19.872] [thread-id: 136524549926976] [trace] SUCCESS (ZE_RESULT_SUCCESS) in zeMemFreeExt(hContext=0x5b581e8, pMemFreeDesc={stype=0x7ffeee54ac60, freePolicy=1}, ptr=0xffffffffff9ffe00)
[2026-10-10 11:01:19.872] [thread-id: 136524549926976] [trace] zeDeviceGetProperties(hDevice, pDeviceProperties)
[2026-10-10 11:01:19.872] [thread-id: 136524549926976] [trace] SUCCESS (ZE_RESULT_SUCCESS) in zeDeviceGetProperties(hDevice=0x5b41f08, pDeviceProperties={stype=0x7c2b06f38068, type=0x7c2b06f38078, vendorId=32902, deviceId=57868, flags=8, subdeviceId=0, coreClockRate=2750, maxMemAllocSize=10132807680, maxHardwareContexts=65536, maxCommandQueuePriority=0, numThreadsPerEU=8, physicalEUSimdWidth=16, numEUsPerSubslice=8, numSubslicesPerSlice=4, numSlices=5, timerResolution=52, timestampValidBits=64, kernelTimestampValidBits=64, uuid={id=134}, name="Intel(R) Arc(TM) B570 Graphics"})
[2026-10-10 11:01:19.872] [thread-id: 136524549926976] [trace] zeMemAllocShared(hContext, device_desc, host_desc, size, alignment, hDevice, pptr)
[2026-10-10 11:01:19.872] [thread-id: 136524549926976] [trace] SUCCESS (ZE_RESULT_SUCCESS) in zeMemAllocShared(hContext=0x5b581e8, device_desc={stype=0x7ffeee54ac80, flags=0, ordinal=0}, host_desc={stype=0x7ffeee54ac60, flags=0}, size=1, alignment=0, hDevice=0x5b41f08, pptr=0x7c2b06f20000)
[2026-10-10 11:01:19.872] [thread-id: 136524549926976] [trace] zeMemGetAllocProperties(hContext, ptr, pMemAllocProperties, phDevice)
[2026-10-10 11:01:19.872] [thread-id: 136524549926976] [trace] SUCCESS (ZE_RESULT_SUCCESS) in zeMemGetAllocProperties(hContext=0x5b581e8, ptr=0x7c2b06f20000, pMemAllocProperties={stype=0x7ffeee54ac80, type=0x7ffeee54ac90, id=9, pageSize=65536}, phDevice=nullptr)
[2026-10-10 11:01:19.872] [thread-id: 136524549926976] [trace] zeMemFreeExt(hContext, pMemFreeDesc, ptr)
[2026-10-10 11:01:19.872] [thread-id: 136524549926976] [trace] SUCCESS (ZE_RESULT_SUCCESS) in zeMemFreeExt(hContext=0x5b581e8, pMemFreeDesc={stype=0x7ffeee54ac60, freePolicy=1}, ptr=0x7c2b06f20000)
[2026-10-10 11:01:19.872] [thread-id: 136524549926976] [trace] zeDeviceGetProperties(hDevice, pDeviceProperties)
[2026-10-10 11:01:19.873] [thread-id: 136524549926976] [trace] SUCCESS (ZE_RESULT_SUCCESS) in zeDeviceGetProperties(hDevice=0x5b41f08, pDeviceProperties={stype=0x7c2b06f34068, type=0x7c2b06f34078, vendorId=32902, deviceId=57868, flags=8, subdeviceId=0, coreClockRate=2750, maxMemAllocSize=10132807680, maxHardwareContexts=65536, maxCommandQueuePriority=0, numThreadsPerEU=8, physicalEUSimdWidth=16, numEUsPerSubslice=8, numSubslicesPerSlice=4, numSlices=5, timerResolution=52, timestampValidBits=64, kernelTimestampValidBits=64, uuid={id=134}, name="Intel(R) Arc(TM) B570 Graphics"})
[2026-10-10 11:01:19.873] [thread-id: 136524549926976] [trace] zeMemAllocShared(hContext, device_desc, host_desc, size, alignment, hDevice, pptr)
[2026-10-10 11:01:19.873] [thread-id: 136524549926976] [trace] SUCCESS (ZE_RESULT_SUCCESS) in zeMemAllocShared(hContext=0x5b581e8, device_desc={stype=0x7ffeee54ac80, flags=0, ordinal=0}, host_desc={stype=0x7ffeee54ac60, flags=0}, size=1, alignment=0, hDevice=0x5b41f08, pptr=0x7c2b06f20000)
[2026-10-10 11:01:19.873] [thread-id: 136524549926976] [trace] zeMemGetAllocProperties(hContext, ptr, pMemAllocProperties, phDevice)
[2026-10-10 11:01:19.873] [thread-id: 136524549926976] [trace] SUCCESS (ZE_RESULT_SUCCESS) in zeMemGetAllocProperties(hContext=0x5b581e8, ptr=0x7c2b06f20000, pMemAllocProperties={stype=0x7ffeee54ac80, type=0x7ffeee54ac90, id=10, pageSize=65536}, phDevice=nullptr)
[2026-10-10 11:01:19.873] [thread-id: 136524549926976] [trace] zeMemFreeExt(hContext, pMemFreeDesc, ptr)
[2026-10-10 11:01:19.873] [thread-id: 136524549926976] [trace] SUCCESS (ZE_RESULT_SUCCESS) in zeMemFreeExt(hContext=0x5b581e8, pMemFreeDesc={stype=0x7ffeee54ac60, freePolicy=1}, ptr=0x7c2b06f20000)
   <--- urContextCreate(.DeviceCount = 1, .phDevices = 0x5b57ce0 {0x5b57020}, .pProperties = nullptr, .phContext = 0x5b59b40 (0x5b5bb70)) -> UR_RESULT_SUCCESS;
   ---> urQueueCreate
<LEVEL_ZERO>[INFO]: Copy offload is disabled by the environment variable.
<LEVEL_ZERO>[DEBUG]: create command list ordinal: 0, type: immediate, device: 0x5b41f08, inOrder: 1
[2026-10-10 11:01:19.873] [thread-id: 136524549926976] [trace] zeCommandListCreateImmediate(hContext, hDevice, altdesc, phCommandList)
[2026-10-10 11:01:19.876] [thread-id: 136524549926976] [trace] SUCCESS (ZE_RESULT_SUCCESS) in zeCommandListCreateImmediate(hContext=0x5b581e8, hDevice=0x5b41f08, altdesc={stype=0x7ffeee54b180, ordinal=0, index=0, flags=2, mode=0x7ffeee54b19c, priority=0x7ffeee54b1a0}, phCommandList=0x5b5fa48)
[2026-10-10 11:01:19.876] [thread-id: 136524549926976] [trace] zeDriverGetExtensionFunctionAddress(hDriver, name, ppFunctionAddress)
[2026-10-10 11:01:19.876] [thread-id: 136524549926976] [trace] SUCCESS (ZE_RESULT_SUCCESS) in zeDriverGetExtensionFunctionAddress(hDriver=0x5b419a8, name="zexCounterBasedEventCreate2", ppFunctionAddress=0x7c2b1540ec00)
   <--- urQueueCreate(.hContext = 0x5b5bb70, .hDevice = 0x5b57020, .pProperties = 0x7ffeee54b760 ((struct ur_queue_properties_t){.stype = UR_STRUCTURE_TYPE_QUEUE_PROPERTIES, .pNext = nullptr, .flags = 0}), .phQueue = 0x7ffeee54b778 (0x5b5ec90)) -> UR_RESULT_SUCCESS;
   ---> urDeviceGetNativeHandle
   <--- urDeviceGetNativeHandle(.hDevice = 0x5b57020, .phNativeDevice = 0x7ffeee54b868 (95690504)) -> UR_RESULT_SUCCESS;
   ---> urPlatformGetNativeHandle
   <--- urPlatformGetNativeHandle(.hPlatform = 0x5b557f0, .phNativePlatform = 0x7ffeee54b870 (95689128)) -> UR_RESULT_SUCCESS;
[2026-10-10 11:01:19.876] [thread-id: 136524549926976] [trace] zeDeviceGetProperties(hDevice, pDeviceProperties)
[2026-10-10 11:01:19.877] [thread-id: 136524549926976] [trace] SUCCESS (ZE_RESULT_SUCCESS) in zeDeviceGetProperties(hDevice=0x5b41f08, pDeviceProperties={stype=0x7ffeee54be10, type=0x7ffeee54be20, vendorId=32902, deviceId=57868, flags=8, subdeviceId=0, coreClockRate=2750, maxMemAllocSize=10132807680, maxHardwareContexts=65536, maxCommandQueuePriority=0, numThreadsPerEU=8, physicalEUSimdWidth=16, numEUsPerSubslice=8, numSubslicesPerSlice=4, numSlices=5, timerResolution=52, timestampValidBits=64, kernelTimestampValidBits=64, uuid={id=134}, name="Intel(R) Arc(TM) B570 Graphics"})
[2026-10-10 11:01:19.877] [thread-id: 136524549926976] [trace] zeDriverGetProperties(hDriver, pDriverProperties)
[2026-10-10 11:01:19.877] [thread-id: 136524549926976] [trace] SUCCESS (ZE_RESULT_SUCCESS) in zeDriverGetProperties(hDriver=0x5b419a8, pDriverProperties={stype=0x7ffeee54b8f0, uuid={id=227}, driverVersion=17013219})
[2026-10-10 11:01:19.877] [thread-id: 136524549926976] [trace] zeDriverGetExtensionProperties(hDriver, pCount, pExtensionProperties)
[2026-10-10 11:01:19.877] [thread-id: 136524549926976] [trace] SUCCESS (ZE_RESULT_SUCCESS) in zeDriverGetExtensionProperties(hDriver=0x5b419a8, pCount=63, pExtensionProperties=nullptr)
[2026-10-10 11:01:19.877] [thread-id: 136524549926976] [trace] zeDriverGetExtensionProperties(hDriver, pCount, pExtensionProperties)
[2026-10-10 11:01:19.877] [thread-id: 136524549926976] [trace] SUCCESS (ZE_RESULT_SUCCESS) in zeDriverGetExtensionProperties(hDriver=0x5b419a8, pCount=63, pExtensionProperties={name="ZE_extension_device_cache_line_size", version=65536})
[2026-10-10 11:01:19.877] [thread-id: 136524549926976] [trace] zeDriverGetExtensionFunctionAddress(hDriver, name, ppFunctionAddress)
[2026-10-10 11:01:19.877] [thread-id: 136524549926976] [trace] ERROR (ZE_RESULT_ERROR_INVALID_ARGUMENT) in zeDriverGetExtensionFunctionAddress(hDriver=0x5b419a8, name="zeDevicePciGetPropertiesExt", ppFunctionAddress=0x7ffeee54b970)
   ---> urQueueRelease
[2026-10-10 11:01:19.878] [thread-id: 136524549926976] [trace] zeCommandListHostSynchronize(hCommandList, timeout)
[2026-10-10 11:01:19.878] [thread-id: 136524549926976] [trace] SUCCESS (ZE_RESULT_SUCCESS) in zeCommandListHostSynchronize(hCommandList=0x5b5fa48, timeout=18446744073709551615)
   <--- urQueueRelease(.hQueue = 0x5b5ec90) -> UR_RESULT_SUCCESS;
TERMINAL,fail,identity query failed:PCI function address:2013265924
   ---> urContextRelease
[2026-10-10 11:01:19.878] [thread-id: 136524549926976] [trace] zeCommandListDestroy(hCommandList)
[2026-10-10 11:01:19.878] [thread-id: 136524549926976] [trace] SUCCESS (ZE_RESULT_SUCCESS) in zeCommandListDestroy(hCommandList=0x5b5fa48)
[2026-10-10 11:01:19.878] [thread-id: 136524549926976] [trace] zeContextDestroy(hContext)
[2026-10-10 11:01:19.878] [thread-id: 136524549926976] [trace] SUCCESS (ZE_RESULT_SUCCESS) in zeContextDestroy(hContext=0x5b581e8)
   <--- urContextRelease(.hContext = 0x5b5bb70) -> UR_RESULT_SUCCESS;
   ---> urDeviceRelease
   <--- urDeviceRelease(.hDevice = 0x5b57020) -> UR_RESULT_SUCCESS;
   ---> urAdapterRelease
   <--- urAdapterRelease(.hAdapter = 0x595e500) -> UR_RESULT_SUCCESS;
