	linux-vdso.so.1 (0x000070237ba52000)
	libmkl_sycl_blas.so.6 => /opt/intel/oneapi/mkl/2026.1/lib/libmkl_sycl_blas.so.6 (0x0000702377d73000)
	libmkl_sycl_lapack.so.6 => /opt/intel/oneapi/mkl/2026.1/lib/libmkl_sycl_lapack.so.6 (0x000070237627e000)
	libmkl_sycl_dft.so.6 => /opt/intel/oneapi/mkl/2026.1/lib/libmkl_sycl_dft.so.6 (0x0000702373fd9000)
	libmkl_sycl_sparse.so.6 => /opt/intel/oneapi/mkl/2026.1/lib/libmkl_sycl_sparse.so.6 (0x000070237093d000)
	libmkl_sycl_rng.so.6 => /opt/intel/oneapi/mkl/2026.1/lib/libmkl_sycl_rng.so.6 (0x000070236cbea000)
	libmkl_sycl_stats.so.6 => /opt/intel/oneapi/mkl/2026.1/lib/libmkl_sycl_stats.so.6 (0x000070236be81000)
	libmkl_sycl_vm.so.6 => /opt/intel/oneapi/mkl/2026.1/lib/libmkl_sycl_vm.so.6 (0x0000702367d5a000)
	libmkl_sycl_data_fitting.so.6 => /opt/intel/oneapi/mkl/2026.1/lib/libmkl_sycl_data_fitting.so.6 (0x00007023676fe000)
	libmkl_intel_lp64.so.3 => /opt/intel/oneapi/mkl/2026.1/lib/libmkl_intel_lp64.so.3 (0x00007023666f9000)
	libmkl_sequential.so.3 => /opt/intel/oneapi/mkl/2026.1/lib/libmkl_sequential.so.3 (0x0000702365021000)
	libmkl_core.so.3 => /opt/intel/oneapi/mkl/2026.1/lib/libmkl_core.so.3 (0x00007023609e4000)
	libstdc++.so.6 => /usr/lib/x86_64-linux-gnu/libstdc++.so.6 (0x0000702360766000)
	libm.so.6 => /usr/lib/x86_64-linux-gnu/libm.so.6 (0x000070236067d000)
	libgcc_s.so.1 => /usr/lib/x86_64-linux-gnu/libgcc_s.so.1 (0x000070236064f000)
	libsycl.so.9 => /opt/intel/oneapi/compiler/2026.1/lib/libsycl.so.9 (0x0000702360273000)
	libOpenCL.so.1 => /opt/intel/oneapi/compiler/2026.1/lib/libOpenCL.so.1 (0x000070236025d000)
	libc.so.6 => /usr/lib/x86_64-linux-gnu/libc.so.6 (0x000070236004a000)
	libdl.so.2 => /usr/lib/x86_64-linux-gnu/libdl.so.2 (0x0000702360045000)
	libpthread.so.0 => /usr/lib/x86_64-linux-gnu/libpthread.so.0 (0x0000702360040000)
	/lib64/ld-linux-x86-64.so.2 (0x000070237ba54000)
	libur_loader.so.0 => /opt/intel/oneapi/compiler/2026.1/lib/libur_loader.so.0 (0x000070235f27c000)
	libsvml.so => /opt/intel/oneapi/compiler/2026.1/lib/libsvml.so (0x000070235dac9000)
	libirng.so => /opt/intel/oneapi/compiler/2026.1/lib/libirng.so (0x000070235d9d0000)
	libimf.so => /opt/intel/oneapi/compiler/2026.1/lib/libimf.so (0x000070235d581000)
	libintlc.so.5 => /opt/intel/oneapi/compiler/2026.1/lib/libintlc.so.5 (0x000070235d51e000)
	librt.so.1 => /usr/lib/x86_64-linux-gnu/librt.so.1 (0x000070235d519000)
	libz.so.1 => /usr/lib/x86_64-linux-gnu/libz.so.1 (0x000070235d4fb000)
