=thread-group-added,id="i1"
(gdb) 
1^done
(gdb) 
2^done
(gdb) 
3^done
(gdb) 
4^done
(gdb) 
5^done
(gdb) 
6^done
(gdb) 
7^done
(gdb) 
8^done
(gdb) 
9^done
(gdb) 
10^done
(gdb) 
=thread-group-started,id="i1",pid="2761558"
=thread-created,id="1",group-id="i1"
=library-loaded,id="/lib64/ld-linux-x86-64.so.2",target-name="/lib64/ld-linux-x86-64.so.2",host-name="/lib64/ld-linux-x86-64.so.2",symbols-loaded="0",thread-group="i1",ranges=[{from="0x00007ffff7fc6000",to="0x00007ffff7ff0195"}]
11^running
*running,thread-id="all"
(gdb) 
=library-loaded,id="/usr/lib/x86_64-linux-gnu/libm.so.6",target-name="/usr/lib/x86_64-linux-gnu/libm.so.6",host-name="/usr/lib/x86_64-linux-gnu/libm.so.6",symbols-loaded="0",thread-group="i1",ranges=[{from="0x00007ffff7ee2420",to="0x00007ffff7f603a6"}]
=library-loaded,id="/usr/lib/x86_64-linux-gnu/libz.so.1",target-name="/usr/lib/x86_64-linux-gnu/libz.so.1",host-name="/usr/lib/x86_64-linux-gnu/libz.so.1",symbols-loaded="0",thread-group="i1",ranges=[{from="0x00007ffff7eb8260",to="0x00007ffff7ec9c60"}]
=library-loaded,id="/usr/lib/x86_64-linux-gnu/libexpat.so.1",target-name="/usr/lib/x86_64-linux-gnu/libexpat.so.1",host-name="/usr/lib/x86_64-linux-gnu/libexpat.so.1",symbols-loaded="0",thread-group="i1",ranges=[{from="0x00007ffff7e8c210",to="0x00007ffff7eaa473"}]
=library-loaded,id="/usr/lib/x86_64-linux-gnu/libc.so.6",target-name="/usr/lib/x86_64-linux-gnu/libc.so.6",host-name="/usr/lib/x86_64-linux-gnu/libc.so.6",symbols-loaded="0",thread-group="i1",ranges=[{from="0x00007ffff7c9d800",to="0x00007ffff7e25039"}]
~"[Thread debugging using libthread_db enabled]\n"
~"Using host libthread_db library \"/usr/lib/x86_64-linux-gnu/libthread_db.so.1\".\n"
=library-loaded,id="/usr/lib/python3.12/lib-dynload/_json.cpython-312-x86_64-linux-gnu.so",target-name="/usr/lib/python3.12/lib-dynload/_json.cpython-312-x86_64-linux-gnu.so",host-name="/usr/lib/python3.12/lib-dynload/_json.cpython-312-x86_64-linux-gnu.so",symbols-loaded="0",thread-group="i1",ranges=[{from="0x00007ffff75b06a0",to="0x00007ffff75b660d"}]
~"process 2761558 is executing new program: /home/yayoi/.local/state/strata-sycl/post-reboot-tuning-20261007/strata-prefill-workspace-reclaim-candidate\n"
=library-unloaded,id="/lib64/ld-linux-x86-64.so.2",target-name="/lib64/ld-linux-x86-64.so.2",host-name="/lib64/ld-linux-x86-64.so.2",thread-group="i1"
=library-unloaded,id="/usr/lib/x86_64-linux-gnu/libm.so.6",target-name="/usr/lib/x86_64-linux-gnu/libm.so.6",host-name="/usr/lib/x86_64-linux-gnu/libm.so.6",thread-group="i1"
=library-unloaded,id="/usr/lib/x86_64-linux-gnu/libz.so.1",target-name="/usr/lib/x86_64-linux-gnu/libz.so.1",host-name="/usr/lib/x86_64-linux-gnu/libz.so.1",thread-group="i1"
=library-unloaded,id="/usr/lib/x86_64-linux-gnu/libexpat.so.1",target-name="/usr/lib/x86_64-linux-gnu/libexpat.so.1",host-name="/usr/lib/x86_64-linux-gnu/libexpat.so.1",thread-group="i1"
=library-unloaded,id="/usr/lib/x86_64-linux-gnu/libc.so.6",target-name="/usr/lib/x86_64-linux-gnu/libc.so.6",host-name="/usr/lib/x86_64-linux-gnu/libc.so.6",thread-group="i1"
=library-unloaded,id="/usr/lib/python3.12/lib-dynload/_json.cpython-312-x86_64-linux-gnu.so",target-name="/usr/lib/python3.12/lib-dynload/_json.cpython-312-x86_64-linux-gnu.so",host-name="/usr/lib/python3.12/lib-dynload/_json.cpython-312-x86_64-linux-gnu.so",thread-group="i1"
=library-loaded,id="/lib64/ld-linux-x86-64.so.2",target-name="/lib64/ld-linux-x86-64.so.2",host-name="/lib64/ld-linux-x86-64.so.2",symbols-loaded="0",thread-group="i1",ranges=[{from="0x00007ffff7fc6000",to="0x00007ffff7ff0195"}]
=library-loaded,id="/usr/lib/x86_64-linux-gnu/libm.so.6",target-name="/usr/lib/x86_64-linux-gnu/libm.so.6",host-name="/usr/lib/x86_64-linux-gnu/libm.so.6",symbols-loaded="0",thread-group="i1",ranges=[{from="0x00007ffff7ee2420",to="0x00007ffff7f603a6"}]
=library-loaded,id="/opt/intel/oneapi/mkl/2026.1/lib/libmkl_sycl_blas.so.6",target-name="/opt/intel/oneapi/mkl/2026.1/lib/libmkl_sycl_blas.so.6",host-name="/opt/intel/oneapi/mkl/2026.1/lib/libmkl_sycl_blas.so.6",symbols-loaded="0",thread-group="i1",ranges=[{from="0x00007ffff4db66a0",to="0x00007ffff6b3a502"}]
=library-loaded,id="/opt/intel/oneapi/mkl/2026.1/lib/libmkl_sycl_lapack.so.6",target-name="/opt/intel/oneapi/mkl/2026.1/lib/libmkl_sycl_lapack.so.6",host-name="/opt/intel/oneapi/mkl/2026.1/lib/libmkl_sycl_lapack.so.6",symbols-loaded="0",thread-group="i1",ranges=[{from="0x00007ffff2cd12b0",to="0x00007ffff3b0fc00"}]
=library-loaded,id="/opt/intel/oneapi/mkl/2026.1/lib/libmkl_sycl_dft.so.6",target-name="/opt/intel/oneapi/mkl/2026.1/lib/libmkl_sycl_dft.so.6",host-name="/opt/intel/oneapi/mkl/2026.1/lib/libmkl_sycl_dft.so.6",symbols-loaded="0",thread-group="i1",ranges=[{from="0x00007ffff04df2c0",to="0x00007ffff0846392"}]
=library-loaded,id="/opt/intel/oneapi/mkl/2026.1/lib/libmkl_sycl_sparse.so.6",target-name="/opt/intel/oneapi/mkl/2026.1/lib/libmkl_sycl_sparse.so.6",host-name="/opt/intel/oneapi/mkl/2026.1/lib/libmkl_sycl_sparse.so.6",symbols-loaded="0",thread-group="i1",ranges=[{from="0x00007fffedab8ce0",to="0x00007fffef0b80e3"}]
=library-loaded,id="/opt/intel/oneapi/mkl/2026.1/lib/libmkl_sycl_rng.so.6",target-name="/opt/intel/oneapi/mkl/2026.1/lib/libmkl_sycl_rng.so.6",host-name="/opt/intel/oneapi/mkl/2026.1/lib/libmkl_sycl_rng.so.6",symbols-loaded="0",thread-group="i1",ranges=[{from="0x00007fffe9f18f40",to="0x00007fffeb5dee42"}]
=library-loaded,id="/opt/intel/oneapi/mkl/2026.1/lib/libmkl_sycl_stats.so.6",target-name="/opt/intel/oneapi/mkl/2026.1/lib/libmkl_sycl_stats.so.6",host-name="/opt/intel/oneapi/mkl/2026.1/lib/libmkl_sycl_stats.so.6",symbols-loaded="0",thread-group="i1",ranges=[{from="0x00007fffe876c720",to="0x00007fffe8b778d0"}]
=library-loaded,id="/opt/intel/oneapi/mkl/2026.1/lib/libmkl_sycl_vm.so.6",target-name="/opt/intel/oneapi/mkl/2026.1/lib/libmkl_sycl_vm.so.6",host-name="/opt/intel/oneapi/mkl/2026.1/lib/libmkl_sycl_vm.so.6",symbols-loaded="0",thread-group="i1",ranges=[{from="0x00007fffe540eca0",to="0x00007fffe6bd2eb4"}]
=library-loaded,id="/opt/intel/oneapi/mkl/2026.1/lib/libmkl_sycl_data_fitting.so.6",target-name="/opt/intel/oneapi/mkl/2026.1/lib/libmkl_sycl_data_fitting.so.6",host-name="/opt/intel/oneapi/mkl/2026.1/lib/libmkl_sycl_data_fitting.so.6",symbols-loaded="0",thread-group="i1",ranges=[{from="0x00007fffe3f152e0",to="0x00007fffe3fbdac3"}]
=library-loaded,id="/opt/intel/oneapi/mkl/2026.1/lib/libmkl_intel_lp64.so.3",target-name="/opt/intel/oneapi/mkl/2026.1/lib/libmkl_intel_lp64.so.3",host-name="/opt/intel/oneapi/mkl/2026.1/lib/libmkl_intel_lp64.so.3",symbols-loaded="0",thread-group="i1",ranges=[{from="0x00007fffe2e0f430",to="0x00007fffe38d343f"}]
=library-loaded,id="/opt/intel/oneapi/mkl/2026.1/lib/libmkl_sequential.so.3",target-name="/opt/intel/oneapi/mkl/2026.1/lib/libmkl_sequential.so.3",host-name="/opt/intel/oneapi/mkl/2026.1/lib/libmkl_sequential.so.3",symbols-loaded="0",thread-group="i1",ranges=[{from="0x00007fffe1635b70",to="0x00007fffe29abdca"}]
=library-loaded,id="/opt/intel/oneapi/mkl/2026.1/lib/libmkl_core.so.3",target-name="/opt/intel/oneapi/mkl/2026.1/lib/libmkl_core.so.3",host-name="/opt/intel/oneapi/mkl/2026.1/lib/libmkl_core.so.3",symbols-loaded="0",thread-group="i1",ranges=[{from="0x00007fffdd07ce00",to="0x00007fffe0f5a03c"}]
=library-loaded,id="/usr/lib/x86_64-linux-gnu/libstdc++.so.6",target-name="/usr/lib/x86_64-linux-gnu/libstdc++.so.6",host-name="/usr/lib/x86_64-linux-gnu/libstdc++.so.6",symbols-loaded="0",thread-group="i1",ranges=[{from="0x00007fffdcc935c0",to="0x00007fffdcdd2ce2"}]
=library-loaded,id="/usr/lib/x86_64-linux-gnu/libgcc_s.so.1",target-name="/usr/lib/x86_64-linux-gnu/libgcc_s.so.1",host-name="/usr/lib/x86_64-linux-gnu/libgcc_s.so.1",symbols-loaded="0",thread-group="i1",ranges=[{from="0x00007fffdcbc4780",to="0x00007fffdcbe7745"}]
=library-loaded,id="/opt/intel/oneapi/compiler/2026.1/lib/libsycl.so.9",target-name="/opt/intel/oneapi/compiler/2026.1/lib/libsycl.so.9",host-name="/opt/intel/oneapi/compiler/2026.1/lib/libsycl.so.9",symbols-loaded="0",thread-group="i1",ranges=[{from="0x00007fffdc8e1900",to="0x00007fffdcbb1aae"}]
=library-loaded,id="/opt/intel/oneapi/compiler/2026.1/lib/libOpenCL.so.1",target-name="/opt/intel/oneapi/compiler/2026.1/lib/libOpenCL.so.1",host-name="/opt/intel/oneapi/compiler/2026.1/lib/libOpenCL.so.1",symbols-loaded="0",thread-group="i1",ranges=[{from="0x00007fffdc7d6b10",to="0x00007fffdc7dee05"}]
=library-loaded,id="/usr/lib/x86_64-linux-gnu/libc.so.6",target-name="/usr/lib/x86_64-linux-gnu/libc.so.6",host-name="/usr/lib/x86_64-linux-gnu/libc.so.6",symbols-loaded="0",thread-group="i1",ranges=[{from="0x00007fffdc5e3800",to="0x00007fffdc76b039"}]
=library-loaded,id="/usr/lib/x86_64-linux-gnu/libdl.so.2",target-name="/usr/lib/x86_64-linux-gnu/libdl.so.2",host-name="/usr/lib/x86_64-linux-gnu/libdl.so.2",symbols-loaded="0",thread-group="i1",ranges=[{from="0x00007fffdc5b7040",to="0x00007fffdc5b7105"}]
=library-loaded,id="/usr/lib/x86_64-linux-gnu/libpthread.so.0",target-name="/usr/lib/x86_64-linux-gnu/libpthread.so.0",host-name="/usr/lib/x86_64-linux-gnu/libpthread.so.0",symbols-loaded="0",thread-group="i1",ranges=[{from="0x00007fffdc5b2040",to="0x00007fffdc5b2105"}]
=library-loaded,id="/opt/intel/oneapi/compiler/2026.1/lib/libur_loader.so.0",target-name="/opt/intel/oneapi/compiler/2026.1/lib/libur_loader.so.0",host-name="/opt/intel/oneapi/compiler/2026.1/lib/libur_loader.so.0",symbols-loaded="0",thread-group="i1",ranges=[{from="0x00007fffdbbe4840",to="0x00007fffdc55ed24"}]
=library-loaded,id="/opt/intel/oneapi/compiler/2026.1/lib/libsvml.so",target-name="/opt/intel/oneapi/compiler/2026.1/lib/libsvml.so",host-name="/opt/intel/oneapi/compiler/2026.1/lib/libsvml.so",symbols-loaded="0",thread-group="i1",ranges=[{from="0x00007fffdac445c0",to="0x00007fffdb6eca7f"}]
=library-loaded,id="/opt/intel/oneapi/compiler/2026.1/lib/libirng.so",target-name="/opt/intel/oneapi/compiler/2026.1/lib/libirng.so",host-name="/opt/intel/oneapi/compiler/2026.1/lib/libirng.so",symbols-loaded="0",thread-group="i1",ranges=[{from="0x00007fffd9fe1c80",to="0x00007fffda024f16"}]
=library-loaded,id="/opt/intel/oneapi/compiler/2026.1/lib/libimf.so",target-name="/opt/intel/oneapi/compiler/2026.1/lib/libimf.so",host-name="/opt/intel/oneapi/compiler/2026.1/lib/libimf.so",symbols-loaded="0",thread-group="i1",ranges=[{from="0x00007fffd9d61170",to="0x00007fffd9eef292"}]
=library-loaded,id="/opt/intel/oneapi/compiler/2026.1/lib/libintlc.so.5",target-name="/opt/intel/oneapi/compiler/2026.1/lib/libintlc.so.5",host-name="/opt/intel/oneapi/compiler/2026.1/lib/libintlc.so.5",symbols-loaded="0",thread-group="i1",ranges=[{from="0x00007fffd9aa0240",to="0x00007fffd9aeb1f0"}]
=library-loaded,id="/usr/lib/x86_64-linux-gnu/librt.so.1",target-name="/usr/lib/x86_64-linux-gnu/librt.so.1",host-name="/usr/lib/x86_64-linux-gnu/librt.so.1",symbols-loaded="0",thread-group="i1",ranges=[{from="0x00007fffd9a8b080",to="0x00007fffd9a8b2b1"}]
=library-loaded,id="/usr/lib/x86_64-linux-gnu/libz.so.1",target-name="/usr/lib/x86_64-linux-gnu/libz.so.1",host-name="/usr/lib/x86_64-linux-gnu/libz.so.1",symbols-loaded="0",thread-group="i1",ranges=[{from="0x00007fffd9a70260",to="0x00007fffd9a81c60"}]
&"warning: File \"/opt/intel/oneapi/compiler/2026.1/lib/libsycl.so.9.0.0-gdb.py\" auto-loading has been declined by your `auto-load safe-path' set to \"$debugdir:$datadir/auto-load\".\n"
~"To enable execution of this file add\n\tadd-auto-load-safe-path "
~"/opt/intel/oneapi/compiler/2026.1/lib/libsycl.so.9.0.0-gdb.py\nline to your configuration file \""
~"/home/yayoi/.config/gdb/gdbinit\".\nTo completely disable this security protection add\n\tset auto-load safe-path /\nline to your configuration file \""
~"/home/yayoi/.config/gdb/gdbinit\".\nFor more information about this security protection see the\n\"Auto-loading safe path\" section in the GDB manual.  E.g., run from the shell:\n\tinfo \"(gdb)Auto-loading safe path\"\n"
~"[Thread debugging using libthread_db enabled]\n"
~"Using host libthread_db library \"/usr/lib/x86_64-linux-gnu/libthread_db.so.1\".\n"
=library-loaded,id="/opt/intel/oneapi/compiler/2026.1/lib/libur_adapter_level_zero_v2.so.0",target-name="/opt/intel/oneapi/compiler/2026.1/lib/libur_adapter_level_zero_v2.so.0",host-name="/opt/intel/oneapi/compiler/2026.1/lib/libur_adapter_level_zero_v2.so.0",symbols-loaded="0",thread-group="i1",ranges=[{from="0x00007fec616af750",to="0x00007fec6180b822"}]
=library-loaded,id="/opt/intel/oneapi/umf/1.1/lib/libumf.so.1",target-name="/opt/intel/oneapi/umf/1.1/lib/libumf.so.1",host-name="/opt/intel/oneapi/umf/1.1/lib/libumf.so.1",symbols-loaded="0",thread-group="i1",ranges=[{from="0x00007fffd9a108f0",to="0x00007fffd9a33470"}]
=library-loaded,id="/usr/lib/x86_64-linux-gnu/libhwloc.so.15",target-name="/usr/lib/x86_64-linux-gnu/libhwloc.so.15",host-name="/usr/lib/x86_64-linux-gnu/libhwloc.so.15",symbols-loaded="0",thread-group="i1",ranges=[{from="0x00007fec615fed90",to="0x00007fec61644d2e"}]
=library-loaded,id="/usr/lib/x86_64-linux-gnu/libudev.so.1",target-name="/usr/lib/x86_64-linux-gnu/libudev.so.1",host-name="/usr/lib/x86_64-linux-gnu/libudev.so.1",symbols-loaded="0",thread-group="i1",ranges=[{from="0x00007fffd99dc0f0",to="0x00007fffd99fc4c0"}]
=library-loaded,id="/usr/lib/x86_64-linux-gnu/libcap.so.2",target-name="/usr/lib/x86_64-linux-gnu/libcap.so.2",host-name="/usr/lib/x86_64-linux-gnu/libcap.so.2",symbols-loaded="0",thread-group="i1",ranges=[{from="0x00007fffd99cc9c0",to="0x00007fffd99d1607"}]
=library-loaded,id="/usr/lib/x86_64-linux-gnu/libze_loader.so.1",target-name="/usr/lib/x86_64-linux-gnu/libze_loader.so.1",host-name="/usr/lib/x86_64-linux-gnu/libze_loader.so.1",symbols-loaded="0",thread-group="i1",ranges=[{from="0x00007fec6153bd00",to="0x00007fec615c0795"}]
=library-loaded,id="/usr/lib/x86_64-linux-gnu/libze_intel_gpu.so.1",target-name="/usr/lib/x86_64-linux-gnu/libze_intel_gpu.so.1",host-name="/usr/lib/x86_64-linux-gnu/libze_intel_gpu.so.1",symbols-loaded="0",thread-group="i1",ranges=[{from="0x00007fec5d9f4570",to="0x00007fec5e2ffa32"}]
=library-loaded,id="/usr/lib/x86_64-linux-gnu/libigdgmm.so.12",target-name="/usr/lib/x86_64-linux-gnu/libigdgmm.so.12",host-name="/usr/lib/x86_64-linux-gnu/libigdgmm.so.12",symbols-loaded="0",thread-group="i1",ranges=[{from="0x00007fec5d8692c0",to="0x00007fec5d92ca89"}]
=library-loaded,id="/usr/lib/x86_64-linux-gnu/libze_validation_layer.so.1",target-name="/usr/lib/x86_64-linux-gnu/libze_validation_layer.so.1",host-name="/usr/lib/x86_64-linux-gnu/libze_validation_layer.so.1",symbols-loaded="0",thread-group="i1",ranges=[{from="0x00007fec5d6afc80",to="0x00007fec5d7fe5f5"}]
=library-loaded,id="/usr/lib/x86_64-linux-gnu/libze_tracing_layer.so.1",target-name="/usr/lib/x86_64-linux-gnu/libze_tracing_layer.so.1",host-name="/usr/lib/x86_64-linux-gnu/libze_tracing_layer.so.1",symbols-loaded="0",thread-group="i1",ranges=[{from="0x00007fec5d5b3410",to="0x00007fec5d664570"}]
=library-loaded,id="/usr/lib/x86_64-linux-gnu/libigdfcl.so.2",target-name="/usr/lib/x86_64-linux-gnu/libigdfcl.so.2",host-name="/usr/lib/x86_64-linux-gnu/libigdfcl.so.2",symbols-loaded="0",thread-group="i1",ranges=[{from="0x00007fec5d29ced0",to="0x00007fec5d3fe62d"}]
=library-loaded,id="/usr/lib/x86_64-linux-gnu/libopencl-clang.so.17",target-name="/usr/lib/x86_64-linux-gnu/libopencl-clang.so.17",host-name="/usr/lib/x86_64-linux-gnu/libopencl-clang.so.17",symbols-loaded="0",thread-group="i1",ranges=[{from="0x00007fec55767400",to="0x00007fec59740b62"}]
=library-loaded,id="/usr/lib/x86_64-linux-gnu/libigc.so.2",target-name="/usr/lib/x86_64-linux-gnu/libigc.so.2",host-name="/usr/lib/x86_64-linux-gnu/libigc.so.2",symbols-loaded="0",thread-group="i1",ranges=[{from="0x00007fec4f8e8c00",to="0x00007fec52c85895"}]
=library-loaded,id="/usr/lib/x86_64-linux-gnu/libigdml.so.1",target-name="/usr/lib/x86_64-linux-gnu/libigdml.so.1",host-name="/usr/lib/x86_64-linux-gnu/libigdml.so.1",symbols-loaded="0",thread-group="i1",ranges=[{from="0x00007fec4f4ade20",to="0x00007fec4f5a8888"}]
=library-loaded,id="/usr/lib/x86_64-linux-gnu/libdrm.so.2",target-name="/usr/lib/x86_64-linux-gnu/libdrm.so.2",host-name="/usr/lib/x86_64-linux-gnu/libdrm.so.2",symbols-loaded="0",thread-group="i1",ranges=[{from="0x00007fec4f482780",to="0x00007fec4f48d931"}]
=library-loaded,id="/usr/lib/x86_64-linux-gnu/libnl-genl-3.so.200",target-name="/usr/lib/x86_64-linux-gnu/libnl-genl-3.so.200",host-name="/usr/lib/x86_64-linux-gnu/libnl-genl-3.so.200",symbols-loaded="0",thread-group="i1",ranges=[{from="0x00007fec4f2a7680",to="0x00007fec4f2a920c"}]
=library-loaded,id="/usr/lib/x86_64-linux-gnu/libnl-3.so.200",target-name="/usr/lib/x86_64-linux-gnu/libnl-3.so.200",host-name="/usr/lib/x86_64-linux-gnu/libnl-3.so.200",symbols-loaded="0",thread-group="i1",ranges=[{from="0x00007fec4f28b8c0",to="0x00007fec4f299cb9"}]
=library-unloaded,id="/usr/lib/x86_64-linux-gnu/libnl-genl-3.so.200",target-name="/usr/lib/x86_64-linux-gnu/libnl-genl-3.so.200",host-name="/usr/lib/x86_64-linux-gnu/libnl-genl-3.so.200",thread-group="i1"
=library-unloaded,id="/usr/lib/x86_64-linux-gnu/libnl-3.so.200",target-name="/usr/lib/x86_64-linux-gnu/libnl-3.so.200",host-name="/usr/lib/x86_64-linux-gnu/libnl-3.so.200",thread-group="i1"
=library-loaded,id="/usr/lib/x86_64-linux-gnu/libnl-genl-3.so.200",target-name="/usr/lib/x86_64-linux-gnu/libnl-genl-3.so.200",host-name="/usr/lib/x86_64-linux-gnu/libnl-genl-3.so.200",symbols-loaded="0",thread-group="i1",ranges=[{from="0x00007fec4f2a7680",to="0x00007fec4f2a920c"}]
=library-loaded,id="/usr/lib/x86_64-linux-gnu/libnl-3.so.200",target-name="/usr/lib/x86_64-linux-gnu/libnl-3.so.200",host-name="/usr/lib/x86_64-linux-gnu/libnl-3.so.200",symbols-loaded="0",thread-group="i1",ranges=[{from="0x00007fec4f28b8c0",to="0x00007fec4f299cb9"}]
=thread-created,id="2",group-id="i1"
~"[New Thread 0x7fffd79cb6c0 (LWP 2761902)]\n"
*running,thread-id="2"
=thread-created,id="3",group-id="i1"
~"[New Thread 0x7fffd6cba6c0 (LWP 2761924)]\n"
*running,thread-id="3"
=thread-created,id="4",group-id="i1"
~"[New Thread 0x7fffd64b96c0 (LWP 2761925)]\n"
*running,thread-id="4"
=thread-created,id="5",group-id="i1"
~"[New Thread 0x7fffd5cb86c0 (LWP 2761926)]\n"
*running,thread-id="5"
=thread-created,id="6",group-id="i1"
~"[New Thread 0x7fffd54b76c0 (LWP 2761927)]\n"
*running,thread-id="6"
=thread-created,id="7",group-id="i1"
~"[New Thread 0x7fffd4cb66c0 (LWP 2761928)]\n"
*running,thread-id="7"
=thread-created,id="8",group-id="i1"
~"[New Thread 0x7fffd44b56c0 (LWP 2761929)]\n"
*running,thread-id="8"
=thread-created,id="9",group-id="i1"
~"[New Thread 0x7fffd3cb46c0 (LWP 2761930)]\n"
*running,thread-id="9"
=thread-created,id="10",group-id="i1"
~"[New Thread 0x7fffd34b36c0 (LWP 2761931)]\n"
*running,thread-id="10"
=thread-created,id="11",group-id="i1"
~"[New Thread 0x7fffd2cb26c0 (LWP 2761932)]\n"
*running,thread-id="11"
=thread-created,id="12",group-id="i1"
~"[New Thread 0x7fffd24b16c0 (LWP 2761933)]\n"
*running,thread-id="12"
=thread-created,id="13",group-id="i1"
~"[New Thread 0x7fffd1cb06c0 (LWP 2761934)]\n"
*running,thread-id="13"
=thread-created,id="14",group-id="i1"
~"[New Thread 0x7fffd14af6c0 (LWP 2761935)]\n"
*running,thread-id="14"
=thread-created,id="15",group-id="i1"
~"[New Thread 0x7fffd0cae6c0 (LWP 2761936)]\n"
*running,thread-id="15"
=thread-created,id="16",group-id="i1"
~"[New Thread 0x7fffd04ad6c0 (LWP 2761937)]\n"
*running,thread-id="16"
=thread-created,id="17",group-id="i1"
~"[New Thread 0x7fffcfcac6c0 (LWP 2761938)]\n"
*running,thread-id="17"
=thread-created,id="18",group-id="i1"
~"[New Thread 0x7fffcf4ab6c0 (LWP 2761939)]\n"
*running,thread-id="18"
=thread-created,id="19",group-id="i1"
~"[New Thread 0x7fffc8ca66c0 (LWP 2761941)]\n"
*running,thread-id="19"
=thread-created,id="20",group-id="i1"
~"[New Thread 0x7fffc55756c0 (LWP 2762021)]\n"
*running,thread-id="20"
=thread-created,id="21",group-id="i1"
~"[New Thread 0x7fffc4d746c0 (LWP 2762022)]\n"
*running,thread-id="21"
=thread-created,id="22",group-id="i1"
~"[New Thread 0x7ff3abfff6c0 (LWP 2762023)]\n"
*running,thread-id="22"
=thread-created,id="23",group-id="i1"
~"[New Thread 0x7ff3b37fc6c0 (LWP 2762024)]\n"
*running,thread-id="23"
=thread-created,id="24",group-id="i1"
~"[New Thread 0x7ff3b27f86c0 (LWP 2762025)]\n"
*running,thread-id="24"
~"[Thread 0x7fffc55756c0 (LWP 2762021) exited]\n"
=thread-exited,id="20",group-id="i1"
~"[Thread 0x7ff3b37fc6c0 (LWP 2762024) exited]\n"
=thread-exited,id="23",group-id="i1"
~"[Thread 0x7fffc4d746c0 (LWP 2762022) exited]\n"
=thread-exited,id="21",group-id="i1"
~"[Thread 0x7ff3b27f86c0 (LWP 2762025) exited]\n"
=thread-exited,id="24",group-id="i1"
~"[Thread 0x7ff3abfff6c0 (LWP 2762023) exited]\n"
=thread-exited,id="22",group-id="i1"
=thread-created,id="25",group-id="i1"
~"[New Thread 0x7ff3b27f86c0 (LWP 2762845)]\n"
*running,thread-id="25"
=thread-created,id="26",group-id="i1"
~"[New Thread 0x7ff3b37fc6c0 (LWP 2762846)]\n"
*running,thread-id="26"
=thread-created,id="27",group-id="i1"
~"[New Thread 0x7ff3abfff6c0 (LWP 2762847)]\n"
*running,thread-id="27"
=thread-created,id="28",group-id="i1"
~"[New Thread 0x7fffc4d746c0 (LWP 2762848)]\n"
*running,thread-id="28"
=thread-created,id="29",group-id="i1"
~"[New Thread 0x7fffd962b6c0 (LWP 2762849)]\n"
*running,thread-id="29"
=thread-created,id="30",group-id="i1"
~"[New Thread 0x7ff3a8dfe6c0 (LWP 2762853)]\n"
*running,thread-id="30"
=thread-created,id="31",group-id="i1"
~"[New Thread 0x7ff39bfff6c0 (LWP 2762854)]\n"
*running,thread-id="31"
=thread-created,id="32",group-id="i1"
~"[New Thread 0x7ff39b7fe6c0 (LWP 2762855)]\n"
*running,thread-id="32"
=thread-created,id="33",group-id="i1"
~"[New Thread 0x7ff3997fd6c0 (LWP 2762875)]\n"
*running,thread-id="33"
=thread-created,id="34",group-id="i1"
~"[New Thread 0x7ff398ffc6c0 (LWP 2762876)]\n"
*running,thread-id="34"
=thread-created,id="35",group-id="i1"
~"[New Thread 0x7ff3791ff6c0 (LWP 2762902)]\n"
*running,thread-id="35"
=thread-created,id="36",group-id="i1"
~"[New Thread 0x7ff3789fe6c0 (LWP 2762963)]\n"
*running,thread-id="36"
~"[Thread 0x7ff3789fe6c0 (LWP 2762963) exited]\n"
=thread-exited,id="36",group-id="i1"
=thread-created,id="37",group-id="i1"
~"[New Thread 0x7ff3789fe6c0 (LWP 2762991)]\n"
*running,thread-id="37"
~"[Thread 0x7ff3789fe6c0 (LWP 2762991) exited]\n"
=thread-exited,id="37",group-id="i1"
~"[Thread 0x7ff3997fd6c0 (LWP 2762875) exited]\n"
=thread-exited,id="33",group-id="i1"
~"[Thread 0x7ff398ffc6c0 (LWP 2762876) exited]\n"
=thread-exited,id="34",group-id="i1"
~"[Thread 0x7ff39b7fe6c0 (LWP 2762855) exited]\n"
=thread-exited,id="32",group-id="i1"
~"[Thread 0x7ff39bfff6c0 (LWP 2762854) exited]\n"
=thread-exited,id="31",group-id="i1"
~"[Thread 0x7ff3a8dfe6c0 (LWP 2762853) exited]\n"
=thread-exited,id="30",group-id="i1"
~"[Thread 0x7fffd962b6c0 (LWP 2762849) exited]\n"
=thread-exited,id="29",group-id="i1"
~"[Thread 0x7fffc4d746c0 (LWP 2762848) exited]\n"
=thread-exited,id="28",group-id="i1"
~"[Thread 0x7ff3abfff6c0 (LWP 2762847) exited]\n"
=thread-exited,id="27",group-id="i1"
~"[Thread 0x7ff3b37fc6c0 (LWP 2762846) exited]\n"
=thread-exited,id="26",group-id="i1"
~"[Thread 0x7ff3b27f86c0 (LWP 2762845) exited]\n"
=thread-exited,id="25",group-id="i1"
~"[Thread 0x7fffc8ca66c0 (LWP 2761941) exited]\n"
=thread-exited,id="19",group-id="i1"
~"[Thread 0x7fffcf4ab6c0 (LWP 2761939) exited]\n"
=thread-exited,id="18",group-id="i1"
~"[Thread 0x7fffcfcac6c0 (LWP 2761938) exited]\n"
=thread-exited,id="17",group-id="i1"
~"[Thread 0x7fffd04ad6c0 (LWP 2761937) exited]\n"
=thread-exited,id="16",group-id="i1"
~"[Thread 0x7fffd0cae6c0 (LWP 2761936) exited]\n"
=thread-exited,id="15",group-id="i1"
~"[Thread 0x7fffd14af6c0 (LWP 2761935) exited]\n"
=thread-exited,id="14",group-id="i1"
~"[Thread 0x7fffd1cb06c0 (LWP 2761934) exited]\n"
=thread-exited,id="13",group-id="i1"
~"[Thread 0x7fffd24b16c0 (LWP 2761933) exited]\n"
=thread-exited,id="12",group-id="i1"
~"[Thread 0x7fffd2cb26c0 (LWP 2761932) exited]\n"
=thread-exited,id="11",group-id="i1"
~"[Thread 0x7fffd34b36c0 (LWP 2761931) exited]\n"
=thread-exited,id="10",group-id="i1"
~"[Thread 0x7fffd3cb46c0 (LWP 2761930) exited]\n"
=thread-exited,id="9",group-id="i1"
~"[Thread 0x7fffd44b56c0 (LWP 2761929) exited]\n"
=thread-exited,id="8",group-id="i1"
~"[Thread 0x7fffd4cb66c0 (LWP 2761928) exited]\n"
=thread-exited,id="7",group-id="i1"
~"[Thread 0x7fffd54b76c0 (LWP 2761927) exited]\n"
=thread-exited,id="6",group-id="i1"
~"[Thread 0x7fffd5cb86c0 (LWP 2761926) exited]\n"
=thread-exited,id="5",group-id="i1"
~"[Thread 0x7fffd64b96c0 (LWP 2761925) exited]\n"
=thread-exited,id="4",group-id="i1"
~"[Thread 0x7fffd6cba6c0 (LWP 2761924) exited]\n"
=thread-exited,id="3",group-id="i1"
~"[Thread 0x7ff3791ff6c0 (LWP 2762902) exited]\n"
=thread-exited,id="35",group-id="i1"
~"[Thread 0x7fffd79cb6c0 (LWP 2761902) exited]\n"
=thread-exited,id="2",group-id="i1"
~"[Inferior 1 (process 2761558) exited normally]\n"
=thread-exited,id="1",group-id="i1"
=thread-group-exited,id="i1",exit-code="0"
*stopped,reason="exited-normally"
12^exit
