{"kernel":"_ZTS16dpct_kernel_nameIJZN6strata7prefill12_GLOBAL__N_119launch_gdn_out_normEPKfS4_fS4_PtlPvE26gdn_out_norm_kernel_43e92cEE","sycl_local":[1,1,128],"dynamic_local_bytes":0,"max_cooperative_groups":288,"observed_groups":49152,"exceeds":true}
{"kernel":"_ZTS16dpct_kernel_nameIJZN6strata7prefill12gr_broadcastEPKfPflPvE26gr_broadcast_kernel_3dedc6EE","sycl_local":[1,1,256],"dynamic_local_bytes":0,"max_cooperative_groups":144,"observed_groups":40960,"exceeds":true}
{"kernel":"_ZTS16dpct_kernel_nameIJZN6strata7prefill8gr_writeEPfPKfS4_llPvE22gr_write_kernel_b96cecEE","sycl_local":[1,1,256],"dynamic_local_bytes":0,"max_cooperative_groups":144,"observed_groups":40960,"exceeds":true}
{"kernel":"_ZTS16dpct_kernel_nameIJZN6strata7prefill8gdn_convEPfPKfS4_S2_lfPvE20gdn_l2_kernel_d82250EE","sycl_local":[1,1,128],"dynamic_local_bytes":0,"max_cooperative_groups":288,"observed_groups":32768,"exceeds":true}
{"kernel":"_ZTS16dpct_kernel_nameIJZN6strata7prefill8rms_rowsEPfPKflllfPvE22rms_rows_kernel_c88408EE","sycl_local":[1,1,256],"dynamic_local_bytes":0,"max_cooperative_groups":144,"observed_groups":24576,"exceeds":true}
{"kernel":"_ZTS16dpct_kernel_nameIJZZN6strata7prefill4ropeEPflllllRKNS0_7kernels11RopeScalingEPvENKUlRN4sycl3_V17handlerEE0_clESB_E18rope_kernel_4d58b918dpct_kernel_scalarILi0EEEE","sycl_local":[1,1,32],"dynamic_local_bytes":0,"max_cooperative_groups":1152,"observed_groups":24576,"exceeds":true}
{"kernel":"_ZTS16dpct_kernel_nameIJZN6strata7prefill7split_qEPKfPflPvE21split_q_kernel_83c16cEE","sycl_local":[1,1,256],"dynamic_local_bytes":0,"max_cooperative_groups":144,"observed_groups":24576,"exceeds":true}
{"kernel":"_ZTS16dpct_kernel_nameIJZN6strata7prefill9gate_attnEPKfS3_PtlPvlE23gate_attn_kernel_3fc329EE","sycl_local":[1,1,256],"dynamic_local_bytes":0,"max_cooperative_groups":144,"observed_groups":24576,"exceeds":true}
{"kernel":"_ZTS16dpct_kernel_nameIJZZN6strata7prefill9kv_appendEPKfS3_llPKilPtS6_PaS7_S6_S6_PvPKNS0_7kernels11KvHostPoolsESC_ENKUlRN4sycl3_V17handlerEE_clESG_E23kv_append_kernel_850222EE","sycl_local":[1,1,64],"dynamic_local_bytes":0,"max_cooperative_groups":576,"observed_groups":16384,"exceeds":true}
{"kernel":"_ZTS16dpct_kernel_nameIJZZN6strata7kernels17iq_dequant_gu_f16EiPKvS3_llPtPvENKUlRN4sycl3_V17handlerEE_clES9_E24dequant_gu_kernel_2397caEE","sycl_local":[1,1,32],"dynamic_local_bytes":0,"max_cooperative_groups":1152,"observed_groups":12800,"exceeds":true}
{"kernel":"_ZTS16dpct_kernel_nameIJZN6strata7prefill8gr_mix_rEPKfS3_S3_S3_PfPtlPvS5_S5_E22gr_mix_r_kernel_a64dc1EE","sycl_local":[1,1,256],"dynamic_local_bytes":0,"max_cooperative_groups":144,"observed_groups":10240,"exceeds":true}
{"kernel":"_ZTS16dpct_kernel_nameIJZN6strata7prefill11moe_combineEPKfPKiS3_S3_S3_PflPvE25moe_combine_kernel_60f865EE","sycl_local":[1,1,256],"dynamic_local_bytes":0,"max_cooperative_groups":144,"observed_groups":10240,"exceeds":true}
{"kernel":"_ZTS16dpct_kernel_nameIJZZN6strata7kernels14iq_dequant_f16EiPKvlPtPvENKUlRN4sycl3_V17handlerEE_clES9_E26dequant_flat_kernel_d891c8NS7_6detail9half_impl4halfEEE","sycl_local":[1,1,32],"dynamic_local_bytes":0,"max_cooperative_groups":1152,"observed_groups":6400,"exceeds":true}
{"kernel":"_ZTS16dpct_kernel_nameIJZN6strata7prefill10gr_norm_rsEPKfS3_fPfPtlPvS5_lE24gr_norm_rs_kernel_6c01baEE","sycl_local":[1,1,256],"dynamic_local_bytes":0,"max_cooperative_groups":144,"observed_groups":4096,"exceeds":true}
{"kernel":"_ZTS16dpct_kernel_nameIJZN6strata7prefill16gr_write_norm_rsEPfPKfS4_lS4_fS2_PtlPvS5_lE30gr_write_norm_rs_kernel_85f8e9EE","sycl_local":[1,1,256],"dynamic_local_bytes":0,"max_cooperative_groups":144,"observed_groups":4096,"exceeds":true}
{"kernel":"_ZTS16dpct_kernel_nameIJZN6strata7prefill7to_bf16EPKfPtlPvS4_E21to_bf16_kernel_44d81aEE","sycl_local":[1,1,256],"dynamic_local_bytes":0,"max_cooperative_groups":144,"observed_groups":4096,"exceeds":true}
{"kernel":"_ZTS16dpct_kernel_nameIJZN6strata7prefill11swiglu_pairEPKfS3_PtlPvE25swiglu_pair_kernel_ab28daEE","sycl_local":[1,1,256],"dynamic_local_bytes":0,"max_cooperative_groups":144,"observed_groups":2560,"exceeds":true}
{"kernel":"_ZTS16dpct_kernel_nameIJZN6strata7prefill18swiglu_interleavedEPKfPtlPvE23swiglu_il_kernel_98d495EE","sycl_local":[1,1,256],"dynamic_local_bytes":0,"max_cooperative_groups":144,"observed_groups":1988,"exceeds":true}
{"kernel":"_ZTS16dpct_kernel_nameIJZZN6strata7prefill7gr_siluEPKfPtlPvS4_ENKUlRN4sycl3_V17handlerEE_clES9_E21gr_silu_kernel_f26d34EE","sycl_local":[1,1,256],"dynamic_local_bytes":0,"max_cooperative_groups":144,"observed_groups":1280,"exceeds":true}
{"kernel":"_ZTS16dpct_kernel_nameIJZN6strata7prefill8gdn_convEPfPKfS4_S2_lfPvE28gdn_conv_tiled_kernel_532f01EE","sycl_local":[1,1,128],"dynamic_local_bytes":0,"max_cooperative_groups":288,"observed_groups":1280,"exceeds":true}
{"kernel":"_ZTS16dpct_kernel_nameIJZN6strata7prefill13gather_rows16EPKtPKiPtllPvE27gather_rows16_kernel_d9d697EE","sycl_local":[1,1,256],"dynamic_local_bytes":0,"max_cooperative_groups":144,"observed_groups":994,"exceeds":true}
{"kernel":"_ZTS16dpct_kernel_nameIJZN6strata7prefill9gdn_gatesEPKfS3_S3_PfS4_lPvE23gdn_gates_kernel_e66d35EE","sycl_local":[1,1,256],"dynamic_local_bytes":0,"max_cooperative_groups":144,"observed_groups":192,"exceeds":true}
{"kernel":"_ZTS16dpct_kernel_nameIJZN6strata7prefill5routeEPKfPiPfllPvE19route_kernel_4f80f318dpct_kernel_scalarILi16EEEE","sycl_local":[1,1,256],"dynamic_local_bytes":0,"max_cooperative_groups":144,"observed_groups":128,"exceeds":false}
{"kernel":"_ZTS16dpct_kernel_nameIJZN6strata7prefill8gdn_convEPfPKfS4_S2_lfPvE27gdn_conv_hist_kernel_e391a1EE","sycl_local":[1,1,128],"dynamic_local_bytes":0,"max_cooperative_groups":288,"observed_groups":80,"exceeds":false}
{"kernel":"_ZTS16dpct_kernel_nameIJZN6strata7prefill8copy_i32EPiPKilPvE22copy_i32_kernel_1c95eaEE","sycl_local":[1,1,256],"dynamic_local_bytes":0,"max_cooperative_groups":144,"observed_groups":40,"exceeds":false}
{"stage":"PASS","queried":25,"exceeds":22,"kernels_submitted":0}
