<LOADER>[DEBUG]: Logger loader initialized successfully!
<LOADER>[INFO]: loaded adapter 0x0x39660980 (/opt/intel/oneapi/compiler/2026.1/lib/libur_adapter_level_zero_v2.so.0) from /opt/intel/oneapi/compiler/2026.1/lib/libur_adapter_level_zero_v2.so.0
   ---> urAdapterGet
<LEVEL_ZERO>[DEBUG]: zeInit with flags value of 1
[2026-10-11 00:01:01.990] [thread-id: 134080964975808] [info] Loader Version 1.32.0  - No git SHA found, compiled outside git folder.
[2026-10-11 00:01:01.992] [thread-id: 134080964975808] [info] Validation Layer Enabled
[2026-10-11 00:01:01.992] [thread-id: 134080964975808] [info] zeInit succeeded
[2026-10-11 00:01:01.993] [thread-id: 134080964975808] [trace] zeInit(flags)
[2026-10-11 00:01:02.061] [thread-id: 134080964975808] [trace] SUCCESS (ZE_RESULT_SUCCESS) in zeInit(flags=1)
<LEVEL_ZERO>[DEBUG]: Level Zero Loader version: 1.32.0
<LEVEL_ZERO>[DEBUG]: zeInitDrivers with flags value of 1
[2026-10-11 00:01:02.061] [thread-id: 134080964975808] [trace] zeInitDrivers(pCount, phDrivers, desc)
[2026-10-11 00:01:02.061] [thread-id: 134080964975808] [trace] SUCCESS (ZE_RESULT_SUCCESS) in zeInitDrivers(pCount=1, phDrivers=nullptr, desc={stype=0x3965f728, flags=1})
[2026-10-11 00:01:02.061] [thread-id: 134080964975808] [trace] zeInitDrivers(pCount, phDrivers, desc)
[2026-10-11 00:01:02.061] [thread-id: 134080964975808] [trace] SUCCESS (ZE_RESULT_SUCCESS) in zeInitDrivers(pCount=1, phDrivers=nullptr, desc={stype=0x3965f728, flags=1})
[2026-10-11 00:01:02.061] [thread-id: 134080964975808] [trace] zeDriverGet(pCount, phDrivers)
[2026-10-11 00:01:02.061] [thread-id: 134080964975808] [trace] SUCCESS (ZE_RESULT_SUCCESS) in zeDriverGet(pCount=1, phDrivers=nullptr)
[2026-10-11 00:01:02.061] [thread-id: 134080964975808] [trace] zeDriverGet(pCount, phDrivers)
[2026-10-11 00:01:02.061] [thread-id: 134080964975808] [trace] SUCCESS (ZE_RESULT_SUCCESS) in zeDriverGet(pCount=1, phDrivers=0x39845630)
[2026-10-11 00:01:02.061] [thread-id: 134080964975808] [trace] zeDeviceGet(hDriver, pCount, phDevices)
[2026-10-11 00:01:02.061] [thread-id: 134080964975808] [trace] SUCCESS (ZE_RESULT_SUCCESS) in zeDeviceGet(hDriver=0x39845678, pCount=1, phDevices=nullptr)
[2026-10-11 00:01:02.061] [thread-id: 134080964975808] [trace] zeDeviceGet(hDriver, pCount, phDevices)
[2026-10-11 00:01:02.061] [thread-id: 134080964975808] [trace] SUCCESS (ZE_RESULT_SUCCESS) in zeDeviceGet(hDriver=0x39845678, pCount=1, phDevices=0x39851f60)
[2026-10-11 00:01:02.061] [thread-id: 134080964975808] [trace] zeDeviceGetProperties(hDevice, pDeviceProperties)
[2026-10-11 00:01:02.061] [thread-id: 134080964975808] [trace] SUCCESS (ZE_RESULT_SUCCESS) in zeDeviceGetProperties(hDevice=0x39845bd8, pDeviceProperties={stype=0x7fffe4cc3490, type=0x7fffe4cc34a0, vendorId=32902, deviceId=57868, flags=8, subdeviceId=0, coreClockRate=2750, maxMemAllocSize=10132807680, maxHardwareContexts=65536, maxCommandQueuePriority=0, numThreadsPerEU=8, physicalEUSimdWidth=16, numEUsPerSubslice=8, numSubslicesPerSlice=4, numSlices=5, timerResolution=52, timestampValidBits=64, kernelTimestampValidBits=64, uuid={id=134}, name="Intel(R) Arc(TM) B570 Graphics"})
<LEVEL_ZERO>[DEBUG]: 
zesInit with flags value of 0

[2026-10-11 00:01:02.062] [thread-id: 134080964975808] [trace] zesInit(flags)
[2026-10-11 00:01:02.064] [thread-id: 134080964975808] [trace] SUCCESS (ZE_RESULT_SUCCESS) in zesInit(flags=0)
[2026-10-11 00:01:02.064] [thread-id: 134080964975808] [trace] zeDriverGet(pCount, phDrivers)
[2026-10-11 00:01:02.064] [thread-id: 134080964975808] [trace] SUCCESS (ZE_RESULT_SUCCESS) in zeDriverGet(pCount=1, phDrivers=nullptr)
[2026-10-11 00:01:02.064] [thread-id: 134080964975808] [trace] zeDriverGet(pCount, phDrivers)
[2026-10-11 00:01:02.064] [thread-id: 134080964975808] [trace] SUCCESS (ZE_RESULT_SUCCESS) in zeDriverGet(pCount=1, phDrivers=0x39858ff0)
[2026-10-11 00:01:02.064] [thread-id: 134080964975808] [trace] zeInitDrivers(pCount, phDrivers, desc)
[2026-10-11 00:01:02.064] [thread-id: 134080964975808] [trace] SUCCESS (ZE_RESULT_SUCCESS) in zeInitDrivers(pCount=1, phDrivers=0x398590c0, desc={stype=0x3965f728, flags=1})
[2026-10-11 00:01:02.064] [thread-id: 134080964975808] [trace] zeDriverGetProperties(hDriver, pDriverProperties)
[2026-10-11 00:01:02.064] [thread-id: 134080964975808] [trace] SUCCESS (ZE_RESULT_SUCCESS) in zeDriverGetProperties(hDriver=0x39845678, pDriverProperties={stype=0x7fffe4cc33e0, uuid={id=227}, driverVersion=17013219})
[2026-10-11 00:01:02.064] [thread-id: 134080964975808] [trace] zeDriverGetProperties(hDriver, pDriverProperties)
[2026-10-11 00:01:02.064] [thread-id: 134080964975808] [trace] SUCCESS (ZE_RESULT_SUCCESS) in zeDriverGetProperties(hDriver=0x39845678, pDriverProperties={stype=0x7fffe4cc35b0, uuid={id=227}, driverVersion=17013219})
<LEVEL_ZERO>[DEBUG]: zeDriverHandle 0x39845678 matched between zeDriverGet and zeInitDrivers. Not adding duplicate driver to list
<LEVEL_ZERO>[DEBUG]: 1 L0 Drivers found.
[2026-10-11 00:01:02.064] [thread-id: 134080964975808] [trace] zeDeviceGet(hDriver, pCount, phDevices)
[2026-10-11 00:01:02.064] [thread-id: 134080964975808] [trace] SUCCESS (ZE_RESULT_SUCCESS) in zeDeviceGet(hDriver=0x39845678, pCount=1, phDevices=nullptr)
[2026-10-11 00:01:02.064] [thread-id: 134080964975808] [trace] zeDeviceGet(hDriver, pCount, phDevices)
[2026-10-11 00:01:02.064] [thread-id: 134080964975808] [trace] SUCCESS (ZE_RESULT_SUCCESS) in zeDeviceGet(hDriver=0x39845678, pCount=1, phDevices=0x39859360)
[2026-10-11 00:01:02.064] [thread-id: 134080964975808] [trace] zeDeviceGetProperties(hDevice, pDeviceProperties)
[2026-10-11 00:01:02.064] [thread-id: 134080964975808] [trace] SUCCESS (ZE_RESULT_SUCCESS) in zeDeviceGetProperties(hDevice=0x39845bd8, pDeviceProperties={stype=0x7fffe4cc33e0, type=0x7fffe4cc33f0, vendorId=32902, deviceId=57868, flags=8, subdeviceId=0, coreClockRate=2750, maxMemAllocSize=10132807680, maxHardwareContexts=65536, maxCommandQueuePriority=0, numThreadsPerEU=8, physicalEUSimdWidth=16, numEUsPerSubslice=8, numSubslicesPerSlice=4, numSlices=5, timerResolution=52, timestampValidBits=64, kernelTimestampValidBits=64, uuid={id=134}, name="Intel(R) Arc(TM) B570 Graphics"})
[2026-10-11 00:01:02.064] [thread-id: 134080964975808] [trace] zeDriverGetApiVersion(hDriver, version)
[2026-10-11 00:01:02.064] [thread-id: 134080964975808] [trace] SUCCESS (ZE_RESULT_SUCCESS) in zeDriverGetApiVersion(hDriver=0x39845678, version=65553)
[2026-10-11 00:01:02.064] [thread-id: 134080964975808] [trace] zeDriverGetExtensionProperties(hDriver, pCount, pExtensionProperties)
[2026-10-11 00:01:02.064] [thread-id: 134080964975808] [trace] SUCCESS (ZE_RESULT_SUCCESS) in zeDriverGetExtensionProperties(hDriver=0x39845678, pCount=63, pExtensionProperties=nullptr)
[2026-10-11 00:01:02.064] [thread-id: 134080964975808] [trace] zeDriverGetExtensionProperties(hDriver, pCount, pExtensionProperties)
[2026-10-11 00:01:02.064] [thread-id: 134080964975808] [trace] SUCCESS (ZE_RESULT_SUCCESS) in zeDriverGetExtensionProperties(hDriver=0x39845678, pCount=63, pExtensionProperties={name="ZE_extension_device_cache_line_size", version=65536})
[2026-10-11 00:01:02.064] [thread-id: 134080964975808] [trace] zeDriverGetExtensionFunctionAddress(hDriver, name, ppFunctionAddress)
[2026-10-11 00:01:02.064] [thread-id: 134080964975808] [trace] SUCCESS (ZE_RESULT_SUCCESS) in zeDriverGetExtensionFunctionAddress(hDriver=0x39845678, name="zeIntelGetDriverVersionString", ppFunctionAddress=0x79f22473dc00)
[2026-10-11 00:01:02.064] [thread-id: 134080964975808] [trace] zeDriverGetProperties(hDriver, pDriverProperties)
[2026-10-11 00:01:02.064] [thread-id: 134080964975808] [trace] SUCCESS (ZE_RESULT_SUCCESS) in zeDriverGetProperties(hDriver=0x39845678, pDriverProperties={stype=0x7fffe4cc32a0, uuid={id=227}, driverVersion=17013219})
<LEVEL_ZERO>[DEBUG]: Level Zero Driver version: 1.17.39395+14
[2026-10-11 00:01:02.064] [thread-id: 134080964975808] [trace] zeDriverGetExtensionFunctionAddress(hDriver, name, ppFunctionAddress)
[2026-10-11 00:01:02.064] [thread-id: 134080964975808] [trace] SUCCESS (ZE_RESULT_SUCCESS) in zeDriverGetExtensionFunctionAddress(hDriver=0x39845678, name="zexDriverImportExternalPointer", ppFunctionAddress=0x79f224738a40)
[2026-10-11 00:01:02.064] [thread-id: 134080964975808] [trace] zeDriverGetExtensionFunctionAddress(hDriver, name, ppFunctionAddress)
[2026-10-11 00:01:02.064] [thread-id: 134080964975808] [trace] SUCCESS (ZE_RESULT_SUCCESS) in zeDriverGetExtensionFunctionAddress(hDriver=0x39845678, name="zexDriverReleaseImportedPointer", ppFunctionAddress=0x79f224740e30)
[2026-10-11 00:01:02.064] [thread-id: 134080964975808] [trace] zeDriverGetExtensionFunctionAddress(hDriver, name, ppFunctionAddress)
[2026-10-11 00:01:02.064] [thread-id: 134080964975808] [trace] SUCCESS (ZE_RESULT_SUCCESS) in zeDriverGetExtensionFunctionAddress(hDriver=0x39845678, name="zeImageGetDeviceOffsetExp", ppFunctionAddress=0x79f224742190)
[2026-10-11 00:01:02.064] [thread-id: 134080964975808] [trace] zeDriverGetExtensionFunctionAddress(hDriver, name, ppFunctionAddress)
[2026-10-11 00:01:02.064] [thread-id: 134080964975808] [trace] SUCCESS (ZE_RESULT_SUCCESS) in zeDriverGetExtensionFunctionAddress(hDriver=0x39845678, name="zeMemGetPitchFor2dImage", ppFunctionAddress=0x79f224744550)
[2026-10-11 00:01:02.064] [thread-id: 134080964975808] [trace] zeDriverGetExtensionFunctionAddress(hDriver, name, ppFunctionAddress)
[2026-10-11 00:01:02.064] [thread-id: 134080964975808] [trace] SUCCESS (ZE_RESULT_SUCCESS) in zeDriverGetExtensionFunctionAddress(hDriver=0x39845678, name="zeGraphGetIdExt", ppFunctionAddress=0x79f224732dd0)
[2026-10-11 00:01:02.064] [thread-id: 134080964975808] [trace] zeDriverGetExtensionFunctionAddress(hDriver, name, ppFunctionAddress)
[2026-10-11 00:01:02.064] [thread-id: 134080964975808] [trace] SUCCESS (ZE_RESULT_SUCCESS) in zeDriverGetExtensionFunctionAddress(hDriver=0x39845678, name="zeCommandListAppendHostFunction", ppFunctionAddress=0x79f224716140)
[2026-10-11 00:01:02.064] [thread-id: 134080964975808] [trace] zesDriverGet(pCount, phDrivers)
[2026-10-11 00:01:02.064] [thread-id: 134080964975808] [trace] SUCCESS (ZE_RESULT_SUCCESS) in zesDriverGet(pCount=1, phDrivers=nullptr)
[2026-10-11 00:01:02.064] [thread-id: 134080964975808] [trace] zesDriverGet(pCount, phDrivers)
[2026-10-11 00:01:02.064] [thread-id: 134080964975808] [trace] SUCCESS (ZE_RESULT_SUCCESS) in zesDriverGet(pCount=1, phDrivers=0x3985a260)
[2026-10-11 00:01:02.064] [thread-id: 134080964975808] [trace] zesDriverGetDeviceByUuidExp(hDriver, uuid, phDevice, onSubdevice, subdeviceId)
[2026-10-11 00:01:02.064] [thread-id: 134080964975808] [trace] SUCCESS (ZE_RESULT_SUCCESS) in zesDriverGetDeviceByUuidExp(hDriver=0x39855e78, uuid={id=134}, phDevice=0x39685cf8, onSubdevice=0, subdeviceId=0)
<LEVEL_ZERO>[DEBUG]: Initialized 1 platforms
   <--- urAdapterGet(.NumEntries = 0, .phAdapters = nullptr, .pNumAdapters = 0x7fffe4cc3cb8 (1)) -> UR_RESULT_SUCCESS;
   ---> urAdapterGet
   <--- urAdapterGet(.NumEntries = 1, .phAdapters = 0x39859340 {0x3965f700}, .pNumAdapters = nullptr) -> UR_RESULT_SUCCESS;
   ---> urAdapterGetInfo
   <--- urAdapterGetInfo(.hAdapter = 0x3965f700, .propName = UR_ADAPTER_INFO_BACKEND, .propSize = 4, .pPropValue = 0x7fffe4cc3cac (UR_BACKEND_LEVEL_ZERO), .pPropSizeRet = nullptr) -> UR_RESULT_SUCCESS;
   ---> urAdapterSetLoggerCallback
   <--- urAdapterSetLoggerCallback(.hAdapter = 0x3965f700, .pfnLoggerCallback = 0x79f22b519420, .pUserData = nullptr, .level = UR_LOGGER_LEVEL_WARN) -> UR_RESULT_SUCCESS;
   ---> urPlatformGet
   <--- urPlatformGet(.hAdapter = 0x3965f700, .NumEntries = 0, .phPlatforms = nullptr, .pNumPlatforms = 0x7fffe4cc3bec (1)) -> UR_RESULT_SUCCESS;
   ---> urPlatformGet
   <--- urPlatformGet(.hAdapter = 0x3965f700, .NumEntries = 1, .phPlatforms = 0x39859340 {0x398594c0}, .pNumPlatforms = nullptr) -> UR_RESULT_SUCCESS;
   ---> urPlatformGetInfo
   <--- urPlatformGetInfo(.hPlatform = 0x398594c0, .propName = UR_PLATFORM_INFO_BACKEND, .propSize = 4, .pPropValue = 0x7fffe4cc3bfc (UR_BACKEND_LEVEL_ZERO), .pPropSizeRet = nullptr) -> UR_RESULT_SUCCESS;
   ---> urDeviceGet
[2026-10-11 00:01:02.065] [thread-id: 134080964975808] [trace] zeDeviceGet(hDriver, pCount, phDevices)
[2026-10-11 00:01:02.065] [thread-id: 134080964975808] [trace] SUCCESS (ZE_RESULT_SUCCESS) in zeDeviceGet(hDriver=0x39845678, pCount=1, phDevices=nullptr)
[2026-10-11 00:01:02.065] [thread-id: 134080964975808] [trace] zeDeviceGet(hDriver, pCount, phDevices)
[2026-10-11 00:01:02.065] [thread-id: 134080964975808] [trace] SUCCESS (ZE_RESULT_SUCCESS) in zeDeviceGet(hDriver=0x39845678, pCount=1, phDevices=0x3985acb0)
[2026-10-11 00:01:02.065] [thread-id: 134080964975808] [trace] zeDeviceGetProperties(hDevice, pDeviceProperties)
[2026-10-11 00:01:02.065] [thread-id: 134080964975808] [trace] SUCCESS (ZE_RESULT_SUCCESS) in zeDeviceGetProperties(hDevice=0x39845bd8, pDeviceProperties={stype=0x3985ad98, type=0x3985ada8, vendorId=32902, deviceId=57868, flags=8, subdeviceId=0, coreClockRate=2750, maxMemAllocSize=10132807680, maxHardwareContexts=65536, maxCommandQueuePriority=0, numThreadsPerEU=8, physicalEUSimdWidth=16, numEUsPerSubslice=8, numSubslicesPerSlice=4, numSlices=5, timerResolution=19200000, timestampValidBits=64, kernelTimestampValidBits=64, uuid={id=134}, name="Intel(R) Arc(TM) B570 Graphics"})
[2026-10-11 00:01:02.065] [thread-id: 134080964975808] [trace] zeDeviceGetProperties(hDevice, pDeviceProperties)
[2026-10-11 00:01:02.065] [thread-id: 134080964975808] [trace] SUCCESS (ZE_RESULT_SUCCESS) in zeDeviceGetProperties(hDevice=0x39845bd8, pDeviceProperties={stype=0x7fffe4cc31f8, type=0x7fffe4cc3208, vendorId=32902, deviceId=57868, flags=8, subdeviceId=0, coreClockRate=2750, maxMemAllocSize=10132807680, maxHardwareContexts=65536, maxCommandQueuePriority=0, numThreadsPerEU=8, physicalEUSimdWidth=16, numEUsPerSubslice=8, numSubslicesPerSlice=4, numSlices=5, timerResolution=52, timestampValidBits=64, kernelTimestampValidBits=64, uuid={id=134}, name="Intel(R) Arc(TM) B570 Graphics"})
[2026-10-11 00:01:02.065] [thread-id: 134080964975808] [trace] zeDeviceGetCommandQueueGroupProperties(hDevice, pCount, pCommandQueueGroupProperties)
[2026-10-11 00:01:02.065] [thread-id: 134080964975808] [trace] SUCCESS (ZE_RESULT_SUCCESS) in zeDeviceGetCommandQueueGroupProperties(hDevice=0x39845bd8, pCount=2, pCommandQueueGroupProperties=nullptr)
<LEVEL_ZERO>[INFO]: Number of queue groups = 2
[2026-10-11 00:01:02.065] [thread-id: 134080964975808] [trace] zeDeviceGetCommandQueueGroupProperties(hDevice, pCount, pCommandQueueGroupProperties)
[2026-10-11 00:01:02.065] [thread-id: 134080964975808] [trace] SUCCESS (ZE_RESULT_SUCCESS) in zeDeviceGetCommandQueueGroupProperties(hDevice=0x39845bd8, pCount=2, pCommandQueueGroupProperties={stype=0x3965f610, flags=7, maxMemoryFillPatternSize=18446744073709551615, numQueues=1})
<LEVEL_ZERO>[INFO]: main blitter/copy engine is available
<LEVEL_ZERO>[INFO]: link blitter/copy engines are not available
[2026-10-11 00:01:02.065] [thread-id: 134080964975808] [trace] zeDeviceGetSubDevices(hDevice, pCount, phSubdevices)
[2026-10-11 00:01:02.065] [thread-id: 134080964975808] [trace] SUCCESS (ZE_RESULT_SUCCESS) in zeDeviceGetSubDevices(hDevice=0x39845bd8, pCount=0, phSubdevices=nullptr)
[2026-10-11 00:01:02.065] [thread-id: 134080964975808] [trace] zeDeviceGetSubDevices(hDevice, pCount, phSubdevices)
[2026-10-11 00:01:02.065] [thread-id: 134080964975808] [trace] SUCCESS (ZE_RESULT_SUCCESS) in zeDeviceGetSubDevices(hDevice=0x39845bd8, pCount=0, phSubdevices=0x3985acd0)
[2026-10-11 00:01:02.065] [thread-id: 134080964975808] [trace] zeDeviceGetRootDevice(hDevice, phRootDevice)
[2026-10-11 00:01:02.065] [thread-id: 134080964975808] [trace] SUCCESS (ZE_RESULT_SUCCESS) in zeDeviceGetRootDevice(hDevice=0x39845bd8, phRootDevice=0x7fffe4cc3650)
[2026-10-11 00:01:02.065] [thread-id: 134080964975808] [trace] zeDeviceSynchronize(hDevice)
[2026-10-11 00:01:02.065] [thread-id: 134080964975808] [trace] SUCCESS (ZE_RESULT_SUCCESS) in zeDeviceSynchronize(hDevice=0x39845bd8)
[2026-10-11 00:01:02.065] [thread-id: 134080964975808] [trace] zeDeviceGetRootDevice(hDevice, phRootDevice)
[2026-10-11 00:01:02.065] [thread-id: 134080964975808] [trace] SUCCESS (ZE_RESULT_SUCCESS) in zeDeviceGetRootDevice(hDevice=0x39845bd8, phRootDevice=0x7fffe4cc3740)
   <--- urDeviceGet(.hPlatform = 0x398594c0, .DeviceType = UR_DEVICE_TYPE_ALL, .NumEntries = 0, .phDevices = nullptr, .pNumDevices = 0x7fffe4cc3b6c (1)) -> UR_RESULT_SUCCESS;
   ---> urDeviceGet
[2026-10-11 00:01:02.065] [thread-id: 134080964975808] [trace] zeDeviceGetRootDevice(hDevice, phRootDevice)
[2026-10-11 00:01:02.065] [thread-id: 134080964975808] [trace] SUCCESS (ZE_RESULT_SUCCESS) in zeDeviceGetRootDevice(hDevice=0x39845bd8, phRootDevice=0x7fffe4cc3740)
   <--- urDeviceGet(.hPlatform = 0x398594c0, .DeviceType = UR_DEVICE_TYPE_ALL, .NumEntries = 1, .phDevices = 0x3985acb0 {0x3985acf0}, .pNumDevices = nullptr) -> UR_RESULT_SUCCESS;
   ---> urPlatformGetInfo
   <--- urPlatformGetInfo(.hPlatform = 0x398594c0, .propName = UR_PLATFORM_INFO_VERSION, .propSize = 0, .pPropValue = nullptr, .pPropSizeRet = 0x7fffe4cc3740 (5)) -> UR_RESULT_SUCCESS;
   ---> urPlatformGetInfo
   <--- urPlatformGetInfo(.hPlatform = 0x398594c0, .propName = UR_PLATFORM_INFO_VERSION, .propSize = 5, .pPropValue = 0x7fffe4cc38a8 (1.17), .pPropSizeRet = nullptr) -> UR_RESULT_SUCCESS;
   ---> urPlatformGetInfo
   <--- urPlatformGetInfo(.hPlatform = 0x398594c0, .propName = UR_PLATFORM_INFO_NAME, .propSize = 0, .pPropValue = nullptr, .pPropSizeRet = 0x7fffe4cc3740 (51)) -> UR_RESULT_SUCCESS;
   ---> urPlatformGetInfo
   <--- urPlatformGetInfo(.hPlatform = 0x398594c0, .propName = UR_PLATFORM_INFO_NAME, .propSize = 51, .pPropValue = 0x3985b3c0 (Intel(R) oneAPI Unified Runtime over Level-Zero V2), .pPropSizeRet = nullptr) -> UR_RESULT_SUCCESS;
   ---> urDeviceGetInfo
   <--- urDeviceGetInfo(.hDevice = 0x3985acf0, .propName = UR_DEVICE_INFO_PARENT_DEVICE, .propSize = 8, .pPropValue = 0x7fffe4cc3700 (nullptr), .pPropSizeRet = nullptr) -> UR_RESULT_SUCCESS;
   ---> urDeviceGetInfo
   <--- urDeviceGetInfo(.hDevice = 0x3985acf0, .propName = UR_DEVICE_INFO_TYPE, .propSize = 4, .pPropValue = 0x7fffe4cc36a0 (UR_DEVICE_TYPE_GPU), .pPropSizeRet = nullptr) -> UR_RESULT_SUCCESS;
   ---> urDeviceGetInfo
   <--- urDeviceGetInfo(.hDevice = 0x3985acf0, .propName = UR_DEVICE_INFO_USE_NATIVE_ASSERT, .propSize = 1, .pPropValue = 0x7fffe4cc36a0 (true), .pPropSizeRet = nullptr) -> UR_RESULT_SUCCESS;
   ---> urDeviceGetInfo
[2026-10-11 00:01:02.065] [thread-id: 134080964975808] [trace] zeDeviceGetModuleProperties(hDevice, pModuleProperties)
[2026-10-11 00:01:02.065] [thread-id: 134080964975808] [trace] SUCCESS (ZE_RESULT_SUCCESS) in zeDeviceGetModuleProperties(hDevice=0x39845bd8, pModuleProperties={stype=0x3985b010, spirvVersionSupported=65541, flags=15, fp16flags=63, fp32flags=127, fp64flags=127, maxArgumentsSize=2048, printfBufferSize=4194304, nativeKernelSupported={id=0}})
[2026-10-11 00:01:02.065] [thread-id: 134080964975808] [trace] zeDeviceGetImageProperties(hDevice, pImageProperties)
[2026-10-11 00:01:02.065] [thread-id: 134080964975808] [trace] SUCCESS (ZE_RESULT_SUCCESS) in zeDeviceGetImageProperties(hDevice=0x39845bd8, pImageProperties={stype=0x3985afb0, maxImageDims1D=16384, maxImageDims2D=16384, maxImageDims3D=2048, maxImageBufferSize=633300480, maxImageArraySlices=2048, maxSamplers=16, maxReadImageArgs=128, maxWriteImageArgs=128})
   <--- urDeviceGetInfo(.hDevice = 0x3985acf0, .propName = UR_DEVICE_INFO_EXTENSIONS, .propSize = 0, .pPropValue = nullptr, .pPropSizeRet = 0x7fffe4cc3628 (245)) -> UR_RESULT_SUCCESS;
   ---> urDeviceGetInfo
   <--- urDeviceGetInfo(.hDevice = 0x3985acf0, .propName = UR_DEVICE_INFO_EXTENSIONS, .propSize = 245, .pPropValue = 0x397153f0 (cl_khr_il_program cl_khr_subgroups cl_intel_subgroups cl_intel_subgroups_short cl_intel_required_subgroup_size cl_khr_fp16 cl_khr_fp64 cl_khr_int64_base_atomics cl_khr_int64_extended_atomics cl_khr_3d_image_writes cl_intel_bfloat16_conversions ), .pPropSizeRet = nullptr) -> UR_RESULT_SUCCESS;
   ---> urDeviceRetain
   <--- urDeviceRetain(.hDevice = 0x3985acf0) -> UR_RESULT_SUCCESS;
   ---> urDeviceGetInfo
   <--- urDeviceGetInfo(.hDevice = 0x3985acf0, .propName = UR_DEVICE_INFO_TYPE, .propSize = 4, .pPropValue = 0x7fffe4cc381c (UR_DEVICE_TYPE_GPU), .pPropSizeRet = nullptr) -> UR_RESULT_SUCCESS;
   ---> urDeviceGetInfo
   <--- urDeviceGetInfo(.hDevice = 0x3985acf0, .propName = UR_DEVICE_INFO_VENDOR_ID, .propSize = 4, .pPropValue = 0x7fffe4cc3898 (32902), .pPropSizeRet = nullptr) -> UR_RESULT_SUCCESS;
   ---> urDeviceGetInfo
   <--- urDeviceGetInfo(.hDevice = 0x3985acf0, .propName = UR_DEVICE_INFO_DRIVER_VERSION, .propSize = 0, .pPropValue = nullptr, .pPropSizeRet = 0x7fffe4cc3740 (14)) -> UR_RESULT_SUCCESS;
   ---> urDeviceGetInfo
   <--- urDeviceGetInfo(.hDevice = 0x3985acf0, .propName = UR_DEVICE_INFO_DRIVER_VERSION, .propSize = 14, .pPropValue = 0x7fffe4cc3868 (1.17.39395+14), .pPropSizeRet = nullptr) -> UR_RESULT_SUCCESS;
   ---> urDeviceGetInfo
   <--- urDeviceGetInfo(.hDevice = 0x3985acf0, .propName = UR_DEVICE_INFO_NAME, .propSize = 0, .pPropValue = nullptr, .pPropSizeRet = 0x7fffe4cc3680 (31)) -> UR_RESULT_SUCCESS;
   ---> urDeviceGetInfo
   <--- urDeviceGetInfo(.hDevice = 0x3985acf0, .propName = UR_DEVICE_INFO_NAME, .propSize = 31, .pPropValue = 0x3985ac80 (Intel(R) Arc(TM) B570 Graphics), .pPropSizeRet = nullptr) -> UR_RESULT_SUCCESS;
   ---> urPlatformGetInfo
   <--- urPlatformGetInfo(.hPlatform = 0x398594c0, .propName = UR_PLATFORM_INFO_BACKEND, .propSize = 4, .pPropValue = 0x7fffe4cc3a5c (UR_BACKEND_LEVEL_ZERO), .pPropSizeRet = nullptr) -> UR_RESULT_SUCCESS;
   ---> urDeviceGetInfo
   <--- urDeviceGetInfo(.hDevice = 0x3985acf0, .propName = UR_DEVICE_INFO_TYPE, .propSize = 4, .pPropValue = 0x7fffe4cc3a54 (UR_DEVICE_TYPE_GPU), .pPropSizeRet = nullptr) -> UR_RESULT_SUCCESS;
   ---> urDeviceRelease
   <--- urDeviceRelease(.hDevice = 0x3985acf0) -> UR_RESULT_SUCCESS;
   ---> urDeviceGetInfo
   <--- urDeviceGetInfo(.hDevice = 0x3985acf0, .propName = UR_DEVICE_INFO_SUPPORTED_PARTITIONS, .propSize = 0, .pPropValue = nullptr, .pPropSizeRet = 0x7fffe4cc3a48 (0)) -> UR_RESULT_SUCCESS;
   ---> urDeviceGet
[2026-10-11 00:01:02.066] [thread-id: 134080964975808] [trace] zeDeviceGetRootDevice(hDevice, phRootDevice)
[2026-10-11 00:01:02.066] [thread-id: 134080964975808] [trace] SUCCESS (ZE_RESULT_SUCCESS) in zeDeviceGetRootDevice(hDevice=0x39845bd8, phRootDevice=0x7fffe4cc3850)
   <--- urDeviceGet(.hPlatform = 0x398594c0, .DeviceType = UR_DEVICE_TYPE_ALL, .NumEntries = 0, .phDevices = nullptr, .pNumDevices = 0x7fffe4cc3c7c (1)) -> UR_RESULT_SUCCESS;
   ---> urDeviceGet
[2026-10-11 00:01:02.066] [thread-id: 134080964975808] [trace] zeDeviceGetRootDevice(hDevice, phRootDevice)
[2026-10-11 00:01:02.066] [thread-id: 134080964975808] [trace] SUCCESS (ZE_RESULT_SUCCESS) in zeDeviceGetRootDevice(hDevice=0x39845bd8, phRootDevice=0x7fffe4cc3850)
   <--- urDeviceGet(.hPlatform = 0x398594c0, .DeviceType = UR_DEVICE_TYPE_ALL, .NumEntries = 1, .phDevices = 0x39859360 {0x3985acf0}, .pNumDevices = nullptr) -> UR_RESULT_SUCCESS;
   ---> urPlatformGetInfo
   <--- urPlatformGetInfo(.hPlatform = 0x398594c0, .propName = UR_PLATFORM_INFO_VERSION, .propSize = 0, .pPropValue = nullptr, .pPropSizeRet = 0x7fffe4cc3850 (5)) -> UR_RESULT_SUCCESS;
   ---> urPlatformGetInfo
   <--- urPlatformGetInfo(.hPlatform = 0x398594c0, .propName = UR_PLATFORM_INFO_VERSION, .propSize = 5, .pPropValue = 0x7fffe4cc39b8 (1.17), .pPropSizeRet = nullptr) -> UR_RESULT_SUCCESS;
   ---> urPlatformGetInfo
   <--- urPlatformGetInfo(.hPlatform = 0x398594c0, .propName = UR_PLATFORM_INFO_NAME, .propSize = 0, .pPropValue = nullptr, .pPropSizeRet = 0x7fffe4cc3850 (51)) -> UR_RESULT_SUCCESS;
   ---> urPlatformGetInfo
   <--- urPlatformGetInfo(.hPlatform = 0x398594c0, .propName = UR_PLATFORM_INFO_NAME, .propSize = 51, .pPropValue = 0x3985b8e0 (Intel(R) oneAPI Unified Runtime over Level-Zero V2), .pPropSizeRet = nullptr) -> UR_RESULT_SUCCESS;
   ---> urDeviceGetInfo
   <--- urDeviceGetInfo(.hDevice = 0x3985acf0, .propName = UR_DEVICE_INFO_TYPE, .propSize = 4, .pPropValue = 0x7fffe4cc392c (UR_DEVICE_TYPE_GPU), .pPropSizeRet = nullptr) -> UR_RESULT_SUCCESS;
   ---> urDeviceGetInfo
   <--- urDeviceGetInfo(.hDevice = 0x3985acf0, .propName = UR_DEVICE_INFO_VENDOR_ID, .propSize = 4, .pPropValue = 0x7fffe4cc39a8 (32902), .pPropSizeRet = nullptr) -> UR_RESULT_SUCCESS;
   ---> urDeviceGetInfo
   <--- urDeviceGetInfo(.hDevice = 0x3985acf0, .propName = UR_DEVICE_INFO_DRIVER_VERSION, .propSize = 0, .pPropValue = nullptr, .pPropSizeRet = 0x7fffe4cc3850 (14)) -> UR_RESULT_SUCCESS;
   ---> urDeviceGetInfo
   <--- urDeviceGetInfo(.hDevice = 0x3985acf0, .propName = UR_DEVICE_INFO_DRIVER_VERSION, .propSize = 14, .pPropValue = 0x7fffe4cc3978 (1.17.39395+14), .pPropSizeRet = nullptr) -> UR_RESULT_SUCCESS;
   ---> urPlatformGetInfo
   <--- urPlatformGetInfo(.hPlatform = 0x398594c0, .propName = UR_PLATFORM_INFO_BACKEND, .propSize = 4, .pPropValue = 0x7fffe4cc3b6c (UR_BACKEND_LEVEL_ZERO), .pPropSizeRet = nullptr) -> UR_RESULT_SUCCESS;
   ---> urDeviceGetInfo
   <--- urDeviceGetInfo(.hDevice = 0x3985acf0, .propName = UR_DEVICE_INFO_TYPE, .propSize = 4, .pPropValue = 0x7fffe4cc3b64 (UR_DEVICE_TYPE_GPU), .pPropSizeRet = nullptr) -> UR_RESULT_SUCCESS;
   ---> urDeviceRelease
   <--- urDeviceRelease(.hDevice = 0x3985acf0) -> UR_RESULT_SUCCESS;
   ---> urDeviceGetInfo
   <--- urDeviceGetInfo(.hDevice = 0x3985acf0, .propName = UR_DEVICE_INFO_SUPPORTED_PARTITIONS, .propSize = 0, .pPropValue = nullptr, .pPropSizeRet = 0x7fffe4cc3b58 (0)) -> UR_RESULT_SUCCESS;
   ---> urDeviceSelectBinary
   <--- urDeviceSelectBinary(.hDevice = 0x3985acf0, .pBinaries = 0x7fffe4cc3ba0 ((struct ur_device_binary_t){.stype = UR_STRUCTURE_TYPE_CONTEXT_PROPERTIES, .pNext = nullptr, .pDeviceTargetSpec = 0x79f22b29a3c0 (spir64)}), .NumBinaries = 1, .pSelectedBinary = 0x7fffe4cc3bc4 (0)) -> UR_RESULT_SUCCESS;
   ---> urDeviceGet
[2026-10-11 00:01:02.066] [thread-id: 134080964975808] [trace] zeDeviceGetRootDevice(hDevice, phRootDevice)
[2026-10-11 00:01:02.066] [thread-id: 134080964975808] [trace] SUCCESS (ZE_RESULT_SUCCESS) in zeDeviceGetRootDevice(hDevice=0x39845bd8, phRootDevice=0x7fffe4cc37e0)
   <--- urDeviceGet(.hPlatform = 0x398594c0, .DeviceType = UR_DEVICE_TYPE_ALL, .NumEntries = 0, .phDevices = nullptr, .pNumDevices = 0x7fffe4cc3c0c (1)) -> UR_RESULT_SUCCESS;
   ---> urDeviceGet
[2026-10-11 00:01:02.066] [thread-id: 134080964975808] [trace] zeDeviceGetRootDevice(hDevice, phRootDevice)
[2026-10-11 00:01:02.066] [thread-id: 134080964975808] [trace] SUCCESS (ZE_RESULT_SUCCESS) in zeDeviceGetRootDevice(hDevice=0x39845bd8, phRootDevice=0x7fffe4cc37e0)
   <--- urDeviceGet(.hPlatform = 0x398594c0, .DeviceType = UR_DEVICE_TYPE_ALL, .NumEntries = 1, .phDevices = 0x3985b9b0 {0x3985acf0}, .pNumDevices = nullptr) -> UR_RESULT_SUCCESS;
   ---> urPlatformGetInfo
   <--- urPlatformGetInfo(.hPlatform = 0x398594c0, .propName = UR_PLATFORM_INFO_VERSION, .propSize = 0, .pPropValue = nullptr, .pPropSizeRet = 0x7fffe4cc37e0 (5)) -> UR_RESULT_SUCCESS;
   ---> urPlatformGetInfo
   <--- urPlatformGetInfo(.hPlatform = 0x398594c0, .propName = UR_PLATFORM_INFO_VERSION, .propSize = 5, .pPropValue = 0x7fffe4cc3948 (1.17), .pPropSizeRet = nullptr) -> UR_RESULT_SUCCESS;
   ---> urPlatformGetInfo
   <--- urPlatformGetInfo(.hPlatform = 0x398594c0, .propName = UR_PLATFORM_INFO_NAME, .propSize = 0, .pPropValue = nullptr, .pPropSizeRet = 0x7fffe4cc37e0 (51)) -> UR_RESULT_SUCCESS;
   ---> urPlatformGetInfo
   <--- urPlatformGetInfo(.hPlatform = 0x398594c0, .propName = UR_PLATFORM_INFO_NAME, .propSize = 51, .pPropValue = 0x3985b3c0 (Intel(R) oneAPI Unified Runtime over Level-Zero V2), .pPropSizeRet = nullptr) -> UR_RESULT_SUCCESS;
   ---> urDeviceGetInfo
   <--- urDeviceGetInfo(.hDevice = 0x3985acf0, .propName = UR_DEVICE_INFO_TYPE, .propSize = 4, .pPropValue = 0x7fffe4cc38bc (UR_DEVICE_TYPE_GPU), .pPropSizeRet = nullptr) -> UR_RESULT_SUCCESS;
   ---> urDeviceGetInfo
   <--- urDeviceGetInfo(.hDevice = 0x3985acf0, .propName = UR_DEVICE_INFO_VENDOR_ID, .propSize = 4, .pPropValue = 0x7fffe4cc3938 (32902), .pPropSizeRet = nullptr) -> UR_RESULT_SUCCESS;
   ---> urDeviceGetInfo
   <--- urDeviceGetInfo(.hDevice = 0x3985acf0, .propName = UR_DEVICE_INFO_DRIVER_VERSION, .propSize = 0, .pPropValue = nullptr, .pPropSizeRet = 0x7fffe4cc37e0 (14)) -> UR_RESULT_SUCCESS;
   ---> urDeviceGetInfo
   <--- urDeviceGetInfo(.hDevice = 0x3985acf0, .propName = UR_DEVICE_INFO_DRIVER_VERSION, .propSize = 14, .pPropValue = 0x7fffe4cc3908 (1.17.39395+14), .pPropSizeRet = nullptr) -> UR_RESULT_SUCCESS;
   ---> urPlatformGetInfo
   <--- urPlatformGetInfo(.hPlatform = 0x398594c0, .propName = UR_PLATFORM_INFO_BACKEND, .propSize = 4, .pPropValue = 0x7fffe4cc3afc (UR_BACKEND_LEVEL_ZERO), .pPropSizeRet = nullptr) -> UR_RESULT_SUCCESS;
   ---> urDeviceGetInfo
   <--- urDeviceGetInfo(.hDevice = 0x3985acf0, .propName = UR_DEVICE_INFO_TYPE, .propSize = 4, .pPropValue = 0x7fffe4cc3af4 (UR_DEVICE_TYPE_GPU), .pPropSizeRet = nullptr) -> UR_RESULT_SUCCESS;
   ---> urDeviceRelease
   <--- urDeviceRelease(.hDevice = 0x3985acf0) -> UR_RESULT_SUCCESS;
   ---> urDeviceGetInfo
   <--- urDeviceGetInfo(.hDevice = 0x3985acf0, .propName = UR_DEVICE_INFO_SUPPORTED_PARTITIONS, .propSize = 0, .pPropValue = nullptr, .pPropSizeRet = 0x7fffe4cc3ae8 (0)) -> UR_RESULT_SUCCESS;
   ---> urDeviceGet
[2026-10-11 00:01:02.067] [thread-id: 134080964975808] [trace] zeDeviceGetRootDevice(hDevice, phRootDevice)
[2026-10-11 00:01:02.067] [thread-id: 134080964975808] [trace] SUCCESS (ZE_RESULT_SUCCESS) in zeDeviceGetRootDevice(hDevice=0x39845bd8, phRootDevice=0x7fffe4cc38f0)
   <--- urDeviceGet(.hPlatform = 0x398594c0, .DeviceType = UR_DEVICE_TYPE_GPU, .NumEntries = 0, .phDevices = nullptr, .pNumDevices = 0x7fffe4cc3d1c (1)) -> UR_RESULT_SUCCESS;
   ---> urDeviceGet
[2026-10-11 00:01:02.067] [thread-id: 134080964975808] [trace] zeDeviceGetRootDevice(hDevice, phRootDevice)
[2026-10-11 00:01:02.067] [thread-id: 134080964975808] [trace] SUCCESS (ZE_RESULT_SUCCESS) in zeDeviceGetRootDevice(hDevice=0x39845bd8, phRootDevice=0x7fffe4cc38f0)
   <--- urDeviceGet(.hPlatform = 0x398594c0, .DeviceType = UR_DEVICE_TYPE_GPU, .NumEntries = 1, .phDevices = 0x3985b9d0 {0x3985acf0}, .pNumDevices = nullptr) -> UR_RESULT_SUCCESS;
   ---> urPlatformGetInfo
   <--- urPlatformGetInfo(.hPlatform = 0x398594c0, .propName = UR_PLATFORM_INFO_VERSION, .propSize = 0, .pPropValue = nullptr, .pPropSizeRet = 0x7fffe4cc38f0 (5)) -> UR_RESULT_SUCCESS;
   ---> urPlatformGetInfo
   <--- urPlatformGetInfo(.hPlatform = 0x398594c0, .propName = UR_PLATFORM_INFO_VERSION, .propSize = 5, .pPropValue = 0x7fffe4cc3a58 (1.17), .pPropSizeRet = nullptr) -> UR_RESULT_SUCCESS;
   ---> urPlatformGetInfo
   <--- urPlatformGetInfo(.hPlatform = 0x398594c0, .propName = UR_PLATFORM_INFO_NAME, .propSize = 0, .pPropValue = nullptr, .pPropSizeRet = 0x7fffe4cc38f0 (51)) -> UR_RESULT_SUCCESS;
   ---> urPlatformGetInfo
   <--- urPlatformGetInfo(.hPlatform = 0x398594c0, .propName = UR_PLATFORM_INFO_NAME, .propSize = 51, .pPropValue = 0x3985b8e0 (Intel(R) oneAPI Unified Runtime over Level-Zero V2), .pPropSizeRet = nullptr) -> UR_RESULT_SUCCESS;
   ---> urDeviceGetInfo
   <--- urDeviceGetInfo(.hDevice = 0x3985acf0, .propName = UR_DEVICE_INFO_TYPE, .propSize = 4, .pPropValue = 0x7fffe4cc39cc (UR_DEVICE_TYPE_GPU), .pPropSizeRet = nullptr) -> UR_RESULT_SUCCESS;
   ---> urDeviceGetInfo
   <--- urDeviceGetInfo(.hDevice = 0x3985acf0, .propName = UR_DEVICE_INFO_VENDOR_ID, .propSize = 4, .pPropValue = 0x7fffe4cc3a48 (32902), .pPropSizeRet = nullptr) -> UR_RESULT_SUCCESS;
   ---> urDeviceGetInfo
   <--- urDeviceGetInfo(.hDevice = 0x3985acf0, .propName = UR_DEVICE_INFO_DRIVER_VERSION, .propSize = 0, .pPropValue = nullptr, .pPropSizeRet = 0x7fffe4cc38f0 (14)) -> UR_RESULT_SUCCESS;
   ---> urDeviceGetInfo
   <--- urDeviceGetInfo(.hDevice = 0x3985acf0, .propName = UR_DEVICE_INFO_DRIVER_VERSION, .propSize = 14, .pPropValue = 0x7fffe4cc3a18 (1.17.39395+14), .pPropSizeRet = nullptr) -> UR_RESULT_SUCCESS;
   ---> urPlatformGetInfo
   <--- urPlatformGetInfo(.hPlatform = 0x398594c0, .propName = UR_PLATFORM_INFO_BACKEND, .propSize = 4, .pPropValue = 0x7fffe4cc3c0c (UR_BACKEND_LEVEL_ZERO), .pPropSizeRet = nullptr) -> UR_RESULT_SUCCESS;
   ---> urDeviceGetInfo
   <--- urDeviceGetInfo(.hDevice = 0x3985acf0, .propName = UR_DEVICE_INFO_TYPE, .propSize = 4, .pPropValue = 0x7fffe4cc3c04 (UR_DEVICE_TYPE_GPU), .pPropSizeRet = nullptr) -> UR_RESULT_SUCCESS;
   ---> urDeviceRelease
   <--- urDeviceRelease(.hDevice = 0x3985acf0) -> UR_RESULT_SUCCESS;
   ---> urDeviceGetInfo
   <--- urDeviceGetInfo(.hDevice = 0x3985acf0, .propN