=================================================================
==407286==ERROR: AddressSanitizer: heap-use-after-free on address 0x519000000080 at pc 0x000000402b35 bp 0x7ffea6e042e0 sp 0x7ffea6e042d0
WRITE of size 1 at 0x519000000080 thread T0
    #0 0x402b34 in operator() /home/yayoi/ghq/github.com/yqYo1/Strata/.worktree/sync-upstream-2026-10-05/sycl/tools/expert_cache_close_host_test.cpp:64
    #1 0x402b34 in __invoke_impl<void, main(int, char**)::<lambda()>&> /usr/include/c++/13/bits/invoke.h:61
    #2 0x402b34 in __invoke_r<void, main(int, char**)::<lambda()>&> /usr/include/c++/13/bits/invoke.h:111
    #3 0x402b34 in _M_invoke /usr/include/c++/13/bits/std_function.h:290
    #4 0x404418 in std::function<void ()>::operator()() const /usr/include/c++/13/bits/std_function.h:591
    #5 0x404418 in queues_wait_and_throw /home/yayoi/ghq/github.com/yqYo1/Strata/.worktree/sync-upstream-2026-10-05/sycl/tools/expert_cache_close_host_test.cpp:21
    #6 0x406124 in main /home/yayoi/ghq/github.com/yqYo1/Strata/.worktree/sync-upstream-2026-10-05/sycl/tools/expert_cache_close_host_test.cpp:66
    #7 0x7830a5f241c9 in __libc_start_call_main ../sysdeps/nptl/libc_start_call_main.h:58
    #8 0x7830a5f2428a in __libc_start_main_impl ../csu/libc-start.c:360
    #9 0x4026b4 in _start (/home/yayoi/.local/state/strata-sycl/expert-cache-close-20261006-v1/control/probe+0x4026b4) (BuildId: e3192c9e5526f7ffe3e9303984d584002eefdbc6)

0x519000000080 is located 0 bytes inside of 1024-byte region [0x519000000080,0x519000000480)
freed by thread T0 here:
    #0 0x7830a6bb91f8 in operator delete[](void*) ../../../../src/libsanitizer/asan/asan_new_delete.cpp:155
    #1 0x404ae5 in free /home/yayoi/ghq/github.com/yqYo1/Strata/.worktree/sync-upstream-2026-10-05/sycl/tools/expert_cache_close_host_test.cpp:32
    #2 0x404ae5 in ExpertCache::close() /home/yayoi/.local/state/strata-sycl/expert-cache-close-20261006-v1/control/close.inc:11
    #3 0x40611a in main /home/yayoi/ghq/github.com/yqYo1/Strata/.worktree/sync-upstream-2026-10-05/sycl/tools/expert_cache_close_host_test.cpp:65
    #4 0x7830a5f241c9 in __libc_start_call_main ../sysdeps/nptl/libc_start_call_main.h:58
    #5 0x7830a5f2428a in __libc_start_main_impl ../csu/libc-start.c:360
    #6 0x4026b4 in _start (/home/yayoi/.local/state/strata-sycl/expert-cache-close-20261006-v1/control/probe+0x4026b4) (BuildId: e3192c9e5526f7ffe3e9303984d584002eefdbc6)

previously allocated by thread T0 here:
    #0 0x7830a6bb86c8 in operator new[](unsigned long) ../../../../src/libsanitizer/asan/asan_new_delete.cpp:98
    #1 0x405abd in main /home/yayoi/ghq/github.com/yqYo1/Strata/.worktree/sync-upstream-2026-10-05/sycl/tools/expert_cache_close_host_test.cpp:49
    #2 0x7830a5f241c9 in __libc_start_call_main ../sysdeps/nptl/libc_start_call_main.h:58
    #3 0x7830a5f2428a in __libc_start_main_impl ../csu/libc-start.c:360
    #4 0x4026b4 in _start (/home/yayoi/.local/state/strata-sycl/expert-cache-close-20261006-v1/control/probe+0x4026b4) (BuildId: e3192c9e5526f7ffe3e9303984d584002eefdbc6)

SUMMARY: AddressSanitizer: heap-use-after-free /home/yayoi/ghq/github.com/yqYo1/Strata/.worktree/sync-upstream-2026-10-05/sycl/tools/expert_cache_close_host_test.cpp:64 in operator()
Shadow bytes around the buggy address:
  0x518ffffffe00: 00 00 00 00 00 00 00 00 00 00 00 00 00 00 00 00
  0x518ffffffe80: 00 00 00 00 00 00 00 00 00 00 00 00 00 00 00 00
  0x518fffffff00: 00 00 00 00 00 00 00 00 00 00 00 00 00 00 00 00
  0x518fffffff80: 00 00 00 00 00 00 00 00 00 00 00 00 00 00 00 00
  0x519000000000: fa fa fa fa fa fa fa fa fa fa fa fa fa fa fa fa
=>0x519000000080:[fd]fd fd fd fd fd fd fd fd fd fd fd fd fd fd fd
  0x519000000100: fd fd fd fd fd fd fd fd fd fd fd fd fd fd fd fd
  0x519000000180: fd fd fd fd fd fd fd fd fd fd fd fd fd fd fd fd
  0x519000000200: fd fd fd fd fd fd fd fd fd fd fd fd fd fd fd fd
  0x519000000280: fd fd fd fd fd fd fd fd fd fd fd fd fd fd fd fd
  0x519000000300: fd fd fd fd fd fd fd fd fd fd fd fd fd fd fd fd
Shadow byte legend (one shadow byte represents 8 application bytes):
  Addressable:           00
  Partially addressable: 01 02 03 04 05 06 07
  Heap left redzone:       fa
  Freed heap region:       fd
  Stack left redzone:      f1
  Stack mid redzone:       f2
  Stack right redzone:     f3
  Stack after return:      f5
  Stack use after scope:   f8
  Global redzone:          f9
  Global init order:       f6
  Poisoned by user:        f7
  Container overflow:      fc
  Array cookie:            ac
  Intra object redzone:    bb
  ASan internal:           fe
  Left alloca redzone:     ca
  Right alloca redzone:    cb
==407286==ABORTING
