	linux-vdso.so.1 (0x00007745ea9ba000)
	libmkl_sycl_blas.so.6 => /opt/intel/oneapi/mkl/2026.1/lib/libmkl_sycl_blas.so.6 (0x00007745e6cdb000)
	libmkl_sycl_lapack.so.6 => /opt/intel/oneapi/mkl/2026.1/lib/libmkl_sycl_lapack.so.6 (0x00007745e51e6000)
	libmkl_sycl_dft.so.6 => /opt/intel/oneapi/mkl/2026.1/lib/libmkl_sycl_dft.so.6 (0x00007745e2f41000)
	libmkl_sycl_sparse.so.6 => /opt/intel/oneapi/mkl/2026.1/lib/libmkl_sycl_sparse.so.6 (0x00007745df8a5000)
	libmkl_sycl_rng.so.6 => /opt/intel/oneapi/mkl/2026.1/lib/libmkl_sycl_rng.so.6 (0x00007745dbb52000)
	libmkl_sycl_stats.so.6 => /opt/intel/oneapi/mkl/2026.1/lib/libmkl_sycl_stats.so.6 (0x00007745dade9000)
	libmkl_sycl_vm.so.6 => /opt/intel/oneapi/mkl/2026.1/lib/libmkl_sycl_vm.so.6 (0x00007745d6cc2000)
	libmkl_sycl_data_fitting.so.6 => /opt/intel/oneapi/mkl/2026.1/lib/libmkl_sycl_data_fitting.so.6 (0x00007745d6666000)
	libmkl_intel_lp64.so.3 => /opt/intel/oneapi/mkl/2026.1/lib/libmkl_intel_lp64.so.3 (0x00007745d5661000)
	libmkl_sequential.so.3 => /opt/intel/oneapi/mkl/2026.1/lib/libmkl_sequential.so.3 (0x00007745d3f89000)
	libmkl_core.so.3 => /opt/intel/oneapi/mkl/2026.1/lib/libmkl_core.so.3 (0x00007745cf94c000)
	libstdc++.so.6 => /usr/lib/x86_64-linux-gnu/libstdc++.so.6 (0x00007745cf6ce000)
	libm.so.6 => /usr/lib/x86_64-linux-gnu/libm.so.6 (0x00007745cf5e5000)
	libgcc_s.so.1 => /usr/lib/x86_64-linux-gnu/libgcc_s.so.1 (0x00007745cf5b7000)
	libsycl.so.9 => /opt/intel/oneapi/compiler/2026.1/lib/libsycl.so.9 (0x00007745cf1db000)
	libOpenCL.so.1 => /opt/intel/oneapi/compiler/2026.1/lib/libOpenCL.so.1 (0x00007745cf1c5000)
	libc.so.6 => /usr/lib/x86_64-linux-gnu/libc.so.6 (0x00007745cefb2000)
	libdl.so.2 => /usr/lib/x86_64-linux-gnu/libdl.so.2 (0x00007745cefad000)
	libpthread.so.0 => /usr/lib/x86_64-linux-gnu/libpthread.so.0 (0x00007745cefa8000)
	/lib64/ld-linux-x86-64.so.2 (0x00007745ea9bc000)
	libur_loader.so.0 => /opt/intel/oneapi/compiler/2026.1/lib/libur_loader.so.0 (0x00007745ce1e4000)
	libsvml.so => /opt/intel/oneapi/compiler/2026.1/lib/libsvml.so (0x00007745cca31000)
	libirng.so => /opt/intel/oneapi/compiler/2026.1/lib/libirng.so (0x00007745cc938000)
	libimf.so => /opt/intel/oneapi/compiler/2026.1/lib/libimf.so (0x00007745cc4e9000)
	libintlc.so.5 => /opt/intel/oneapi/compiler/2026.1/lib/libintlc.so.5 (0x00007745cc486000)
	librt.so.1 => /usr/lib/x86_64-linux-gnu/librt.so.1 (0x00007745cc481000)
	libz.so.1 => /usr/lib/x86_64-linux-gnu/libz.so.1 (0x00007745cc463000)
