HOST_PASS,14_roundtrips,6_boundaries,7_private_rejections,no_queue_no_GPU
IDENTITY,8086,e20c,0000:05:00.0,root
FP16_CONFIG,advertised_capabilities_only,fp16,1,flags,2,4,8,16,32,64
RECEIPT_QUEUE,profiling=1,in_order=1,backend=level_zero,resolution_ns=52
STAGE,constructor_upload
STAGE,constructor_device
STAGE,constructor_readback
CONSTRUCTOR,index=0,float_bits=00000000,IEEE_RNE_reference=0000,observed=0000
CONSTRUCTOR,index=1,float_bits=80000000,IEEE_RNE_reference=8000,observed=8000
CONSTRUCTOR,index=2,float_bits=3f800000,IEEE_RNE_reference=3c00,observed=3c00
CONSTRUCTOR,index=3,float_bits=bf800000,IEEE_RNE_reference=bc00,observed=bc00
CONSTRUCTOR,index=4,float_bits=3f801000,IEEE_RNE_reference=3c00,observed=3c00
CONSTRUCTOR,index=5,float_bits=3f803000,IEEE_RNE_reference=3c02,observed=3c02
CONSTRUCTOR,index=6,float_bits=bf801000,IEEE_RNE_reference=bc00,observed=bc00
CONSTRUCTOR,index=7,float_bits=bf803000,IEEE_RNE_reference=bc02,observed=bc02
CONSTRUCTOR,index=8,float_bits=477fe000,IEEE_RNE_reference=7bff,observed=7bff
CONSTRUCTOR,index=9,float_bits=c77fe000,IEEE_RNE_reference=fbff,observed=fbff
CONSTRUCTOR,index=10,float_bits=477ff000,IEEE_RNE_reference=7c00,observed=7c00
CONSTRUCTOR,index=11,float_bits=c77ff000,IEEE_RNE_reference=fc00,observed=fc00
CONSTRUCTOR,index=12,float_bits=47800000,IEEE_RNE_reference=7c00,observed=7c00
CONSTRUCTOR,index=13,float_bits=c7800000,IEEE_RNE_reference=fc00,observed=fc00
CONSTRUCTOR,index=14,float_bits=33800000,IEEE_RNE_reference=0001,observed=0001
CONSTRUCTOR,index=15,float_bits=b3800000,IEEE_RNE_reference=8001,observed=8001
CONSTRUCTOR,index=16,float_bits=33000000,IEEE_RNE_reference=0000,observed=0000
CONSTRUCTOR,index=17,float_bits=33c00000,IEEE_RNE_reference=0002,observed=0002
CONSTRUCTOR,index=18,float_bits=387fc000,IEEE_RNE_reference=03ff,observed=03ff
CONSTRUCTOR,index=19,float_bits=387fe000,IEEE_RNE_reference=0400,observed=0400
CONSTRUCTOR_RESULT,20_words,independent_RNE_bits_equal,target_specific_observation,portable_contract_unqualified
STAGE,upload
STAGE,generic
STAGE,private
RECEIPT,scope=1,serial=1,arm=generic,type=20,n=256,metadata_match=1,submit=299183036662564,start=299183201525937,end=299183201531875
RECEIPT,scope=1,serial=2,arm=private,type=20,n=256,metadata_match=1,submit=299183201804690,start=299183228607395,end=299183228613333
STAGE,readback
CASE,n=256,rows=0,cols=0,scale=0000,class=synthetic_finite,repeat=0,active=256,ab=0,oracle_generic=0,oracle_private=0,all_guards_checked=1
STAGE,upload
STAGE,generic
STAGE,private
RECEIPT,scope=2,serial=1,arm=generic,type=20,n=256,metadata_match=1,submit=299183236484695,start=299183236562812,end=299183236567291
RECEIPT,scope=2,serial=2,arm=private,type=20,n=256,metadata_match=1,submit=299183236701762,start=299183236764479,end=299183236766458
STAGE,readback
CASE,n=256,rows=0,cols=0,scale=0000,class=synthetic_finite,repeat=1,active=256,ab=0,oracle_generic=0,oracle_private=0,all_guards_checked=1
STAGE,upload
STAGE,generic
STAGE,private
RECEIPT,scope=3,serial=1,arm=generic,type=20,n=256,metadata_match=1,submit=299183243904232,start=299183243963750,end=299183243966250
RECEIPT,scope=3,serial=2,arm=private,type=20,n=256,metadata_match=1,submit=299183244061126,start=299183244109166,end=299183244110937
STAGE,readback
CASE,n=256,rows=0,cols=0,scale=0001,class=synthetic_finite,repeat=0,active=256,ab=0,oracle_generic=0,oracle_private=0,all_guards_checked=1
STAGE,upload
STAGE,generic
STAGE,private
RECEIPT,scope=4,serial=1,arm=generic,type=20,n=256,metadata_match=1,submit=299183251060917,start=299183251117500,end=299183251119791
RECEIPT,scope=4,serial=2,arm=private,type=20,n=256,metadata_match=1,submit=299183251217139,start=299183251267187,end=299183251268854
STAGE,readback
CASE,n=256,rows=0,cols=0,scale=0001,class=synthetic_finite,repeat=1,active=256,ab=0,oracle_generic=0,oracle_private=0,all_guards_checked=1
STAGE,upload
STAGE,generic
STAGE,private
RECEIPT,scope=5,serial=1,arm=generic,type=20,n=256,metadata_match=1,submit=299183258424108,start=299183258497916,end=299183258500208
RECEIPT,scope=5,serial=2,arm=private,type=20,n=256,metadata_match=1,submit=299183258614605,start=299183258675520,end=299183258677187
STAGE,readback
CASE,n=256,rows=0,cols=0,scale=03ff,class=synthetic_finite,repeat=0,active=256,ab=0,oracle_generic=0,oracle_private=0,all_guards_checked=1
STAGE,upload
STAGE,generic
STAGE,private
RECEIPT,scope=6,serial=1,arm=generic,type=20,n=256,metadata_match=1,submit=299183265789194,start=299183265856770,end=299183265859062
RECEIPT,scope=6,serial=2,arm=private,type=20,n=256,metadata_match=1,submit=299183265977106,start=299183266037708,end=299183266039375
STAGE,readback
CASE,n=256,rows=0,cols=0,scale=03ff,class=synthetic_finite,repeat=1,active=256,ab=0,oracle_generic=0,oracle_private=0,all_guards_checked=1
STAGE,upload
STAGE,generic
STAGE,private
RECEIPT,scope=7,serial=1,arm=generic,type=20,n=256,metadata_match=1,submit=299183273221104,start=299183273274270,end=299183273275937
RECEIPT,scope=7,serial=2,arm=private,type=20,n=256,metadata_match=1,submit=299183273368641,start=299183273414479,end=299183273415729
STAGE,readback
CASE,n=256,rows=0,cols=0,scale=0400,class=synthetic_finite,repeat=0,active=256,ab=0,oracle_generic=0,oracle_private=0,all_guards_checked=1
STAGE,upload
STAGE,generic
STAGE,private
RECEIPT,scope=8,serial=1,arm=generic,type=20,n=256,metadata_match=1,submit=299183279625599,start=299183279677708,end=299183279679375
RECEIPT,scope=8,serial=2,arm=private,type=20,n=256,metadata_match=1,submit=299183279774438,start=299183279818645,end=299183279819791
STAGE,readback
CASE,n=256,rows=0,cols=0,scale=0400,class=synthetic_finite,repeat=1,active=256,ab=0,oracle_generic=0,oracle_private=0,all_guards_checked=1
STAGE,upload
STAGE,generic
STAGE,private
RECEIPT,scope=9,serial=1,arm=generic,type=20,n=256,metadata_match=1,submit=299183286501567,start=299183286559166,end=299183286560833
RECEIPT,scope=9,serial=2,arm=private,type=20,n=256,metadata_match=1,submit=299183286653412,start=299183286696145,end=299183286697395
STAGE,readback
CASE,n=256,rows=0,cols=0,scale=0401,class=synthetic_finite,repeat=0,active=256,ab=0,oracle_generic=0,oracle_private=0,all_guards_checked=1
STAGE,upload
STAGE,generic
STAGE,private
RECEIPT,scope=10,serial=1,arm=generic,type=20,n=256,metadata_match=1,submit=299183293148597,start=299183293214791,end=299183293216458
RECEIPT,scope=10,serial=2,arm=private,type=20,n=256,metadata_match=1,submit=299183293327252,start=299183293386875,end=299183293388125
STAGE,readback
CASE,n=256,rows=0,cols=0,scale=0401,class=synthetic_finite,repeat=1,active=256,ab=0,oracle_generic=0,oracle_private=0,all_guards_checked=1
STAGE,upload
STAGE,generic
STAGE,private
RECEIPT,scope=11,serial=1,arm=generic,type=20,n=256,metadata_match=1,submit=299183300938859,start=299183301038020,end=299183301039687
RECEIPT,scope=11,serial=2,arm=private,type=20,n=256,metadata_match=1,submit=299183301204797,start=299183301291770,end=299183301292916
STAGE,readback
CASE,n=256,rows=0,cols=0,scale=3c00,class=synthetic_finite,repeat=0,active=256,ab=0,oracle_generic=0,oracle_private=0,all_guards_checked=1
STAGE,upload
STAGE,generic
STAGE,private
RECEIPT,scope=12,serial=1,arm=generic,type=20,n=256,metadata_match=1,submit=299183309650508,start=299183309717500,end=299183309719166
RECEIPT,scope=12,serial=2,arm=private,type=20,n=256,metadata_match=1,submit=299183309833852,start=299183309896041,end=299183309897291
STAGE,readback
CASE,n=256,rows=0,cols=0,scale=3c00,class=synthetic_finite,repeat=1,active=256,ab=0,oracle_generic=0,oracle_private=0,all_guards_checked=1
STAGE,upload
STAGE,generic
STAGE,private
RECEIPT,scope=13,serial=1,arm=generic,type=20,n=256,metadata_match=1,submit=299183317068002,start=299183317143854,end=299183317145520
RECEIPT,scope=13,serial=2,arm=private,type=20,n=256,metadata_match=1,submit=299183317279147,start=299183317336250,end=299183317337500
STAGE,readback
CASE,n=256,rows=0,cols=0,scale=7bff,class=synthetic_finite,repeat=0,active=256,ab=0,oracle_generic=0,oracle_private=0,all_guards_checked=1
STAGE,upload
STAGE,generic
STAGE,private
RECEIPT,scope=14,serial=1,arm=generic,type=20,n=256,metadata_match=1,submit=299183323855825,start=299183323914375,end=299183323916041
RECEIPT,scope=14,serial=2,arm=private,type=20,n=256,metadata_match=1,submit=299183324014653,start=299183324061145,end=299183324062395
STAGE,readback
CASE,n=256,rows=0,cols=0,scale=7bff,class=synthetic_finite,repeat=1,active=256,ab=0,oracle_generic=0,oracle_private=0,all_guards_checked=1
STAGE,upload
STAGE,generic
STAGE,private
RECEIPT,scope=15,serial=1,arm=generic,type=20,n=256,metadata_match=1,submit=299183330475864,start=299183330527500,end=299183330529062
RECEIPT,scope=15,serial=2,arm=private,type=20,n=256,metadata_match=1,submit=299183330623951,start=299183330668958,end=299183330670104
STAGE,readback
CASE,n=256,rows=0,cols=0,scale=8000,class=synthetic_negative_robustness,repeat=0,active=256,ab=0,oracle_generic=0,oracle_private=0,all_guards_checked=1
STAGE,upload
STAGE,generic
STAGE,private
RECEIPT,scope=16,serial=1,arm=generic,type=20,n=256,metadata_match=1,submit=299183337069543,start=299183337132708,end=299183337134375
RECEIPT,scope=16,serial=2,arm=private,type=20,n=256,metadata_match=1,submit=299183337230274,start=299183337276354,end=299183337277604
STAGE,readback
CASE,n=256,rows=0,cols=0,scale=8000,class=synthetic_negative_robustness,repeat=1,active=256,ab=0,oracle_generic=0,oracle_private=0,all_guards_checked=1
STAGE,upload
STAGE,generic
STAGE,private
RECEIPT,scope=17,serial=1,arm=generic,type=20,n=256,metadata_match=1,submit=299183343607608,start=299183343655104,end=299183343656666
RECEIPT,scope=17,serial=2,arm=private,type=20,n=256,metadata_match=1,submit=299183343750065,start=299183343793958,end=299183343795208
STAGE,readback
CASE,n=256,rows=0,cols=0,scale=8001,class=synthetic_negative_robustness,repeat=0,active=256,ab=0,oracle_generic=0,oracle_private=0,all_guards_checked=1
STAGE,upload
STAGE,generic
STAGE,private
RECEIPT,scope=18,serial=1,arm=generic,type=20,n=256,metadata_match=1,submit=299183350343474,start=299183350394479,end=299183350396145
RECEIPT,scope=18,serial=2,arm=private,type=20,n=256,metadata_match=1,submit=299183350492643,start=299183350551145,end=299183350552291
STAGE,readback
CASE,n=256,rows=0,cols=0,scale=8001,class=synthetic_negative_robustness,repeat=1,active=256,ab=0,oracle_generic=0,oracle_private=0,all_guards_checked=1
STAGE,upload
STAGE,generic
STAGE,private
RECEIPT,scope=19,serial=1,arm=generic,type=20,n=256,metadata_match=1,submit=299183357248727,start=299183357304166,end=299183357305833
RECEIPT,scope=19,serial=2,arm=private,type=20,n=256,metadata_match=1,submit=299183357403828,start=299183357444583,end=299183357445833
STAGE,readback
CASE,n=256,rows=0,cols=0,scale=83ff,class=synthetic_negative_robustness,repeat=0,active=256,ab=0,oracle_generic=0,oracle_private=0,all_guards_checked=1
STAGE,upload
STAGE,generic
STAGE,private
RECEIPT,scope=20,serial=1,arm=generic,type=20,n=256,metadata_match=1,submit=299183363788145,start=299183363849791,end=299183363851354
RECEIPT,scope=20,serial=2,arm=private,type=20,n=256,metadata_match=1,submit=299183363956801,start=299183363998020,end=299183363999270
STAGE,readback
CASE,n=256,rows=0,cols=0,scale=83ff,class=synthetic_negative_robustness,repeat=1,active=256,ab=0,oracle_generic=0,oracle_private=0,all_guards_checked=1
STAGE,upload
STAGE,generic
STAGE,private
RECEIPT,scope=21,serial=1,arm=generic,type=20,n=256,metadata_match=1,submit=299183371105290,start=299183371175208,end=299183371176875
RECEIPT,scope=21,serial=2,arm=private,type=20,n=256,metadata_match=1,submit=299183371296990,start=299183371349687,end=299183371350937
STAGE,readback
CASE,n=256,rows=0,cols=0,scale=8400,class=synthetic_negative_robustness,repeat=0,active=256,ab=0,oracle_generic=0,oracle_private=0,all_guards_checked=1
STAGE,upload
STAGE,generic
STAGE,private
RECEIPT,scope=22,serial=1,arm=generic,type=20,n=256,metadata_match=1,submit=299183377714479,start=299183377780520,end=299183377782187
RECEIPT,scope=22,serial=2,arm=private,type=20,n=256,metadata_match=1,submit=299183377907330,start=299183377970937,end=299183377972083
STAGE,readback
CASE,n=256,rows=0,cols=0,scale=8400,class=synthetic_negative_robustness,repeat=1,active=256,ab=0,oracle_generic=0,oracle_private=0,all_guards_checked=1
STAGE,upload
STAGE,generic
STAGE,private
RECEIPT,scope=23,serial=1,arm=generic,type=20,n=256,metadata_match=1,submit=299183385347276,start=299183385415937,end=299183385417604
RECEIPT,scope=23,serial=2,arm=private,type=20,n=256,metadata_match=1,submit=299183385544816,start=299183385600000,end=299183385601145
STAGE,readback
CASE,n=256,rows=0,cols=0,scale=8401,class=synthetic_negative_robustness,repeat=0,active=256,ab=0,oracle_generic=0,oracle_private=0,all_guards_checked=1
STAGE,upload
STAGE,generic
STAGE,private
RECEIPT,scope=24,serial=1,arm=generic,type=20,n=256,metadata_match=1,submit=299183392691522,start=299183392740208,end=299183392741875
RECEIPT,scope=24,serial=2,arm=private,type=20,n=256,metadata_match=1,submit=299183392856902,start=299183392899583,end=299183392900729
STAGE,readback
CASE,n=256,rows=0,cols=0,scale=8401,class=synthetic_negative_robustness,repeat=1,active=256,ab=0,oracle_generic=0,oracle_private=0,all_guards_checked=1
STAGE,upload
STAGE,generic
STAGE,private
RECEIPT,scope=25,serial=1,arm=generic,type=20,n=256,metadata_match=1,submit=299183399606594,start=299183399652708,end=299183399654270
RECEIPT,scope=25,serial=2,arm=private,type=20,n=256,metadata_match=1,submit=299183399754731,start=299183399801354,end=299183399802500
STAGE,readback
CASE,n=256,rows=0,cols=0,scale=bc00,class=synthetic_negative_robustness,repeat=0,active=256,ab=0,oracle_generic=0,oracle_private=0,all_guards_checked=1
STAGE,upload
STAGE,generic
STAGE,private
RECEIPT,scope=26,serial=1,arm=generic,type=20,n=256,metadata_match=1,submit=299183406217285,start=299183406264166,end=299183406265833
RECEIPT,scope=26,serial=2,arm=private,type=20,n=256,metadata_match=1,submit=299183406365453,start=299183406408125,end=299183406409375
STAGE,readback
CASE,n=256,rows=0,cols=0,scale=bc00,class=synthetic_negative_robustness,repeat=1,active=256,ab=0,oracle_generic=0,oracle_private=0,all_guards_checked=1
STAGE,upload
STAGE,generic
STAGE,private
RECEIPT,scope=27,serial=1,arm=generic,type=20,n=256,metadata_match=1,submit=299183412783052,start=299183412827291,end=299183412828854
RECEIPT,scope=27,serial=2,arm=private,type=20,n=256,metadata_match=1,submit=299183412932813,start=299183412975312,end=299183412976562
STAGE,readback
CASE,n=256,rows=0,cols=0,scale=fbff,class=synthetic_negative_robustness,repeat=0,active=256,ab=0,oracle_generic=0,oracle_private=0,all_guards_checked=1
STAGE,upload
STAGE,generic
STAGE,private
RECEIPT,scope=28,serial=1,arm=generic,type=20,n=256,metadata_match=1,submit=299183420201397,start=299183420252395,end=299183420254062
RECEIPT,scope=28,serial=2,arm=private,type=20,n=256,metadata_match=1,submit=299183420356267,start=299183420397708,end=299183420398958
STAGE,readback
CASE,n=256,rows=0,cols=0,scale=fbff,class=synthetic_negative_robustness,repeat=1,active=256,ab=0,oracle_generic=0,oracle_private=0,all_guards_checked=1
STAGE,upload
STAGE,generic
STAGE,private
RECEIPT,scope=29,serial=1,arm=generic,type=20,n=512,metadata_match=1,submit=299183427606457,start=299183427654166,end=299183427655833
RECEIPT,scope=29,serial=2,arm=private,type=20,n=512,metadata_match=1,submit=299183427756027,start=299183427798229,end=299183427799583
STAGE,readback
CASE,n=512,rows=0,cols=0,scale=0000,class=synthetic_finite,repeat=0,active=512,ab=0,oracle_generic=0,oracle_private=0,all_guards_checked=1
STAGE,upload
STAGE,generic
STAGE,private
RECEIPT,scope=30,serial=1,arm=generic,type=20,n=512,metadata_match=1,submit=299183434710002,start=299183434761041,end=299183434762604
RECEIPT,scope=30,serial=2,arm=private,type=20,n=512,metadata_match=1,submit=299183434867858,start=299183434916979,end=299183434918125
STAGE,readback
CASE,n=512,rows=0,cols=0,scale=0000,class=synthetic_finite,repeat=1,active=512,ab=0,oracle_generic=0,oracle_private=0,all_guards_checked=1
STAGE,upload
STAGE,generic
STAGE,private
RECEIPT,scope=31,serial=1,arm=generic,type=20,n=512,metadata_match=1,submit=299183442065760,start=299183442109791,end=299183442111354
RECEIPT,scope=31,serial=2,arm=private,type=20,n=512,metadata_match=1,submit=299183442211834,start=299183442253020,end=299183442254270
STAGE,readback
CASE,n=512,rows=0,cols=0,scale=0001,class=synthetic_finite,repeat=0,active=512,ab=0,oracle_generic=0,oracle_private=0,all_guards_checked=1
STAGE,upload
STAGE,generic
STAGE,private
RECEIPT,scope=32,serial=1,arm=generic,type=20,n=512,metadata_match=1,submit=299183448731274,start=299183448787812,end=299183448789479
RECEIPT,scope=32,serial=2,arm=private,type=20,n=512,metadata_match=1,submit=299183448916231,start=299183448989791,end=299183448990937
STAGE,readback
CASE,n=512,rows=0,cols=0,scale=0001,class=synthetic_finite,repeat=1,active=512,ab=0,oracle_generic=0,oracle_private=0,all_guards_checked=1
STAGE,upload
STAGE,generic
STAGE,private
RECEIPT,scope=33,serial=1,arm=generic,type=20,n=512,metadata_match=1,submit=299183455758716,start=299183455804375,end=299183455805937
RECEIPT,scope=33,serial=2,arm=private,type=20,n=512,metadata_match=1,submit=299183455909008,start=299183455953437,end=299183455954687
STAGE,readback
CASE,n=512,rows=0,cols=0,scale=03ff,class=synthetic_finite,repeat=0,active=512,ab=0,oracle_generic=0,oracle_private=0,all_guards_checked=1
STAGE,upload
STAGE,generic
STAGE,private
RECEIPT,scope=34,serial=1,arm=generic,type=20,n=512,metadata_match=1,submit=299183464435791,start=299183464511562,end=299183464513125
RECEIPT,scope=34,serial=2,arm=private,type=20,n=512,metadata_match=1,submit=299183464647648,start=299183464705520,end=299183464706770
STAGE,readback
CASE,n=512,rows=0,cols=0,scale=03ff,class=synthetic_finite,repeat=1,active=512,ab=0,oracle_generic=0,oracle_private=0,all_guards_checked=1
STAGE,upload
STAGE,generic
STAGE,private
RECEIPT,scope=35,serial=1,arm=generic,type=20,n=512,metadata_match=1,submit=299183472316703,start=299183472368854,end=299183472370520
RECEIPT,scope=35,serial=2,arm=private,type=20,n=512,metadata_match=1,submit=299183472498834,start=299183472538125,end=299183472539375
STAGE,readback
CASE,n=512,rows=0,cols=0,scale=0400,class=synthetic_finite,repeat=0,active=512,ab=0,oracle_generic=0,oracle_private=0,all_guards_checked=1
STAGE,upload
STAGE,generic
STAGE,private
RECEIPT,scope=36,serial=1,arm=generic,type=20,n=512,metadata_match=1,submit=299183479122630,start=299183479173437,end=299183479175104
RECEIPT,scope=36,serial=2,arm=private,type=20,n=512,metadata_match=1,submit=299183479281468,start=299183479319583,end=299183479320833
STAGE,readback
CASE,n=512,rows=0,cols=0,scale=0400,class=synthetic_finite,repeat=1,active=512,ab=0,oracle_generic=0,oracle_private=0,all_guards_checked=1
STAGE,upload
STAGE,generic
STAGE,private
RECEIPT,scope=37,serial=1,arm=generic,type=20,n=512,metadata_match=1,submit=299183486041559,start=299183486124895,end=299183486126458
RECEIPT,scope=37,serial=2,arm=private,type=20,n=512,metadata_match=1,submit=299183486265889,start=299183486341458,end=299183486342708
STAGE,readback
CASE,n=512,rows=0,cols=0,scale=0401,class=synthetic_finite,repeat=0,active=512,ab=0,oracle_generic=0,oracle_private=0,all_guards_checked=1
STAGE,upload
STAGE,generic
STAGE,private
RECEIPT,scope=38,serial=1,arm=generic,type=20,n=512,metadata_match=1,submit=299183494362536,start=299183494409479,end=299183494411041
RECEIPT,scope=38,serial=2,arm=private,type=20,n=512,metadata_match=1,submit=299183494514992,start=299183494550104,end=299183494551354
STAGE,readback
CASE,n=512,rows=0,cols=0,scale=0401,class=synthetic_finite,repeat=1,active=512,ab=0,oracle_generic=0,oracle_private=0,all_guards_checked=1
STAGE,upload
STAGE,generic
STAGE,private
RECEIPT,scope=39,serial=1,arm=generic,type=20,n=512,metadata_match=1,submit=299183501322592,start=299183501407187,end=299183501408854
RECEIPT,scope=39,serial=2,arm=private,type=20,n=512,metadata_match=1,submit=299183501562341,start=299183501630729,end=299183501631979
STAGE,readback
CASE,n=512,rows=0,cols=0,scale=3c00,class=synthetic_finite,repeat=0,active=512,ab=0,oracle_generic=0,oracle_private=0,all_guards_checked=1
STAGE,upload
STAGE,generic
STAGE,private
RECEIPT,scope=40,serial=1,arm=generic,type=20,n=512,metadata_match=1,submit=299183508717974,start=299183508809375,end=299183508810937
RECEIPT,scope=40,serial=2,arm=private,type=20,n=512,metadata_match=1,submit=299183508979384,start=299183509054687,end=299183509055937
STAGE,readback
CASE,n=512,rows=0,cols=0,scale=3c00,class=synthetic_finite,repeat=1,active=512,ab=0,oracle_generic=0,oracle_private=0,all_guards_checked=1
STAGE,upload
STAGE,generic
STAGE,private
RECEIPT,scope=41,serial=1,arm=generic,type=20,n=512,metadata_match=1,submit=299183517137125,start=299183517202812,end=299183517204479
RECEIPT,scope=41,serial=2,arm=private,type=20,n=512,metadata_match=1,submit=299183517334455,start=299183517389375,end=299183517390625
STAGE,readback
CASE,n=512,rows=0,cols=0,scale=7bff,class=synthetic_finite,repeat=0,active=512,ab=0,oracle_generic=0,oracle_private=0,all_guards_checked=1
STAGE,upload
STAGE,generic
STAGE,private
RECEIPT,scope=42,serial=1,arm=generic,type=20,n=512,metadata_match=1,submit=299183523975413,start=299183524025937,end=299183524027500
RECEIPT,scope=42,serial=2,arm=private,type=20,n=512,metadata_match=1,submit=299183524133730,start=299183524168750,end=299183524170000
STAGE,readback
CASE,n=512,rows=0,cols=0,scale=7bff,class=synthetic_finite,repeat=1,active=512,ab=0,oracle_generic=0,oracle_private=0,all_guards_checked=1
STAGE,upload
STAGE,generic
STAGE,private
RECEIPT,scope=43,serial=1,arm=generic,type=20,n=512,metadata_match=1,submit=299183530724624,start=299183530775208,end=299183530776770
RECEIPT,scope=43,serial=2,arm=private,type=20,n=512,metadata_match=1,submit=299183530883281,start=299183530923645,end=299183530924895
STAGE,readback
CASE,n=512,rows=0,cols=0,scale=8000,class=synthetic_negative_robustness,repeat=0,active=512,ab=0,oracle_generic=0,oracle_private=0,all_guards_checked=1
STAGE,upload
STAGE,generic
STAGE,private
RECEIPT,scope=44,serial=1,arm=generic,type=20,n=512,metadata_match=1,submit=299183537477241,start=299183537528750,end=299183537530312
RECEIPT,scope=44,serial=2,arm=private,type=20,n=512,metadata_match=1,submit=299183537637231,start=299183537684479,end=299183537685729
STAGE,readback
CASE,n=512,rows=0,cols=0,scale=8000,class=synthetic_negative_robustness,repeat=1,active=512,ab=0,oracle_generic=0,oracle_private=0,all_guards_checked=1
STAGE,upload
STAGE,generic
STAGE,private
RECEIPT,scope=45,serial=1,arm=generic,type=20,n=512,metadata_match=1,submit=299183544258883,start=299183544301770,end=299183544303437
RECEIPT,scope=45,serial=2,arm=private,type=20,n=512,metadata_match=1,submit=299183544414935,start=299183544468645,end=299183544469895
STAGE,readback
CASE,n=512,rows=0,cols=0,scale=8001,class=synthetic_negative_robustness,repeat=0,active=512,ab=0,oracle_generic=0,oracle_private=0,all_guards_checked=1
STAGE,upload
STAGE,generic
STAGE,private
RECEIPT,scope=46,serial=1,arm=generic,type=20,n=512,metadata_match=1,submit=299183551419204,start=299183551510416,end=299183551512083
RECEIPT,scope=46,serial=2,arm=private,type=20,n=512,metadata_match=1,submit=299183551682548,start=299183551764166,end=299183551765312
STAGE,readback
CASE,n=512,rows=0,cols=0,scale=8001,class=synthetic_negative_robustness,repeat=1,active=512,ab=0,oracle_generic=0,oracle_private=0,all_guards_checked=1
STAGE,upload
STAGE,generic
STAGE,private
RECEIPT,scope=47,serial=1,arm=generic,type=20,n=512,metadata_match=1,submit=299183558768971,start=299183558839062,end=299183558840625
RECEIPT,scope=47,serial=2,arm=private,type=20,n=512,metadata_match=1,submit=299183558992480,start=299183559051250,end=299183559052395
STAGE,readback
CASE,n=512,rows=0,cols=0,scale=83ff,class=synthetic_negative_robustness,repeat=0,active=512,ab=0,oracle_generic=0,oracle_private=0,all_guards_checked=1
STAGE,upload
STAGE,generic
STAGE,private
RECEIPT,scope=48,serial=1,arm=generic,type=20,n=512,metadata_match=1,submit=299183566756783,start=299183566836041,end=299183566837604
RECEIPT,scope=48,serial=2,arm=private,type=20,n=512,metadata_match=1,submit=299183566982787,start=299183567038020,end=299183567039270
STAGE,readback
CASE,n=512,rows=0,cols=0,scale=83ff,class=synthetic_negative_robustness,repeat=1,active=512,ab=0,oracle_generic=0,oracle_private=0,all_guards_checked=1
STAGE,upload
STAGE,generic
STAGE,private
RECEIPT,scope=49,serial=1,arm=generic,type=20,n=512,metadata_match=1,submit=299183573594300,start=299183573637187,end=299183573638854
RECEIPT,scope=49,serial=2,arm=private,type=20,n=512,metadata_match=1,submit=299183573745964,start=299183573778854,end=299183573780104
STAGE,readback
CASE,n=512,rows=0,cols=0,scale=8400,class=synthetic_negative_robustness,repeat=0,active=512,ab=0,oracle_generic=0,oracle_private=0,all_guards_checked=1
STAGE,upload
STAGE,generic
STAGE,private
RECEIPT,scope=50,serial=1,arm=generic,type=20,n=512,metadata_match=1,submit=299183580853326,start=299183580901145,end=299183580902708
RECEIPT,scope=50,serial=2,arm=private,type=20,n=512,metadata_match=1,submit=299183581014859,start=299183581050000,end=299183581051250
STAGE,readback
CASE,n=512,rows=0,cols=0,scale=8400,class=synthetic_negative_robustness,repeat=1,active=512,ab=0,oracle_generic=0,oracle_private=0,all_guards_checked=1
STAGE,upload
STAGE,generic
STAGE,private
RECEIPT,scope=51,serial=1,arm=generic,type=20,n=512,metadata_match=1,submit=299183587696924,start=299183587736979,end=299183587738541
RECEIPT,scope=51,serial=2,arm=private,type=20,n=512,metadata_match=1,submit=299183587845562,start=299183587877812,end=299183587879062
STAGE,readback
CASE,n=512,rows=0,cols=0,scale=8401,class=synthetic_negative_robustness,repeat=0,active=512,ab=0,oracle_generic=0,oracle_private=0,all_guards_checked=1
STAGE,upload
STAGE,generic
STAGE,private
RECEIPT,scope=52,serial=1,arm=generic,type=20,n=512,metadata_match=1,submit=299183594122588,start=299183594159166,end=299183594160729
RECEIPT,scope=52,serial=2,arm=private,type=20,n=512,metadata_match=1,submit=299183594265175,start=299183594296041,end=299183594297291
STAGE,readback
CASE,n=512,rows=0,cols=0,scale=8401,class=synthetic_negative_robustness,repeat=1,active=512,ab=0,oracle_generic=0,oracle_private=0,all_guards_checked=1
STAGE,upload
STAGE,generic
STAGE,private
RECEIPT,scope=53,serial=1,arm=generic,type=20,n=512,metadata_match=1,submit=299183600714865,start=299183600751354,end=299183600753020
RECEIPT,scope=53,serial=2,arm=private,type=20,n=512,metadata_match=1,submit=299183600855278,start=299183600888854,end=299183600890000
STAGE,readback
CASE,n=512,rows=0,cols=0,scale=bc00,class=synthetic_negative_robustness,repeat=0,active=512,ab=0,oracle_generic=0,oracle_private=0,all_guards_checked=1
STAGE,upload
STAGE,generic
STAGE,private
RECEIPT,scope=54,serial=1,arm=generic,type=20,n=512,metadata_match=1,submit=299183607186906,start=299183607223854,end=299183607225416
RECEIPT,scope=54,serial=2,arm=private,type=20,n=512,metadata_match=1,submit=299183607327870,start=299183607361041,end=299183607362291
STAGE,readback
CASE,n=512,rows=0,cols=0,scale=bc00,class=synthetic_negative_robustness,repeat=1,active=512,ab=0,oracle_generic=0,oracle_private=0,all_guards_checked=1
STAGE,upload
STAGE,generic
STAGE,private
RECEIPT,scope=55,serial=1,arm=generic,type=20,n=512,metadata_match=1,submit=299183613704693,start=299183613741979,end=299183613743645
RECEIPT,scope=55,serial=2,arm=private,type=20,n=512,metadata_match=1,submit=299183613845848,start=299183613879479,end=299183613880729
STAGE,readback
CASE,n=512,rows=0,cols=0,scale=fbff,class=synthetic_negative_robustness,repeat=0,active=512,ab=0,oracle_generic=0,oracle_private=0,all_guards_checked=1
STAGE,upload
STAGE,generic
STAGE,private
RECEIPT,scope=56,serial=1,arm=generic,type=20,n=512,metadata_match=1,submit=299183620306728,start=299183620344895,end=299183620346458
RECEIPT,scope=56,serial=2,arm=private,type=20,n=512,metadata_match=1,submit=299183620450658,start=299183620483750,end=299183620485000
STAGE,readback
CASE,n=512,rows=0,cols=0,scale=fbff,class=synthetic_negative_robustness,repeat=1,active=512,ab=0,oracle_generic=0,oracle_private=0,all_guards_checked=1
STAGE,upload
STAGE,generic
STAGE,private
RECEIPT,scope=57,serial=1,arm=generic,type=20,n=1638400,metadata_match=1,submit=299183634420844,start=299183634482083,end=299183634501458
RECEIPT,scope=57,serial=2,arm=private,type=20,n=1638400,metadata_match=1,submit=299183634622071,start=299183634678229,end=299183634697187
STAGE,readback
CASE,n=1638400,rows=2560,cols=640,scale=0000,class=synthetic_finite,repeat=0,active=1638400,ab=0,oracle_generic=0,oracle_private=0,all_guards_checked=1
STAGE,upload
STAGE,generic
STAGE,private
RECEIPT,scope=58,serial=1,arm=generic,type=20,n=1638400,metadata_match=1,submit=299183641388554,start=299183641426875,end=299183641446041
RECEIPT,scope=58,serial=2,arm=private,type=20,n=1638400,metadata_match=1,submit=299183641535780,start=299183641569791,end=299183641588437
STAGE,readback
CASE,n=1638400,rows=2560,cols=640,scale=0000,class=synthetic_finite,repeat=1,active=1638400,ab=0,oracle_generic=0,oracle_private=0,all_guards_checked=1
STAGE,upload
STAGE,generic
STAGE,private
RECEIPT,scope=59,serial=1,arm=generic,type=20,n=1638400,metadata_match=1,submit=299183658618290,start=299183658714375,end=299183658734166
RECEIPT,scope=59,serial=2,arm=private,type=20,n=1638400,metadata_match=1,submit=299183658895820,start=299183658983437,end=299183659002291
STAGE,readback
CASE,n=1638400,rows=2560,cols=640,scale=0001,class=synthetic_finite,repeat=0,active=1638400,ab=0,oracle_generic=0,oracle_private=0,all_guards_checked=1
STAGE,upload
STAGE,generic
STAGE,private
RECEIPT,scope=60,serial=1,arm=generic,type=20,n=1638400,metadata_match=1,submit=299183666155558,start=299183666210416,end=299183666229687
RECEIPT,scope=60,serial=2,arm=private,type=20,n=1638400,metadata_match=1,submit=299183666353088,start=299183666404166,end=299183666422708
STAGE,readback
CASE,n=1638400,rows=2560,cols=640,scale=0001,class=synthetic_finite,repeat=1,active=1638400,ab=0,oracle_generic=0,oracle_private=0,all_guards_checked=1
STAGE,upload
STAGE,generic
STAGE,private
RECEIPT,scope=61,serial=1,arm=generic,type=20,n=1638400,metadata_match=1,submit=299183683014880,start=299183683067812,end=299183683087291
RECEIPT,scope=61,serial=2,arm=private,type=20,n=1638400,metadata_match=1,submit=299183683197171,start=299183683242500,end=299183683261666
STAGE,readback
CASE,n=1638400,rows=2560,cols=640,scale=03ff,class=synthetic_finite,repeat=0,active=1638400,ab=0,oracle_generic=0,oracle_private=0,all_guards_checked=1
STAGE,upload
STAGE,generic
STAGE,private
RECEIPT,scope=62,serial=1,arm=generic,type=20,n=1638400,metadata_match=1,submit=299183689964757,start=299183690003645,end=299183690022812
RECEIPT,scope=62,serial=2,arm=private,type=20,n=1638400,metadata_match=1,submit=299183690117603,start=299183690151666,end=299183690170312
STAGE,readback
CASE,n=1638400,rows=2560,cols=640,scale=03ff,class=synthetic_finite,repeat=1,active=1638400,ab=0,oracle_generic=0,oracle_private=0,all_guards_checked=1
STAGE,upload
STAGE,generic
STAGE,private
RECEIPT,scope=63,serial=1,arm=generic,type=20,n=1638400,metadata_match=1,submit=299183704726737,start=299183704770729,end=299183704790520
RECEIPT,scope=63,serial=2,arm=private,type=20,n=1638400,metadata_match=1,submit=299183704887378,start=299183704929791,end=299183704948645
STAGE,readback
CASE,n=1638400,rows=2560,cols=640,scale=0400,class=synthetic_finite,repeat=0,active=1638400,ab=0,oracle_generic=0,oracle_private=0,all_guards_checked=1
STAGE,upload
STAGE,generic
STAGE,private
RECEIPT,scope=64,serial=1,arm=generic,type=20,n=1638400,metadata_match=1,submit=299183711546360,start=299183711584062,end=299183711603229
RECEIPT,scope=64,serial=2,arm=private,type=20,n=1638400,metadata_match=1,submit=299183711697513,start=299183711732187,end=299183711751041
STAGE,readback
CASE,n=1638400,rows=2560,cols=640,scale=0400,class=synthetic_finite,repeat=1,active=1638400,ab=0,oracle_generic=0,oracle_private=0,all_guards_checked=1
STAGE,upload
STAGE,generic
STAGE,private
RECEIPT,scope=65,serial=1,arm=generic,type=20,n=1638400,metadata_match=1,submit=299183727944076,start=299183728007291,end=299183728026979
RECEIPT,scope=65,serial=2,arm=private,type=20,n=1638400,metadata_match=1,submit=299183728147567,start=299183728191979,end=299183728210729
STAGE,readback
CASE,n=1638400,rows=2560,cols=640,scale=0401,class=synthetic_finite,repeat=0,active=1638400,ab=0,oracle_generic=0,oracle_private=0,all_guards_checked=1
STAGE,upload
STAGE,generic
STAGE,private
RECEIPT,scope=66,serial=1,arm=generic,type=20,n=1638400,metadata_match=1,submit=299183735853041,start=299183735922187,end=299183735941145
RECEIPT,scope=66,serial=2,arm=private,type=20,n=1638400,metadata_match=1,submit=299183736077111,start=299183736129270,end=299183736148020
STAGE,readback
CASE,n=1638400,rows=2560,cols=640,scale=0401,class=synthetic_finite,repeat=1,active=1638400,ab=0,oracle_generic=0,oracle_private=0,all_guards_checked=1
STAGE,upload
STAGE,generic
STAGE,private
RECEIPT,scope=67,serial=1,arm=generic,type=20,n=1638400,metadata_match=1,submit=299183750096399,start=299183750148229,end=299183750167812
RECEIPT,scope=67,serial=2,arm=private,type=20,n=1638400,metadata_match=1,submit=299183750291214,start=299183750334062,end=299183750352916
STAGE,readback
CASE,n=1638400,rows=2560,cols=640,scale=3c00,class=synthetic_finite,repeat=0,active=1638400,ab=0,oracle_generic=0,oracle_private=0,all_guards_checked=1
STAGE,upload
STAGE,generic
STAGE,private
RECEIPT,scope=68,serial=1,arm=generic,type=20,n=1638400,metadata_match=1,submit=299183757524712,start=299183757560729,end=299183757579687
RECEIPT,scope=68,serial=2,arm=private,type=20,n=1638400,metadata_match=1,submit=299183757681266,start=299183757709270,end=299183757728125
STAGE,readback
CASE,n=1638400,rows=2560,cols=640,scale=3c00,class=synthetic_finite,repeat=1,active=1638400,ab=0,oracle_generic=0,oracle_private=0,all_guards_checked=1
STAGE,upload
STAGE,generic
STAGE,private
RECEIPT,scope=69,serial=1,arm=generic,type=20,n=1638400,metadata_match=1,submit=299183771794039,start=299183771834375,end=299183771854270
RECEIPT,scope=69,serial=2,arm=private,type=20,n=1638400,metadata_match=1,submit=299183771965581,start=299183771998229,end=299183772017187
STAGE,readback
CASE,n=1638400,rows=2560,cols=640,scale=7bff,class=synthetic_finite,repeat=0,active=1638400,ab=0,oracle_generic=0,oracle_private=0,all_guards_checked=1
STAGE,upload
STAGE,generic
STAGE,private
RECEIPT,scope=70,serial=1,arm=generic,type=20,n=1638400,metadata_match=1,submit=299183778610015,start=299183778665729,end=299183778684687
RECEIPT,scope=70,serial=2,arm=private,type=20,n=1638400,metadata_match=1,submit=299183778810561,start=299183778864062,end=299183778882916
STAGE,readback
CASE,n=1638400,rows=2560,cols=640,scale=7bff,class=synthetic_finite,repeat=1,active=1638400,ab=0,oracle_generic=0,oracle_private=0,all_guards_checked=1
STAGE,upload
STAGE,generic
STAGE,private
RECEIPT,scope=71,serial=1,arm=generic,type=20,n=1638400,metadata_match=1,submit=299183792019019,start=299183792074062,end=299183792092812
RECEIPT,scope=71,serial=2,arm=private,type=20,n=1638400,metadata_match=1,submit=299183792216690,start=299183792257187,end=299183792276250
STAGE,readback
CASE,n=1638400,rows=2560,cols=640,scale=8000,class=synthetic_negative_robustness,repeat=0,active=1638400,ab=0,oracle_generic=0,oracle_private=0,all_guards_checked=1
STAGE,upload
STAGE,generic
STAGE,private
RECEIPT,scope=72,serial=1,arm=generic,type=20,n=1638400,metadata_match=1,submit=299183799687623,start=299183799722708,end=299183799741979
RECEIPT,scope=72,serial=2,arm=private,type=20,n=1638400,metadata_match=1,submit=299183799844888,start=299183799873645,end=299183799892395
STAGE,readback
CASE,n=1638400,rows=2560,cols=640,scale=8000,class=synthetic_negative_robustness,repeat=1,active=1638400,ab=0,oracle_generic=0,oracle_private=0,all_guards_checked=1
STAGE,upload
STAGE,generic
STAGE,private
RECEIPT,scope=73,serial=1,arm=generic,type=20,n=1638400,metadata_match=1,submit=299183816482314,start=299183816520416,end=299183816540000
RECEIPT,scope=73,serial=2,arm=private,type=20,n=1638400,metadata_match=1,submit=299183816640330,start=299183816668437,end=299183816687395
STAGE,readback
CASE,n=1638400,rows=2560,cols=640,scale=8001,class=synthetic_negative_robustness,repeat=0,active=1638400,ab=0,oracle_generic=0,oracle_private=0,all_guards_checked=1
STAGE,upload
STAGE,generic
STAGE,private
RECEIPT,scope=74,serial=1,arm=generic,type=20,n=1638400,metadata_match=1,submit=299183823738906,start=299183823775104,end=299183823793958
RECEIPT,scope=74,serial=2,arm=private,type=20,n=1638400,metadata_match=1,submit=299183823909145,start=299183823975833,end=299183823994687
STAGE,readback
CASE,n=1638400,rows=2560,cols=640,scale=8001,class=synthetic_negative_robustness,repeat=1,active=1638400,ab=0,oracle_generic=0,oracle_private=0,all_guards_checked=1
STAGE,upload
STAGE,generic
STAGE,private
RECEIPT,scope=75,serial=1,arm=generic,type=20,n=1638400,metadata_match=1,submit=299183842595010,start=299183842634791,end=299183842655729
RECEIPT,scope=75,serial=2,arm=private,type=20,n=1638400,metadata_match=1,submit=299183842755491,start=299183842784062,end=299183842803541
STAGE,readback
CASE,n=1638400,rows=2560,cols=640,scale=83ff,class=synthetic_negative_robustness,repeat=0,active=1638400,ab=0,oracle_generic=0,oracle_private=0,all_guards_checked=1
STAGE,upload
STAGE,generic
STAGE,private
RECEIPT,scope=76,serial=1,arm=generic,type=20,n=1638400,metadata_match=1,submit=299183849796038,start=299183849866250,end=299183849885208
RECEIPT,scope=76,serial=2,arm=private,type=20,n=1638400,metadata_match=1,submit=299183850031609,start=299183850061875,end=299183850080625
STAGE,readback
CASE,n=1638400,rows=2560,cols=640,scale=83ff,class=synthetic_negative_robustness,repeat=1,active=1638400,ab=0,oracle_generic=0,oracle_private=0,all_guards_checked=1
STAGE,upload
STAGE,generic
STAGE,private
RECEIPT,scope=77,serial=1,arm=generic,type=20,n=1638400,metadata_match=1,submit=299183866896120,start=299183866962083,end=299183866981666
RECEIPT,scope=77,serial=2,arm=private,type=20,n=1638400,metadata_match=1,submit=299183867106424,start=299183867150520,end=299183867169270
STAGE,readback
CASE,n=1638400,rows=2560,cols=640,scale=8400,class=synthetic_negative_robustness,repeat=0,active=1638400,ab=0,oracle_generic=0,oracle_private=0,all_guards_checked=1
STAGE,upload
STAGE,generic
STAGE,private
RECEIPT,scope=78,serial=1,arm=generic,type=20,n=1638400,metadata_match=1,submit=299183873979668,start=299183874010625,end=299183874029687
RECEIPT,scope=78,serial=2,arm=private,type=20,n=1638400,metadata_match=1,submit=299183874131693,start=299183874160520,end=299183874179479
STAGE,readback
CASE,n=1638400,rows=2560,cols=640,scale=8400,class=synthetic_negative_robustness,repeat=1,active=1638400,ab=0,oracle_generic=0,oracle_private=0,all_guards_checked=1
STAGE,upload
STAGE,generic
STAGE,private
RECEIPT,scope=79,serial=1,arm=generic,type=20,n=1638400,metadata_match=1,submit=299183888614119,start=299183888667083,end=299183888686562
RECEIPT,scope=79,serial=2,arm=private,type=20,n=1638400,metadata_match=1,submit=299183888808724,start=299183888848437,end=299183888867708
STAGE,readback
CASE,n=1638400,rows=2560,cols=640,scale=8401,class=synthetic_negative_robustness,repeat=0,active=1638400,ab=0,oracle_generic=0,oracle_private=0,all_guards_checked=1
STAGE,upload
STAGE,generic
STAGE,private
RECEIPT,scope=80,serial=1,arm=generic,type=20,n=1638400,metadata_match=1,submit=299183895526716,start=299183895568541,end=299183895587083
RECEIPT,scope=80,serial=2,arm=private,type=20,n=1638400,metadata_match=1,submit=299183895688489,start=299183895710937,end=299183895729583
STAGE,readback
CASE,n=1638400,rows=2560,cols=640,scale=8401,class=synthetic_negative_robustness,repeat=1,active=1638400,ab=0,oracle_generic=0,oracle_private=0,all_guards_checked=1
STAGE,upload
STAGE,generic
STAGE,private
RECEIPT,scope=81,serial=1,arm=generic,type=20,n=1638400,metadata_match=1,submit=299183914013468,start=299183914052708,end=299183914072395
RECEIPT,scope=81,serial=2,arm=private,type=20,n=1638400,metadata_match=1,submit=299183914175462,start=299183914222083,end=299183914241145
STAGE,readback
CASE,n=1638400,rows=2560,cols=640,scale=bc00,class=synthetic_negative_robustness,repeat=0,active=1638400,ab=0,oracle_generic=0,oracle_private=0,all_guards_checked=1
STAGE,upload
STAGE,generic
STAGE,private
RECEIPT,scope=82,serial=1,arm=generic,type=20,n=1638400,metadata_match=1,submit=299183921350661,start=299183921380625,end=299183921399791
RECEIPT,scope=82,serial=2,arm=private,type=20,n=1638400,metadata_match=1,submit=299183921499079,start=299183921519166,end=299183921537708
STAGE,readback
CASE,n=1638400,rows=2560,cols=640,scale=bc00,class=synthetic_negative_robustness,repeat=1,active=1638400,ab=0,oracle_generic=0,oracle_private=0,all_guards_checked=1
STAGE,upload
STAGE,generic
STAGE,private
RECEIPT,scope=83,serial=1,arm=generic,type=20,n=1638400,metadata_match=1,submit=299183935347387,start=299183935379166,end=299183935398958
RECEIPT,scope=83,serial=2,arm=private,type=20,n=1638400,metadata_match=1,submit=299183935497117,start=299183935515937,end=299183935535104
STAGE,readback
CASE,n=1638400,rows=2560,cols=640,scale=fbff,class=synthetic_negative_robustness,repeat=0,active=1638400,ab=0,oracle_generic=0,oracle_private=0,all_guards_checked=1
STAGE,upload
STAGE,generic
STAGE,private
RECEIPT,scope=84,serial=1,arm=generic,type=20,n=1638400,metadata_match=1,submit=299183942682606,start=299183942712187,end=299183942730937
RECEIPT,scope=84,serial=2,arm=private,type=20,n=1638400,metadata_match=1,submit=299183942828790,start=299183942847500,end=299183942866145
STAGE,readback
CASE,n=1638400,rows=2560,cols=640,scale=fbff,class=synthetic_negative_robustness,repeat=1,active=1638400,ab=0,oracle_generic=0,oracle_private=0,all_guards_checked=1
STAGE,final_drain
PASS,cases=84,active_words=45896704,synthetic_only=1,model=0,performance=0,fullKV=0,adoption=0
STAGE,post_USM_teardown_drain
TERMINAL,pass,synthetic_only,model_false,performance_false,fullKV_false,adoption_false
