STAGE,IDENTITY_8086_e20c_0000:05:00.0_root
STAGE,upload_input
STAGE,upload_output
STAGE,private_submit
STAGE,existing_completion_wait
STAGE,later_drain
STAGE,readback
STAGE,input_readback
CASE,control,completed_wait,1,boundary_ok,1,callback,1,generic_retry,0,private_calls,1,host_task,0,later_drain,normal
STAGE,free_buffers
STAGE,queue_teardown
STAGE,IDENTITY_8086_e20c_0000:05:00.0_root
STAGE,upload_input
STAGE,upload_output
STAGE,private_submit
STAGE,host_task_submit
STAGE,existing_completion_wait
STAGE,later_drain
STAGE,readback
STAGE,input_readback
CASE,fault,completed_wait,1,boundary_ok,0,callback,0,generic_retry,0,private_calls,1,host_task,1,later_drain,normal
STAGE,free_buffers
STAGE,queue_teardown
TERMINAL,pass,host_origin_async_boundary_only,2_cases,production_unintegrated,device_fault_unqualified,adoption_false
