[thread-id:124707171048640] [info] Loader Version 1.32.0  - No git SHA found, compiled outside git folder.
[thread-id:124707171048640] [info] Validation Layer Enabled
[thread-id:124707171048640] [info] zeInit succeeded
[thread-id:124707171048640] [trace] zeInit(flags)
[thread-id:124707171048640] [trace] zeInitDrivers(pCount, phDrivers, desc)
[thread-id:124707171048640] [trace] zeInitDrivers(pCount, phDrivers, desc)
[thread-id:124707171048640] [trace] zeDriverGet(pCount, phDrivers)
[thread-id:124707171048640] [trace] zeDriverGet(pCount, phDrivers)
[thread-id:124707171048640] [trace] zeDeviceGet(hDriver, pCount, phDevices)
[thread-id:124707171048640] [trace] zeDeviceGet(hDriver, pCount, phDevices)
[thread-id:124707171048640] [trace] zeDeviceGetProperties(hDevice, pDeviceProperties)
[thread-id:124707171048640] [trace] zesInit(flags)
[thread-id:124707171048640] [trace] zeDriverGet(pCount, phDrivers)
[thread-id:124707171048640] [trace] zeDriverGet(pCount, phDrivers)
[thread-id:124707171048640] [trace] zeInitDrivers(pCount, phDrivers, desc)
[thread-id:124707171048640] [trace] zeDriverGetProperties(hDriver, pDriverProperties)
[thread-id:124707171048640] [trace] zeDriverGetProperties(hDriver, pDriverProperties)
[thread-id:124707171048640] [trace] zeDeviceGet(hDriver, pCount, phDevices)
[thread-id:124707171048640] [trace] zeDeviceGet(hDriver, pCount, phDevices)
[thread-id:124707171048640] [trace] zeDeviceGetProperties(hDevice, pDeviceProperties)
[thread-id:124707171048640] [trace] zeDriverGetApiVersion(hDriver, version)
[thread-id:124707171048640] [trace] zeDriverGetExtensionProperties(hDriver, pCount, pExtensionProperties)
[thread-id:124707171048640] [trace] zeDriverGetExtensionProperties(hDriver, pCount, pExtensionProperties)
[thread-id:124707171048640] [trace] zeDriverGetExtensionFunctionAddress(hDriver, name, ppFunctionAddress)
[thread-id:124707171048640] [trace] zeDriverGetProperties(hDriver, pDriverProperties)
[thread-id:124707171048640] [trace] zeDriverGetExtensionFunctionAddress(hDriver, name, ppFunctionAddress)
[thread-id:124707171048640] [trace] zeDriverGetExtensionFunctionAddress(hDriver, name, ppFunctionAddress)
[thread-id:124707171048640] [trace] zeDriverGetExtensionFunctionAddress(hDriver, name, ppFunctionAddress)
[thread-id:124707171048640] [trace] zeDriverGetExtensionFunctionAddress(hDriver, name, ppFunctionAddress)
[thread-id:124707171048640] [trace] zeDriverGetExtensionFunctionAddress(hDriver, name, ppFunctionAddress)
[thread-id:124707171048640] [trace] zeDriverGetExtensionFunctionAddress(hDriver, name, ppFunctionAddress)
[thread-id:124707171048640] [trace] zesDriverGet(pCount, phDrivers)
[thread-id:124707171048640] [trace] zesDriverGet(pCount, phDrivers)
[thread-id:124707171048640] [trace] zesDriverGetDeviceByUuidExp(hDriver, uuid, phDevice, onSubdevice, subdeviceId)
[thread-id:124707171048640] [trace] zeDeviceGet(hDriver, pCount, phDevices)
[thread-id:124707171048640] [trace] zeDeviceGet(hDriver, pCount, phDevices)
[thread-id:124707171048640] [trace] zeDeviceGetProperties(hDevice, pDeviceProperties)
[thread-id:124707171048640] [trace] zeDeviceGetProperties(hDevice, pDeviceProperties)
[thread-id:124707171048640] [trace] zeDeviceGetCommandQueueGroupProperties(hDevice, pCount, pCommandQueueGroupProperties)
[thread-id:124707171048640] [trace] zeDeviceGetCommandQueueGroupProperties(hDevice, pCount, pCommandQueueGroupProperties)
[thread-id:124707171048640] [trace] zeDeviceGetSubDevices(hDevice, pCount, phSubdevices)
[thread-id:124707171048640] [trace] zeDeviceGetSubDevices(hDevice, pCount, phSubdevices)
[thread-id:124707171048640] [trace] zeDeviceGetRootDevice(hDevice, phRootDevice)
[thread-id:124707171048640] [trace] zeDeviceSynchronize(hDevice)
[thread-id:124707171048640] [trace] zeDeviceGetRootDevice(hDevice, phRootDevice)
[thread-id:124707171048640] [trace] zeDeviceGetRootDevice(hDevice, phRootDevice)
[thread-id:124707171048640] [trace] zeDeviceGetModuleProperties(hDevice, pModuleProperties)
[thread-id:124707171048640] [trace] zeDeviceGetImageProperties(hDevice, pImageProperties)
[thread-id:124707171048640] [trace] zeDeviceGetRootDevice(hDevice, phRootDevice)
[thread-id:124707171048640] [trace] zeDeviceGetRootDevice(hDevice, phRootDevice)
[thread-id:124707171048640] [trace] zeDeviceGetRootDevice(hDevice, phRootDevice)
[thread-id:124707171048640] [trace] zeDeviceGetRootDevice(hDevice, phRootDevice)
[thread-id:124707171048640] [trace] zeDeviceGetRootDevice(hDevice, phRootDevice)
[thread-id:124707171048640] [trace] zeDeviceGetRootDevice(hDevice, phRootDevice)
[thread-id:124707171048640] [trace] zeDevicePciGetPropertiesExt(hDevice, pPciProperties)
[thread-id:124707171048640] [trace] zeDevicePciGetPropertiesExt(hDevice, pPciProperties)
[thread-id:124707171048640] [trace] zeDevicePciGetPropertiesExt(hDevice, pPciProperties)
[thread-id:124707171048640] [trace] zeDeviceGetRootDevice(hDevice, phRootDevice)
[thread-id:124707171048640] [trace] zeDeviceGetRootDevice(hDevice, phRootDevice)
[thread-id:124707171048640] [trace] zeDeviceGetSubDevices(hDevice, pCount, phSubdevices)
[thread-id:124707171048640] [trace] zeContextCreate(hDriver, desc, phContext)
[thread-id:124707171048640] [trace] zeMemAllocHost(hContext, host_desc, size, alignment, pptr)
[thread-id:124707171048640] [trace] zeMemGetAllocProperties(hContext, ptr, pMemAllocProperties, phDevice)
[thread-id:124707171048640] [trace] zeMemFreeExt(hContext, pMemFreeDesc, ptr)
[thread-id:124707171048640] [trace] zeDeviceGetProperties(hDevice, pDeviceProperties)
[thread-id:124707171048640] [trace] zeMemAllocDevice(hContext, device_desc, size, alignment, hDevice, pptr)
[thread-id:124707171048640] [trace] zeContextMakeMemoryResident(hContext, hDevice, ptr, size)
[thread-id:124707171048640] [trace] zeMemGetAllocProperties(hContext, ptr, pMemAllocProperties, phDevice)
[thread-id:124707171048640] [trace] zeMemFreeExt(hContext, pMemFreeDesc, ptr)
[thread-id:124707171048640] [trace] zeDeviceGetProperties(hDevice, pDeviceProperties)
[thread-id:124707171048640] [trace] zeMemAllocShared(hContext, device_desc, host_desc, size, alignment, hDevice, pptr)
[thread-id:124707171048640] [trace] zeMemGetAllocProperties(hContext, ptr, pMemAllocProperties, phDevice)
[thread-id:124707171048640] [trace] zeMemFreeExt(hContext, pMemFreeDesc, ptr)
[thread-id:124707171048640] [trace] zeDeviceGetProperties(hDevice, pDeviceProperties)
[thread-id:124707171048640] [trace] zeMemAllocShared(hContext, device_desc, host_desc, size, alignment, hDevice, pptr)
[thread-id:124707171048640] [trace] zeMemGetAllocProperties(hContext, ptr, pMemAllocProperties, phDevice)
[thread-id:124707171048640] [trace] zeMemFreeExt(hContext, pMemFreeDesc, ptr)
[thread-id:124707171048640] [trace] zeMemAllocHost(hContext, host_desc, size, alignment, pptr)
[thread-id:124707171048640] [trace] zeMemGetAllocProperties(hContext, ptr, pMemAllocProperties, phDevice)
[thread-id:124707171048640] [trace] zeMemFreeExt(hContext, pMemFreeDesc, ptr)
[thread-id:124707171048640] [trace] zeDeviceGetProperties(hDevice, pDeviceProperties)
[thread-id:124707171048640] [trace] zeMemAllocDevice(hContext, device_desc, size, alignment, hDevice, pptr)
[thread-id:124707171048640] [trace] zeContextMakeMemoryResident(hContext, hDevice, ptr, size)
[thread-id:124707171048640] [trace] zeMemGetAllocProperties(hContext, ptr, pMemAllocProperties, phDevice)
[thread-id:124707171048640] [trace] zeMemFreeExt(hContext, pMemFreeDesc, ptr)
[thread-id:124707171048640] [trace] zeDeviceGetProperties(hDevice, pDeviceProperties)
[thread-id:124707171048640] [trace] zeMemAllocShared(hContext, device_desc, host_desc, size, alignment, hDevice, pptr)
[thread-id:124707171048640] [trace] zeMemGetAllocProperties(hContext, ptr, pMemAllocProperties, phDevice)
[thread-id:124707171048640] [trace] zeMemFreeExt(hContext, pMemFreeDesc, ptr)
[thread-id:124707171048640] [trace] zeDeviceGetProperties(hDevice, pDeviceProperties)
[thread-id:124707171048640] [trace] zeMemAllocShared(hContext, device_desc, host_desc, size, alignment, hDevice, pptr)
[thread-id:124707171048640] [trace] zeMemGetAllocProperties(hContext, ptr, pMemAllocProperties, phDevice)
[thread-id:124707171048640] [trace] zeMemFreeExt(hContext, pMemFreeDesc, ptr)
[thread-id:124707171048640] [trace] zeCommandListCreateImmediate(hContext, hDevice, altdesc, phCommandList)
[thread-id:124707171048640] [trace] zeDriverGetExtensionFunctionAddress(hDriver, name, ppFunctionAddress)
[thread-id:124707171048640] [trace] zeDeviceGetMemoryAccessProperties(hDevice, pMemAccessProperties)
[thread-id:124707171048640] [trace] zeMemAllocDevice(hContext, device_desc, size, alignment, hDevice, pptr)
[thread-id:124707171048640] [trace] zeContextMakeMemoryResident(hContext, hDevice, ptr, size)
[thread-id:124707171048640] [trace] zexCounterBasedEventCreate2(hContext, hDevice, desc, phEvent)
[thread-id:124707171048640] [trace] zexCounterBasedEventCreate2(hContext, hDevice, desc, phEvent)
[thread-id:124707171048640] [trace] zexCounterBasedEventCreate2(hContext, hDevice, desc, phEvent)
[thread-id:124707171048640] [trace] zexCounterBasedEventCreate2(hContext, hDevice, desc, phEvent)
[thread-id:124707171048640] [trace] zexCounterBasedEventCreate2(hContext, hDevice, desc, phEvent)
[thread-id:124707171048640] [trace] zexCounterBasedEventCreate2(hContext, hDevice, desc, phEvent)
[thread-id:124707171048640] [trace] zexCounterBasedEventCreate2(hContext, hDevice, desc, phEvent)
[thread-id:124707171048640] [trace] zexCounterBasedEventCreate2(hContext, hDevice, desc, phEvent)
[thread-id:124707171048640] [trace] zexCounterBasedEventCreate2(hContext, hDevice, desc, phEvent)
[thread-id:124707171048640] [trace] zexCounterBasedEventCreate2(hContext, hDevice, desc, phEvent)
[thread-id:124707171048640] [trace] zexCounterBasedEventCreate2(hContext, hDevice, desc, phEvent)
[thread-id:124707171048640] [trace] zexCounterBasedEventCreate2(hContext, hDevice, desc, phEvent)
[thread-id:124707171048640] [trace] zexCounterBasedEventCreate2(hContext, hDevice, desc, phEvent)
[thread-id:124707171048640] [trace] zexCounterBasedEventCreate2(hContext, hDevice, desc, phEvent)
[thread-id:124707171048640] [trace] zexCounterBasedEventCreate2(hContext, hDevice, desc, phEvent)
[thread-id:124707171048640] [trace] zexCounterBasedEventCreate2(hContext, hDevice, desc, phEvent)
[thread-id:124707171048640] [trace] zexCounterBasedEventCreate2(hContext, hDevice, desc, phEvent)
[thread-id:124707171048640] [trace] zexCounterBasedEventCreate2(hContext, hDevice, desc, phEvent)
[thread-id:124707171048640] [trace] zexCounterBasedEventCreate2(hContext, hDevice, desc, phEvent)
[thread-id:124707171048640] [trace] zexCounterBasedEventCreate2(hContext, hDevice, desc, phEvent)
[thread-id:124707171048640] [trace] zexCounterBasedEventCreate2(hContext, hDevice, desc, phEvent)
[thread-id:124707171048640] [trace] zexCounterBasedEventCreate2(hContext, hDevice, desc, phEvent)
[thread-id:124707171048640] [trace] zexCounterBasedEventCreate2(hContext, hDevice, desc, phEvent)
[thread-id:124707171048640] [trace] zexCounterBasedEventCreate2(hContext, hDevice, desc, phEvent)
[thread-id:124707171048640] [trace] zexCounterBasedEventCreate2(hContext, hDevice, desc, phEvent)
[thread-id:124707171048640] [trace] zexCounterBasedEventCreate2(hContext, hDevice, desc, phEvent)
[thread-id:124707171048640] [trace] zexCounterBasedEventCreate2(hContext, hDevice, desc, phEvent)
[thread-id:124707171048640] [trace] zexCounterBasedEventCreate2(hContext, hDevice, desc, phEvent)
[thread-id:124707171048640] [trace] zexCounterBasedEventCreate2(hContext, hDevice, desc, phEvent)
[thread-id:124707171048640] [trace] zexCounterBasedEventCreate2(hContext, hDevice, desc, phEvent)
[thread-id:124707171048640] [trace] zexCounterBasedEventCreate2(hContext, hDevice, desc, phEvent)
[thread-id:124707171048640] [trace] zexCounterBasedEventCreate2(hContext, hDevice, desc, phEvent)
[thread-id:124707171048640] [trace] zexCounterBasedEventCreate2(hContext, hDevice, desc, phEvent)
[thread-id:124707171048640] [trace] zexCounterBasedEventCreate2(hContext, hDevice, desc, phEvent)
[thread-id:124707171048640] [trace] zexCounterBasedEventCreate2(hContext, hDevice, desc, phEvent)
[thread-id:124707171048640] [trace] zexCounterBasedEventCreate2(hContext, hDevice, desc, phEvent)
[thread-id:124707171048640] [trace] zexCounterBasedEventCreate2(hContext, hDevice, desc, phEvent)
[thread-id:124707171048640] [trace] zexCounterBasedEventCreate2(hContext, hDevice, desc, phEvent)
[thread-id:124707171048640] [trace] zexCounterBasedEventCreate2(hContext, hDevice, desc, phEvent)
[thread-id:124707171048640] [trace] zexCounterBasedEventCreate2(hContext, hDevice, desc, phEvent)
[thread-id:124707171048640] [trace] zexCounterBasedEventCreate2(hContext, hDevice, desc, phEvent)
[thread-id:124707171048640] [trace] zexCounterBasedEventCreate2(hContext, hDevice, desc, phEvent)
[thread-id:124707171048640] [trace] zexCounterBasedEventCreate2(hContext, hDevice, desc, phEvent)
[thread-id:124707171048640] [trace] zexCounterBasedEventCreate2(hContext, hDevice, desc, phEvent)
[thread-id:124707171048640] [trace] zexCounterBasedEventCreate2(hContext, hDevice, desc, phEvent)
[thread-id:124707171048640] [trace] zexCounterBasedEventCreate2(hContext, hDevice, desc, phEvent)
[thread-id:124707171048640] [trace] zexCounterBasedEventCreate2(hContext, hDevice, desc, phEvent)
[thread-id:124707171048640] [trace] zexCounterBasedEventCreate2(hContext, hDevice, desc, phEvent)
[thread-id:124707171048640] [trace] zexCounterBasedEventCreate2(hContext, hDevice, desc, phEvent)
[thread-id:124707171048640] [trace] zexCounterBasedEventCreate2(hContext, hDevice, desc, phEvent)
[thread-id:124707171048640] [trace] zexCounterBasedEventCreate2(hContext, hDevice, desc, phEvent)
[thread-id:124707171048640] [trace] zexCounterBasedEventCreate2(hContext, hDevice, desc, phEvent)
[thread-id:124707171048640] [trace] zexCounterBasedEventCreate2(hContext, hDevice, desc, phEvent)
[thread-id:124707171048640] [trace] zexCounterBasedEventCreate2(hContext, hDevice, desc, phEvent)
[thread-id:124707171048640] [trace] zexCounterBasedEventCreate2(hContext, hDevice, desc, phEvent)
[thread-id:124707171048640] [trace] zexCounterBasedEventCreate2(hContext, hDevice, desc, phEvent)
[thread-id:124707171048640] [trace] zexCounterBasedEventCreate2(hContext, hDevice, desc, phEvent)
[thread-id:124707171048640] [trace] zexCounterBasedEventCreate2(hContext, hDevice, desc, phEvent)
[thread-id:124707171048640] [trace] zexCounterBasedEventCreate2(hContext, hDevice, desc, phEvent)
[thread-id:124707171048640] [trace] zexCounterBasedEventCreate2(hContext, hDevice, desc, phEvent)
[thread-id:124707171048640] [trace] zexCounterBasedEventCreate2(hContext, hDevice, desc, phEvent)
[thread-id:124707171048640] [trace] zexCounterBasedEventCreate2(hContext, hDevice, desc, phEvent)
[thread-id:124707171048640] [trace] zexCounterBasedEventCreate2(hContext, hDevice, desc, phEvent)
[thread-id:124707171048640] [trace] zexCounterBasedEventCreate2(hContext, hDevice, desc, phEvent)
[thread-id:124707171048640] [trace] zeCommandListAppendMemoryCopy(hCommandList, dstptr, srcptr, size, hSignalEvent, numWaitEvents, phWaitEventsLocal)
[thread-id:124707171048640] [trace] zeEventHostSynchronize(hEvent, timeout)
[thread-id:124707171048640] [trace] zeDeviceGetComputeProperties(hDevice, pComputeProperties)
[thread-id:124707171048640] [trace] zeModuleCreate(hContext, hDevice, desc, phModule, phBuildLog)
[thread-id:124707171048640] [trace] zeModuleGetProperties(hModule, pModuleProperties)
[thread-id:124707171048640] [trace] zeKernelCreate(hModule, desc, phKernel)
[thread-id:124707171048640] [trace] zeKernelGetName(hKernel, pSize, pName)
[thread-id:124707171048640] [trace] zeKernelGetName(hKernel, pSize, pName)
[thread-id:124707171048640] [trace] zeKernelGetProperties(hKernel, pKernelProperties)
[thread-id:124707171048640] [trace] zeKernelSetIndirectAccess(hKernel, flags)
[thread-id:124707171048640] [trace] zeKernelSuggestGroupSize(hKernel, globalSizeX, globalSizeY, globalSizeZ, groupSizeX, groupSizeY, groupSizeZ)
[thread-id:124707171048640] [trace] zeKernelSetGroupSize(hKernel, groupSizeX, groupSizeY, groupSizeZ)
[thread-id:124707171048640] [trace] zeCommandListAppendLaunchKernelWithArguments(hCommandList, hKernel, groupCounts, groupSizes, pArguments, pNext, hSignalEvent, numWaitEvents, phWaitEventsLocal)
[thread-id:124707171048640] [trace] zeEventHostSynchronize(hEvent, timeout)
[thread-id:124707171048640] [trace] zeCommandListAppendMemoryCopy(hCommandList, dstptr, srcptr, size, hSignalEvent, numWaitEvents, phWaitEventsLocal)
[thread-id:124707171048640] [trace] zeEventHostSynchronize(hEvent, timeout)
[thread-id:124707171048640] [trace] zeCommandListAppendMemoryCopy(hCommandList, dstptr, srcptr, size, hSignalEvent, numWaitEvents, phWaitEventsLocal)
[thread-id:124707171048640] [trace] zeEventHostSynchronize(hEvent, timeout)
[thread-id:124707171048640] [trace] zeKernelSuggestGroupSize(hKernel, globalSizeX, globalSizeY, globalSizeZ, groupSizeX, groupSizeY, groupSizeZ)
[thread-id:124707171048640] [trace] zeKernelSetGroupSize(hKernel, groupSizeX, groupSizeY, groupSizeZ)
[thread-id:124707171048640] [trace] zeCommandListAppendLaunchKernelWithArguments(hCommandList, hKernel, groupCounts, groupSizes, pArguments, pNext, hSignalEvent, numWaitEvents, phWaitEventsLocal)
[thread-id:124707171048640] [trace] zeEventHostSynchronize(hEvent, timeout)
[thread-id:124707171048640] [trace] zeCommandListAppendMemoryCopy(hCommandList, dstptr, srcptr, size, hSignalEvent, numWaitEvents, phWaitEventsLocal)
[thread-id:124707171048640] [trace] zeEventHostSynchronize(hEvent, timeout)
[thread-id:124707171048640] [trace] zeCommandListAppendMemoryCopy(hCommandList, dstptr, srcptr, size, hSignalEvent, numWaitEvents, phWaitEventsLocal)
[thread-id:124707171048640] [trace] zeEventHostSynchronize(hEvent, timeout)
[thread-id:124707171048640] [trace] zeKernelSuggestGroupSize(hKernel, globalSizeX, globalSizeY, globalSizeZ, groupSizeX, groupSizeY, groupSizeZ)
[thread-id:124707171048640] [trace] zeKernelSetGroupSize(hKernel, groupSizeX, groupSizeY, groupSizeZ)
[thread-id:124707171048640] [trace] zeCommandListAppendLaunchKernelWithArguments(hCommandList, hKernel, groupCounts, groupSizes, pArguments, pNext, hSignalEvent, numWaitEvents, phWaitEventsLocal)
[thread-id:124707171048640] [trace] zeEventHostSynchronize(hEvent, timeout)
[thread-id:124707171048640] [trace] zeCommandListAppendMemoryCopy(hCommandList, dstptr, srcptr, size, hSignalEvent, numWaitEvents, phWaitEventsLocal)
[thread-id:124707171048640] [trace] zeEventHostSynchronize(hEvent, timeout)
[thread-id:124707171048640] [trace] zeCommandListHostSynchronize(hCommandList, timeout)
[thread-id:124707171048640] [trace] zeCommandListHostSynchronize(hCommandList, timeout)
[thread-id:124707171048640] [trace] zeKernelDestroy(hKernel)
[thread-id:124707171048640] [trace] zeModuleBuildLogDestroy(hModuleBuildLog)
[thread-id:124707171048640] [trace] zeModuleDestroy(hModule)
[thread-id:124707171048640] [trace] zeMemFreeExt(hContext, pMemFreeDesc, ptr)
[thread-id:124707171048640] [trace] zeEventDestroy(hEvent)
[thread-id:124707171048640] [trace] zeEventDestroy(hEvent)
[thread-id:124707171048640] [trace] zeEventDestroy(hEvent)
[thread-id:124707171048640] [trace] zeEventDestroy(hEvent)
[thread-id:124707171048640] [trace] zeEventDestroy(hEvent)
[thread-id:124707171048640] [trace] zeEventDestroy(hEvent)
[thread-id:124707171048640] [trace] zeEventDestroy(hEvent)
[thread-id:124707171048640] [trace] zeEventDestroy(hEvent)
[thread-id:124707171048640] [trace] zeEventDestroy(hEvent)
[thread-id:124707171048640] [trace] zeEventDestroy(hEvent)
[thread-id:124707171048640] [trace] zeEventDestroy(hEvent)
[thread-id:124707171048640] [trace] zeEventDestroy(hEvent)
[thread-id:124707171048640] [trace] zeEventDestroy(hEvent)
[thread-id:124707171048640] [trace] zeEventDestroy(hEvent)
[thread-id:124707171048640] [trace] zeEventDestroy(hEvent)
[thread-id:124707171048640] [trace] zeEventDestroy(hEvent)
[thread-id:124707171048640] [trace] zeEventDestroy(hEvent)
[thread-id:124707171048640] [trace] zeEventDestroy(hEvent)
[thread-id:124707171048640] [trace] zeEventDestroy(hEvent)
[thread-id:124707171048640] [trace] zeEventDestroy(hEvent)
[thread-id:124707171048640] [trace] zeEventDestroy(hEvent)
[thread-id:124707171048640] [trace] zeEventDestroy(hEvent)
[thread-id:124707171048640] [trace] zeEventDestroy(hEvent)
[thread-id:124707171048640] [trace] zeEventDestroy(hEvent)
[thread-id:124707171048640] [trace] zeEventDestroy(hEvent)
[thread-id:124707171048640] [trace] zeEventDestroy(hEvent)
[thread-id:124707171048640] [trace] zeEventDestroy(hEvent)
[thread-id:124707171048640] [trace] zeEventDestroy(hEvent)
[thread-id:124707171048640] [trace] zeEventDestroy(hEvent)
[thread-id:124707171048640] [trace] zeEventDestroy(hEvent)
[thread-id:124707171048640] [trace] zeEventDestroy(hEvent)
[thread-id:124707171048640] [trace] zeEventDestroy(hEvent)
[thread-id:124707171048640] [trace] zeEventDestroy(hEvent)
[thread-id:124707171048640] [trace] zeEventDestroy(hEvent)
[thread-id:124707171048640] [trace] zeEventDestroy(hEvent)
[thread-id:124707171048640] [trace] zeEventDestroy(hEvent)
[thread-id:124707171048640] [trace] zeEventDestroy(hEvent)
[thread-id:124707171048640] [trace] zeEventDestroy(hEvent)
[thread-id:124707171048640] [trace] zeEventDestroy(hEvent)
[thread-id:124707171048640] [trace] zeEventDestroy(hEvent)
[thread-id:124707171048640] [trace] zeEventDestroy(hEvent)
[thread-id:124707171048640] [trace] zeEventDestroy(hEvent)
[thread-id:124707171048640] [trace] zeEventDestroy(hEvent)
[thread-id:124707171048640] [trace] zeEventDestroy(hEvent)
[thread-id:124707171048640] [trace] zeEventDestroy(hEvent)
[thread-id:124707171048640] [trace] zeEventDestroy(hEvent)
[thread-id:124707171048640] [trace] zeEventDestroy(hEvent)
[thread-id:124707171048640] [trace] zeEventDestroy(hEvent)
[thread-id:124707171048640] [trace] zeEventDestroy(hEvent)
[thread-id:124707171048640] [trace] zeEventDestroy(hEvent)
[thread-id:124707171048640] [trace] zeEventDestroy(hEvent)
[thread-id:124707171048640] [trace] zeEventDestroy(hEvent)
[thread-id:124707171048640] [trace] zeEventDestroy(hEvent)
[thread-id:124707171048640] [trace] zeEventDestroy(hEvent)
[thread-id:124707171048640] [trace] zeEventDestroy(hEvent)
[thread-id:124707171048640] [trace] zeEventDestroy(hEvent)
[thread-id:124707171048640] [trace] zeEventDestroy(hEvent)
[thread-id:124707171048640] [trace] zeEventDestroy(hEvent)
[thread-id:124707171048640] [trace] zeEventDestroy(hEvent)
[thread-id:124707171048640] [trace] zeEventDestroy(hEvent)
[thread-id:124707171048640] [trace] zeEventDestroy(hEvent)
[thread-id:124707171048640] [trace] zeEventDestroy(hEvent)
[thread-id:124707171048640] [trace] zeEventDestroy(hEvent)
[thread-id:124707171048640] [trace] zeEventDestroy(hEvent)
[thread-id:124707171048640] [trace] zeCommandListDestroy(hCommandList)
[thread-id:124707171048640] [trace] zeContextDestroy(hContext)
