=thread-group-added,id="i1"
(gdb) 
1^done
(gdb) 
2^done
(gdb) 
3^done
(gdb) 
4^done
(gdb) 
5^done
(gdb) 
6^done
(gdb) 
7^done
(gdb) 
8^done
(gdb) 
9^done
(gdb) 
=thread-group-started,id="i1",pid="2699571"
=thread-created,id="1",group-id="i1"
=library-loaded,id="/lib64/ld-linux-x86-64.so.2",target-name="/lib64/ld-linux-x86-64.so.2",host-name="/lib64/ld-linux-x86-64.so.2",symbols-loaded="0",thread-group="i1",ranges=[{from="0x00007ffff7fc6000",to="0x00007ffff7ff0195"}]
10^running
*running,thread-id="all"
(gdb) 
=library-loaded,id="/usr/lib/x86_64-linux-gnu/libm.so.6",target-name="/usr/lib/x86_64-linux-gnu/libm.so.6",host-name="/usr/lib/x86_64-linux-gnu/libm.so.6",symbols-loaded="0",thread-group="i1",ranges=[{from="0x00007ffff7ee2420",to="0x00007ffff7f603a6"}]
=library-loaded,id="/usr/lib/x86_64-linux-gnu/libz.so.1",target-name="/usr/lib/x86_64-linux-gnu/libz.so.1",host-name="/usr/lib/x86_64-linux-gnu/libz.so.1",symbols-loaded="0",thread-group="i1",ranges=[{from="0x00007ffff7eb8260",to="0x00007ffff7ec9c60"}]
=library-loaded,id="/usr/lib/x86_64-linux-gnu/libexpat.so.1",target-name="/usr/lib/x86_64-linux-gnu/libexpat.so.1",host-name="/usr/lib/x86_64-linux-gnu/libexpat.so.1",symbols-loaded="0",thread-group="i1",ranges=[{from="0x00007ffff7e8c210",to="0x00007ffff7eaa473"}]
=library-loaded,id="/usr/lib/x86_64-linux-gnu/libc.so.6",target-name="/usr/lib/x86_64-linux-gnu/libc.so.6",host-name="/usr/lib/x86_64-linux-gnu/libc.so.6",symbols-loaded="0",thread-group="i1",ranges=[{from="0x00007ffff7c9d800",to="0x00007ffff7e25039"}]
~"[Thread debugging using libthread_db enabled]\n"
~"Using host libthread_db library \"/usr/lib/x86_64-linux-gnu/libthread_db.so.1\".\n"
=library-loaded,id="/usr/lib/python3.12/lib-dynload/_json.cpython-312-x86_64-linux-gnu.so",target-name="/usr/lib/python3.12/lib-dynload/_json.cpython-312-x86_64-linux-gnu.so",host-name="/usr/lib/python3.12/lib-dynload/_json.cpython-312-x86_64-linux-gnu.so",symbols-loaded="0",thread-group="i1",ranges=[{from="0x00007ffff75b06a0",to="0x00007ffff75b660d"}]
~"process 2699571 is executing new program: /home/yayoi/ghq/github.com/MistVVK/XeStrata/.worktree/eval-b570-20261010/build/eval-b570-icpx-v1/strata\n"
=library-unloaded,id="/lib64/ld-linux-x86-64.so.2",target-name="/lib64/ld-linux-x86-64.so.2",host-name="/lib64/ld-linux-x86-64.so.2",thread-group="i1"
=library-unloaded,id="/usr/lib/x86_64-linux-gnu/libm.so.6",target-name="/usr/lib/x86_64-linux-gnu/libm.so.6",host-name="/usr/lib/x86_64-linux-gnu/libm.so.6",thread-group="i1"
=library-unloaded,id="/usr/lib/x86_64-linux-gnu/libz.so.1",target-name="/usr/lib/x86_64-linux-gnu/libz.so.1",host-name="/usr/lib/x86_64-linux-gnu/libz.so.1",thread-group="i1"
=library-unloaded,id="/usr/lib/x86_64-linux-gnu/libexpat.so.1",target-name="/usr/lib/x86_64-linux-gnu/libexpat.so.1",host-name="/usr/lib/x86_64-linux-gnu/libexpat.so.1",thread-group="i1"
=library-unloaded,id="/usr/lib/x86_64-linux-gnu/libc.so.6",target-name="/usr/lib/x86_64-linux-gnu/libc.so.6",host-name="/usr/lib/x86_64-linux-gnu/libc.so.6",thread-group="i1"
=library-unloaded,id="/usr/lib/python3.12/lib-dynload/_json.cpython-312-x86_64-linux-gnu.so",target-name="/usr/lib/python3.12/lib-dynload/_json.cpython-312-x86_64-linux-gnu.so",host-name="/usr/lib/python3.12/lib-dynload/_json.cpython-312-x86_64-linux-gnu.so",thread-group="i1"
=library-loaded,id="/lib64/ld-linux-x86-64.so.2",target-name="/lib64/ld-linux-x86-64.so.2",host-name="/lib64/ld-linux-x86-64.so.2",symbols-loaded="0",thread-group="i1",ranges=[{from="0x00007ffff7fc6000",to="0x00007ffff7ff0195"}]
=library-loaded,id="/usr/lib/x86_64-linux-gnu/libm.so.6",target-name="/usr/lib/x86_64-linux-gnu/libm.so.6",host-name="/usr/lib/x86_64-linux-gnu/libm.so.6",symbols-loaded="0",thread-group="i1",ranges=[{from="0x00007ffff7ee2420",to="0x00007ffff7f603a6"}]
=library-loaded,id="/home/yayoi/ghq/github.com/MistVVK/XeStrata/.worktree/eval-b570-20261010/build/eval-b570-icpx-v1/lib/libonemath.so.0",target-name="/home/yayoi/ghq/github.com/MistVVK/XeStrata/.worktree/eval-b570-20261010/build/eval-b570-icpx-v1/lib/libonemath.so.0",host-name="/home/yayoi/ghq/github.com/MistVVK/XeStrata/.worktree/eval-b570-20261010/build/eval-b570-icpx-v1/lib/libonemath.so.0",symbols-loaded="0",thread-group="i1",ranges=[{from="0x00007ffff7e5d3e0",to="0x00007ffff7eae280"}]
=library-loaded,id="/usr/lib/x86_64-linux-gnu/libstdc++.so.6",target-name="/usr/lib/x86_64-linux-gnu/libstdc++.so.6",host-name="/usr/lib/x86_64-linux-gnu/libstdc++.so.6",symbols-loaded="0",thread-group="i1",ranges=[{from="0x00007ffff7c535c0",to="0x00007ffff7d92ce2"}]
=library-loaded,id="/usr/lib/x86_64-linux-gnu/libgcc_s.so.1",target-name="/usr/lib/x86_64-linux-gnu/libgcc_s.so.1",host-name="/usr/lib/x86_64-linux-gnu/libgcc_s.so.1",symbols-loaded="0",thread-group="i1",ranges=[{from="0x00007ffff7b84780",to="0x00007ffff7ba7745"}]
=library-loaded,id="/opt/intel/oneapi/compiler/2026.1/lib/libsycl.so.9",target-name="/opt/intel/oneapi/compiler/2026.1/lib/libsycl.so.9",host-name="/opt/intel/oneapi/compiler/2026.1/lib/libsycl.so.9",symbols-loaded="0",thread-group="i1",ranges=[{from="0x00007ffff789f900",to="0x00007ffff7b6faae"}]
=library-loaded,id="/usr/lib/x86_64-linux-gnu/libc.so.6",target-name="/usr/lib/x86_64-linux-gnu/libc.so.6",host-name="/usr/lib/x86_64-linux-gnu/libc.so.6",symbols-loaded="0",thread-group="i1",ranges=[{from="0x00007ffff75b7800",to="0x00007ffff773f039"}]
=library-loaded,id="/opt/intel/oneapi/compiler/2026.1/lib/libsvml.so",target-name="/opt/intel/oneapi/compiler/2026.1/lib/libsvml.so",host-name="/opt/intel/oneapi/compiler/2026.1/lib/libsvml.so",symbols-loaded="0",thread-group="i1",ranges=[{from="0x00007ffff69e65c0",to="0x00007ffff748ea7f"}]
=library-loaded,id="/opt/intel/oneapi/compiler/2026.1/lib/libirng.so",target-name="/opt/intel/oneapi/compiler/2026.1/lib/libirng.so",host-name="/opt/intel/oneapi/compiler/2026.1/lib/libirng.so",symbols-loaded="0",thread-group="i1",ranges=[{from="0x00007ffff5d85c80",to="0x00007ffff5dc8f16"}]
=library-loaded,id="/opt/intel/oneapi/compiler/2026.1/lib/libimf.so",target-name="/opt/intel/oneapi/compiler/2026.1/lib/libimf.so",host-name="/opt/intel/oneapi/compiler/2026.1/lib/libimf.so",symbols-loaded="0",thread-group="i1",ranges=[{from="0x00007ffff5b05170",to="0x00007ffff5c93292"}]
=library-loaded,id="/opt/intel/oneapi/compiler/2026.1/lib/libintlc.so.5",target-name="/opt/intel/oneapi/compiler/2026.1/lib/libintlc.so.5",host-name="/opt/intel/oneapi/compiler/2026.1/lib/libintlc.so.5",symbols-loaded="0",thread-group="i1",ranges=[{from="0x00007ffff5842240",to="0x00007ffff588d1f0"}]
=library-loaded,id="/usr/lib/x86_64-linux-gnu/libdl.so.2",target-name="/usr/lib/x86_64-linux-gnu/libdl.so.2",host-name="/usr/lib/x86_64-linux-gnu/libdl.so.2",symbols-loaded="0",thread-group="i1",ranges=[{from="0x00007ffff582d040",to="0x00007ffff582d105"}]
=library-loaded,id="/opt/intel/oneapi/compiler/2026.1/lib/libur_loader.so.0",target-name="/opt/intel/oneapi/compiler/2026.1/lib/libur_loader.so.0",host-name="/opt/intel/oneapi/compiler/2026.1/lib/libur_loader.so.0",symbols-loaded="0",thread-group="i1",ranges=[{from="0x00007ffff4e5f840",to="0x00007ffff57d9d24"}]
=library-loaded,id="/usr/lib/x86_64-linux-gnu/libpthread.so.0",target-name="/usr/lib/x86_64-linux-gnu/libpthread.so.0",host-name="/usr/lib/x86_64-linux-gnu/libpthread.so.0",symbols-loaded="0",thread-group="i1",ranges=[{from="0x00007ffff4a64040",to="0x00007ffff4a64105"}]
=library-loaded,id="/usr/lib/x86_64-linux-gnu/librt.so.1",target-name="/usr/lib/x86_64-linux-gnu/librt.so.1",host-name="/usr/lib/x86_64-linux-gnu/librt.so.1",symbols-loaded="0",thread-group="i1",ranges=[{from="0x00007ffff4a5f080",to="0x00007ffff4a5f2b1"}]
=library-loaded,id="/usr/lib/x86_64-linux-gnu/libz.so.1",target-name="/usr/lib/x86_64-linux-gnu/libz.so.1",host-name="/usr/lib/x86_64-linux-gnu/libz.so.1",symbols-loaded="0",thread-group="i1",ranges=[{from="0x00007ffff4a42260",to="0x00007ffff4a53c60"}]
&"warning: File \"/opt/intel/oneapi/compiler/2026.1/lib/libsycl.so.9.0.0-gdb.py\" auto-loading has been declined by your `auto-load safe-path' set to \"$debugdir:$datadir/auto-load\".\n"
~"To enable execution of this file add\n\tadd-auto-load-safe-path "
~"/opt/intel/oneapi/compiler/2026.1/lib/libsycl.so.9.0.0-gdb.py\nline to your configuration file \""
~"/home/yayoi/.config/gdb/gdbinit\".\nTo completely disable this security protection add\n\tset auto-load safe-path /\nline to your configuration file \""
~"/home/yayoi/.config/gdb/gdbinit\".\nFor more information about this security protection see the\n\"Auto-loading safe path\" section in the GDB manual.  E.g., run from the shell:\n\tinfo \"(gdb)Auto-loading safe path\"\n"
~"[Thread debugging using libthread_db enabled]\n"
~"Using host libthread_db library \"/usr/lib/x86_64-linux-gnu/libthread_db.so.1\".\n"
=library-loaded,id="/opt/intel/oneapi/compiler/2026.1/lib/libur_adapter_level_zero_v2.so.0",target-name="/opt/intel/oneapi/compiler/2026.1/lib/libur_adapter_level_zero_v2.so.0",host-name="/opt/intel/oneapi/compiler/2026.1/lib/libur_adapter_level_zero_v2.so.0",symbols-loaded="0",thread-group="i1",ranges=[{from="0x00007ffff48ca750",to="0x00007ffff4a26822"}]
=library-loaded,id="/opt/intel/oneapi/umf/1.1/lib/libumf.so.1",target-name="/opt/intel/oneapi/umf/1.1/lib/libumf.so.1",host-name="/opt/intel/oneapi/umf/1.1/lib/libumf.so.1",symbols-loaded="0",thread-group="i1",ranges=[{from="0x00007ffff48298f0",to="0x00007ffff484c470"}]
=library-loaded,id="/usr/lib/x86_64-linux-gnu/libhwloc.so.15",target-name="/usr/lib/x86_64-linux-gnu/libhwloc.so.15",host-name="/usr/lib/x86_64-linux-gnu/libhwloc.so.15",symbols-loaded="0",thread-group="i1",ranges=[{from="0x00007ffff47c7d90",to="0x00007ffff480dd2e"}]
=library-loaded,id="/usr/lib/x86_64-linux-gnu/libudev.so.1",target-name="/usr/lib/x86_64-linux-gnu/libudev.so.1",host-name="/usr/lib/x86_64-linux-gnu/libudev.so.1",symbols-loaded="0",thread-group="i1",ranges=[{from="0x00007ffff47940f0",to="0x00007ffff47b44c0"}]
=library-loaded,id="/usr/lib/x86_64-linux-gnu/libcap.so.2",target-name="/usr/lib/x86_64-linux-gnu/libcap.so.2",host-name="/usr/lib/x86_64-linux-gnu/libcap.so.2",symbols-loaded="0",thread-group="i1",ranges=[{from="0x00007ffff47849c0",to="0x00007ffff4789607"}]
=library-loaded,id="/usr/lib/x86_64-linux-gnu/libze_loader.so.1",target-name="/usr/lib/x86_64-linux-gnu/libze_loader.so.1",host-name="/usr/lib/x86_64-linux-gnu/libze_loader.so.1",symbols-loaded="0",thread-group="i1",ranges=[{from="0x00007ffff46b2d00",to="0x00007ffff4737795"}]
=library-loaded,id="/usr/lib/x86_64-linux-gnu/libze_intel_gpu.so.1",target-name="/usr/lib/x86_64-linux-gnu/libze_intel_gpu.so.1",host-name="/usr/lib/x86_64-linux-gnu/libze_intel_gpu.so.1",symbols-loaded="0",thread-group="i1",ranges=[{from="0x00007ffff0b6b570",to="0x00007ffff1476a32"}]
=library-loaded,id="/usr/lib/x86_64-linux-gnu/libigdgmm.so.12",target-name="/usr/lib/x86_64-linux-gnu/libigdgmm.so.12",host-name="/usr/lib/x86_64-linux-gnu/libigdgmm.so.12",symbols-loaded="0",thread-group="i1",ranges=[{from="0x00007ffff09e02c0",to="0x00007ffff0aa3a89"}]
=library-loaded,id="/usr/lib/x86_64-linux-gnu/libze_validation_layer.so.1",target-name="/usr/lib/x86_64-linux-gnu/libze_validation_layer.so.1",host-name="/usr/lib/x86_64-linux-gnu/libze_validation_layer.so.1",symbols-loaded="0",thread-group="i1",ranges=[{from="0x00007ffff0826c80",to="0x00007ffff09755f5"}]
=library-loaded,id="/usr/lib/x86_64-linux-gnu/libze_tracing_layer.so.1",target-name="/usr/lib/x86_64-linux-gnu/libze_tracing_layer.so.1",host-name="/usr/lib/x86_64-linux-gnu/libze_tracing_layer.so.1",symbols-loaded="0",thread-group="i1",ranges=[{from="0x00007ffff072a410",to="0x00007ffff07db570"}]
=library-loaded,id="/usr/lib/x86_64-linux-gnu/libigdfcl.so.2",target-name="/usr/lib/x86_64-linux-gnu/libigdfcl.so.2",host-name="/usr/lib/x86_64-linux-gnu/libigdfcl.so.2",symbols-loaded="0",thread-group="i1",ranges=[{from="0x00007ffff0413ed0",to="0x00007ffff057562d"}]
=library-loaded,id="/usr/lib/x86_64-linux-gnu/libopencl-clang.so.17",target-name="/usr/lib/x86_64-linux-gnu/libopencl-clang.so.17",host-name="/usr/lib/x86_64-linux-gnu/libopencl-clang.so.17",symbols-loaded="0",thread-group="i1",ranges=[{from="0x00007fffe88de400",to="0x00007fffec8b7b62"}]
=library-loaded,id="/usr/lib/x86_64-linux-gnu/libigc.so.2",target-name="/usr/lib/x86_64-linux-gnu/libigc.so.2",host-name="/usr/lib/x86_64-linux-gnu/libigc.so.2",symbols-loaded="0",thread-group="i1",ranges=[{from="0x00007fffe2a5fc00",to="0x00007fffe5dfc895"}]
=library-loaded,id="/usr/lib/x86_64-linux-gnu/libigdml.so.1",target-name="/usr/lib/x86_64-linux-gnu/libigdml.so.1",host-name="/usr/lib/x86_64-linux-gnu/libigdml.so.1",symbols-loaded="0",thread-group="i1",ranges=[{from="0x00007fffe2624e20",to="0x00007fffe271f888"}]
=library-loaded,id="/usr/lib/x86_64-linux-gnu/libdrm.so.2",target-name="/usr/lib/x86_64-linux-gnu/libdrm.so.2",host-name="/usr/lib/x86_64-linux-gnu/libdrm.so.2",symbols-loaded="0",thread-group="i1",ranges=[{from="0x00007fffe25f9780",to="0x00007fffe2604931"}]
=library-loaded,id="/usr/lib/x86_64-linux-gnu/libnl-genl-3.so.200",target-name="/usr/lib/x86_64-linux-gnu/libnl-genl-3.so.200",host-name="/usr/lib/x86_64-linux-gnu/libnl-genl-3.so.200",symbols-loaded="0",thread-group="i1",ranges=[{from="0x00007fffe241e680",to="0x00007fffe242020c"}]
=library-loaded,id="/usr/lib/x86_64-linux-gnu/libnl-3.so.200",target-name="/usr/lib/x86_64-linux-gnu/libnl-3.so.200",host-name="/usr/lib/x86_64-linux-gnu/libnl-3.so.200",symbols-loaded="0",thread-group="i1",ranges=[{from="0x00007fffe24028c0",to="0x00007fffe2410cb9"}]
=library-unloaded,id="/usr/lib/x86_64-linux-gnu/libnl-genl-3.so.200",target-name="/usr/lib/x86_64-linux-gnu/libnl-genl-3.so.200",host-name="/usr/lib/x86_64-linux-gnu/libnl-genl-3.so.200",thread-group="i1"
=library-unloaded,id="/usr/lib/x86_64-linux-gnu/libnl-3.so.200",target-name="/usr/lib/x86_64-linux-gnu/libnl-3.so.200",host-name="/usr/lib/x86_64-linux-gnu/libnl-3.so.200",thread-group="i1"
=library-loaded,id="/usr/lib/x86_64-linux-gnu/libnl-genl-3.so.200",target-name="/usr/lib/x86_64-linux-gnu/libnl-genl-3.so.200",host-name="/usr/lib/x86_64-linux-gnu/libnl-genl-3.so.200",symbols-loaded="0",thread-group="i1",ranges=[{from="0x00007fffe241e680",to="0x00007fffe242020c"}]
=library-loaded,id="/usr/lib/x86_64-linux-gnu/libnl-3.so.200",target-name="/usr/lib/x86_64-linux-gnu/libnl-3.so.200",host-name="/usr/lib/x86_64-linux-gnu/libnl-3.so.200",symbols-loaded="0",thread-group="i1",ranges=[{from="0x00007fffe24028c0",to="0x00007fffe2410cb9"}]
=thread-created,id="2",group-id="i1"
~"[New Thread 0x7fffe1e896c0 (LWP 2699612)]\n"
*running,thread-id="2"
=thread-created,id="3",group-id="i1"
~"[New Thread 0x7fffe12d86c0 (LWP 2699630)]\n"
*running,thread-id="3"
=thread-created,id="4",group-id="i1"
~"[New Thread 0x7fffe0ad76c0 (LWP 2699631)]\n"
*running,thread-id="4"
=library-loaded,id="/home/yayoi/ghq/github.com/MistVVK/XeStrata/.worktree/eval-b570-20261010/build/eval-b570-icpx-v1/lib/libonemath_blas_mklgpu.so",target-name="/home/yayoi/ghq/github.com/MistVVK/XeStrata/.worktree/eval-b570-20261010/build/eval-b570-icpx-v1/lib/libonemath_blas_mklgpu.so",host-name="/home/yayoi/ghq/github.com/MistVVK/XeStrata/.worktree/eval-b570-20261010/build/eval-b570-icpx-v1/lib/libonemath_blas_mklgpu.so",symbols-loaded="0",thread-group="i1",ranges=[{from="0x00007fffdbe2ee10",to="0x00007fffdbf9ba78"}]
=library-loaded,id="/opt/intel/oneapi/mkl/2026.1/lib/libmkl_sycl_blas.so.6",target-name="/opt/intel/oneapi/mkl/2026.1/lib/libmkl_sycl_blas.so.6",host-name="/opt/intel/oneapi/mkl/2026.1/lib/libmkl_sycl_blas.so.6",symbols-loaded="0",thread-group="i1",ranges=[{from="0x00007fffd8cac6a0",to="0x00007fffdaa30502"}]
=library-loaded,id="/opt/intel/oneapi/mkl/2026.1/lib/libmkl_intel_ilp64.so.3",target-name="/opt/intel/oneapi/mkl/2026.1/lib/libmkl_intel_ilp64.so.3",host-name="/opt/intel/oneapi/mkl/2026.1/lib/libmkl_intel_ilp64.so.3",symbols-loaded="0",thread-group="i1",ranges=[{from="0x00007fffd33fd670",to="0x00007fffd3e00ea2"}]
=library-loaded,id="/opt/intel/oneapi/mkl/2026.1/lib/libmkl_sequential.so.3",target-name="/opt/intel/oneapi/mkl/2026.1/lib/libmkl_sequential.so.3",host-name="/opt/intel/oneapi/mkl/2026.1/lib/libmkl_sequential.so.3",symbols-loaded="0",thread-group="i1",ranges=[{from="0x00007fffd1c42b70",to="0x00007fffd2fb8dca"}]
=library-loaded,id="/opt/intel/oneapi/mkl/2026.1/lib/libmkl_core.so.3",target-name="/opt/intel/oneapi/mkl/2026.1/lib/libmkl_core.so.3",host-name="/opt/intel/oneapi/mkl/2026.1/lib/libmkl_core.so.3",symbols-loaded="0",thread-group="i1",ranges=[{from="0x00007fffcd689e00",to="0x00007fffd156703c"}]
~"[Thread 0x7fffe0ad76c0 (LWP 2699631) exited]\n"
=thread-exited,id="4",group-id="i1"
=thread-created,id="5",group-id="i1"
~"[New Thread 0x7fffe0ad76c0 (LWP 2699880)]\n"
*running,thread-id="5"
=thread-created,id="6",group-id="i1"
~"[New Thread 0x7fffc8a586c0 (LWP 2699934)]\n"
*running,thread-id="6"
=thread-created,id="7",group-id="i1"
~"[New Thread 0x7ffefafff6c0 (LWP 2699935)]\n"
*running,thread-id="7"
=thread-created,id="8",group-id="i1"
~"[New Thread 0x7ffefa7fe6c0 (LWP 2699936)]\n"
*running,thread-id="8"
=thread-created,id="9",group-id="i1"
~"[New Thread 0x7ffef9ffd6c0 (LWP 2699937)]\n"
*running,thread-id="9"
=thread-created,id="10",group-id="i1"
~"[New Thread 0x7ffef97fc6c0 (LWP 2699938)]\n"
*running,thread-id="10"
=thread-created,id="11",group-id="i1"
~"[New Thread 0x7ffef8ffb6c0 (LWP 2699939)]\n"
*running,thread-id="11"
=thread-created,id="12",group-id="i1"
~"[New Thread 0x7ffef87fa6c0 (LWP 2699940)]\n"
*running,thread-id="12"
=thread-created,id="13",group-id="i1"
~"[New Thread 0x7ffef7ff96c0 (LWP 2699941)]\n"
*running,thread-id="13"
=thread-created,id="14",group-id="i1"
~"[New Thread 0x7ffef77f86c0 (LWP 2699942)]\n"
*running,thread-id="14"
=thread-created,id="15",group-id="i1"
~"[New Thread 0x7ffef6ff76c0 (LWP 2699943)]\n"
*running,thread-id="15"
=thread-created,id="16",group-id="i1"
~"[New Thread 0x7ffef67f66c0 (LWP 2699944)]\n"
*running,thread-id="16"
=thread-created,id="17",group-id="i1"
~"[New Thread 0x7ffef5ff56c0 (LWP 2699945)]\n"
*running,thread-id="17"
=thread-created,id="18",group-id="i1"
~"[New Thread 0x7ffef57f46c0 (LWP 2699946)]\n"
*running,thread-id="18"
=thread-created,id="19",group-id="i1"
~"[New Thread 0x7ffef4ff36c0 (LWP 2699947)]\n"
*running,thread-id="19"
=thread-created,id="20",group-id="i1"
~"[New Thread 0x7ffef47f26c0 (LWP 2699948)]\n"
*running,thread-id="20"
=thread-created,id="21",group-id="i1"
~"[New Thread 0x7ffef3ff16c0 (LWP 2699949)]\n"
*running,thread-id="21"
=thread-created,id="22",group-id="i1"
~"[New Thread 0x7ffeeddef6c0 (LWP 2699953)]\n"
*running,thread-id="22"
=thread-created,id="23",group-id="i1"
~"[New Thread 0x7ffeec1ee6c0 (LWP 2700816)]\n"
*running,thread-id="23"
=thread-created,id="24",group-id="i1"
~"[New Thread 0x7ffeeb9ed6c0 (LWP 2700817)]\n"
*running,thread-id="24"
=thread-created,id="25",group-id="i1"
~"[New Thread 0x7ffeeb1ec6c0 (LWP 2700818)]\n"
*running,thread-id="25"
=thread-created,id="26",group-id="i1"
~"[New Thread 0x7ffeea9eb6c0 (LWP 2700819)]\n"
*running,thread-id="26"
=thread-created,id="27",group-id="i1"
~"[New Thread 0x7ffeea1ea6c0 (LWP 2700820)]\n"
*running,thread-id="27"
~"[Thread 0x7ffeea1ea6c0 (LWP 2700820) exited]\n"
=thread-exited,id="27",group-id="i1"
~"[Thread 0x7ffeeb1ec6c0 (LWP 2700818) exited]\n"
=thread-exited,id="25",group-id="i1"
~"[Thread 0x7ffeeb9ed6c0 (LWP 2700817) exited]\n"
=thread-exited,id="24",group-id="i1"
~"[Thread 0x7ffeec1ee6c0 (LWP 2700816) exited]\n"
=thread-exited,id="23",group-id="i1"
~"[Thread 0x7ffeea9eb6c0 (LWP 2700819) exited]\n"
=thread-exited,id="26",group-id="i1"
=thread-created,id="28",group-id="i1"
~"[New Thread 0x7ffeea1ea6c0 (LWP 2703603)]\n"
*running,thread-id="28"
=thread-created,id="29",group-id="i1"
~"[New Thread 0x7ffeea9eb6c0 (LWP 2703604)]\n"
*running,thread-id="29"
=thread-created,id="30",group-id="i1"
~"[New Thread 0x7ffeeb1ec6c0 (LWP 2703605)]\n"
*running,thread-id="30"
=thread-created,id="31",group-id="i1"
~"[New Thread 0x7ffeeb9ed6c0 (LWP 2703606)]\n"
*running,thread-id="31"
=thread-created,id="32",group-id="i1"
~"[New Thread 0x7ffeec1ee6c0 (LWP 2703607)]\n"
*running,thread-id="32"
~"[Thread 0x7ffeeb9ed6c0 (LWP 2703606) exited]\n"
=thread-exited,id="31",group-id="i1"
~"[Thread 0x7ffeea1ea6c0 (LWP 2703603) exited]\n"
=thread-exited,id="28",group-id="i1"
~"[Thread 0x7ffeeb1ec6c0 (LWP 2703605) exited]\n"
=thread-exited,id="30",group-id="i1"
~"[Thread 0x7ffeea9eb6c0 (LWP 2703604) exited]\n"
=thread-exited,id="29",group-id="i1"
~"[Thread 0x7ffeec1ee6c0 (LWP 2703607) exited]\n"
=thread-exited,id="32",group-id="i1"
~"[Thread 0x7ffeeddef6c0 (LWP 2699953) exited]\n"
=thread-exited,id="22",group-id="i1"
~"[Thread 0x7ffef6ff76c0 (LWP 2699943) exited]\n"
=thread-exited,id="15",group-id="i1"
~"[Thread 0x7ffef87fa6c0 (LWP 2699940) exited]\n"
=thread-exited,id="12",group-id="i1"
~"[Thread 0x7ffef8ffb6c0 (LWP 2699939) exited]\n"
=thread-exited,id="11",group-id="i1"
~"[Thread 0x7ffef97fc6c0 (LWP 2699938) exited]\n"
=thread-exited,id="10",group-id="i1"
~"[Thread 0x7ffef9ffd6c0 (LWP 2699937) exited]\n"
=thread-exited,id="9",group-id="i1"
~"[Thread 0x7ffefa7fe6c0 (LWP 2699936) exited]\n"
=thread-exited,id="8",group-id="i1"
~"[Thread 0x7ffefafff6c0 (LWP 2699935) exited]\n"
=thread-exited,id="7",group-id="i1"
~"[Thread 0x7fffc8a586c0 (LWP 2699934) exited]\n"
=thread-exited,id="6",group-id="i1"
~"[Thread 0x7ffef67f66c0 (LWP 2699944) exited]\n"
=thread-exited,id="16",group-id="i1"
~"[Thread 0x7ffef3ff16c0 (LWP 2699949) exited]\n"
=thread-exited,id="21",group-id="i1"
~"[Thread 0x7ffef47f26c0 (LWP 2699948) exited]\n"
=thread-exited,id="20",group-id="i1"
~"[Thread 0x7ffef7ff96c0 (LWP 2699941) exited]\n"
=thread-exited,id="13",group-id="i1"
~"[Thread 0x7ffef4ff36c0 (LWP 2699947) exited]\n"
=thread-exited,id="19",group-id="i1"
~"[Thread 0x7ffef77f86c0 (LWP 2699942) exited]\n"
=thread-exited,id="14",group-id="i1"
~"[Thread 0x7ffef5ff56c0 (LWP 2699945) exited]\n"
=thread-exited,id="17",group-id="i1"
~"[Thread 0x7ffef57f46c0 (LWP 2699946) exited]\n"
=thread-exited,id="18",group-id="i1"
~"[Thread 0x7fffe12d86c0 (LWP 2699630) exited]\n"
=thread-exited,id="3",group-id="i1"
~"[Thread 0x7fffe1e896c0 (LWP 2699612) exited]\n"
=thread-exited,id="2",group-id="i1"
~"[Thread 0x7fffe0ad76c0 (LWP 2699880) exited]\n"
=thread-exited,id="5",group-id="i1"
~"[Inferior 1 (process 2699571) exited with code 01]\n"
=thread-exited,id="1",group-id="i1"
=thread-group-exited,id="i1",exit-code="01"
*stopped,reason="exited",exit-code="01"
11^exit
