{
  "scope": "Build only: same current objects and libraries, exact baseline relink, then the measured task-factor-9 CPU archive substitution; no GPU execution",
  "started_utc": "2026-10-07T00:29:24.697256+00:00",
  "source_revision": "380e43014ac19659f463d8a8ea083f399af4dd40",
  "baseline_binary_sha256": "b81a7d6fbc1c6d524cf3b64e196f5866c91ec56c76e460a66b63b28ce3aed461",
  "controller_sha256": "c6cc7ce3a1302a1ef56cce6ed91b7fdac2bfff55750805a2aa04eecca00666fb",
  "build_passed": true,
  "gpu_verified": false,
  "source_sha256": {
    "/home/yayoi/ghq/github.com/yqYo1/Strata/.worktree/sync-upstream-2026-10-05/src/kernels/cpu/pool.cpp": "41a2be640f1d1823f7ba88107beba4815cb3ad6f7ffc39e6f34575b8b1b1cd32",
    "/home/yayoi/ghq/github.com/yqYo1/Strata/.worktree/sync-upstream-2026-10-05/sycl/src/program/generate.cpp": "4e170cf0c06d6100debd3b447991291fb42431afc43fa0c240fe6559dcb1b4fd",
    "/home/yayoi/ghq/github.com/yqYo1/Strata/.worktree/sync-upstream-2026-10-05/sycl/src/prefill/prefill.cpp": "ebfdf26d292759698b85aa6f219d43345a33b4325b1ba3fcec78171d4b715f51"
  },
  "original_cpu_archive_sha256": "766e388d445dc0da3627f1eae91c8a2575785ac739cdeffebce16b2237f8220f",
  "candidate_cpu_archive_sha256": "ac0a17a817eef883083214efa941ff2d6ead3e4549c0306e91b3bf78b038577c",
  "build_environment": {
    "PATH": "/usr/bin:/bin:/opt/intel/oneapi/compiler/2026.1/bin",
    "LD_LIBRARY_PATH": null,
    "LD_PRELOAD": null,
    "MKLROOT": "/opt/intel/oneapi/mkl/2026.1",
    "LIBRARY_PATH": "/opt/intel/oneapi/mkl/2026.1/lib:/opt/intel/oneapi/compiler/2026.1/lib:/usr/lib/x86_64-linux-gnu"
  },
  "finished_utc": "2026-10-07T00:29:56.136853+00:00"
}
