{
  "scope": "One bounded logged B570 H2D/kernel/D2H probe after the phase-synchronized normal-MTP cache-restore allocation-failure cleanup; no reset or service/driver changes",
  "healthy": true,
  "started_utc": "2026-10-07T03:49:29.675684+00:00",
  "boot_id": "0a908c16-e292-4299-80ff-082da39f4bb9",
  "helper_sha256": "2f90005f79d2309747d917cff51dc53d8ee6192d68cb1feca074f84af8b0796c",
  "source_sha256": "7c2e65c1140eca60ab76ea26a85179124eb02412cd2492775c97a4cb75aa38ed",
  "NEO_environment": {
    "NEOReadDebugKeys": "1",
    "EnableDirectSubmission": "0"
  },
  "binary_sha256": "7375211a3a97a2b284215dcdad6ba652fc9af2fa2e1a92bc47361e3893931d3b",
  "steps": [
    {
      "label": "health-runtime",
      "argv": [
        "/usr/bin/python3",
        "-c",
        "import ctypes,sys; ctypes.CDLL(sys.argv[1])",
        "/opt/intel/oneapi/compiler/2026.1/lib/libur_adapter_level_zero_v2.so.0"
      ],
      "pid": 2099442,
      "exit_code": 0,
      "timed_out": false,
      "still_alive": false,
      "elapsed_seconds": 0.05072456200286979
    },
    {
      "label": "before-health-cursor",
      "argv": [
        "/usr/bin/journalctl",
        "-k",
        "-n",
        "0",
        "--show-cursor",
        "--no-pager"
      ],
      "pid": 2099448,
      "exit_code": 0,
      "timed_out": false,
      "still_alive": false,
      "elapsed_seconds": 0.0506009289965732
    },
    {
      "label": "health",
      "argv": [
        "/home/yayoi/.local/bin/strata-xe-health",
        "0000:05:00.0"
      ],
      "pid": 2099452,
      "exit_code": 0,
      "timed_out": false,
      "still_alive": false,
      "elapsed_seconds": 0.10079393000341952
    },
    {
      "label": "health-kernel",
      "argv": [
        "/usr/bin/journalctl",
        "-k",
        "--after-cursor",
        "s=3ad31c4e321d43ad949846afdb43877a;i=bf0d64b;b=0a908c16e292429980ff082da39f4bb9;m=810cd245d;t=65d3800290b19;x=5d77c98b546344da",
        "--no-pager",
        "-o",
        "short-iso-precise"
      ],
      "pid": 2099465,
      "exit_code": 0,
      "timed_out": false,
      "still_alive": false,
      "elapsed_seconds": 0.05086376499821199
    }
  ],
  "finished_utc": "2026-10-07T03:49:29.945643+00:00"
}
