HOST_PASS,14_roundtrips,6_boundaries,7_private_rejections,no_queue_no_GPU
IDENTITY,8086,e20c,0000:05:00.0,root
FP16_CONFIG,advertised_capabilities_only,fp16,1,flags,2,4,8,16,32,64
STAGE,constructor_upload
STAGE,constructor_device
STAGE,constructor_readback
CONSTRUCTOR,index=0,float_bits=00000000,IEEE_RNE_reference=0000,observed=0000
CONSTRUCTOR,index=1,float_bits=80000000,IEEE_RNE_reference=8000,observed=8000
CONSTRUCTOR,index=2,float_bits=3f800000,IEEE_RNE_reference=3c00,observed=3c00
CONSTRUCTOR,index=3,float_bits=bf800000,IEEE_RNE_reference=bc00,observed=bc00
CONSTRUCTOR,index=4,float_bits=3f801000,IEEE_RNE_reference=3c00,observed=3c00
CONSTRUCTOR,index=5,float_bits=3f803000,IEEE_RNE_reference=3c02,observed=3c02
CONSTRUCTOR,index=6,float_bits=bf801000,IEEE_RNE_reference=bc00,observed=bc00
CONSTRUCTOR,index=7,float_bits=bf803000,IEEE_RNE_reference=bc02,observed=bc02
CONSTRUCTOR,index=8,float_bits=477fe000,IEEE_RNE_reference=7bff,observed=7bff
CONSTRUCTOR,index=9,float_bits=c77fe000,IEEE_RNE_reference=fbff,observed=fbff
CONSTRUCTOR,index=10,float_bits=477ff000,IEEE_RNE_reference=7c00,observed=7c00
CONSTRUCTOR,index=11,float_bits=c77ff000,IEEE_RNE_reference=fc00,observed=fc00
CONSTRUCTOR,index=12,float_bits=47800000,IEEE_RNE_reference=7c00,observed=7c00
CONSTRUCTOR,index=13,float_bits=c7800000,IEEE_RNE_reference=fc00,observed=fc00
CONSTRUCTOR,index=14,float_bits=33800000,IEEE_RNE_reference=0001,observed=0001
CONSTRUCTOR,index=15,float_bits=b3800000,IEEE_RNE_reference=8001,observed=8001
CONSTRUCTOR,index=16,float_bits=33000000,IEEE_RNE_reference=0000,observed=0000
CONSTRUCTOR,index=17,float_bits=33c00000,IEEE_RNE_reference=0002,observed=0002
CONSTRUCTOR,index=18,float_bits=387fc000,IEEE_RNE_reference=03ff,observed=03ff
CONSTRUCTOR,index=19,float_bits=387fe000,IEEE_RNE_reference=0400,observed=0400
CONSTRUCTOR_RESULT,20_words,independent_RNE_bits_equal,target_specific_observation,portable_contract_unqualified
STAGE,upload
STAGE,generic
STAGE,private
STAGE,readback
CASE,n=256,rows=0,cols=0,scale=0000,class=synthetic_finite,repeat=0,active=256,ab=0,oracle_generic=0,oracle_private=0,all_guards_checked=1
STAGE,upload
STAGE,generic
STAGE,private
STAGE,readback
CASE,n=256,rows=0,cols=0,scale=0000,class=synthetic_finite,repeat=1,active=256,ab=0,oracle_generic=0,oracle_private=0,all_guards_checked=1
STAGE,upload
STAGE,generic
STAGE,private
STAGE,readback
CASE,n=256,rows=0,cols=0,scale=0001,class=synthetic_finite,repeat=0,active=256,ab=0,oracle_generic=0,oracle_private=0,all_guards_checked=1
STAGE,upload
STAGE,generic
STAGE,private
STAGE,readback
CASE,n=256,rows=0,cols=0,scale=0001,class=synthetic_finite,repeat=1,active=256,ab=0,oracle_generic=0,oracle_private=0,all_guards_checked=1
STAGE,upload
STAGE,generic
STAGE,private
STAGE,readback
CASE,n=256,rows=0,cols=0,scale=03ff,class=synthetic_finite,repeat=0,active=256,ab=0,oracle_generic=0,oracle_private=0,all_guards_checked=1
STAGE,upload
STAGE,generic
STAGE,private
STAGE,readback
CASE,n=256,rows=0,cols=0,scale=03ff,class=synthetic_finite,repeat=1,active=256,ab=0,oracle_generic=0,oracle_private=0,all_guards_checked=1
STAGE,upload
STAGE,generic
STAGE,private
STAGE,readback
CASE,n=256,rows=0,cols=0,scale=0400,class=synthetic_finite,repeat=0,active=256,ab=0,oracle_generic=0,oracle_private=0,all_guards_checked=1
STAGE,upload
STAGE,generic
STAGE,private
STAGE,readback
CASE,n=256,rows=0,cols=0,scale=0400,class=synthetic_finite,repeat=1,active=256,ab=0,oracle_generic=0,oracle_private=0,all_guards_checked=1
STAGE,upload
STAGE,generic
STAGE,private
STAGE,readback
CASE,n=256,rows=0,cols=0,scale=0401,class=synthetic_finite,repeat=0,active=256,ab=0,oracle_generic=0,oracle_private=0,all_guards_checked=1
STAGE,upload
STAGE,generic
STAGE,private
STAGE,readback
CASE,n=256,rows=0,cols=0,scale=0401,class=synthetic_finite,repeat=1,active=256,ab=0,oracle_generic=0,oracle_private=0,all_guards_checked=1
STAGE,upload
STAGE,generic
STAGE,private
STAGE,readback
CASE,n=256,rows=0,cols=0,scale=3c00,class=synthetic_finite,repeat=0,active=256,ab=0,oracle_generic=0,oracle_private=0,all_guards_checked=1
STAGE,upload
STAGE,generic
STAGE,private
STAGE,readback
CASE,n=256,rows=0,cols=0,scale=3c00,class=synthetic_finite,repeat=1,active=256,ab=0,oracle_generic=0,oracle_private=0,all_guards_checked=1
STAGE,upload
STAGE,generic
STAGE,private
STAGE,readback
CASE,n=256,rows=0,cols=0,scale=7bff,class=synthetic_finite,repeat=0,active=256,ab=0,oracle_generic=0,oracle_private=0,all_guards_checked=1
STAGE,upload
STAGE,generic
STAGE,private
STAGE,readback
CASE,n=256,rows=0,cols=0,scale=7bff,class=synthetic_finite,repeat=1,active=256,ab=0,oracle_generic=0,oracle_private=0,all_guards_checked=1
STAGE,upload
STAGE,generic
STAGE,private
STAGE,readback
CASE,n=256,rows=0,cols=0,scale=8000,class=synthetic_negative_robustness,repeat=0,active=256,ab=0,oracle_generic=0,oracle_private=0,all_guards_checked=1
STAGE,upload
STAGE,generic
STAGE,private
STAGE,readback
CASE,n=256,rows=0,cols=0,scale=8000,class=synthetic_negative_robustness,repeat=1,active=256,ab=0,oracle_generic=0,oracle_private=0,all_guards_checked=1
STAGE,upload
STAGE,generic
STAGE,private
STAGE,readback
CASE,n=256,rows=0,cols=0,scale=8001,class=synthetic_negative_robustness,repeat=0,active=256,ab=0,oracle_generic=0,oracle_private=0,all_guards_checked=1
STAGE,upload
STAGE,generic
STAGE,private
STAGE,readback
CASE,n=256,rows=0,cols=0,scale=8001,class=synthetic_negative_robustness,repeat=1,active=256,ab=0,oracle_generic=0,oracle_private=0,all_guards_checked=1
STAGE,upload
STAGE,generic
STAGE,private
STAGE,readback
CASE,n=256,rows=0,cols=0,scale=83ff,class=synthetic_negative_robustness,repeat=0,active=256,ab=0,oracle_generic=0,oracle_private=0,all_guards_checked=1
STAGE,upload
STAGE,generic
STAGE,private
STAGE,readback
CASE,n=256,rows=0,cols=0,scale=83ff,class=synthetic_negative_robustness,repeat=1,active=256,ab=0,oracle_generic=0,oracle_private=0,all_guards_checked=1
STAGE,upload
STAGE,generic
STAGE,private
STAGE,readback
CASE,n=256,rows=0,cols=0,scale=8400,class=synthetic_negative_robustness,repeat=0,active=256,ab=0,oracle_generic=0,oracle_private=0,all_guards_checked=1
STAGE,upload
STAGE,generic
STAGE,private
STAGE,readback
CASE,n=256,rows=0,cols=0,scale=8400,class=synthetic_negative_robustness,repeat=1,active=256,ab=0,oracle_generic=0,oracle_private=0,all_guards_checked=1
STAGE,upload
STAGE,generic
STAGE,private
STAGE,readback
CASE,n=256,rows=0,cols=0,scale=8401,class=synthetic_negative_robustness,repeat=0,active=256,ab=0,oracle_generic=0,oracle_private=0,all_guards_checked=1
STAGE,upload
STAGE,generic
STAGE,private
STAGE,readback
CASE,n=256,rows=0,cols=0,scale=8401,class=synthetic_negative_robustness,repeat=1,active=256,ab=0,oracle_generic=0,oracle_private=0,all_guards_checked=1
STAGE,upload
STAGE,generic
STAGE,private
STAGE,readback
CASE,n=256,rows=0,cols=0,scale=bc00,class=synthetic_negative_robustness,repeat=0,active=256,ab=0,oracle_generic=0,oracle_private=0,all_guards_checked=1
STAGE,upload
STAGE,generic
STAGE,private
STAGE,readback
CASE,n=256,rows=0,cols=0,scale=bc00,class=synthetic_negative_robustness,repeat=1,active=256,ab=0,oracle_generic=0,oracle_private=0,all_guards_checked=1
STAGE,upload
STAGE,generic
STAGE,private
STAGE,readback
CASE,n=256,rows=0,cols=0,scale=fbff,class=synthetic_negative_robustness,repeat=0,active=256,ab=0,oracle_generic=0,oracle_private=0,all_guards_checked=1
STAGE,upload
STAGE,generic
STAGE,private
STAGE,readback
CASE,n=256,rows=0,cols=0,scale=fbff,class=synthetic_negative_robustness,repeat=1,active=256,ab=0,oracle_generic=0,oracle_private=0,all_guards_checked=1
STAGE,upload
STAGE,generic
STAGE,private
STAGE,readback
CASE,n=512,rows=0,cols=0,scale=0000,class=synthetic_finite,repeat=0,active=512,ab=0,oracle_generic=0,oracle_private=0,all_guards_checked=1
STAGE,upload
STAGE,generic
STAGE,private
STAGE,readback
CASE,n=512,rows=0,cols=0,scale=0000,class=synthetic_finite,repeat=1,active=512,ab=0,oracle_generic=0,oracle_private=0,all_guards_checked=1
STAGE,upload
STAGE,generic
STAGE,private
STAGE,readback
CASE,n=512,rows=0,cols=0,scale=0001,class=synthetic_finite,repeat=0,active=512,ab=0,oracle_generic=0,oracle_private=0,all_guards_checked=1
STAGE,upload
STAGE,generic
STAGE,private
STAGE,readback
CASE,n=512,rows=0,cols=0,scale=0001,class=synthetic_finite,repeat=1,active=512,ab=0,oracle_generic=0,oracle_private=0,all_guards_checked=1
STAGE,upload
STAGE,generic
STAGE,private
STAGE,readback
CASE,n=512,rows=0,cols=0,scale=03ff,class=synthetic_finite,repeat=0,active=512,ab=0,oracle_generic=0,oracle_private=0,all_guards_checked=1
STAGE,upload
STAGE,generic
STAGE,private
STAGE,readback
CASE,n=512,rows=0,cols=0,scale=03ff,class=synthetic_finite,repeat=1,active=512,ab=0,oracle_generic=0,oracle_private=0,all_guards_checked=1
STAGE,upload
STAGE,generic
STAGE,private
STAGE,readback
CASE,n=512,rows=0,cols=0,scale=0400,class=synthetic_finite,repeat=0,active=512,ab=0,oracle_generic=0,oracle_private=0,all_guards_checked=1
STAGE,upload
STAGE,generic
STAGE,private
STAGE,readback
CASE,n=512,rows=0,cols=0,scale=0400,class=synthetic_finite,repeat=1,active=512,ab=0,oracle_generic=0,oracle_private=0,all_guards_checked=1
STAGE,upload
STAGE,generic
STAGE,private
STAGE,readback
CASE,n=512,rows=0,cols=0,scale=0401,class=synthetic_finite,repeat=0,active=512,ab=0,oracle_generic=0,oracle_private=0,all_guards_checked=1
STAGE,upload
STAGE,generic
STAGE,private
STAGE,readback
CASE,n=512,rows=0,cols=0,scale=0401,class=synthetic_finite,repeat=1,active=512,ab=0,oracle_generic=0,oracle_private=0,all_guards_checked=1
STAGE,upload
STAGE,generic
STAGE,private
STAGE,readback
CASE,n=512,rows=0,cols=0,scale=3c00,class=synthetic_finite,repeat=0,active=512,ab=0,oracle_generic=0,oracle_private=0,all_guards_checked=1
STAGE,upload
STAGE,generic
STAGE,private
STAGE,readback
CASE,n=512,rows=0,cols=0,scale=3c00,class=synthetic_finite,repeat=1,active=512,ab=0,oracle_generic=0,oracle_private=0,all_guards_checked=1
STAGE,upload
STAGE,generic
STAGE,private
STAGE,readback
CASE,n=512,rows=0,cols=0,scale=7bff,class=synthetic_finite,repeat=0,active=512,ab=0,oracle_generic=0,oracle_private=0,all_guards_checked=1
STAGE,upload
STAGE,generic
STAGE,private
STAGE,readback
CASE,n=512,rows=0,cols=0,scale=7bff,class=synthetic_finite,repeat=1,active=512,ab=0,oracle_generic=0,oracle_private=0,all_guards_checked=1
STAGE,upload
STAGE,generic
STAGE,private
STAGE,readback
CASE,n=512,rows=0,cols=0,scale=8000,class=synthetic_negative_robustness,repeat=0,active=512,ab=0,oracle_generic=0,oracle_private=0,all_guards_checked=1
STAGE,upload
STAGE,generic
STAGE,private
STAGE,readback
CASE,n=512,rows=0,cols=0,scale=8000,class=synthetic_negative_robustness,repeat=1,active=512,ab=0,oracle_generic=0,oracle_private=0,all_guards_checked=1
STAGE,upload
STAGE,generic
STAGE,private
STAGE,readback
CASE,n=512,rows=0,cols=0,scale=8001,class=synthetic_negative_robustness,repeat=0,active=512,ab=0,oracle_generic=0,oracle_private=0,all_guards_checked=1
STAGE,upload
STAGE,generic
STAGE,private
STAGE,readback
CASE,n=512,rows=0,cols=0,scale=8001,class=synthetic_negative_robustness,repeat=1,active=512,ab=0,oracle_generic=0,oracle_private=0,all_guards_checked=1
STAGE,upload
STAGE,generic
STAGE,private
STAGE,readback
CASE,n=512,rows=0,cols=0,scale=83ff,class=synthetic_negative_robustness,repeat=0,active=512,ab=0,oracle_generic=0,oracle_private=0,all_guards_checked=1
STAGE,upload
STAGE,generic
STAGE,private
STAGE,readback
CASE,n=512,rows=0,cols=0,scale=83ff,class=synthetic_negative_robustness,repeat=1,active=512,ab=0,oracle_generic=0,oracle_private=0,all_guards_checked=1
STAGE,upload
STAGE,generic
STAGE,private
STAGE,readback
CASE,n=512,rows=0,cols=0,scale=8400,class=synthetic_negative_robustness,repeat=0,active=512,ab=0,oracle_generic=0,oracle_private=0,all_guards_checked=1
STAGE,upload
STAGE,generic
STAGE,private
STAGE,readback
CASE,n=512,rows=0,cols=0,scale=8400,class=synthetic_negative_robustness,repeat=1,active=512,ab=0,oracle_generic=0,oracle_private=0,all_guards_checked=1
STAGE,upload
STAGE,generic
STAGE,private
STAGE,readback
CASE,n=512,rows=0,cols=0,scale=8401,class=synthetic_negative_robustness,repeat=0,active=512,ab=0,oracle_generic=0,oracle_private=0,all_guards_checked=1
STAGE,upload
STAGE,generic
STAGE,private
STAGE,readback
CASE,n=512,rows=0,cols=0,scale=8401,class=synthetic_negative_robustness,repeat=1,active=512,ab=0,oracle_generic=0,oracle_private=0,all_guards_checked=1
STAGE,upload
STAGE,generic
STAGE,private
STAGE,readback
CASE,n=512,rows=0,cols=0,scale=bc00,class=synthetic_negative_robustness,repeat=0,active=512,ab=0,oracle_generic=0,oracle_private=0,all_guards_checked=1
STAGE,upload
STAGE,generic
STAGE,private
STAGE,readback
CASE,n=512,rows=0,cols=0,scale=bc00,class=synthetic_negative_robustness,repeat=1,active=512,ab=0,oracle_generic=0,oracle_private=0,all_guards_checked=1
STAGE,upload
STAGE,generic
STAGE,private
STAGE,readback
CASE,n=512,rows=0,cols=0,scale=fbff,class=synthetic_negative_robustness,repeat=0,active=512,ab=0,oracle_generic=0,oracle_private=0,all_guards_checked=1
STAGE,upload
STAGE,generic
STAGE,private
STAGE,readback
CASE,n=512,rows=0,cols=0,scale=fbff,class=synthetic_negative_robustness,repeat=1,active=512,ab=0,oracle_generic=0,oracle_private=0,all_guards_checked=1
STAGE,upload
STAGE,generic
STAGE,private
STAGE,readback
CASE,n=1638400,rows=2560,cols=640,scale=0000,class=synthetic_finite,repeat=0,active=1638400,ab=0,oracle_generic=0,oracle_private=0,all_guards_checked=1
STAGE,upload
STAGE,generic
STAGE,private
STAGE,readback
CASE,n=1638400,rows=2560,cols=640,scale=0000,class=synthetic_finite,repeat=1,active=1638400,ab=0,oracle_generic=0,oracle_private=0,all_guards_checked=1
STAGE,upload
STAGE,generic
STAGE,private
STAGE,readback
CASE,n=1638400,rows=2560,cols=640,scale=0001,class=synthetic_finite,repeat=0,active=1638400,ab=0,oracle_generic=0,oracle_private=0,all_guards_checked=1
STAGE,upload
STAGE,generic
STAGE,private
STAGE,readback
CASE,n=1638400,rows=2560,cols=640,scale=0001,class=synthetic_finite,repeat=1,active=1638400,ab=0,oracle_generic=0,oracle_private=0,all_guards_checked=1
STAGE,upload
STAGE,generic
STAGE,private
STAGE,readback
CASE,n=1638400,rows=2560,cols=640,scale=03ff,class=synthetic_finite,repeat=0,active=1638400,ab=0,oracle_generic=0,oracle_private=0,all_guards_checked=1
STAGE,upload
STAGE,generic
STAGE,private
STAGE,readback
CASE,n=1638400,rows=2560,cols=640,scale=03ff,class=synthetic_finite,repeat=1,active=1638400,ab=0,oracle_generic=0,oracle_private=0,all_guards_checked=1
STAGE,upload
STAGE,generic
STAGE,private
STAGE,readback
CASE,n=1638400,rows=2560,cols=640,scale=0400,class=synthetic_finite,repeat=0,active=1638400,ab=0,oracle_generic=0,oracle_private=0,all_guards_checked=1
STAGE,upload
STAGE,generic
STAGE,private
STAGE,readback
CASE,n=1638400,rows=2560,cols=640,scale=0400,class=synthetic_finite,repeat=1,active=1638400,ab=0,oracle_generic=0,oracle_private=0,all_guards_checked=1
STAGE,upload
STAGE,generic
STAGE,private
STAGE,readback
CASE,n=1638400,rows=2560,cols=640,scale=0401,class=synthetic_finite,repeat=0,active=1638400,ab=0,oracle_generic=0,oracle_private=0,all_guards_checked=1
STAGE,upload
STAGE,generic
STAGE,private
STAGE,readback
CASE,n=1638400,rows=2560,cols=640,scale=0401,class=synthetic_finite,repeat=1,active=1638400,ab=0,oracle_generic=0,oracle_private=0,all_guards_checked=1
STAGE,upload
STAGE,generic
STAGE,private
STAGE,readback
CASE,n=1638400,rows=2560,cols=640,scale=3c00,class=synthetic_finite,repeat=0,active=1638400,ab=0,oracle_generic=0,oracle_private=0,all_guards_checked=1
STAGE,upload
STAGE,generic
STAGE,private
STAGE,readback
CASE,n=1638400,rows=2560,cols=640,scale=3c00,class=synthetic_finite,repeat=1,active=1638400,ab=0,oracle_generic=0,oracle_private=0,all_guards_checked=1
STAGE,upload
STAGE,generic
STAGE,private
STAGE,readback
CASE,n=1638400,rows=2560,cols=640,scale=7bff,class=synthetic_finite,repeat=0,active=1638400,ab=0,oracle_generic=0,oracle_private=0,all_guards_checked=1
STAGE,upload
STAGE,generic
STAGE,private
STAGE,readback
CASE,n=1638400,rows=2560,cols=640,scale=7bff,class=synthetic_finite,repeat=1,active=1638400,ab=0,oracle_generic=0,oracle_private=0,all_guards_checked=1
STAGE,upload
STAGE,generic
STAGE,private
STAGE,readback
CASE,n=1638400,rows=2560,cols=640,scale=8000,class=synthetic_negative_robustness,repeat=0,active=1638400,ab=0,oracle_generic=0,oracle_private=0,all_guards_checked=1
STAGE,upload
STAGE,generic
STAGE,private
STAGE,readback
CASE,n=1638400,rows=2560,cols=640,scale=8000,class=synthetic_negative_robustness,repeat=1,active=1638400,ab=0,oracle_generic=0,oracle_private=0,all_guards_checked=1
STAGE,upload
STAGE,generic
STAGE,private
STAGE,readback
CASE,n=1638400,rows=2560,cols=640,scale=8001,class=synthetic_negative_robustness,repeat=0,active=1638400,ab=0,oracle_generic=0,oracle_private=0,all_guards_checked=1
STAGE,upload
STAGE,generic
STAGE,private
STAGE,readback
CASE,n=1638400,rows=2560,cols=640,scale=8001,class=synthetic_negative_robustness,repeat=1,active=1638400,ab=0,oracle_generic=0,oracle_private=0,all_guards_checked=1
STAGE,upload
STAGE,generic
STAGE,private
STAGE,readback
CASE,n=1638400,rows=2560,cols=640,scale=83ff,class=synthetic_negative_robustness,repeat=0,active=1638400,ab=0,oracle_generic=0,oracle_private=0,all_guards_checked=1
STAGE,upload
STAGE,generic
STAGE,private
STAGE,readback
CASE,n=1638400,rows=2560,cols=640,scale=83ff,class=synthetic_negative_robustness,repeat=1,active=1638400,ab=0,oracle_generic=0,oracle_private=0,all_guards_checked=1
STAGE,upload
STAGE,generic
STAGE,private
STAGE,readback
CASE,n=1638400,rows=2560,cols=640,scale=8400,class=synthetic_negative_robustness,repeat=0,active=1638400,ab=0,oracle_generic=0,oracle_private=0,all_guards_checked=1
STAGE,upload
STAGE,generic
STAGE,private
STAGE,readback
CASE,n=1638400,rows=2560,cols=640,scale=8400,class=synthetic_negative_robustness,repeat=1,active=1638400,ab=0,oracle_generic=0,oracle_private=0,all_guards_checked=1
STAGE,upload
STAGE,generic
STAGE,private
STAGE,readback
CASE,n=1638400,rows=2560,cols=640,scale=8401,class=synthetic_negative_robustness,repeat=0,active=1638400,ab=0,oracle_generic=0,oracle_private=0,all_guards_checked=1
STAGE,upload
STAGE,generic
STAGE,private
STAGE,readback
CASE,n=1638400,rows=2560,cols=640,scale=8401,class=synthetic_negative_robustness,repeat=1,active=1638400,ab=0,oracle_generic=0,oracle_private=0,all_guards_checked=1
STAGE,upload
STAGE,generic
STAGE,private
STAGE,readback
CASE,n=1638400,rows=2560,cols=640,scale=bc00,class=synthetic_negative_robustness,repeat=0,active=1638400,ab=0,oracle_generic=0,oracle_private=0,all_guards_checked=1
STAGE,upload
STAGE,generic
STAGE,private
STAGE,readback
CASE,n=1638400,rows=2560,cols=640,scale=bc00,class=synthetic_negative_robustness,repeat=1,active=1638400,ab=0,oracle_generic=0,oracle_private=0,all_guards_checked=1
STAGE,upload
STAGE,generic
STAGE,private
STAGE,readback
CASE,n=1638400,rows=2560,cols=640,scale=fbff,class=synthetic_negative_robustness,repeat=0,active=1638400,ab=0,oracle_generic=0,oracle_private=0,all_guards_checked=1
STAGE,upload
STAGE,generic
STAGE,private
STAGE,readback
CASE,n=1638400,rows=2560,cols=640,scale=fbff,class=synthetic_negative_robustness,repeat=1,active=1638400,ab=0,oracle_generic=0,oracle_private=0,all_guards_checked=1
STAGE,final_drain
PASS,cases=84,active_words=45896704,synthetic_only=1,model=0,performance=0,fullKV=0,adoption=0
STAGE,post_USM_teardown_drain
TERMINAL,pass,synthetic_only,model_false,performance_false,fullKV_false,adoption_false
