-- The C compiler identification is IntelLLVM 2026.1.1
-- The CXX compiler identification is IntelLLVM 2026.1.1
-- Detecting C compiler ABI info
-- Detecting C compiler ABI info - done
-- Check for working C compiler: /opt/intel/oneapi/compiler/2026.1/bin/icx - skipped
-- Detecting C compile features
-- Detecting C compile features - done
-- Detecting CXX compiler ABI info
-- Detecting CXX compiler ABI info - done
-- Check for working CXX compiler: /opt/intel/oneapi/compiler/2026.1/bin/icpx - skipped
-- Detecting CXX compile features
-- Detecting CXX compile features - done
-- Performing Test STRATA_HAVE_AVXVNNI_INTRINSICS
-- Performing Test STRATA_HAVE_AVXVNNI_INTRINSICS - Success
-- Performing Test CMAKE_HAVE_LIBC_PTHREAD
-- Performing Test CMAKE_HAVE_LIBC_PTHREAD - Success
-- Found Threads: TRUE  
-- The ASM compiler identification is IntelLLVM
-- Found assembler: /opt/intel/oneapi/compiler/2026.1/bin/icx
-- Warning: ccache not found - consider installing it for faster compilation or disable this warning with GGML_CCACHE=OFF
-- CMAKE_SYSTEM_PROCESSOR: x86_64
-- GGML_SYSTEM_ARCH: x86
-- Including CPU backend
-- x86 detected
-- Adding CPU backend variant ggml-cpu: -march=native 
-- ggml version: 0.24.0
-- ggml commit:  3cf03257f
-- Configuring done (3.1s)
-- Generating done (0.0s)
-- Build files have been written to: /home/yayoi/ghq/github.com/Niko1221/Strata/.worktree/bench-upstream-v0.1.40.2-20261008/build-sycl-pure-20261008
