IDENTITY,backend,LevelZero,vendor,32902,device,57868,domain,0,bus,5,pci_device,0,function,0,root,1,flags,8,driver_version,17013219,pci_extension_version,65536,name,Intel(R) Arc(TM) B570 Graphics,passed,1
IDENTITY_ENV,ZE_FLAT_DEVICE_HIERARCHY,unset
IDENTITY_ENV,ZE_AFFINITY_MASK,unset
IDENTITY_ENV,ONEAPI_DEVICE_SELECTOR,level_zero:gpu
SCOPE,necessary_bitwise_gate_screen_not_recurrence_model_or_performance
GEOMETRY,HV48,HK16,S128,MaxT8192,device_allocations_below16MiB
DEVICE,Intel(R) Arc(TM) B570 Graphics,vendor,32902,driver,1.17.39395+14
CASE,0,T,0,specials,0
STAGE,baseline_producer
STAGE,candidate_producer
STAGE,scalar_reader
STAGE,SG16_reader
STAGE,SG32_reader
CASE_PASS,1,0
CASE,1,T,1,specials,0
STAGE,baseline_producer
STAGE,candidate_producer
STAGE,scalar_reader
STAGE,SG16_reader
STAGE,SG32_reader
CASE_PASS,2,48
CASE,2,T,3,specials,0
STAGE,baseline_producer
STAGE,candidate_producer
STAGE,scalar_reader
STAGE,SG16_reader
STAGE,SG32_reader
CASE_PASS,3,144
CASE,3,T,5,specials,0
STAGE,baseline_producer
STAGE,candidate_producer
STAGE,scalar_reader
STAGE,SG16_reader
STAGE,SG32_reader
CASE_PASS,4,240
CASE,4,T,15,specials,0
STAGE,baseline_producer
STAGE,candidate_producer
STAGE,scalar_reader
STAGE,SG16_reader
STAGE,SG32_reader
CASE_PASS,5,720
CASE,5,T,16,specials,0
STAGE,baseline_producer
STAGE,candidate_producer
STAGE,scalar_reader
STAGE,SG16_reader
STAGE,SG32_reader
CASE_PASS,6,768
CASE,6,T,17,specials,0
STAGE,baseline_producer
STAGE,candidate_producer
STAGE,scalar_reader
STAGE,SG16_reader
STAGE,SG32_reader
CASE_PASS,7,816
CASE,7,T,127,specials,0
STAGE,baseline_producer
STAGE,candidate_producer
STAGE,scalar_reader
STAGE,SG16_reader
STAGE,SG32_reader
CASE_PASS,8,6096
CASE,8,T,128,specials,0
STAGE,baseline_producer
STAGE,candidate_producer
STAGE,scalar_reader
STAGE,SG16_reader
STAGE,SG32_reader
CASE_PASS,9,6144
CASE,9,T,129,specials,0
STAGE,baseline_producer
STAGE,candidate_producer
STAGE,scalar_reader
STAGE,SG16_reader
STAGE,SG32_reader
CASE_PASS,10,6192
CASE,10,T,8191,specials,0
STAGE,baseline_producer
STAGE,candidate_producer
STAGE,scalar_reader
STAGE,SG16_reader
STAGE,SG32_reader
CASE_PASS,11,393168
CASE,11,T,8192,specials,0
STAGE,baseline_producer
STAGE,candidate_producer
STAGE,scalar_reader
STAGE,SG16_reader
STAGE,SG32_reader
FULL_REPEAT_HASH,10649441071150150129
CASE_PASS,12,393216
CASE,12,T,3,specials,0
STAGE,baseline_producer
STAGE,candidate_producer
STAGE,scalar_reader
STAGE,SG16_reader
STAGE,SG32_reader
CASE_PASS,13,144
CASE,13,T,8192,specials,0
STAGE,baseline_producer
STAGE,candidate_producer
STAGE,scalar_reader
STAGE,SG16_reader
STAGE,SG32_reader
FULL_REPEAT_HASH,10649441071150150129
CASE_PASS,14,393216
CASE,14,T,8192,specials,0
STAGE,baseline_producer
STAGE,candidate_producer
STAGE,scalar_reader
STAGE,SG16_reader
STAGE,SG32_reader
FULL_REPEAT_HASH,10649441071150150129
CASE_PASS,15,393216
TERMINAL,pass,cases,15,comparisons,7970640,necessary_screen_only,no_state_no_norm_no_model_no_timing
