=thread-group-added,id="i1"
(gdb) 
1^done
(gdb) 
2^done
(gdb) 
3^done
(gdb) 
4^done
(gdb) 
5^done
(gdb) 
6^done
(gdb) 
7^done
(gdb) 
8^done
(gdb) 
9^done
(gdb) 
10^done
(gdb) 
=thread-group-started,id="i1",pid="3817636"
=thread-created,id="1",group-id="i1"
=library-loaded,id="/lib64/ld-linux-x86-64.so.2",target-name="/lib64/ld-linux-x86-64.so.2",host-name="/lib64/ld-linux-x86-64.so.2",symbols-loaded="0",thread-group="i1",ranges=[{from="0x00007ffff7fc6000",to="0x00007ffff7ff0195"}]
11^running
*running,thread-id="all"
(gdb) 
=library-loaded,id="/usr/lib/x86_64-linux-gnu/libm.so.6",target-name="/usr/lib/x86_64-linux-gnu/libm.so.6",host-name="/usr/lib/x86_64-linux-gnu/libm.so.6",symbols-loaded="0",thread-group="i1",ranges=[{from="0x00007ffff7ee2420",to="0x00007ffff7f603a6"}]
=library-loaded,id="/usr/lib/x86_64-linux-gnu/libz.so.1",target-name="/usr/lib/x86_64-linux-gnu/libz.so.1",host-name="/usr/lib/x86_64-linux-gnu/libz.so.1",symbols-loaded="0",thread-group="i1",ranges=[{from="0x00007ffff7eb8260",to="0x00007ffff7ec9c60"}]
=library-loaded,id="/usr/lib/x86_64-linux-gnu/libexpat.so.1",target-name="/usr/lib/x86_64-linux-gnu/libexpat.so.1",host-name="/usr/lib/x86_64-linux-gnu/libexpat.so.1",symbols-loaded="0",thread-group="i1",ranges=[{from="0x00007ffff7e8c210",to="0x00007ffff7eaa473"}]
=library-loaded,id="/usr/lib/x86_64-linux-gnu/libc.so.6",target-name="/usr/lib/x86_64-linux-gnu/libc.so.6",host-name="/usr/lib/x86_64-linux-gnu/libc.so.6",symbols-loaded="0",thread-group="i1",ranges=[{from="0x00007ffff7c9d800",to="0x00007ffff7e25039"}]
~"[Thread debugging using libthread_db enabled]\n"
~"Using host libthread_db library \"/usr/lib/x86_64-linux-gnu/libthread_db.so.1\".\n"
=library-loaded,id="/usr/lib/python3.12/lib-dynload/_json.cpython-312-x86_64-linux-gnu.so",target-name="/usr/lib/python3.12/lib-dynload/_json.cpython-312-x86_64-linux-gnu.so",host-name="/usr/lib/python3.12/lib-dynload/_json.cpython-312-x86_64-linux-gnu.so",symbols-loaded="0",thread-group="i1",ranges=[{from="0x00007ffff75b06a0",to="0x00007ffff75b660d"}]
~"process 3817636 is executing new program: /home/yayoi/.local/state/strata-sycl/post-reboot-tuning-20261007/dequant-gemm-completion-stress-build-v2/probe\n"
=library-unloaded,id="/lib64/ld-linux-x86-64.so.2",target-name="/lib64/ld-linux-x86-64.so.2",host-name="/lib64/ld-linux-x86-64.so.2",thread-group="i1"
=library-unloaded,id="/usr/lib/x86_64-linux-gnu/libm.so.6",target-name="/usr/lib/x86_64-linux-gnu/libm.so.6",host-name="/usr/lib/x86_64-linux-gnu/libm.so.6",thread-group="i1"
=library-unloaded,id="/usr/lib/x86_64-linux-gnu/libz.so.1",target-name="/usr/lib/x86_64-linux-gnu/libz.so.1",host-name="/usr/lib/x86_64-linux-gnu/libz.so.1",thread-group="i1"
=library-unloaded,id="/usr/lib/x86_64-linux-gnu/libexpat.so.1",target-name="/usr/lib/x86_64-linux-gnu/libexpat.so.1",host-name="/usr/lib/x86_64-linux-gnu/libexpat.so.1",thread-group="i1"
=library-unloaded,id="/usr/lib/x86_64-linux-gnu/libc.so.6",target-name="/usr/lib/x86_64-linux-gnu/libc.so.6",host-name="/usr/lib/x86_64-linux-gnu/libc.so.6",thread-group="i1"
=library-unloaded,id="/usr/lib/python3.12/lib-dynload/_json.cpython-312-x86_64-linux-gnu.so",target-name="/usr/lib/python3.12/lib-dynload/_json.cpython-312-x86_64-linux-gnu.so",host-name="/usr/lib/python3.12/lib-dynload/_json.cpython-312-x86_64-linux-gnu.so",thread-group="i1"
=library-loaded,id="/lib64/ld-linux-x86-64.so.2",target-name="/lib64/ld-linux-x86-64.so.2",host-name="/lib64/ld-linux-x86-64.so.2",symbols-loaded="0",thread-group="i1",ranges=[{from="0x00007ffff7fc6000",to="0x00007ffff7ff0195"}]
=library-loaded,id="/opt/intel/oneapi/mkl/2026.1/lib/libmkl_sycl_blas.so.6",target-name="/opt/intel/oneapi/mkl/2026.1/lib/libmkl_sycl_blas.so.6",host-name="/opt/intel/oneapi/mkl/2026.1/lib/libmkl_sycl_blas.so.6",symbols-loaded="0",thread-group="i1",ranges=[{from="0x00007ffff4e9f6a0",to="0x00007ffff6c23502"}]
=library-loaded,id="/opt/intel/oneapi/mkl/2026.1/lib/libmkl_sycl_lapack.so.6",target-name="/opt/intel/oneapi/mkl/2026.1/lib/libmkl_sycl_lapack.so.6",host-name="/opt/intel/oneapi/mkl/2026.1/lib/libmkl_sycl_lapack.so.6",symbols-loaded="0",thread-group="i1",ranges=[{from="0x00007ffff2dba2b0",to="0x00007ffff3bf8c00"}]
=library-loaded,id="/opt/intel/oneapi/mkl/2026.1/lib/libmkl_sycl_dft.so.6",target-name="/opt/intel/oneapi/mkl/2026.1/lib/libmkl_sycl_dft.so.6",host-name="/opt/intel/oneapi/mkl/2026.1/lib/libmkl_sycl_dft.so.6",symbols-loaded="0",thread-group="i1",ranges=[{from="0x00007ffff05c82c0",to="0x00007ffff092f392"}]
=library-loaded,id="/opt/intel/oneapi/mkl/2026.1/lib/libmkl_sycl_sparse.so.6",target-name="/opt/intel/oneapi/mkl/2026.1/lib/libmkl_sycl_sparse.so.6",host-name="/opt/intel/oneapi/mkl/2026.1/lib/libmkl_sycl_sparse.so.6",symbols-loaded="0",thread-group="i1",ranges=[{from="0x00007fffedba1ce0",to="0x00007fffef1a10e3"}]
=library-loaded,id="/opt/intel/oneapi/mkl/2026.1/lib/libmkl_sycl_rng.so.6",target-name="/opt/intel/oneapi/mkl/2026.1/lib/libmkl_sycl_rng.so.6",host-name="/opt/intel/oneapi/mkl/2026.1/lib/libmkl_sycl_rng.so.6",symbols-loaded="0",thread-group="i1",ranges=[{from="0x00007fffea003f40",to="0x00007fffeb6c9e42"}]
=library-loaded,id="/opt/intel/oneapi/mkl/2026.1/lib/libmkl_sycl_stats.so.6",target-name="/opt/intel/oneapi/mkl/2026.1/lib/libmkl_sycl_stats.so.6",host-name="/opt/intel/oneapi/mkl/2026.1/lib/libmkl_sycl_stats.so.6",symbols-loaded="0",thread-group="i1",ranges=[{from="0x00007fffe8855720",to="0x00007fffe8c608d0"}]
=library-loaded,id="/opt/intel/oneapi/mkl/2026.1/lib/libmkl_sycl_vm.so.6",target-name="/opt/intel/oneapi/mkl/2026.1/lib/libmkl_sycl_vm.so.6",host-name="/opt/intel/oneapi/mkl/2026.1/lib/libmkl_sycl_vm.so.6",symbols-loaded="0",thread-group="i1",ranges=[{from="0x00007fffe54f7ca0",to="0x00007fffe6cbbeb4"}]
=library-loaded,id="/opt/intel/oneapi/mkl/2026.1/lib/libmkl_sycl_data_fitting.so.6",target-name="/opt/intel/oneapi/mkl/2026.1/lib/libmkl_sycl_data_fitting.so.6",host-name="/opt/intel/oneapi/mkl/2026.1/lib/libmkl_sycl_data_fitting.so.6",symbols-loaded="0",thread-group="i1",ranges=[{from="0x00007fffe3ffe2e0",to="0x00007fffe40a6ac3"}]
=library-loaded,id="/opt/intel/oneapi/mkl/2026.1/lib/libmkl_intel_lp64.so.3",target-name="/opt/intel/oneapi/mkl/2026.1/lib/libmkl_intel_lp64.so.3",host-name="/opt/intel/oneapi/mkl/2026.1/lib/libmkl_intel_lp64.so.3",symbols-loaded="0",thread-group="i1",ranges=[{from="0x00007fffe2ef8430",to="0x00007fffe39bc43f"}]
=library-loaded,id="/opt/intel/oneapi/mkl/2026.1/lib/libmkl_sequential.so.3",target-name="/opt/intel/oneapi/mkl/2026.1/lib/libmkl_sequential.so.3",host-name="/opt/intel/oneapi/mkl/2026.1/lib/libmkl_sequential.so.3",symbols-loaded="0",thread-group="i1",ranges=[{from="0x00007fffe1720b70",to="0x00007fffe2a96dca"}]
=library-loaded,id="/opt/intel/oneapi/mkl/2026.1/lib/libmkl_core.so.3",target-name="/opt/intel/oneapi/mkl/2026.1/lib/libmkl_core.so.3",host-name="/opt/intel/oneapi/mkl/2026.1/lib/libmkl_core.so.3",symbols-loaded="0",thread-group="i1",ranges=[{from="0x00007fffdd165e00",to="0x00007fffe104303c"}]
=library-loaded,id="/usr/lib/x86_64-linux-gnu/libstdc++.so.6",target-name="/usr/lib/x86_64-linux-gnu/libstdc++.so.6",host-name="/usr/lib/x86_64-linux-gnu/libstdc++.so.6",symbols-loaded="0",thread-group="i1",ranges=[{from="0x00007fffdcd7c5c0",to="0x00007fffdcebbce2"}]
=library-loaded,id="/usr/lib/x86_64-linux-gnu/libm.so.6",target-name="/usr/lib/x86_64-linux-gnu/libm.so.6",host-name="/usr/lib/x86_64-linux-gnu/libm.so.6",symbols-loaded="0",thread-group="i1",ranges=[{from="0x00007fffdcbfe420",to="0x00007fffdcc7c3a6"}]
=library-loaded,id="/usr/lib/x86_64-linux-gnu/libgcc_s.so.1",target-name="/usr/lib/x86_64-linux-gnu/libgcc_s.so.1",host-name="/usr/lib/x86_64-linux-gnu/libgcc_s.so.1",symbols-loaded="0",thread-group="i1",ranges=[{from="0x00007fffdcbc4780",to="0x00007fffdcbe7745"}]
=library-loaded,id="/opt/intel/oneapi/compiler/2026.1/lib/libsycl.so.9",target-name="/opt/intel/oneapi/compiler/2026.1/lib/libsycl.so.9",host-name="/opt/intel/oneapi/compiler/2026.1/lib/libsycl.so.9",symbols-loaded="0",thread-group="i1",ranges=[{from="0x00007fffdc8e1900",to="0x00007fffdcbb1aae"}]
=library-loaded,id="/opt/intel/oneapi/compiler/2026.1/lib/libOpenCL.so.1",target-name="/opt/intel/oneapi/compiler/2026.1/lib/libOpenCL.so.1",host-name="/opt/intel/oneapi/compiler/2026.1/lib/libOpenCL.so.1",symbols-loaded="0",thread-group="i1",ranges=[{from="0x00007fffdc7d8b10",to="0x00007fffdc7e0e05"}]
=library-loaded,id="/usr/lib/x86_64-linux-gnu/libc.so.6",target-name="/usr/lib/x86_64-linux-gnu/libc.so.6",host-name="/usr/lib/x86_64-linux-gnu/libc.so.6",symbols-loaded="0",thread-group="i1",ranges=[{from="0x00007fffdc5e3800",to="0x00007fffdc76b039"}]
=library-loaded,id="/usr/lib/x86_64-linux-gnu/libdl.so.2",target-name="/usr/lib/x86_64-linux-gnu/libdl.so.2",host-name="/usr/lib/x86_64-linux-gnu/libdl.so.2",symbols-loaded="0",thread-group="i1",ranges=[{from="0x00007fffdc5b7040",to="0x00007fffdc5b7105"}]
=library-loaded,id="/usr/lib/x86_64-linux-gnu/libpthread.so.0",target-name="/usr/lib/x86_64-linux-gnu/libpthread.so.0",host-name="/usr/lib/x86_64-linux-gnu/libpthread.so.0",symbols-loaded="0",thread-group="i1",ranges=[{from="0x00007fffdc5b2040",to="0x00007fffdc5b2105"}]
=library-loaded,id="/opt/intel/oneapi/compiler/2026.1/lib/libur_loader.so.0",target-name="/opt/intel/oneapi/compiler/2026.1/lib/libur_loader.so.0",host-name="/opt/intel/oneapi/compiler/2026.1/lib/libur_loader.so.0",symbols-loaded="0",thread-group="i1",ranges=[{from="0x00007fffdbbe4840",to="0x00007fffdc55ed24"}]
=library-loaded,id="/opt/intel/oneapi/compiler/2026.1/lib/libsvml.so",target-name="/opt/intel/oneapi/compiler/2026.1/lib/libsvml.so",host-name="/opt/intel/oneapi/compiler/2026.1/lib/libsvml.so",symbols-loaded="0",thread-group="i1",ranges=[{from="0x00007fffdac445c0",to="0x00007fffdb6eca7f"}]
=library-loaded,id="/opt/intel/oneapi/compiler/2026.1/lib/libirng.so",target-name="/opt/intel/oneapi/compiler/2026.1/lib/libirng.so",host-name="/opt/intel/oneapi/compiler/2026.1/lib/libirng.so",symbols-loaded="0",thread-group="i1",ranges=[{from="0x00007fffd9fe1c80",to="0x00007fffda024f16"}]
=library-loaded,id="/opt/intel/oneapi/compiler/2026.1/lib/libimf.so",target-name="/opt/intel/oneapi/compiler/2026.1/lib/libimf.so",host-name="/opt/intel/oneapi/compiler/2026.1/lib/libimf.so",symbols-loaded="0",thread-group="i1",ranges=[{from="0x00007fffd9d61170",to="0x00007fffd9eef292"}]
=library-loaded,id="/opt/intel/oneapi/compiler/2026.1/lib/libintlc.so.5",target-name="/opt/intel/oneapi/compiler/2026.1/lib/libintlc.so.5",host-name="/opt/intel/oneapi/compiler/2026.1/lib/libintlc.so.5",symbols-loaded="0",thread-group="i1",ranges=[{from="0x00007fffd9aa0240",to="0x00007fffd9aeb1f0"}]
=library-loaded,id="/usr/lib/x86_64-linux-gnu/librt.so.1",target-name="/usr/lib/x86_64-linux-gnu/librt.so.1",host-name="/usr/lib/x86_64-linux-gnu/librt.so.1",symbols-loaded="0",thread-group="i1",ranges=[{from="0x00007fffd9a8b080",to="0x00007fffd9a8b2b1"}]
=library-loaded,id="/usr/lib/x86_64-linux-gnu/libz.so.1",target-name="/usr/lib/x86_64-linux-gnu/libz.so.1",host-name="/usr/lib/x86_64-linux-gnu/libz.so.1",symbols-loaded="0",thread-group="i1",ranges=[{from="0x00007fffd9a70260",to="0x00007fffd9a81c60"}]
&"warning: File \"/opt/intel/oneapi/compiler/2026.1/lib/libsycl.so.9.0.0-gdb.py\" auto-loading has been declined by your `auto-load safe-path' set to \"$debugdir:$datadir/auto-load\".\n"
~"To enable execution of this file add\n\tadd-auto-load-safe-path "
~"/opt/intel/oneapi/compiler/2026.1/lib/libsycl.so.9.0.0-gdb.py\nline to your configuration file \""
~"/home/yayoi/.config/gdb/gdbinit\".\nTo completely disable this security protection add\n\tset auto-load safe-path /\nline to your configuration file \""
~"/home/yayoi/.config/gdb/gdbinit\".\nFor more information about this security protection see the\n\"Auto-loading safe path\" section in the GDB manual.  E.g., run from the shell:\n\tinfo \"(gdb)Auto-loading safe path\"\n"
~"[Thread debugging using libthread_db enabled]\n"
~"Using host libthread_db library \"/usr/lib/x86_64-linux-gnu/libthread_db.so.1\".\n"
=library-loaded,id="/opt/intel/oneapi/compiler/2026.1/lib/libur_adapter_level_zero_v2.so.0",target-name="/opt/intel/oneapi/compiler/2026.1/lib/libur_adapter_level_zero_v2.so.0",host-name="/opt/intel/oneapi/compiler/2026.1/lib/libur_adapter_level_zero_v2.so.0",symbols-loaded="0",thread-group="i1",ranges=[{from="0x00007fffd9486750",to="0x00007fffd95e2822"}]
=library-loaded,id="/opt/intel/oneapi/umf/1.1/lib/libumf.so.1",target-name="/opt/intel/oneapi/umf/1.1/lib/libumf.so.1",host-name="/opt/intel/oneapi/umf/1.1/lib/libumf.so.1",symbols-loaded="0",thread-group="i1",ranges=[{from="0x00007fffd9a1b8f0",to="0x00007fffd9a3e470"}]
=library-loaded,id="/usr/lib/x86_64-linux-gnu/libhwloc.so.15",target-name="/usr/lib/x86_64-linux-gnu/libhwloc.so.15",host-name="/usr/lib/x86_64-linux-gnu/libhwloc.so.15",symbols-loaded="0",thread-group="i1",ranges=[{from="0x00007fffd93d5d90",to="0x00007fffd941bd2e"}]
=library-loaded,id="/usr/lib/x86_64-linux-gnu/libudev.so.1",target-name="/usr/lib/x86_64-linux-gnu/libudev.so.1",host-name="/usr/lib/x86_64-linux-gnu/libudev.so.1",symbols-loaded="0",thread-group="i1",ranges=[{from="0x00007fffd99e70f0",to="0x00007fffd9a074c0"}]
=library-loaded,id="/usr/lib/x86_64-linux-gnu/libcap.so.2",target-name="/usr/lib/x86_64-linux-gnu/libcap.so.2",host-name="/usr/lib/x86_64-linux-gnu/libcap.so.2",symbols-loaded="0",thread-group="i1",ranges=[{from="0x00007fffd99d79c0",to="0x00007fffd99dc607"}]
=library-loaded,id="/usr/lib/x86_64-linux-gnu/libze_loader.so.1",target-name="/usr/lib/x86_64-linux-gnu/libze_loader.so.1",host-name="/usr/lib/x86_64-linux-gnu/libze_loader.so.1",symbols-loaded="0",thread-group="i1",ranges=[{from="0x00007fffd9312d00",to="0x00007fffd9397795"}]
=library-loaded,id="/usr/lib/x86_64-linux-gnu/libze_intel_gpu.so.1",target-name="/usr/lib/x86_64-linux-gnu/libze_intel_gpu.so.1",host-name="/usr/lib/x86_64-linux-gnu/libze_intel_gpu.so.1",symbols-loaded="0",thread-group="i1",ranges=[{from="0x00007fffd57cb570",to="0x00007fffd60d6a32"}]
=library-loaded,id="/usr/lib/x86_64-linux-gnu/libigdgmm.so.12",target-name="/usr/lib/x86_64-linux-gnu/libigdgmm.so.12",host-name="/usr/lib/x86_64-linux-gnu/libigdgmm.so.12",symbols-loaded="0",thread-group="i1",ranges=[{from="0x00007fffd56402c0",to="0x00007fffd5703a89"}]
=library-loaded,id="/usr/lib/x86_64-linux-gnu/libze_validation_layer.so.1",target-name="/usr/lib/x86_64-linux-gnu/libze_validation_layer.so.1",host-name="/usr/lib/x86_64-linux-gnu/libze_validation_layer.so.1",symbols-loaded="0",thread-group="i1",ranges=[{from="0x00007fffd5486c80",to="0x00007fffd55d55f5"}]
=library-loaded,id="/usr/lib/x86_64-linux-gnu/libze_tracing_layer.so.1",target-name="/usr/lib/x86_64-linux-gnu/libze_tracing_layer.so.1",host-name="/usr/lib/x86_64-linux-gnu/libze_tracing_layer.so.1",symbols-loaded="0",thread-group="i1",ranges=[{from="0x00007fffd538a410",to="0x00007fffd543b570"}]
=library-loaded,id="/usr/lib/x86_64-linux-gnu/libigdfcl.so.2",target-name="/usr/lib/x86_64-linux-gnu/libigdfcl.so.2",host-name="/usr/lib/x86_64-linux-gnu/libigdfcl.so.2",symbols-loaded="0",thread-group="i1",ranges=[{from="0x00007fffd5073ed0",to="0x00007fffd51d562d"}]
=library-loaded,id="/usr/lib/x86_64-linux-gnu/libopencl-clang.so.17",target-name="/usr/lib/x86_64-linux-gnu/libopencl-clang.so.17",host-name="/usr/lib/x86_64-linux-gnu/libopencl-clang.so.17",symbols-loaded="0",thread-group="i1",ranges=[{from="0x00007fffcd53e400",to="0x00007fffd1517b62"}]
=library-loaded,id="/usr/lib/x86_64-linux-gnu/libigc.so.2",target-name="/usr/lib/x86_64-linux-gnu/libigc.so.2",host-name="/usr/lib/x86_64-linux-gnu/libigc.so.2",symbols-loaded="0",thread-group="i1",ranges=[{from="0x00007fffc76bfc00",to="0x00007fffcaa5c895"}]
=library-loaded,id="/usr/lib/x86_64-linux-gnu/libigdml.so.1",target-name="/usr/lib/x86_64-linux-gnu/libigdml.so.1",host-name="/usr/lib/x86_64-linux-gnu/libigdml.so.1",symbols-loaded="0",thread-group="i1",ranges=[{from="0x00007fffc7284e20",to="0x00007fffc737f888"}]
=library-loaded,id="/usr/lib/x86_64-linux-gnu/libdrm.so.2",target-name="/usr/lib/x86_64-linux-gnu/libdrm.so.2",host-name="/usr/lib/x86_64-linux-gnu/libdrm.so.2",symbols-loaded="0",thread-group="i1",ranges=[{from="0x00007fffc7259780",to="0x00007fffc7264931"}]
=library-loaded,id="/usr/lib/x86_64-linux-gnu/libnl-genl-3.so.200",target-name="/usr/lib/x86_64-linux-gnu/libnl-genl-3.so.200",host-name="/usr/lib/x86_64-linux-gnu/libnl-genl-3.so.200",symbols-loaded="0",thread-group="i1",ranges=[{from="0x00007fffc707e680",to="0x00007fffc708020c"}]
=library-loaded,id="/usr/lib/x86_64-linux-gnu/libnl-3.so.200",target-name="/usr/lib/x86_64-linux-gnu/libnl-3.so.200",host-name="/usr/lib/x86_64-linux-gnu/libnl-3.so.200",symbols-loaded="0",thread-group="i1",ranges=[{from="0x00007fffc70628c0",to="0x00007fffc7070cb9"}]
=library-unloaded,id="/usr/lib/x86_64-linux-gnu/libnl-genl-3.so.200",target-name="/usr/lib/x86_64-linux-gnu/libnl-genl-3.so.200",host-name="/usr/lib/x86_64-linux-gnu/libnl-genl-3.so.200",thread-group="i1"
=library-unloaded,id="/usr/lib/x86_64-linux-gnu/libnl-3.so.200",target-name="/usr/lib/x86_64-linux-gnu/libnl-3.so.200",host-name="/usr/lib/x86_64-linux-gnu/libnl-3.so.200",thread-group="i1"
=library-loaded,id="/usr/lib/x86_64-linux-gnu/libnl-genl-3.so.200",target-name="/usr/lib/x86_64-linux-gnu/libnl-genl-3.so.200",host-name="/usr/lib/x86_64-linux-gnu/libnl-genl-3.so.200",symbols-loaded="0",thread-group="i1",ranges=[{from="0x00007fffc707e680",to="0x00007fffc708020c"}]
=library-loaded,id="/usr/lib/x86_64-linux-gnu/libnl-3.so.200",target-name="/usr/lib/x86_64-linux-gnu/libnl-3.so.200",host-name="/usr/lib/x86_64-linux-gnu/libnl-3.so.200",symbols-loaded="0",thread-group="i1",ranges=[{from="0x00007fffc70628c0",to="0x00007fffc7070cb9"}]
=thread-created,id="2",group-id="i1"
~"[New Thread 0x7fffc57696c0 (LWP 3819197)]\n"
*running,thread-id="2"
~"[Thread 0x7fffc57696c0 (LWP 3819197) exited]\n"
=thread-exited,id="2",group-id="i1"
~"[Inferior 1 (process 3817636) exited normally]\n"
=thread-exited,id="1",group-id="i1"
=thread-group-exited,id="i1",exit-code="0"
*stopped,reason="exited-normally"
12^exit
