Created Graphics Allocation of type KERNEL_ISA_INTERNAL
 ThreadID: 125605105441984 Type: KERNEL_ISA_INTERNAL Pool: LocalMemory Root index: 0 Size: 65536 CPU VA: NULL GPU VA: 0xffff8000fffe0000 - 0xffff8000fffeffff Handle: 1 PATIndex: 1, Gmm resource usage: [ GMM_RESOURCE_USAGE_OCL_BUFFER ], Cacheable: 1 NotLockable: 0 Total sys mem allocated: 0 Total lmem allocated: 65536
Created Graphics Allocation of type PREEMPTION
 ThreadID: 125605105441984 Type: PREEMPTION Pool: LocalMemory Root index: 0 Size: 64421888 CPU VA: NULL GPU VA: 0xffffd556aaa00000 - 0xffffd556ae76ffff Handle: 2 PATIndex: 1, Gmm resource usage: [ GMM_RESOURCE_USAGE_OCL_BUFFER ], Cacheable: 1 NotLockable: 1 Total sys mem allocated: 0 Total lmem allocated: 64487424
Created Graphics Allocation of type TAG_BUFFER
 ThreadID: 125605105441984 Type: TAG_BUFFER Pool: System4KBPages Root index: 0 Size: 4096 CPU VA: 0x723ca5a32000 - 0x723ca5a32fff GPU VA: 0x723ca5a32000 - 0x723ca5a32fff Handle: 3 PATIndex: 1, Gmm resource usage: [ GMM_RESOURCE_USAGE_OCL_SYSTEM_MEMORY_BUFFER ], Cacheable: 1 NotLockable: 1 Total sys mem allocated: 4096 Total lmem allocated: 64487424
Created Graphics Allocation of type GLOBAL_FENCE
 ThreadID: 125605105441984 Type: GLOBAL_FENCE Pool: System4KBPages Root index: 0 Size: 4096 CPU VA: 0x723ca5a30000 - 0x723ca5a30fff GPU VA: 0x723ca5a30000 - 0x723ca5a30fff Handle: 4 PATIndex: 1, Gmm resource usage: [ GMM_RESOURCE_USAGE_OCL_BUFFER ], Cacheable: 1 NotLockable: 1 Total sys mem allocated: 8192 Total lmem allocated: 64487424
Created Graphics Allocation of type TAG_BUFFER
 ThreadID: 125605105441984 Type: TAG_BUFFER Pool: System4KBPages Root index: 0 Size: 4096 CPU VA: 0x723ca5a2e000 - 0x723ca5a2efff GPU VA: 0x723ca5a2e000 - 0x723ca5a2efff Handle: 5 PATIndex: 1, Gmm resource usage: [ GMM_RESOURCE_USAGE_OCL_SYSTEM_MEMORY_BUFFER ], Cacheable: 1 NotLockable: 1 Total sys mem allocated: 12288 Total lmem allocated: 64487424
Created Graphics Allocation of type GLOBAL_FENCE
 ThreadID: 125605105441984 Type: GLOBAL_FENCE Pool: System4KBPages Root index: 0 Size: 4096 CPU VA: 0x723ca5a2c000 - 0x723ca5a2cfff GPU VA: 0x723ca5a2c000 - 0x723ca5a2cfff Handle: 6 PATIndex: 1, Gmm resource usage: [ GMM_RESOURCE_USAGE_OCL_BUFFER ], Cacheable: 1 NotLockable: 1 Total sys mem allocated: 16384 Total lmem allocated: 64487424
Created Graphics Allocation of type TAG_BUFFER
 ThreadID: 125605105441984 Type: TAG_BUFFER Pool: System4KBPages Root index: 0 Size: 4096 CPU VA: 0x723ca5a2a000 - 0x723ca5a2afff GPU VA: 0x723ca5a2a000 - 0x723ca5a2afff Handle: 7 PATIndex: 1, Gmm resource usage: [ GMM_RESOURCE_USAGE_OCL_SYSTEM_MEMORY_BUFFER ], Cacheable: 1 NotLockable: 1 Total sys mem allocated: 20480 Total lmem allocated: 64487424
Created Graphics Allocation of type GLOBAL_FENCE
 ThreadID: 125605105441984 Type: GLOBAL_FENCE Pool: System4KBPages Root index: 0 Size: 4096 CPU VA: 0x723ca5a28000 - 0x723ca5a28fff GPU VA: 0x723ca5a28000 - 0x723ca5a28fff Handle: 8 PATIndex: 1, Gmm resource usage: [ GMM_RESOURCE_USAGE_OCL_BUFFER ], Cacheable: 1 NotLockable: 1 Total sys mem allocated: 24576 Total lmem allocated: 64487424
Created Graphics Allocation of type TAG_BUFFER
 ThreadID: 125605105441984 Type: TAG_BUFFER Pool: System4KBPages Root index: 0 Size: 4096 CPU VA: 0x723ca5a26000 - 0x723ca5a26fff GPU VA: 0x723ca5a26000 - 0x723ca5a26fff Handle: 9 PATIndex: 1, Gmm resource usage: [ GMM_RESOURCE_USAGE_OCL_SYSTEM_MEMORY_BUFFER ], Cacheable: 1 NotLockable: 1 Total sys mem allocated: 28672 Total lmem allocated: 64487424
Created Graphics Allocation of type GLOBAL_FENCE
 ThreadID: 125605105441984 Type: GLOBAL_FENCE Pool: System4KBPages Root index: 0 Size: 4096 CPU VA: 0x723ca5a24000 - 0x723ca5a24fff GPU VA: 0x723ca5a24000 - 0x723ca5a24fff Handle: 10 PATIndex: 1, Gmm resource usage: [ GMM_RESOURCE_USAGE_OCL_BUFFER ], Cacheable: 1 NotLockable: 1 Total sys mem allocated: 32768 Total lmem allocated: 64487424
Created Graphics Allocation of type TAG_BUFFER
 ThreadID: 125605105441984 Type: TAG_BUFFER Pool: System4KBPages Root index: 0 Size: 4096 CPU VA: 0x723ca5a22000 - 0x723ca5a22fff GPU VA: 0x723ca5a22000 - 0x723ca5a22fff Handle: 11 PATIndex: 1, Gmm resource usage: [ GMM_RESOURCE_USAGE_OCL_SYSTEM_MEMORY_BUFFER ], Cacheable: 1 NotLockable: 1 Total sys mem allocated: 36864 Total lmem allocated: 64487424
Created Graphics Allocation of type GLOBAL_FENCE
 ThreadID: 125605105441984 Type: GLOBAL_FENCE Pool: System4KBPages Root index: 0 Size: 4096 CPU VA: 0x723ca5a20000 - 0x723ca5a20fff GPU VA: 0x723ca5a20000 - 0x723ca5a20fff Handle: 12 PATIndex: 1, Gmm resource usage: [ GMM_RESOURCE_USAGE_OCL_BUFFER ], Cacheable: 1 NotLockable: 1 Total sys mem allocated: 40960 Total lmem allocated: 64487424
Created Graphics Allocation of type LINEAR_STREAM
 ThreadID: 125605105441984 Type: LINEAR_STREAM Pool: LocalMemory Root index: 0 Size: 65536 CPU VA: 0x723ca58aa000 - 0x723ca58b9fff GPU VA: 0xffff800200000000 - 0xffff80020000ffff Handle: 13 PATIndex: 1, Gmm resource usage: [ GMM_RESOURCE_USAGE_OCL_STATE_HEAP_BUFFER ], Cacheable: 1 NotLockable: 0 Total sys mem allocated: 40960 Total lmem allocated: 64552960
Created Graphics Allocation of type PREEMPTION
 ThreadID: 125605105441984 Type: PREEMPTION Pool: LocalMemory Root index: 0 Size: 64421888 CPU VA: NULL GPU VA: 0xffffd556ae800000 - 0xffffd556b256ffff Handle: 14 PATIndex: 1, Gmm resource usage: [ GMM_RESOURCE_USAGE_OCL_BUFFER ], Cacheable: 1 NotLockable: 1 Total sys mem allocated: 40960 Total lmem allocated: 128974848
Created Graphics Allocation of type PREEMPTION
 ThreadID: 125605105441984 Type: PREEMPTION Pool: LocalMemory Root index: 0 Size: 64421888 CPU VA: NULL GPU VA: 0xffffd556b2600000 - 0xffffd556b636ffff Handle: 15 PATIndex: 1, Gmm resource usage: [ GMM_RESOURCE_USAGE_OCL_BUFFER ], Cacheable: 1 NotLockable: 1 Total sys mem allocated: 40960 Total lmem allocated: 193396736
Created Graphics Allocation of type LINEAR_STREAM
 ThreadID: 125605105441984 Type: LINEAR_STREAM Pool: LocalMemory Root index: 0 Size: 65536 CPU VA: 0x723ca589a000 - 0x723ca58a9fff GPU VA: 0xffff800200020000 - 0xffff80020002ffff Handle: 16 PATIndex: 1, Gmm resource usage: [ GMM_RESOURCE_USAGE_OCL_STATE_HEAP_BUFFER ], Cacheable: 1 NotLockable: 0 Total sys mem allocated: 40960 Total lmem allocated: 193462272
Created Graphics Allocation of type LINEAR_STREAM
 ThreadID: 125605105441984 Type: LINEAR_STREAM Pool: LocalMemory Root index: 0 Size: 65536 CPU VA: 0x723ca588a000 - 0x723ca5899fff GPU VA: 0xffff800200030000 - 0xffff80020003ffff Handle: 17 PATIndex: 1, Gmm resource usage: [ GMM_RESOURCE_USAGE_OCL_STATE_HEAP_BUFFER ], Cacheable: 1 NotLockable: 0 Total sys mem allocated: 40960 Total lmem allocated: 193527808
Created Graphics Allocation of type LINEAR_STREAM
 ThreadID: 125605105441984 Type: LINEAR_STREAM Pool: LocalMemory Root index: 0 Size: 65536 CPU VA: 0x723ca587a000 - 0x723ca5889fff GPU VA: 0xffff800200040000 - 0xffff80020004ffff Handle: 18 PATIndex: 1, Gmm resource usage: [ GMM_RESOURCE_USAGE_OCL_STATE_HEAP_BUFFER ], Cacheable: 1 NotLockable: 0 Total sys mem allocated: 40960 Total lmem allocated: 193593344
Created Graphics Allocation of type COMMAND_BUFFER
 ThreadID: 125605105441984 Type: COMMAND_BUFFER Pool: LocalMemory Root index: 0 Size: 65536 CPU VA: 0x723ca586a000 - 0x723ca5879fff GPU VA: 0xffffd556aa7e0000 - 0xffffd556aa7effff Handle: 19 PATIndex: 1, Gmm resource usage: [ GMM_RESOURCE_USAGE_OCL_BUFFER ], Cacheable: 1 NotLockable: 0 Total sys mem allocated: 40960 Total lmem allocated: 193658880
Created Graphics Allocation of type COMMAND_BUFFER
 ThreadID: 125605105441984 Type: COMMAND_BUFFER Pool: LocalMemory Root index: 0 Size: 65536 CPU VA: 0x723ca585a000 - 0x723ca5869fff GPU VA: 0xffffd556aa7d0000 - 0xffffd556aa7dffff Handle: 20 PATIndex: 1, Gmm resource usage: [ GMM_RESOURCE_USAGE_OCL_BUFFER ], Cacheable: 1 NotLockable: 0 Total sys mem allocated: 40960 Total lmem allocated: 193724416
Created Graphics Allocation of type COMMAND_BUFFER
 ThreadID: 125605105441984 Type: COMMAND_BUFFER Pool: LocalMemory Root index: 0 Size: 196608 CPU VA: 0x723ca582a000 - 0x723ca5859fff GPU VA: 0xffffd556aa7a0000 - 0xffffd556aa7cffff Handle: 21 PATIndex: 1, Gmm resource usage: [ GMM_RESOURCE_USAGE_OCL_BUFFER ], Cacheable: 1 NotLockable: 0 Total sys mem allocated: 40960 Total lmem allocated: 193921024
Created Graphics Allocation of type COMMAND_BUFFER
 ThreadID: 125605105441984 Type: COMMAND_BUFFER Pool: LocalMemory Root index: 0 Size: 196608 CPU VA: 0x723ca57fa000 - 0x723ca5829fff GPU VA: 0xffffd556aa770000 - 0xffffd556aa79ffff Handle: 22 PATIndex: 1, Gmm resource usage: [ GMM_RESOURCE_USAGE_OCL_BUFFER ], Cacheable: 1 NotLockable: 0 Total sys mem allocated: 40960 Total lmem allocated: 194117632
Created Graphics Allocation of type COMMAND_BUFFER
 ThreadID: 125605105441984 Type: COMMAND_BUFFER Pool: LocalMemory Root index: 0 Size: 1114112 CPU VA: 0x723ca56ea000 - 0x723ca57f9fff GPU VA: 0xffffd556aa660000 - 0xffffd556aa76ffff Handle: 23 PATIndex: 1, Gmm resource usage: [ GMM_RESOURCE_USAGE_OCL_BUFFER ], Cacheable: 1 NotLockable: 0 Total sys mem allocated: 40960 Total lmem allocated: 195231744
Created Graphics Allocation of type BUFFER_HOST_MEMORY
 ThreadID: 125605105441984 Type: BUFFER_HOST_MEMORY Pool: System4KBPages Root index: 0 Size: 2097152 CPU VA: 0x723ca5400000 - 0x723ca55fffff GPU VA: 0x723ca5400000 - 0x723ca55fffff Handle: 24 PATIndex: 1, Gmm resource usage: [ GMM_RESOURCE_USAGE_OCL_SYSTEM_MEMORY_BUFFER ], Cacheable: 1 NotLockable: 0 Total sys mem allocated: 2138112 Total lmem allocated: 195231744
Created Graphics Allocation of type BUFFER
 ThreadID: 125605105441984 Type: BUFFER Pool: LocalMemory Root index: 0 Size: 2097152 CPU VA: NULL GPU VA: 0xffffffffff800000 - 0xffffffffff9fffff Handle: 25 PATIndex: 9, Gmm resource usage: [ GMM_RESOURCE_USAGE_OCL_BUFFER ], Cacheable: 0 NotLockable: 1 Total sys mem allocated: 2138112 Total lmem allocated: 197328896
Created Graphics Allocation of type SVM_CPU
 ThreadID: 125605105441984 Type: SVM_CPU Pool: System4KBPages Root index: 0 Size: 65536 CPU VA: 0x723ca56a0000 - 0x723ca56affff GPU VA: 0xffffaaad553d0000 - 0xffffaaad553dffff Handle: 26 PATIndex: 1, Gmm resource usage: [ GMM_RESOURCE_USAGE_OCL_SYSTEM_MEMORY_BUFFER ], Cacheable: 1 NotLockable: 1 Total sys mem allocated: 2203648 Total lmem allocated: 197328896
Created Graphics Allocation of type SVM_GPU
 ThreadID: 125605105441984 Type: SVM_GPU Pool: LocalMemory Root index: 0 Size: 65536 CPU VA: NULL GPU VA: 0x723ca56a0000 - 0x723ca56affff Handle: 27 PATIndex: 9, Gmm resource usage: [ GMM_RESOURCE_USAGE_OCL_BUFFER ], Cacheable: 0 NotLockable: 1 Total sys mem allocated: 2203648 Total lmem allocated: 197394432
Created Graphics Allocation of type SVM_CPU
 ThreadID: 125605105441984 Type: SVM_CPU Pool: System4KBPages Root index: 0 Size: 65536 CPU VA: 0x723ca56a0000 - 0x723ca56affff GPU VA: 0xffffaaad553d0000 - 0xffffaaad553dffff Handle: 26 PATIndex: 1, Gmm resource usage: [ GMM_RESOURCE_USAGE_OCL_SYSTEM_MEMORY_BUFFER ], Cacheable: 1 NotLockable: 1 Total sys mem allocated: 2203648 Total lmem allocated: 197328896
Created Graphics Allocation of type SVM_GPU
 ThreadID: 125605105441984 Type: SVM_GPU Pool: LocalMemory Root index: 0 Size: 65536 CPU VA: NULL GPU VA: 0x723ca56a0000 - 0x723ca56affff Handle: 27 PATIndex: 9, Gmm resource usage: [ GMM_RESOURCE_USAGE_OCL_BUFFER ], Cacheable: 0 NotLockable: 1 Total sys mem allocated: 2203648 Total lmem allocated: 197394432
Created Graphics Allocation of type SVM_CPU
 ThreadID: 125605105441984 Type: SVM_CPU Pool: System4KBPages Root index: 0 Size: 65536 CPU VA: 0x723ca5680000 - 0x723ca568ffff GPU VA: 0xffffaaad553d0000 - 0xffffaaad553dffff Handle: 26 PATIndex: 1, Gmm resource usage: [ GMM_RESOURCE_USAGE_OCL_SYSTEM_MEMORY_BUFFER ], Cacheable: 1 NotLockable: 1 Total sys mem allocated: 2203648 Total lmem allocated: 197328896
Created Graphics Allocation of type SVM_GPU
 ThreadID: 125605105441984 Type: SVM_GPU Pool: LocalMemory Root index: 0 Size: 65536 CPU VA: NULL GPU VA: 0x723ca5680000 - 0x723ca568ffff Handle: 27 PATIndex: 9, Gmm resource usage: [ GMM_RESOURCE_USAGE_OCL_BUFFER ], Cacheable: 0 NotLockable: 1 Total sys mem allocated: 2203648 Total lmem allocated: 197394432
Created Graphics Allocation of type SVM_CPU
 ThreadID: 125605105441984 Type: SVM_CPU Pool: System4KBPages Root index: 0 Size: 65536 CPU VA: 0x723ca5680000 - 0x723ca568ffff GPU VA: 0xffffaaad553d0000 - 0xffffaaad553dffff Handle: 26 PATIndex: 1, Gmm resource usage: [ GMM_RESOURCE_USAGE_OCL_SYSTEM_MEMORY_BUFFER ], Cacheable: 1 NotLockable: 1 Total sys mem allocated: 2203648 Total lmem allocated: 197328896
Created Graphics Allocation of type SVM_GPU
 ThreadID: 125605105441984 Type: SVM_GPU Pool: LocalMemory Root index: 0 Size: 65536 CPU VA: NULL GPU VA: 0x723ca5680000 - 0x723ca568ffff Handle: 27 PATIndex: 9, Gmm resource usage: [ GMM_RESOURCE_USAGE_OCL_BUFFER ], Cacheable: 0 NotLockable: 1 Total sys mem allocated: 2203648 Total lmem allocated: 197394432
Created Graphics Allocation of type COMMAND_BUFFER
 ThreadID: 125605105441984 Type: COMMAND_BUFFER Pool: LocalMemory Root index: 0 Size: 65536 CPU VA: 0x723ca5687000 - 0x723ca5696fff GPU VA: 0xffffd556aa650000 - 0xffffd556aa65ffff Handle: 26 PATIndex: 1, Gmm resource usage: [ GMM_RESOURCE_USAGE_OCL_BUFFER ], Cacheable: 1 NotLockable: 0 Total sys mem allocated: 2138112 Total lmem allocated: 197394432
Created Graphics Allocation of type COMMAND_BUFFER
 ThreadID: 125605105441984 Type: COMMAND_BUFFER Pool: LocalMemory Root index: 0 Size: 65536 CPU VA: 0x723ca5677000 - 0x723ca5686fff GPU VA: 0xffffd556aa640000 - 0xffffd556aa64ffff Handle: 27 PATIndex: 1, Gmm resource usage: [ GMM_RESOURCE_USAGE_OCL_BUFFER ], Cacheable: 1 NotLockable: 0 Total sys mem allocated: 2138112 Total lmem allocated: 197459968
Created Graphics Allocation of type INTERNAL_HEAP
 ThreadID: 125605105441984 Type: INTERNAL_HEAP Pool: LocalMemory Root index: 0 Size: 65536 CPU VA: 0x723ca5667000 - 0x723ca5676fff GPU VA: 0xffff8000fffd0000 - 0xffff8000fffdffff Handle: 28 PATIndex: 1, Gmm resource usage: [ GMM_RESOURCE_USAGE_OCL_STATE_HEAP_BUFFER ], Cacheable: 1 NotLockable: 0 Total sys mem allocated: 2138112 Total lmem allocated: 197525504
Created Graphics Allocation of type INTERNAL_HEAP
 ThreadID: 125605105441984 Type: INTERNAL_HEAP Pool: LocalMemory Root index: 0 Size: 65536 CPU VA: 0x723ca5657000 - 0x723ca5666fff GPU VA: 0xffff8000fffc0000 - 0xffff8000fffcffff Handle: 29 PATIndex: 1, Gmm resource usage: [ GMM_RESOURCE_USAGE_OCL_STATE_HEAP_BUFFER ], Cacheable: 1 NotLockable: 0 Total sys mem allocated: 2138112 Total lmem allocated: 197591040
Created Graphics Allocation of type RING_BUFFER
 ThreadID: 125605105441984 Type: RING_BUFFER Pool: LocalMemory Root index: 0 Size: 327680 CPU VA: 0x723ca5606000 - 0x723ca5655fff GPU VA: 0xffffd556aa5f0000 - 0xffffd556aa63ffff Handle: 30 PATIndex: 1, Gmm resource usage: [ GMM_RESOURCE_USAGE_OCL_BUFFER ], Cacheable: 1 NotLockable: 0 Total sys mem allocated: 2138112 Total lmem allocated: 197918720
Created Graphics Allocation of type RING_BUFFER
 ThreadID: 125605105441984 Type: RING_BUFFER Pool: LocalMemory Root index: 0 Size: 327680 CPU VA: 0x723ca5270000 - 0x723ca52bffff GPU VA: 0xffffd556aa5a0000 - 0xffffd556aa5effff Handle: 31 PATIndex: 1, Gmm resource usage: [ GMM_RESOURCE_USAGE_OCL_BUFFER ], Cacheable: 1 NotLockable: 0 Total sys mem allocated: 2138112 Total lmem allocated: 198246400
Created Graphics Allocation of type SEMAPHORE_BUFFER
 ThreadID: 125605105441984 Type: SEMAPHORE_BUFFER Pool: LocalMemory Root index: 0 Size: 65536 CPU VA: 0x723ca5260000 - 0x723ca526ffff GPU VA: 0xffffd556aa590000 - 0xffffd556aa59ffff Handle: 32 PATIndex: 1, Gmm resource usage: [ GMM_RESOURCE_USAGE_OCL_BUFFER ], Cacheable: 1 NotLockable: 0 Total sys mem allocated: 2138112 Total lmem allocated: 198311936
Created Graphics Allocation of type COMMAND_BUFFER
 ThreadID: 125605105441984 Type: COMMAND_BUFFER Pool: LocalMemory Root index: 0 Size: 196608 CPU VA: 0x723ca4a2f000 - 0x723ca4a5efff GPU VA: 0xffffd556aa560000 - 0xffffd556aa58ffff Handle: 33 PATIndex: 1, Gmm resource usage: [ GMM_RESOURCE_USAGE_OCL_BUFFER ], Cacheable: 1 NotLockable: 0 Total sys mem allocated: 2138112 Total lmem allocated: 198508544
Created Graphics Allocation of type COMMAND_BUFFER
 ThreadID: 125605105441984 Type: COMMAND_BUFFER Pool: LocalMemory Root index: 0 Size: 196608 CPU VA: 0x723ca49ff000 - 0x723ca4a2efff GPU VA: 0xffffd556aa530000 - 0xffffd556aa55ffff Handle: 34 PATIndex: 1, Gmm resource usage: [ GMM_RESOURCE_USAGE_OCL_BUFFER ], Cacheable: 1 NotLockable: 0 Total sys mem allocated: 2138112 Total lmem allocated: 198705152
Created Graphics Allocation of type COMMAND_BUFFER
 ThreadID: 125605105441984 Type: COMMAND_BUFFER Pool: LocalMemory Root index: 0 Size: 1114112 CPU VA: 0x723ca48ef000 - 0x723ca49fefff GPU VA: 0xffffd556aa420000 - 0xffffd556aa52ffff Handle: 35 PATIndex: 1, Gmm resource usage: [ GMM_RESOURCE_USAGE_OCL_BUFFER ], Cacheable: 1 NotLockable: 0 Total sys mem allocated: 2138112 Total lmem allocated: 199819264
Created Graphics Allocation of type COMMAND_BUFFER
 ThreadID: 125605105441984 Type: COMMAND_BUFFER Pool: System4KBPages Root index: 0 Size: 1114112 CPU VA: 0x723ca47de000 - 0x723ca48edfff GPU VA: 0x723ca47de000 - 0x723ca48edfff Handle: 36 PATIndex: 1, Gmm resource usage: [ GMM_RESOURCE_USAGE_OCL_BUFFER ], Cacheable: 1 NotLockable: 0 Total sys mem allocated: 3252224 Total lmem allocated: 199819264
Created Graphics Allocation of type GPU_TIMESTAMP_DEVICE_BUFFER
 ThreadID: 125605105441984 Type: GPU_TIMESTAMP_DEVICE_BUFFER Pool: LocalMemory Root index: 0 Size: 65536 CPU VA: 0x723ca47ce000 - 0x723ca47ddfff GPU VA: 0xffffd556aa410000 - 0xffffd556aa41ffff Handle: 37 PATIndex: 1, Gmm resource usage: [ GMM_RESOURCE_USAGE_OCL_BUFFER ], Cacheable: 1 NotLockable: 0 Total sys mem allocated: 3252224 Total lmem allocated: 199884800
device 0000:05:00.0: Intel(R) Arc(TM) B570 Graphics
Created Graphics Allocation of type BUFFER
 ThreadID: 125605105441984 Type: BUFFER Pool: LocalMemory Root index: 0 Size: 2097152 CPU VA: NULL GPU VA: 0xffffffffff600000 - 0xffffffffff7fffff Handle: 38 PATIndex: 9, Gmm resource usage: [ GMM_RESOURCE_USAGE_OCL_BUFFER ], Cacheable: 0 NotLockable: 1 Total sys mem allocated: 3252224 Total lmem allocated: 201981952
Created Graphics Allocation of type COMMAND_BUFFER
 ThreadID: 125605105441984 Type: COMMAND_BUFFER Pool: LocalMemory Root index: 0 Size: 1114112 CPU VA: 0x723ca46be000 - 0x723ca47cdfff GPU VA: 0xffffd556aa300000 - 0xffffd556aa40ffff Handle: 39 PATIndex: 1, Gmm resource usage: [ GMM_RESOURCE_USAGE_OCL_BUFFER ], Cacheable: 1 NotLockable: 0 Total sys mem allocated: 3252224 Total lmem allocated: 203096064
Created Graphics Allocation of type COMMAND_BUFFER
 ThreadID: 125605105441984 Type: COMMAND_BUFFER Pool: System4KBPages Root index: 0 Size: 1114112 CPU VA: 0x723ca45ad000 - 0x723ca46bcfff GPU VA: 0x723ca45ad000 - 0x723ca46bcfff Handle: 40 PATIndex: 1, Gmm resource usage: [ GMM_RESOURCE_USAGE_OCL_BUFFER ], Cacheable: 1 NotLockable: 0 Total sys mem allocated: 4366336 Total lmem allocated: 203096064
Created Graphics Allocation of type COMMAND_BUFFER
 ThreadID: 125605105441984 Type: COMMAND_BUFFER Pool: LocalMemory Root index: 0 Size: 1114112 CPU VA: 0x723ca449d000 - 0x723ca45acfff GPU VA: 0xffffd556aa1f0000 - 0xffffd556aa2fffff Handle: 41 PATIndex: 1, Gmm resource usage: [ GMM_RESOURCE_USAGE_OCL_BUFFER ], Cacheable: 1 NotLockable: 0 Total sys mem allocated: 4366336 Total lmem allocated: 204210176
Created Graphics Allocation of type COMMAND_BUFFER
 ThreadID: 125605105441984 Type: COMMAND_BUFFER Pool: System4KBPages Root index: 0 Size: 1114112 CPU VA: 0x723ca438c000 - 0x723ca449bfff GPU VA: 0x723ca438c000 - 0x723ca449bfff Handle: 42 PATIndex: 1, Gmm resource usage: [ GMM_RESOURCE_USAGE_OCL_BUFFER ], Cacheable: 1 NotLockable: 0 Total sys mem allocated: 5480448 Total lmem allocated: 204210176
Created Graphics Allocation of type INTERNAL_HEAP
 ThreadID: 125605105441984 Type: INTERNAL_HEAP Pool: LocalMemory Root index: 0 Size: 65536 CPU VA: 0x723ca437c000 - 0x723ca438bfff GPU VA: 0xffff8000fffb0000 - 0xffff8000fffbffff Handle: 43 PATIndex: 1, Gmm resource usage: [ GMM_RESOURCE_USAGE_OCL_STATE_HEAP_BUFFER ], Cacheable: 1 NotLockable: 0 Total sys mem allocated: 5480448 Total lmem allocated: 204275712
Created Graphics Allocation of type BUFFER_HOST_MEMORY
 ThreadID: 125605105441984 Type: BUFFER_HOST_MEMORY Pool: System4KBPages Root index: 0 Size: 2097152 CPU VA: 0x723ca4000000 - 0x723ca41fffff GPU VA: 0x723ca4000000 - 0x723ca41fffff Handle: 44 PATIndex: 1, Gmm resource usage: [ GMM_RESOURCE_USAGE_OCL_SYSTEM_MEMORY_BUFFER ], Cacheable: 1 NotLockable: 0 Total sys mem allocated: 7577600 Total lmem allocated: 204275712
Created Graphics Allocation of type KERNEL_ISA_INTERNAL
 ThreadID: 125605105441984 Type: KERNEL_ISA_INTERNAL Pool: LocalMemory Root index: 0 Size: 65536 CPU VA: NULL GPU VA: 0xffff8000fffa0000 - 0xffff8000fffaffff Handle: 45 PATIndex: 1, Gmm resource usage: [ GMM_RESOURCE_USAGE_OCL_BUFFER ], Cacheable: 1 NotLockable: 0 Total sys mem allocated: 7577600 Total lmem allocated: 204341248
Created Graphics Allocation of type LINEAR_STREAM
 ThreadID: 125605105441984 Type: LINEAR_STREAM Pool: LocalMemory Root index: 0 Size: 2097152 CPU VA: 0x723ca3d7c000 - 0x723ca3f7bfff GPU VA: 0xffff800200050000 - 0xffff80020024ffff Handle: 46 PATIndex: 1, Gmm resource usage: [ GMM_RESOURCE_USAGE_OCL_STATE_HEAP_BUFFER ], Cacheable: 1 NotLockable: 0 Total sys mem allocated: 7577600 Total lmem allocated: 206438400
Created Graphics Allocation of type LINEAR_STREAM
 ThreadID: 125605105441984 Type: LINEAR_STREAM Pool: LocalMemory Root index: 0 Size: 65536 CPU VA: 0x723ca436c000 - 0x723ca437bfff GPU VA: 0xffff800200250000 - 0xffff80020025ffff Handle: 47 PATIndex: 1, Gmm resource usage: [ GMM_RESOURCE_USAGE_OCL_STATE_HEAP_BUFFER ], Cacheable: 1 NotLockable: 0 Total sys mem allocated: 7577600 Total lmem allocated: 206503936
Created Graphics Allocation of type KERNEL_ISA
 ThreadID: 125605105441984 Type: KERNEL_ISA Pool: LocalMemory Root index: 0 Size: 4194304 CPU VA: NULL GPU VA: 0xffff8000ffba0000 - 0xffff8000fff9ffff Handle: 48 PATIndex: 1, Gmm resource usage: [ GMM_RESOURCE_USAGE_OCL_BUFFER ], Cacheable: 1 NotLockable: 0 Total sys mem allocated: 7577600 Total lmem allocated: 210698240
round 0 complete
round 1 complete
round 2 complete
PASS 0000:05:00.0: 3 rounds, 16384 exact words each
