=================================================================
==788196==ERROR: AddressSanitizer: heap-use-after-free on address 0x503000000050 at pc 0x000000402cc8 bp 0x7ffd69fc5c30 sp 0x7ffd69fc5c20
READ of size 4 at 0x503000000050 thread T0
    #0 0x402cc7 in main /home/yayoi/ghq/github.com/yqYo1/Strata/.worktree/sync-upstream-2026-10-05/sycl/tools/queue_ownership_host_test.cpp:38
    #1 0x7868902811c9 in __libc_start_call_main ../sysdeps/nptl/libc_start_call_main.h:58
    #2 0x78689028128a in __libc_start_main_impl ../csu/libc-start.c:360
    #3 0x4025d4 in _start (/home/yayoi/.local/state/strata-sycl/orderly-serve-shutdown-20261006/ownership-guard/control/probe+0x4025d4) (BuildId: 6bc96832e33372c2767b9de24e0285a85729b490)

0x503000000050 is located 16 bytes inside of 24-byte region [0x503000000040,0x503000000058)
freed by thread T0 here:
    #0 0x786890f165e8 in operator delete(void*, unsigned long) ../../../../src/libsanitizer/asan/asan_new_delete.cpp:164
    #1 0x403865 in std::__new_allocator<std::_Sp_counted_ptr_inplace<sycl::queue, std::allocator<void>, (__gnu_cxx::_Lock_policy)2> >::deallocate(std::_Sp_counted_ptr_inplace<sycl::queue, std::allocator<void>, (__gnu_cxx::_Lock_policy)2>*, unsigned long) /usr/include/c++/13/bits/new_allocator.h:172
    #2 0x403865 in std::allocator<std::_Sp_counted_ptr_inplace<sycl::queue, std::allocator<void>, (__gnu_cxx::_Lock_policy)2> >::deallocate(std::_Sp_counted_ptr_inplace<sycl::queue, std::allocator<void>, (__gnu_cxx::_Lock_policy)2>*, unsigned long) /usr/include/c++/13/bits/allocator.h:210
    #3 0x403865 in std::allocator_traits<std::allocator<std::_Sp_counted_ptr_inplace<sycl::queue, std::allocator<void>, (__gnu_cxx::_Lock_policy)2> > >::deallocate(std::allocator<std::_Sp_counted_ptr_inplace<sycl::queue, std::allocator<void>, (__gnu_cxx::_Lock_policy)2> >&, std::_Sp_counted_ptr_inplace<sycl::queue, std::allocator<void>, (__gnu_cxx::_Lock_policy)2>*, unsigned long) /usr/include/c++/13/bits/alloc_traits.h:517
    #4 0x403865 in std::__allocated_ptr<std::allocator<std::_Sp_counted_ptr_inplace<sycl::queue, std::allocator<void>, (__gnu_cxx::_Lock_policy)2> > >::~__allocated_ptr() /usr/include/c++/13/bits/allocated_ptr.h:74
    #5 0x403865 in std::_Sp_counted_ptr_inplace<sycl::queue, std::allocator<void>, (__gnu_cxx::_Lock_policy)2>::_M_destroy() /usr/include/c++/13/bits/shared_ptr_base.h:623
    #6 0x404b95 in std::_Sp_counted_base<(__gnu_cxx::_Lock_policy)2>::_M_release() /usr/include/c++/13/bits/shared_ptr_base.h:347
    #7 0x40cc79 in std::__shared_count<(__gnu_cxx::_Lock_policy)2>::~__shared_count() /usr/include/c++/13/bits/shared_ptr_base.h:1071
    #8 0x40cc79 in std::__shared_ptr<sycl::queue, (__gnu_cxx::_Lock_policy)2>::~__shared_ptr() /usr/include/c++/13/bits/shared_ptr_base.h:1524
    #9 0x40cc79 in std::__shared_ptr<sycl::queue, (__gnu_cxx::_Lock_policy)2>::operator=(std::__shared_ptr<sycl::queue, (__gnu_cxx::_Lock_policy)2>&&) /usr/include/c++/13/bits/shared_ptr_base.h:1620
    #10 0x40cc79 in std::shared_ptr<sycl::queue>::operator=(std::shared_ptr<sycl::queue>&&) /usr/include/c++/13/bits/shared_ptr.h:440
    #11 0x40cc79 in __gnu_cxx::__normal_iterator<std::shared_ptr<sycl::queue>*, std::vector<std::shared_ptr<sycl::queue>, std::allocator<std::shared_ptr<sycl::queue> > > > std::__remove_if<__gnu_cxx::__normal_iterator<std::shared_ptr<sycl::queue>*, std::vector<std::shared_ptr<sycl::queue>, std::allocator<std::shared_ptr<sycl::queue> > > >, __gnu_cxx::__ops::_Iter_pred<Device::destroy_queue(sycl::queue*&)::{lambda(std::shared_ptr<sycl::queue> const&)#1}> >(__gnu_cxx::__normal_iterator<std::shared_ptr<sycl::queue>*, std::vector<std::shared_ptr<sycl::queue>, std::allocator<std::shared_ptr<sycl::queue> > > >, __gnu_cxx::__normal_iterator<std::shared_ptr<sycl::queue>*, std::vector<std::shared_ptr<sycl::queue>, std::allocator<std::shared_ptr<sycl::queue> > > >, __gnu_cxx::__ops::_Iter_pred<Device::destroy_queue(sycl::queue*&)::{lambda(std::shared_ptr<sycl::queue> const&)#1}>) /usr/include/c++/13/bits/stl_algobase.h:2147
    #12 0x40d774 in __gnu_cxx::__normal_iterator<std::shared_ptr<sycl::queue>*, std::vector<std::shared_ptr<sycl::queue>, std::allocator<std::shared_ptr<sycl::queue> > > > std::remove_if<__gnu_cxx::__normal_iterator<std::shared_ptr<sycl::queue>*, std::vector<std::shared_ptr<sycl::queue>, std::allocator<std::shared_ptr<sycl::queue> > > >, Device::destroy_queue(sycl::queue*&)::{lambda(std::shared_ptr<sycl::queue> const&)#1}>(__gnu_cxx::__normal_iterator<std::shared_ptr<sycl::queue>*, std::vector<std::shared_ptr<sycl::queue>, std::allocator<std::shared_ptr<sycl::queue> > > >, __gnu_cxx::__normal_iterator<std::shared_ptr<sycl::queue>*, std::vector<std::shared_ptr<sycl::queue>, std::allocator<std::shared_ptr<sycl::queue> > > >, Device::destroy_queue(sycl::queue*&)::{lambda(std::shared_ptr<sycl::queue> const&)#1}) /usr/include/c++/13/bits/stl_algo.h:880
    #13 0x40d774 in Device::destroy_queue(sycl::queue*&) /home/yayoi/.local/state/strata-sycl/orderly-serve-shutdown-20261006/ownership-guard/control/destroy.inc:3
    #14 0x4029be in main /home/yayoi/ghq/github.com/yqYo1/Strata/.worktree/sync-upstream-2026-10-05/sycl/tools/queue_ownership_host_test.cpp:35
    #15 0x7868902811c9 in __libc_start_call_main ../sysdeps/nptl/libc_start_call_main.h:58
    #16 0x78689028128a in __libc_start_main_impl ../csu/libc-start.c:360
    #17 0x4025d4 in _start (/home/yayoi/.local/state/strata-sycl/orderly-serve-shutdown-20261006/ownership-guard/control/probe+0x4025d4) (BuildId: 6bc96832e33372c2767b9de24e0285a85729b490)

previously allocated by thread T0 here:
    #0 0x786890f15548 in operator new(unsigned long) ../../../../src/libsanitizer/asan/asan_new_delete.cpp:95
    #1 0x40a087 in std::__new_allocator<std::_Sp_counted_ptr_inplace<sycl::queue, std::allocator<void>, (__gnu_cxx::_Lock_policy)2> >::allocate(unsigned long, void const*) /usr/include/c++/13/bits/new_allocator.h:151
    #2 0x40a087 in std::allocator<std::_Sp_counted_ptr_inplace<sycl::queue, std::allocator<void>, (__gnu_cxx::_Lock_policy)2> >::allocate(unsigned long) /usr/include/c++/13/bits/allocator.h:198
    #3 0x40a087 in std::allocator_traits<std::allocator<std::_Sp_counted_ptr_inplace<sycl::queue, std::allocator<void>, (__gnu_cxx::_Lock_policy)2> > >::allocate(std::allocator<std::_Sp_counted_ptr_inplace<sycl::queue, std::allocator<void>, (__gnu_cxx::_Lock_policy)2> >&, unsigned long) /usr/include/c++/13/bits/alloc_traits.h:482
    #4 0x40a087 in std::__allocated_ptr<std::allocator<std::_Sp_counted_ptr_inplace<sycl::queue, std::allocator<void>, (__gnu_cxx::_Lock_policy)2> > > std::__allocate_guarded<std::allocator<std::_Sp_counted_ptr_inplace<sycl::queue, std::allocator<void>, (__gnu_cxx::_Lock_policy)2> > >(std::allocator<std::_Sp_counted_ptr_inplace<sycl::queue, std::allocator<void>, (__gnu_cxx::_Lock_policy)2> >&) /usr/include/c++/13/bits/allocated_ptr.h:98
    #5 0x40a087 in std::__shared_count<(__gnu_cxx::_Lock_policy)2>::__shared_count<sycl::queue, std::allocator<void>>(sycl::queue*&, std::_Sp_alloc_shared_tag<std::allocator<void> >) /usr/include/c++/13/bits/shared_ptr_base.h:969
    #6 0x40a087 in std::__shared_ptr<sycl::queue, (__gnu_cxx::_Lock_policy)2>::__shared_ptr<std::allocator<void>>(std::_Sp_alloc_shared_tag<std::allocator<void> >) /usr/include/c++/13/bits/shared_ptr_base.h:1712
    #7 0x40a087 in std::shared_ptr<sycl::queue>::shared_ptr<std::allocator<void>>(std::_Sp_alloc_shared_tag<std::allocator<void> >) /usr/include/c++/13/bits/shared_ptr.h:464
    #8 0x40a087 in std::shared_ptr<sycl::queue> std::make_shared<sycl::queue>() /usr/include/c++/13/bits/shared_ptr.h:1010
    #9 0x40a087 in Device::Device() /home/yayoi/ghq/github.com/yqYo1/Strata/.worktree/sync-upstream-2026-10-05/sycl/tools/queue_ownership_host_test.cpp:20
    #10 0x40290d in main /home/yayoi/ghq/github.com/yqYo1/Strata/.worktree/sync-upstream-2026-10-05/sycl/tools/queue_ownership_host_test.cpp:28
    #11 0x7868902811c9 in __libc_start_call_main ../sysdeps/nptl/libc_start_call_main.h:58
    #12 0x78689028128a in __libc_start_main_impl ../csu/libc-start.c:360
    #13 0x4025d4 in _start (/home/yayoi/.local/state/strata-sycl/orderly-serve-shutdown-20261006/ownership-guard/control/probe+0x4025d4) (BuildId: 6bc96832e33372c2767b9de24e0285a85729b490)

SUMMARY: AddressSanitizer: heap-use-after-free /home/yayoi/ghq/github.com/yqYo1/Strata/.worktree/sync-upstream-2026-10-05/sycl/tools/queue_ownership_host_test.cpp:38 in main
Shadow bytes around the buggy address:
  0x502ffffffd80: 00 00 00 00 00 00 00 00 00 00 00 00 00 00 00 00
  0x502ffffffe00: 00 00 00 00 00 00 00 00 00 00 00 00 00 00 00 00
  0x502ffffffe80: 00 00 00 00 00 00 00 00 00 00 00 00 00 00 00 00
  0x502fffffff00: 00 00 00 00 00 00 00 00 00 00 00 00 00 00 00 00
  0x502fffffff80: 00 00 00 00 00 00 00 00 00 00 00 00 00 00 00 00
=>0x503000000000: fa fa 00 00 00 fa fa fa fd fd[fd]fa fa fa 00 00
  0x503000000080: 00 fa fa fa fd fd fd fd fa fa 00 00 00 fa fa fa
  0x503000000100: 00 00 00 fa fa fa 00 00 00 fa fa fa fd fd fd fd
  0x503000000180: fa fa 00 00 00 fa fa fa fa fa fa fa fa fa fa fa
  0x503000000200: fa fa fa fa fa fa fa fa fa fa fa fa fa fa fa fa
  0x503000000280: fa fa fa fa fa fa fa fa fa fa fa fa fa fa fa fa
Shadow byte legend (one shadow byte represents 8 application bytes):
  Addressable:           00
  Partially addressable: 01 02 03 04 05 06 07
  Heap left redzone:       fa
  Freed heap region:       fd
  Stack left redzone:      f1
  Stack mid redzone:       f2
  Stack right redzone:     f3
  Stack after return:      f5
  Stack use after scope:   f8
  Global redzone:          f9
  Global init order:       f6
  Poisoned by user:        f7
  Container overflow:      fc
  Array cookie:            ac
  Intra object redzone:    bb
  ASan internal:           fe
  Left alloca redzone:     ca
  Right alloca redzone:    cb
==788196==ABORTING
