=thread-group-added,id="i1"
(gdb) 
1^done
(gdb) 
2^done
(gdb) 
3^done
(gdb) 
4^done
(gdb) 
5^done
(gdb) 
6^done
(gdb) 
7^done
(gdb) 
=thread-group-started,id="i1",pid="1663121"
=thread-created,id="1",group-id="i1"
=library-loaded,id="/lib64/ld-linux-x86-64.so.2",target-name="/lib64/ld-linux-x86-64.so.2",host-name="/lib64/ld-linux-x86-64.so.2",symbols-loaded="0",thread-group="i1",ranges=[{from="0x00007ffff7fc6000",to="0x00007ffff7ff0195"}]
8^running
*running,thread-id="all"
(gdb) 
=library-loaded,id="/lib/x86_64-linux-gnu/libm.so.6",target-name="/lib/x86_64-linux-gnu/libm.so.6",host-name="/lib/x86_64-linux-gnu/libm.so.6",symbols-loaded="0",thread-group="i1",ranges=[{from="0x00007ffff7ec5420",to="0x00007ffff7f433a6"}]
=library-loaded,id="/lib/x86_64-linux-gnu/libz.so.1",target-name="/lib/x86_64-linux-gnu/libz.so.1",host-name="/lib/x86_64-linux-gnu/libz.so.1",symbols-loaded="0",thread-group="i1",ranges=[{from="0x00007ffff7e9b260",to="0x00007ffff7eacc60"}]
=library-loaded,id="/lib/x86_64-linux-gnu/libexpat.so.1",target-name="/lib/x86_64-linux-gnu/libexpat.so.1",host-name="/lib/x86_64-linux-gnu/libexpat.so.1",symbols-loaded="0",thread-group="i1",ranges=[{from="0x00007ffff7e6f210",to="0x00007ffff7e8d473"}]
=library-loaded,id="/lib/x86_64-linux-gnu/libc.so.6",target-name="/lib/x86_64-linux-gnu/libc.so.6",host-name="/lib/x86_64-linux-gnu/libc.so.6",symbols-loaded="0",thread-group="i1",ranges=[{from="0x00007ffff7c80800",to="0x00007ffff7e08039"}]
~"[Thread debugging using libthread_db enabled]\n"
~"Using host libthread_db library \"/lib/x86_64-linux-gnu/libthread_db.so.1\".\n"
=library-loaded,id="/usr/lib/python3.12/lib-dynload/_json.cpython-312-x86_64-linux-gnu.so",target-name="/usr/lib/python3.12/lib-dynload/_json.cpython-312-x86_64-linux-gnu.so",host-name="/usr/lib/python3.12/lib-dynload/_json.cpython-312-x86_64-linux-gnu.so",symbols-loaded="0",thread-group="i1",ranges=[{from="0x00007ffff7fa56a0",to="0x00007ffff7fab60d"}]
~"process 1663121 is executing new program: /home/yayoi/.local/state/strata-sycl/post-reboot-tuning-20261007/owned-main-thread-cpu/thread-fixture\n"
=library-unloaded,id="/lib64/ld-linux-x86-64.so.2",target-name="/lib64/ld-linux-x86-64.so.2",host-name="/lib64/ld-linux-x86-64.so.2",thread-group="i1"
=library-unloaded,id="/lib/x86_64-linux-gnu/libm.so.6",target-name="/lib/x86_64-linux-gnu/libm.so.6",host-name="/lib/x86_64-linux-gnu/libm.so.6",thread-group="i1"
=library-unloaded,id="/lib/x86_64-linux-gnu/libz.so.1",target-name="/lib/x86_64-linux-gnu/libz.so.1",host-name="/lib/x86_64-linux-gnu/libz.so.1",thread-group="i1"
=library-unloaded,id="/lib/x86_64-linux-gnu/libexpat.so.1",target-name="/lib/x86_64-linux-gnu/libexpat.so.1",host-name="/lib/x86_64-linux-gnu/libexpat.so.1",thread-group="i1"
=library-unloaded,id="/lib/x86_64-linux-gnu/libc.so.6",target-name="/lib/x86_64-linux-gnu/libc.so.6",host-name="/lib/x86_64-linux-gnu/libc.so.6",thread-group="i1"
=library-unloaded,id="/usr/lib/python3.12/lib-dynload/_json.cpython-312-x86_64-linux-gnu.so",target-name="/usr/lib/python3.12/lib-dynload/_json.cpython-312-x86_64-linux-gnu.so",host-name="/usr/lib/python3.12/lib-dynload/_json.cpython-312-x86_64-linux-gnu.so",thread-group="i1"
=library-loaded,id="/lib64/ld-linux-x86-64.so.2",target-name="/lib64/ld-linux-x86-64.so.2",host-name="/lib64/ld-linux-x86-64.so.2",symbols-loaded="0",thread-group="i1",ranges=[{from="0x00007ffff7fc6000",to="0x00007ffff7ff0195"}]
=library-loaded,id="/lib/x86_64-linux-gnu/libstdc++.so.6",target-name="/lib/x86_64-linux-gnu/libstdc++.so.6",host-name="/lib/x86_64-linux-gnu/libstdc++.so.6",symbols-loaded="0",thread-group="i1",ranges=[{from="0x00007ffff7dc55c0",to="0x00007ffff7f04ce2"}]
=library-loaded,id="/lib/x86_64-linux-gnu/libgcc_s.so.1",target-name="/lib/x86_64-linux-gnu/libgcc_s.so.1",host-name="/lib/x86_64-linux-gnu/libgcc_s.so.1",symbols-loaded="0",thread-group="i1",ranges=[{from="0x00007ffff7cf6780",to="0x00007ffff7d19745"}]
=library-loaded,id="/lib/x86_64-linux-gnu/libc.so.6",target-name="/lib/x86_64-linux-gnu/libc.so.6",host-name="/lib/x86_64-linux-gnu/libc.so.6",symbols-loaded="0",thread-group="i1",ranges=[{from="0x00007ffff7b07800",to="0x00007ffff7c8f039"}]
=library-loaded,id="/lib/x86_64-linux-gnu/libm.so.6",target-name="/lib/x86_64-linux-gnu/libm.so.6",host-name="/lib/x86_64-linux-gnu/libm.so.6",symbols-loaded="0",thread-group="i1",ranges=[{from="0x00007ffff7a06420",to="0x00007ffff7a843a6"}]
~"[Thread debugging using libthread_db enabled]\n"
~"Using host libthread_db library \"/lib/x86_64-linux-gnu/libthread_db.so.1\".\n"
~"\nProgram"
~" received signal SIGSEGV, Segmentation fault.\n"
~"0x0000000000000001 in ?? ()\n"
*stopped,reason="signal-received",signal-name="SIGSEGV",signal-meaning="Segmentation fault",frame={addr="0x0000000000000001",func="??",args=[],arch="i386:x86-64"},thread-id="1",stopped-threads="all",core="9"
9^done,threads=[{id="1",target-id="Thread 0x7ffff79f1740 (LWP 1663121)",name="thread-fixture",frame={level="0",addr="0x0000000000000001",func="??",args=[],arch="i386:x86-64"},state="stopped",core="9"}],current-thread-id="1"
(gdb) 
~"\nThread 1 (Thread 0x7ffff79f1740 (LWP 1663121) \"thread-fixture\"):\n"
~"#0  0x0000000000000001 in ?? ()\n#1  0x00005555555553a5 in main (argc=2, argv=0x7fffffffda08) at /home/yayoi/.local/state/strata-sycl/post-reboot-tuning-20261007/owned-main-thread-cpu/thread-fixture.cpp:11\n"
10^done
(gdb) 
~"rax            0x1                 1\n"
~"rbx            0x7fffffffda08      140737488345608\n"
~"rcx            0x0                 0\n"
~"rdx            0x555555557020      93824992243744\n"
~"rsi            0x555555557020      93824992243744\n"
~"rdi            0x7fffffffdf61      140737488346977\n"
~"rbp            0x7fffffffd8e0      0x7fffffffd8e0\n"
~"rsp            0x7fffffffd898      0x7fffffffd898\n"
~"r8             0x0                 0\n"
~"r9             0x7ffff7fca380      140737353917312\n"
~"r10            0x1                 1\n"
~"r11            0x3                 3\n"
~"r12            0x2                 2\n"
~"r13            0x0                 0\n"
~"r14            0x555555558cd8      93824992251096\n"
~"r15            0x7ffff7ffd000      140737354125312\n"
~"rip            0x1                 0x1\n"
~"eflags         0x10246             [ PF ZF IF RF ]\n"
~"cs             0x33                51\n"
~"ss             0x2b                43\n"
~"ds             0x0                 0\n"
~"es             0x0                 0\n"
~"fs             0x0                 0\n"
~"gs             0x0                 0\n"
~"fs_base        0x7ffff79f1740      140737347786560\n"
~"gs_base        0x0                 0\n"
11^done
(gdb) 
~"From                To                  Syms Read   Shared Object Library\n"
~"0x00007ffff7fc6000  0x00007ffff7ff0195  Yes         /lib64/ld-linux-x86-64.so.2\n"
~"0x00007ffff7dc55c0  0x00007ffff7f04ce2  Yes         /lib/x86_64-linux-gnu/libstdc++.so.6\n"
~"0x00007ffff7cf6780  0x00007ffff7d19745  Yes         /lib/x86_64-linux-gnu/libgcc_s.so.1\n"
~"0x00007ffff7b07800  0x00007ffff7c8f039  Yes         /lib/x86_64-linux-gnu/libc.so.6\n"
~"0x00007ffff7a06420  0x00007ffff7a843a6  Yes         /lib/x86_64-linux-gnu/libm.so.6\n"
12^done
(gdb) 
13^done,new-thread-id="1",frame={level="0",addr="0x0000000000000001",func="??",args=[],arch="i386:x86-64"}
(gdb) 
~"strata diagnostic: main thread 1\n"
14^done
(gdb) 
~"rax            0x1                 1\n"
~"rbx            0x7fffffffda08      140737488345608\n"
~"rcx            0x0                 0\n"
~"rdx            0x555555557020      93824992243744\n"
~"rsi            0x555555557020      93824992243744\n"
~"rdi            0x7fffffffdf61      140737488346977\n"
~"rbp            0x7fffffffd8e0      0x7fffffffd8e0\n"
~"rsp            0x7fffffffd898      0x7fffffffd898\n"
~"r8             0x0                 0\n"
~"r9             0x7ffff7fca380      140737353917312\n"
~"r10            0x1                 1\n"
~"r11            0x3                 3\n"
~"r12            0x2                 2\n"
~"r13            0x0                 0\n"
~"r14            0x555555558cd8      93824992251096\n"
~"r15            0x7ffff7ffd000      140737354125312\n"
~"rip            0x1                 0x1\n"
~"eflags         0x10246             [ PF ZF IF RF ]\n"
~"cs             0x33                51\n"
~"ss             0x2b                43\n"
~"ds             0x0                 0\n"
~"es             0x0                 0\n"
~"fs             0x0                 0\n"
~"gs             0x0                 0\n"
~"fs_base        0x7ffff79f1740      140737347786560\n"
~"gs_base        0x0                 0\n"
15^done
(gdb) 
~"0x7fffffffd898:\t0x00005555555553a5\t0x00007fffffffda08\n"
~"0x7fffffffd8a8:\t0x0000000200012000\t0x2e78786362696c67\n"
~"0x7fffffffd8b8:\t0x6c6f6f705f68652e\t0x00007fffffffd960\n"
~"0x7fffffffd8c8:\t0x16345690854cb600\t0x00007ffff7f9aa50\n"
~"0x7fffffffd8d8:\t0x00007fffffffda08\t0x00007fffffffd980\n"
~"0x7fffffffd8e8:\t0x00007ffff7b091ca\t0x0000000000000008\n"
~"0x7fffffffd8f8:\t0x00007fffffffda08\t0x00000002f7ce4fa8\n"
~"0x7fffffffd908:\t0x0000555555555354\t0x00007fffffffda08\n"
~"0x7fffffffd918:\t0x67fa41731d073e54\t0x0000000000000002\n"
~"0x7fffffffd928:\t0x0000000000000000\t0x0000555555558cd8\n"
~"0x7fffffffd938:\t0x00007ffff7ffd000\t0x67fa41731fe73e54\n"
~"0x7fffffffd948:\t0x67fa51ed8d053e54\t0x00007fff00000000\n"
16^done
(gdb) 
~"=> 0x1:\t"
&"Cannot access memory at address 0x1\n"
17^error,msg="Cannot access memory at address 0x1"
(gdb) 
18^done,new-thread-id="1",frame={level="0",addr="0x0000000000000001",func="??",args=[],arch="i386:x86-64"}
(gdb) 
19^done,threads=[{id="1",target-id="Thread 0x7ffff79f1740 (LWP 1663121)",name="thread-fixture",frame={level="0",addr="0x0000000000000001",func="??",args=[],arch="i386:x86-64"},state="stopped",core="9"}],current-thread-id="1"
(gdb) 
20^exit
=thread-exited,id="1",group-id="i1"
=thread-group-exited,id="i1"
