Created Graphics Allocation of type KERNEL_ISA_INTERNAL
 ThreadID: 138115405917376 Type: KERNEL_ISA_INTERNAL Pool: LocalMemory Root index: 0 Size: 65536 CPU VA: NULL GPU VA: 0xffff8000fffe0000 - 0xffff8000fffeffff Handle: 1 PATIndex: 1, Gmm resource usage: [ GMM_RESOURCE_USAGE_OCL_BUFFER ], Cacheable: 1 NotLockable: 0 Total sys mem allocated: 0 Total lmem allocated: 65536
Created Graphics Allocation of type PREEMPTION
 ThreadID: 138115405917376 Type: PREEMPTION Pool: LocalMemory Root index: 0 Size: 64421888 CPU VA: NULL GPU VA: 0xffffd556aaa00000 - 0xffffd556ae76ffff Handle: 2 PATIndex: 1, Gmm resource usage: [ GMM_RESOURCE_USAGE_OCL_BUFFER ], Cacheable: 1 NotLockable: 1 Total sys mem allocated: 0 Total lmem allocated: 64487424
Created Graphics Allocation of type TAG_BUFFER
 ThreadID: 138115405917376 Type: TAG_BUFFER Pool: System4KBPages Root index: 0 Size: 4096 CPU VA: 0x7d9d6da73000 - 0x7d9d6da73fff GPU VA: 0x7d9d6da73000 - 0x7d9d6da73fff Handle: 3 PATIndex: 1, Gmm resource usage: [ GMM_RESOURCE_USAGE_OCL_SYSTEM_MEMORY_BUFFER ], Cacheable: 1 NotLockable: 1 Total sys mem allocated: 4096 Total lmem allocated: 64487424
Created Graphics Allocation of type GLOBAL_FENCE
 ThreadID: 138115405917376 Type: GLOBAL_FENCE Pool: System4KBPages Root index: 0 Size: 4096 CPU VA: 0x7d9d6da71000 - 0x7d9d6da71fff GPU VA: 0x7d9d6da71000 - 0x7d9d6da71fff Handle: 4 PATIndex: 1, Gmm resource usage: [ GMM_RESOURCE_USAGE_OCL_BUFFER ], Cacheable: 1 NotLockable: 1 Total sys mem allocated: 8192 Total lmem allocated: 64487424
Created Graphics Allocation of type TAG_BUFFER
 ThreadID: 138115405917376 Type: TAG_BUFFER Pool: System4KBPages Root index: 0 Size: 4096 CPU VA: 0x7d9d6da6f000 - 0x7d9d6da6ffff GPU VA: 0x7d9d6da6f000 - 0x7d9d6da6ffff Handle: 5 PATIndex: 1, Gmm resource usage: [ GMM_RESOURCE_USAGE_OCL_SYSTEM_MEMORY_BUFFER ], Cacheable: 1 NotLockable: 1 Total sys mem allocated: 12288 Total lmem allocated: 64487424
Created Graphics Allocation of type GLOBAL_FENCE
 ThreadID: 138115405917376 Type: GLOBAL_FENCE Pool: System4KBPages Root index: 0 Size: 4096 CPU VA: 0x7d9d6da6d000 - 0x7d9d6da6dfff GPU VA: 0x7d9d6da6d000 - 0x7d9d6da6dfff Handle: 6 PATIndex: 1, Gmm resource usage: [ GMM_RESOURCE_USAGE_OCL_BUFFER ], Cacheable: 1 NotLockable: 1 Total sys mem allocated: 16384 Total lmem allocated: 64487424
Created Graphics Allocation of type TAG_BUFFER
 ThreadID: 138115405917376 Type: TAG_BUFFER Pool: System4KBPages Root index: 0 Size: 4096 CPU VA: 0x7d9d6da6b000 - 0x7d9d6da6bfff GPU VA: 0x7d9d6da6b000 - 0x7d9d6da6bfff Handle: 7 PATIndex: 1, Gmm resource usage: [ GMM_RESOURCE_USAGE_OCL_SYSTEM_MEMORY_BUFFER ], Cacheable: 1 NotLockable: 1 Total sys mem allocated: 20480 Total lmem allocated: 64487424
Created Graphics Allocation of type GLOBAL_FENCE
 ThreadID: 138115405917376 Type: GLOBAL_FENCE Pool: System4KBPages Root index: 0 Size: 4096 CPU VA: 0x7d9d6da69000 - 0x7d9d6da69fff GPU VA: 0x7d9d6da69000 - 0x7d9d6da69fff Handle: 8 PATIndex: 1, Gmm resource usage: [ GMM_RESOURCE_USAGE_OCL_BUFFER ], Cacheable: 1 NotLockable: 1 Total sys mem allocated: 24576 Total lmem allocated: 64487424
Created Graphics Allocation of type TAG_BUFFER
 ThreadID: 138115405917376 Type: TAG_BUFFER Pool: System4KBPages Root index: 0 Size: 4096 CPU VA: 0x7d9d6da67000 - 0x7d9d6da67fff GPU VA: 0x7d9d6da67000 - 0x7d9d6da67fff Handle: 9 PATIndex: 1, Gmm resource usage: [ GMM_RESOURCE_USAGE_OCL_SYSTEM_MEMORY_BUFFER ], Cacheable: 1 NotLockable: 1 Total sys mem allocated: 28672 Total lmem allocated: 64487424
Created Graphics Allocation of type GLOBAL_FENCE
 ThreadID: 138115405917376 Type: GLOBAL_FENCE Pool: System4KBPages Root index: 0 Size: 4096 CPU VA: 0x7d9d6da65000 - 0x7d9d6da65fff GPU VA: 0x7d9d6da65000 - 0x7d9d6da65fff Handle: 10 PATIndex: 1, Gmm resource usage: [ GMM_RESOURCE_USAGE_OCL_BUFFER ], Cacheable: 1 NotLockable: 1 Total sys mem allocated: 32768 Total lmem allocated: 64487424
Created Graphics Allocation of type TAG_BUFFER
 ThreadID: 138115405917376 Type: TAG_BUFFER Pool: System4KBPages Root index: 0 Size: 4096 CPU VA: 0x7d9d6da63000 - 0x7d9d6da63fff GPU VA: 0x7d9d6da63000 - 0x7d9d6da63fff Handle: 11 PATIndex: 1, Gmm resource usage: [ GMM_RESOURCE_USAGE_OCL_SYSTEM_MEMORY_BUFFER ], Cacheable: 1 NotLockable: 1 Total sys mem allocated: 36864 Total lmem allocated: 64487424
Created Graphics Allocation of type GLOBAL_FENCE
 ThreadID: 138115405917376 Type: GLOBAL_FENCE Pool: System4KBPages Root index: 0 Size: 4096 CPU VA: 0x7d9d6da61000 - 0x7d9d6da61fff GPU VA: 0x7d9d6da61000 - 0x7d9d6da61fff Handle: 12 PATIndex: 1, Gmm resource usage: [ GMM_RESOURCE_USAGE_OCL_BUFFER ], Cacheable: 1 NotLockable: 1 Total sys mem allocated: 40960 Total lmem allocated: 64487424
Created Graphics Allocation of type LINEAR_STREAM
 ThreadID: 138115405917376 Type: LINEAR_STREAM Pool: LocalMemory Root index: 0 Size: 65536 CPU VA: 0x7d9d6d8eb000 - 0x7d9d6d8fafff GPU VA: 0xffff800200000000 - 0xffff80020000ffff Handle: 13 PATIndex: 1, Gmm resource usage: [ GMM_RESOURCE_USAGE_OCL_STATE_HEAP_BUFFER ], Cacheable: 1 NotLockable: 0 Total sys mem allocated: 40960 Total lmem allocated: 64552960
Created Graphics Allocation of type PREEMPTION
 ThreadID: 138115405917376 Type: PREEMPTION Pool: LocalMemory Root index: 0 Size: 64421888 CPU VA: NULL GPU VA: 0xffffd556ae800000 - 0xffffd556b256ffff Handle: 14 PATIndex: 1, Gmm resource usage: [ GMM_RESOURCE_USAGE_OCL_BUFFER ], Cacheable: 1 NotLockable: 1 Total sys mem allocated: 40960 Total lmem allocated: 128974848
Created Graphics Allocation of type PREEMPTION
 ThreadID: 138115405917376 Type: PREEMPTION Pool: LocalMemory Root index: 0 Size: 64421888 CPU VA: NULL GPU VA: 0xffffd556b2600000 - 0xffffd556b636ffff Handle: 15 PATIndex: 1, Gmm resource usage: [ GMM_RESOURCE_USAGE_OCL_BUFFER ], Cacheable: 1 NotLockable: 1 Total sys mem allocated: 40960 Total lmem allocated: 193396736
Created Graphics Allocation of type LINEAR_STREAM
 ThreadID: 138115405917376 Type: LINEAR_STREAM Pool: LocalMemory Root index: 0 Size: 65536 CPU VA: 0x7d9d6d8db000 - 0x7d9d6d8eafff GPU VA: 0xffff800200020000 - 0xffff80020002ffff Handle: 16 PATIndex: 1, Gmm resource usage: [ GMM_RESOURCE_USAGE_OCL_STATE_HEAP_BUFFER ], Cacheable: 1 NotLockable: 0 Total sys mem allocated: 40960 Total lmem allocated: 193462272
Created Graphics Allocation of type LINEAR_STREAM
 ThreadID: 138115405917376 Type: LINEAR_STREAM Pool: LocalMemory Root index: 0 Size: 65536 CPU VA: 0x7d9d6d8cb000 - 0x7d9d6d8dafff GPU VA: 0xffff800200030000 - 0xffff80020003ffff Handle: 17 PATIndex: 1, Gmm resource usage: [ GMM_RESOURCE_USAGE_OCL_STATE_HEAP_BUFFER ], Cacheable: 1 NotLockable: 0 Total sys mem allocated: 40960 Total lmem allocated: 193527808
Created Graphics Allocation of type LINEAR_STREAM
 ThreadID: 138115405917376 Type: LINEAR_STREAM Pool: LocalMemory Root index: 0 Size: 65536 CPU VA: 0x7d9d6d8bb000 - 0x7d9d6d8cafff GPU VA: 0xffff800200040000 - 0xffff80020004ffff Handle: 18 PATIndex: 1, Gmm resource usage: [ GMM_RESOURCE_USAGE_OCL_STATE_HEAP_BUFFER ], Cacheable: 1 NotLockable: 0 Total sys mem allocated: 40960 Total lmem allocated: 193593344
Created Graphics Allocation of type COMMAND_BUFFER
 ThreadID: 138115405917376 Type: COMMAND_BUFFER Pool: LocalMemory Root index: 0 Size: 65536 CPU VA: 0x7d9d6d8ab000 - 0x7d9d6d8bafff GPU VA: 0xffffd556aa7e0000 - 0xffffd556aa7effff Handle: 19 PATIndex: 1, Gmm resource usage: [ GMM_RESOURCE_USAGE_OCL_BUFFER ], Cacheable: 1 NotLockable: 0 Total sys mem allocated: 40960 Total lmem allocated: 193658880
Created Graphics Allocation of type COMMAND_BUFFER
 ThreadID: 138115405917376 Type: COMMAND_BUFFER Pool: LocalMemory Root index: 0 Size: 65536 CPU VA: 0x7d9d6d89b000 - 0x7d9d6d8aafff GPU VA: 0xffffd556aa7d0000 - 0xffffd556aa7dffff Handle: 20 PATIndex: 1, Gmm resource usage: [ GMM_RESOURCE_USAGE_OCL_BUFFER ], Cacheable: 1 NotLockable: 0 Total sys mem allocated: 40960 Total lmem allocated: 193724416
Created Graphics Allocation of type COMMAND_BUFFER
 ThreadID: 138115405917376 Type: COMMAND_BUFFER Pool: LocalMemory Root index: 0 Size: 196608 CPU VA: 0x7d9d6d86b000 - 0x7d9d6d89afff GPU VA: 0xffffd556aa7a0000 - 0xffffd556aa7cffff Handle: 21 PATIndex: 1, Gmm resource usage: [ GMM_RESOURCE_USAGE_OCL_BUFFER ], Cacheable: 1 NotLockable: 0 Total sys mem allocated: 40960 Total lmem allocated: 193921024
Created Graphics Allocation of type COMMAND_BUFFER
 ThreadID: 138115405917376 Type: COMMAND_BUFFER Pool: LocalMemory Root index: 0 Size: 196608 CPU VA: 0x7d9d6d83b000 - 0x7d9d6d86afff GPU VA: 0xffffd556aa770000 - 0xffffd556aa79ffff Handle: 22 PATIndex: 1, Gmm resource usage: [ GMM_RESOURCE_USAGE_OCL_BUFFER ], Cacheable: 1 NotLockable: 0 Total sys mem allocated: 40960 Total lmem allocated: 194117632
Created Graphics Allocation of type COMMAND_BUFFER
 ThreadID: 138115405917376 Type: COMMAND_BUFFER Pool: LocalMemory Root index: 0 Size: 1114112 CPU VA: 0x7d9d6d72b000 - 0x7d9d6d83afff GPU VA: 0xffffd556aa660000 - 0xffffd556aa76ffff Handle: 23 PATIndex: 1, Gmm resource usage: [ GMM_RESOURCE_USAGE_OCL_BUFFER ], Cacheable: 1 NotLockable: 0 Total sys mem allocated: 40960 Total lmem allocated: 195231744
Created Graphics Allocation of type BUFFER_HOST_MEMORY
 ThreadID: 138115405917376 Type: BUFFER_HOST_MEMORY Pool: System4KBPages Root index: 0 Size: 2097152 CPU VA: 0x7d9d6d400000 - 0x7d9d6d5fffff GPU VA: 0x7d9d6d400000 - 0x7d9d6d5fffff Handle: 24 PATIndex: 1, Gmm resource usage: [ GMM_RESOURCE_USAGE_OCL_SYSTEM_MEMORY_BUFFER ], Cacheable: 1 NotLockable: 0 Total sys mem allocated: 2138112 Total lmem allocated: 195231744
Created Graphics Allocation of type BUFFER
 ThreadID: 138115405917376 Type: BUFFER Pool: LocalMemory Root index: 0 Size: 2097152 CPU VA: NULL GPU VA: 0xffffffffff800000 - 0xffffffffff9fffff Handle: 25 PATIndex: 9, Gmm resource usage: [ GMM_RESOURCE_USAGE_OCL_BUFFER ], Cacheable: 0 NotLockable: 1 Total sys mem allocated: 2138112 Total lmem allocated: 197328896
Created Graphics Allocation of type SVM_CPU
 ThreadID: 138115405917376 Type: SVM_CPU Pool: System4KBPages Root index: 0 Size: 65536 CPU VA: 0x7d9d6d6f0000 - 0x7d9d6d6fffff GPU VA: 0xffffaaad553d0000 - 0xffffaaad553dffff Handle: 26 PATIndex: 1, Gmm resource usage: [ GMM_RESOURCE_USAGE_OCL_SYSTEM_MEMORY_BUFFER ], Cacheable: 1 NotLockable: 1 Total sys mem allocated: 2203648 Total lmem allocated: 197328896
Created Graphics Allocation of type SVM_GPU
 ThreadID: 138115405917376 Type: SVM_GPU Pool: LocalMemory Root index: 0 Size: 65536 CPU VA: NULL GPU VA: 0x7d9d6d6f0000 - 0x7d9d6d6fffff Handle: 27 PATIndex: 9, Gmm resource usage: [ GMM_RESOURCE_USAGE_OCL_BUFFER ], Cacheable: 0 NotLockable: 1 Total sys mem allocated: 2203648 Total lmem allocated: 197394432
Created Graphics Allocation of type SVM_CPU
 ThreadID: 138115405917376 Type: SVM_CPU Pool: System4KBPages Root index: 0 Size: 65536 CPU VA: 0x7d9d6d6e0000 - 0x7d9d6d6effff GPU VA: 0xffffaaad553d0000 - 0xffffaaad553dffff Handle: 26 PATIndex: 1, Gmm resource usage: [ GMM_RESOURCE_USAGE_OCL_SYSTEM_MEMORY_BUFFER ], Cacheable: 1 NotLockable: 1 Total sys mem allocated: 2203648 Total lmem allocated: 197328896
Created Graphics Allocation of type SVM_GPU
 ThreadID: 138115405917376 Type: SVM_GPU Pool: LocalMemory Root index: 0 Size: 65536 CPU VA: NULL GPU VA: 0x7d9d6d6e0000 - 0x7d9d6d6effff Handle: 27 PATIndex: 9, Gmm resource usage: [ GMM_RESOURCE_USAGE_OCL_BUFFER ], Cacheable: 0 NotLockable: 1 Total sys mem allocated: 2203648 Total lmem allocated: 197394432
Created Graphics Allocation of type SVM_CPU
 ThreadID: 138115405917376 Type: SVM_CPU Pool: System4KBPages Root index: 0 Size: 65536 CPU VA: 0x7d9d6d6c0000 - 0x7d9d6d6cffff GPU VA: 0xffffaaad553d0000 - 0xffffaaad553dffff Handle: 26 PATIndex: 1, Gmm resource usage: [ GMM_RESOURCE_USAGE_OCL_SYSTEM_MEMORY_BUFFER ], Cacheable: 1 NotLockable: 1 Total sys mem allocated: 2203648 Total lmem allocated: 197328896
Created Graphics Allocation of type SVM_GPU
 ThreadID: 138115405917376 Type: SVM_GPU Pool: LocalMemory Root index: 0 Size: 65536 CPU VA: NULL GPU VA: 0x7d9d6d6c0000 - 0x7d9d6d6cffff Handle: 27 PATIndex: 9, Gmm resource usage: [ GMM_RESOURCE_USAGE_OCL_BUFFER ], Cacheable: 0 NotLockable: 1 Total sys mem allocated: 2203648 Total lmem allocated: 197394432
Created Graphics Allocation of type SVM_CPU
 ThreadID: 138115405917376 Type: SVM_CPU Pool: System4KBPages Root index: 0 Size: 65536 CPU VA: 0x7d9d6d6c0000 - 0x7d9d6d6cffff GPU VA: 0xffffaaad553d0000 - 0xffffaaad553dffff Handle: 26 PATIndex: 1, Gmm resource usage: [ GMM_RESOURCE_USAGE_OCL_SYSTEM_MEMORY_BUFFER ], Cacheable: 1 NotLockable: 1 Total sys mem allocated: 2203648 Total lmem allocated: 197328896
Created Graphics Allocation of type SVM_GPU
 ThreadID: 138115405917376 Type: SVM_GPU Pool: LocalMemory Root index: 0 Size: 65536 CPU VA: NULL GPU VA: 0x7d9d6d6c0000 - 0x7d9d6d6cffff Handle: 27 PATIndex: 9, Gmm resource usage: [ GMM_RESOURCE_USAGE_OCL_BUFFER ], Cacheable: 0 NotLockable: 1 Total sys mem allocated: 2203648 Total lmem allocated: 197394432
Created Graphics Allocation of type COMMAND_BUFFER
 ThreadID: 138115405917376 Type: COMMAND_BUFFER Pool: LocalMemory Root index: 0 Size: 65536 CPU VA: 0x7d9d6d6c8000 - 0x7d9d6d6d7fff GPU VA: 0xffffd556aa650000 - 0xffffd556aa65ffff Handle: 26 PATIndex: 1, Gmm resource usage: [ GMM_RESOURCE_USAGE_OCL_BUFFER ], Cacheable: 1 NotLockable: 0 Total sys mem allocated: 2138112 Total lmem allocated: 197394432
Created Graphics Allocation of type COMMAND_BUFFER
 ThreadID: 138115405917376 Type: COMMAND_BUFFER Pool: LocalMemory Root index: 0 Size: 65536 CPU VA: 0x7d9d6d6b8000 - 0x7d9d6d6c7fff GPU VA: 0xffffd556aa640000 - 0xffffd556aa64ffff Handle: 27 PATIndex: 1, Gmm resource usage: [ GMM_RESOURCE_USAGE_OCL_BUFFER ], Cacheable: 1 NotLockable: 0 Total sys mem allocated: 2138112 Total lmem allocated: 197459968
Created Graphics Allocation of type INTERNAL_HEAP
 ThreadID: 138115405917376 Type: INTERNAL_HEAP Pool: LocalMemory Root index: 0 Size: 65536 CPU VA: 0x7d9d6d6a8000 - 0x7d9d6d6b7fff GPU VA: 0xffff8000fffd0000 - 0xffff8000fffdffff Handle: 28 PATIndex: 1, Gmm resource usage: [ GMM_RESOURCE_USAGE_OCL_STATE_HEAP_BUFFER ], Cacheable: 1 NotLockable: 0 Total sys mem allocated: 2138112 Total lmem allocated: 197525504
Created Graphics Allocation of type INTERNAL_HEAP
 ThreadID: 138115405917376 Type: INTERNAL_HEAP Pool: LocalMemory Root index: 0 Size: 65536 CPU VA: 0x7d9d6d698000 - 0x7d9d6d6a7fff GPU VA: 0xffff8000fffc0000 - 0xffff8000fffcffff Handle: 29 PATIndex: 1, Gmm resource usage: [ GMM_RESOURCE_USAGE_OCL_STATE_HEAP_BUFFER ], Cacheable: 1 NotLockable: 0 Total sys mem allocated: 2138112 Total lmem allocated: 197591040
Created Graphics Allocation of type COMMAND_BUFFER
 ThreadID: 138115405917376 Type: COMMAND_BUFFER Pool: LocalMemory Root index: 0 Size: 196608 CPU VA: 0x7d9d6d668000 - 0x7d9d6d697fff GPU VA: 0xffffd556aa610000 - 0xffffd556aa63ffff Handle: 30 PATIndex: 1, Gmm resource usage: [ GMM_RESOURCE_USAGE_OCL_BUFFER ], Cacheable: 1 NotLockable: 0 Total sys mem allocated: 2138112 Total lmem allocated: 197787648
Created Graphics Allocation of type COMMAND_BUFFER
 ThreadID: 138115405917376 Type: COMMAND_BUFFER Pool: LocalMemory Root index: 0 Size: 196608 CPU VA: 0x7d9d6d638000 - 0x7d9d6d667fff GPU VA: 0xffffd556aa5e0000 - 0xffffd556aa60ffff Handle: 31 PATIndex: 1, Gmm resource usage: [ GMM_RESOURCE_USAGE_OCL_BUFFER ], Cacheable: 1 NotLockable: 0 Total sys mem allocated: 2138112 Total lmem allocated: 197984256
Created Graphics Allocation of type COMMAND_BUFFER
 ThreadID: 138115405917376 Type: COMMAND_BUFFER Pool: LocalMemory Root index: 0 Size: 1114112 CPU VA: 0x7d9d6d1f1000 - 0x7d9d6d300fff GPU VA: 0xffffd556aa4d0000 - 0xffffd556aa5dffff Handle: 32 PATIndex: 1, Gmm resource usage: [ GMM_RESOURCE_USAGE_OCL_BUFFER ], Cacheable: 1 NotLockable: 0 Total sys mem allocated: 2138112 Total lmem allocated: 199098368
Created Graphics Allocation of type GPU_TIMESTAMP_DEVICE_BUFFER
 ThreadID: 138115405917376 Type: GPU_TIMESTAMP_DEVICE_BUFFER Pool: LocalMemory Root index: 0 Size: 65536 CPU VA: 0x7d9d6d628000 - 0x7d9d6d637fff GPU VA: 0xffffd556aa4c0000 - 0xffffd556aa4cffff Handle: 33 PATIndex: 1, Gmm resource usage: [ GMM_RESOURCE_USAGE_OCL_BUFFER ], Cacheable: 1 NotLockable: 0 Total sys mem allocated: 2138112 Total lmem allocated: 199163904
Created Graphics Allocation of type COMMAND_BUFFER
 ThreadID: 138115405917376 Type: COMMAND_BUFFER Pool: LocalMemory Root index: 0 Size: 196608 CPU VA: 0x7d9d6d1c1000 - 0x7d9d6d1f0fff GPU VA: 0xffffd556aa490000 - 0xffffd556aa4bffff Handle: 34 PATIndex: 1, Gmm resource usage: [ GMM_RESOURCE_USAGE_OCL_BUFFER ], Cacheable: 1 NotLockable: 0 Total sys mem allocated: 2138112 Total lmem allocated: 199360512
Created Graphics Allocation of type COMMAND_BUFFER
 ThreadID: 138115405917376 Type: COMMAND_BUFFER Pool: LocalMemory Root index: 0 Size: 196608 CPU VA: 0x7d9d6d191000 - 0x7d9d6d1c0fff GPU VA: 0xffffd556aa460000 - 0xffffd556aa48ffff Handle: 35 PATIndex: 1, Gmm resource usage: [ GMM_RESOURCE_USAGE_OCL_BUFFER ], Cacheable: 1 NotLockable: 0 Total sys mem allocated: 2138112 Total lmem allocated: 199557120
Created Graphics Allocation of type COMMAND_BUFFER
 ThreadID: 138115405917376 Type: COMMAND_BUFFER Pool: LocalMemory Root index: 0 Size: 65536 CPU VA: 0x7d9d6d618000 - 0x7d9d6d627fff GPU VA: 0xffffd556aa450000 - 0xffffd556aa45ffff Handle: 36 PATIndex: 1, Gmm resource usage: [ GMM_RESOURCE_USAGE_OCL_BUFFER ], Cacheable: 1 NotLockable: 0 Total sys mem allocated: 2138112 Total lmem allocated: 199622656
Created Graphics Allocation of type COMMAND_BUFFER
 ThreadID: 138115405917376 Type: COMMAND_BUFFER Pool: LocalMemory Root index: 0 Size: 65536 CPU VA: 0x7d9d6d608000 - 0x7d9d6d617fff GPU VA: 0xffffd556aa440000 - 0xffffd556aa44ffff Handle: 37 PATIndex: 1, Gmm resource usage: [ GMM_RESOURCE_USAGE_OCL_BUFFER ], Cacheable: 1 NotLockable: 0 Total sys mem allocated: 2138112 Total lmem allocated: 199688192
device 0000:05:00.0: Intel(R) Arc(TM) B570 Graphics
Created Graphics Allocation of type BUFFER
 ThreadID: 138115405917376 Type: BUFFER Pool: LocalMemory Root index: 0 Size: 2097152 CPU VA: NULL GPU VA: 0xffffffffff600000 - 0xffffffffff7fffff Handle: 38 PATIndex: 9, Gmm resource usage: [ GMM_RESOURCE_USAGE_OCL_BUFFER ], Cacheable: 0 NotLockable: 1 Total sys mem allocated: 2138112 Total lmem allocated: 201785344
Created Graphics Allocation of type COMMAND_BUFFER
 ThreadID: 138115405917376 Type: COMMAND_BUFFER Pool: LocalMemory Root index: 0 Size: 1114112 CPU VA: 0x7d9d6d081000 - 0x7d9d6d190fff GPU VA: 0xffffd556aa330000 - 0xffffd556aa43ffff Handle: 39 PATIndex: 1, Gmm resource usage: [ GMM_RESOURCE_USAGE_OCL_BUFFER ], Cacheable: 1 NotLockable: 0 Total sys mem allocated: 2138112 Total lmem allocated: 202899456
Created Graphics Allocation of type COMMAND_BUFFER
 ThreadID: 138115405917376 Type: COMMAND_BUFFER Pool: LocalMemory Root index: 0 Size: 1114112 CPU VA: 0x7d9d6cf71000 - 0x7d9d6d080fff GPU VA: 0xffffd556aa220000 - 0xffffd556aa32ffff Handle: 40 PATIndex: 1, Gmm resource usage: [ GMM_RESOURCE_USAGE_OCL_BUFFER ], Cacheable: 1 NotLockable: 0 Total sys mem allocated: 2138112 Total lmem allocated: 204013568
Created Graphics Allocation of type INTERNAL_HEAP
 ThreadID: 138115405917376 Type: INTERNAL_HEAP Pool: LocalMemory Root index: 0 Size: 65536 CPU VA: 0x7d9d6cf61000 - 0x7d9d6cf70fff GPU VA: 0xffff8000fffb0000 - 0xffff8000fffbffff Handle: 41 PATIndex: 1, Gmm resource usage: [ GMM_RESOURCE_USAGE_OCL_STATE_HEAP_BUFFER ], Cacheable: 1 NotLockable: 0 Total sys mem allocated: 2138112 Total lmem allocated: 204079104
Created Graphics Allocation of type BUFFER_HOST_MEMORY
 ThreadID: 138115405917376 Type: BUFFER_HOST_MEMORY Pool: System4KBPages Root index: 0 Size: 2097152 CPU VA: 0x7d9d6cc00000 - 0x7d9d6cdfffff GPU VA: 0x7d9d6cc00000 - 0x7d9d6cdfffff Handle: 42 PATIndex: 1, Gmm resource usage: [ GMM_RESOURCE_USAGE_OCL_SYSTEM_MEMORY_BUFFER ], Cacheable: 1 NotLockable: 0 Total sys mem allocated: 4235264 Total lmem allocated: 204079104
Created Graphics Allocation of type KERNEL_ISA
 ThreadID: 138115405917376 Type: KERNEL_ISA Pool: LocalMemory Root index: 0 Size: 4194304 CPU VA: NULL GPU VA: 0xffff8000ffbb0000 - 0xffff8000fffaffff Handle: 43 PATIndex: 1, Gmm resource usage: [ GMM_RESOURCE_USAGE_OCL_BUFFER ], Cacheable: 1 NotLockable: 0 Total sys mem allocated: 4235264 Total lmem allocated: 208273408
Created Graphics Allocation of type LINEAR_STREAM
 ThreadID: 138115405917376 Type: LINEAR_STREAM Pool: LocalMemory Root index: 0 Size: 2097152 CPU VA: 0x7d9d6c961000 - 0x7d9d6cb60fff GPU VA: 0xffff800200050000 - 0xffff80020024ffff Handle: 44 PATIndex: 1, Gmm resource usage: [ GMM_RESOURCE_USAGE_OCL_STATE_HEAP_BUFFER ], Cacheable: 1 NotLockable: 0 Total sys mem allocated: 4235264 Total lmem allocated: 210370560
Created Graphics Allocation of type LINEAR_STREAM
 ThreadID: 138115405917376 Type: LINEAR_STREAM Pool: LocalMemory Root index: 0 Size: 65536 CPU VA: 0x7d9d6cf51000 - 0x7d9d6cf60fff GPU VA: 0xffff800200250000 - 0xffff80020025ffff Handle: 45 PATIndex: 1, Gmm resource usage: [ GMM_RESOURCE_USAGE_OCL_STATE_HEAP_BUFFER ], Cacheable: 1 NotLockable: 0 Total sys mem allocated: 4235264 Total lmem allocated: 210436096
round 0 complete
round 1 complete
round 2 complete
PASS 0000:05:00.0: 3 rounds, 16384 exact words each
