=================================================================
==1574628==ERROR: AddressSanitizer: heap-use-after-free on address 0x506000000020 at pc 0x000000402978 bp 0x7ffe4eb87690 sp 0x7ffe4eb87680
READ of size 8 at 0x506000000020 thread T0
    #0 0x402977 in NEO::GraphicsAllocation::getHostPtrTaskCountAssignment() const /home/yayoi/.local/state/strata-sycl/residency-lifetime-audit-20261007/neo-cpu-mechanism-v2/allocation-methods.inc:11
    #1 0x402977 in NEO::GraphicsAllocation::prepareHostPtrForResidency(NEO::CommandStreamReceiver*) /home/yayoi/.local/state/strata-sycl/residency-lifetime-audit-20261007/neo-cpu-mechanism-v2/backend-functions.inc:3
    #2 0x40494a in L0::CommandQueue::makeResidentForResidencyContainer(std::vector<NEO::GraphicsAllocation*, std::allocator<NEO::GraphicsAllocation*> > const&) /home/yayoi/.local/state/strata-sycl/residency-lifetime-audit-20261007/neo-cpu-mechanism-v2/backend-functions.inc:42
    #3 0x408d1a in main /home/yayoi/.local/state/strata-sycl/residency-lifetime-audit-20261007/neo-cpu-mechanism-v2/probe.cpp:107
    #4 0x7597ee3e01c9 in __libc_start_call_main ../sysdeps/nptl/libc_start_call_main.h:58
    #5 0x7597ee3e028a in __libc_start_main_impl ../csu/libc-start.c:360
    #6 0x402634 in _start (/home/yayoi/.local/state/strata-sycl/residency-lifetime-audit-20261007/neo-cpu-mechanism-v2/probe+0x402634) (BuildId: 72ba539fd1b4fdaed07c75b559fba9bfb70fb900)

0x506000000020 is located 0 bytes inside of 56-byte region [0x506000000020,0x506000000058)
freed by thread T0 here:
    #0 0x7597ef0755e8 in operator delete(void*, unsigned long) ../../../../src/libsanitizer/asan/asan_new_delete.cpp:164
    #1 0x405ff4 in NEO::MemoryManager::freeGraphicsMemoryImpl(NEO::GraphicsAllocation*) /home/yayoi/.local/state/strata-sycl/residency-lifetime-audit-20261007/neo-cpu-mechanism-v2/probe.cpp:48
    #2 0x405ff4 in L0::Context::destroyPhysicalMem(void*) /home/yayoi/.local/state/strata-sycl/residency-lifetime-audit-20261007/neo-cpu-mechanism-v2/backend-functions.inc:32
    #3 0x407d59 in main /home/yayoi/.local/state/strata-sycl/residency-lifetime-audit-20261007/neo-cpu-mechanism-v2/probe.cpp:99
    #4 0x7597ee3e01c9 in __libc_start_call_main ../sysdeps/nptl/libc_start_call_main.h:58
    #5 0x7597ee3e028a in __libc_start_main_impl ../csu/libc-start.c:360
    #6 0x402634 in _start (/home/yayoi/.local/state/strata-sycl/residency-lifetime-audit-20261007/neo-cpu-mechanism-v2/probe+0x402634) (BuildId: 72ba539fd1b4fdaed07c75b559fba9bfb70fb900)

previously allocated by thread T0 here:
    #0 0x7597ef074548 in operator new(unsigned long) ../../../../src/libsanitizer/asan/asan_new_delete.cpp:95
    #1 0x407020 in operator() /home/yayoi/.local/state/strata-sycl/residency-lifetime-audit-20261007/neo-cpu-mechanism-v2/probe.cpp:89
    #2 0x407020 in main /home/yayoi/.local/state/strata-sycl/residency-lifetime-audit-20261007/neo-cpu-mechanism-v2/probe.cpp:92
    #3 0x7597ee3e01c9 in __libc_start_call_main ../sysdeps/nptl/libc_start_call_main.h:58
    #4 0x7597ee3e028a in __libc_start_main_impl ../csu/libc-start.c:360
    #5 0x402634 in _start (/home/yayoi/.local/state/strata-sycl/residency-lifetime-audit-20261007/neo-cpu-mechanism-v2/probe+0x402634) (BuildId: 72ba539fd1b4fdaed07c75b559fba9bfb70fb900)

SUMMARY: AddressSanitizer: heap-use-after-free /home/yayoi/.local/state/strata-sycl/residency-lifetime-audit-20261007/neo-cpu-mechanism-v2/allocation-methods.inc:11 in NEO::GraphicsAllocation::getHostPtrTaskCountAssignment() const
Shadow bytes around the buggy address:
  0x505ffffffd80: 00 00 00 00 00 00 00 00 00 00 00 00 00 00 00 00
  0x505ffffffe00: 00 00 00 00 00 00 00 00 00 00 00 00 00 00 00 00
  0x505ffffffe80: 00 00 00 00 00 00 00 00 00 00 00 00 00 00 00 00
  0x505fffffff00: 00 00 00 00 00 00 00 00 00 00 00 00 00 00 00 00
  0x505fffffff80: 00 00 00 00 00 00 00 00 00 00 00 00 00 00 00 00
=>0x506000000000: fa fa fa fa[fd]fd fd fd fd fd fd fa fa fa fa fa
  0x506000000080: 00 00 00 00 00 00 00 fa fa fa fa fa fa fa fa fa
  0x506000000100: fa fa fa fa fa fa fa fa fa fa fa fa fa fa fa fa
  0x506000000180: fa fa fa fa fa fa fa fa fa fa fa fa fa fa fa fa
  0x506000000200: fa fa fa fa fa fa fa fa fa fa fa fa fa fa fa fa
  0x506000000280: fa fa fa fa fa fa fa fa fa fa fa fa fa fa fa fa
Shadow byte legend (one shadow byte represents 8 application bytes):
  Addressable:           00
  Partially addressable: 01 02 03 04 05 06 07 
  Heap left redzone:       fa
  Freed heap region:       fd
  Stack left redzone:      f1
  Stack mid redzone:       f2
  Stack right redzone:     f3
  Stack after return:      f5
  Stack use after scope:   f8
  Global redzone:          f9
  Global init order:       f6
  Poisoned by user:        f7
  Container overflow:      fc
  Array cookie:            ac
  Intra object redzone:    bb
  ASan internal:           fe
  Left alloca redzone:     ca
  Right alloca redzone:    cb
==1574628==ABORTING
