=thread-group-added,id="i1"
(gdb) 
1^done
(gdb) 
2^done
(gdb) 
3^done
(gdb) 
4^done
(gdb) 
5^done
(gdb) 
6^done
(gdb) 
7^done
(gdb) 
=thread-group-started,id="i1",pid="789897"
=thread-created,id="1",group-id="i1"
=library-loaded,id="/lib64/ld-linux-x86-64.so.2",target-name="/lib64/ld-linux-x86-64.so.2",host-name="/lib64/ld-linux-x86-64.so.2",symbols-loaded="0",thread-group="i1",ranges=[{from="0x00007ffff7fc6000",to="0x00007ffff7ff0195"}]
8^running
*running,thread-id="all"
(gdb) 
=library-loaded,id="/usr/lib/x86_64-linux-gnu/libc.so.6",target-name="/usr/lib/x86_64-linux-gnu/libc.so.6",host-name="/usr/lib/x86_64-linux-gnu/libc.so.6",symbols-loaded="0",thread-group="i1",ranges=[{from="0x00007ffff7dd0800",to="0x00007ffff7f58039"}]
~"[Thread debugging using libthread_db enabled]\n"
~"Using host libthread_db library \"/usr/lib/x86_64-linux-gnu/libthread_db.so.1\".\n"
READY
~"[Inferior 1 (process 789897) exited normally]\n"
=thread-exited,id="1",group-id="i1"
=thread-group-exited,id="i1",exit-code="0"
*stopped,reason="exited-normally"
9^exit
