[2026-10-07 06:23:11.698] [thread-id: 136414797116160] [info] Loader Version 1.32.0  - No git SHA found, compiled outside git folder.
[2026-10-07 06:23:11.700] [thread-id: 136414797116160] [info] Validation Layer Enabled
[2026-10-07 06:23:11.700] [thread-id: 136414797116160] [info] zeInit succeeded
[2026-10-07 06:23:11.701] [thread-id: 136414797116160] [trace] zeInit(flags)
[2026-10-07 06:23:11.727] [thread-id: 136414797116160] [trace] SUCCESS (ZE_RESULT_SUCCESS) in zeInit(flags=1)
[2026-10-07 06:23:11.727] [thread-id: 136414797116160] [trace] zeDriverGet(pCount, phDrivers)
[2026-10-07 06:23:11.727] [thread-id: 136414797116160] [trace] SUCCESS (ZE_RESULT_SUCCESS) in zeDriverGet(pCount=1, phDrivers=nullptr)
[2026-10-07 06:23:11.727] [thread-id: 136414797116160] [trace] zeDriverGet(pCount, phDrivers)
[2026-10-07 06:23:11.728] [thread-id: 136414797116160] [trace] SUCCESS (ZE_RESULT_SUCCESS) in zeDriverGet(pCount=1, phDrivers=0x7c118b22a7a0)
[2026-10-07 06:23:11.728] [thread-id: 136414797116160] [trace] zeDriverGetApiVersion(hDriver, version)
[2026-10-07 06:23:11.728] [thread-id: 136414797116160] [trace] SUCCESS (ZE_RESULT_SUCCESS) in zeDriverGetApiVersion(hDriver=0x16a2af88, version=65553)
<LOADER>[DEBUG]: Logger loader initialized successfully!
<LOADER>[INFO]: loaded adapter 0x0x16a43060 (/opt/intel/oneapi/compiler/2026.1/lib/libur_adapter_level_zero_v2.so.0) from /opt/intel/oneapi/compiler/2026.1/lib/libur_adapter_level_zero_v2.so.0
   ---> urAdapterGet
<LEVEL_ZERO>[DEBUG]: zeInit with flags value of 1
<LEVEL_ZERO>[DEBUG]: Level Zero Loader version: 1.32.0
<LEVEL_ZERO>[DEBUG]: zeInitDrivers with flags value of 1
[2026-10-07 06:23:11.737] [thread-id: 136414797116160] [trace] zeInitDrivers(pCount, phDrivers, desc)
[2026-10-07 06:23:11.738] [thread-id: 136414797116160] [trace] SUCCESS (ZE_RESULT_SUCCESS) in zeInitDrivers(pCount=1, phDrivers=nullptr, desc={stype=0x169a7998, flags=1})
[2026-10-07 06:23:11.738] [thread-id: 136414797116160] [trace] zeInitDrivers(pCount, phDrivers, desc)
[2026-10-07 06:23:11.738] [thread-id: 136414797116160] [trace] SUCCESS (ZE_RESULT_SUCCESS) in zeInitDrivers(pCount=1, phDrivers=nullptr, desc={stype=0x169a7998, flags=1})
[2026-10-07 06:23:11.738] [thread-id: 136414797116160] [trace] zeDriverGet(pCount, phDrivers)
[2026-10-07 06:23:11.738] [thread-id: 136414797116160] [trace] SUCCESS (ZE_RESULT_SUCCESS) in zeDriverGet(pCount=1, phDrivers=nullptr)
[2026-10-07 06:23:11.738] [thread-id: 136414797116160] [trace] zeDriverGet(pCount, phDrivers)
[2026-10-07 06:23:11.738] [thread-id: 136414797116160] [trace] SUCCESS (ZE_RESULT_SUCCESS) in zeDriverGet(pCount=1, phDrivers=0x16a457f0)
[2026-10-07 06:23:11.738] [thread-id: 136414797116160] [trace] zeDeviceGet(hDriver, pCount, phDevices)
[2026-10-07 06:23:11.739] [thread-id: 136414797116160] [trace] SUCCESS (ZE_RESULT_SUCCESS) in zeDeviceGet(hDriver=0x16a2af88, pCount=1, phDevices=nullptr)
[2026-10-07 06:23:11.739] [thread-id: 136414797116160] [trace] zeDeviceGet(hDriver, pCount, phDevices)
[2026-10-07 06:23:11.739] [thread-id: 136414797116160] [trace] SUCCESS (ZE_RESULT_SUCCESS) in zeDeviceGet(hDriver=0x16a2af88, pCount=1, phDevices=0x16a42950)
[2026-10-07 06:23:11.739] [thread-id: 136414797116160] [trace] zeDeviceGetProperties(hDevice, pDeviceProperties)
[2026-10-07 06:23:11.739] [thread-id: 136414797116160] [trace] SUCCESS (ZE_RESULT_SUCCESS) in zeDeviceGetProperties(hDevice=0x16a2b4e8, pDeviceProperties={stype=0x7ffd000583b0, type=0x7ffd000583c0, vendorId=32902, deviceId=57868, flags=8, subdeviceId=0, coreClockRate=2750, maxMemAllocSize=10132807680, maxHardwareContexts=65536, maxCommandQueuePriority=0, numThreadsPerEU=8, physicalEUSimdWidth=16, numEUsPerSubslice=8, numSubslicesPerSlice=4, numSlices=5, timerResolution=52, timestampValidBits=64, kernelTimestampValidBits=64, uuid={id=134}, name="Intel(R) Arc(TM) B570 Graphics"})
<LEVEL_ZERO>[DEBUG]: 
zesInit with flags value of 0

[2026-10-07 06:23:11.739] [thread-id: 136414797116160] [trace] zesInit(flags)
[2026-10-07 06:23:11.741] [thread-id: 136414797116160] [trace] SUCCESS (ZE_RESULT_SUCCESS) in zesInit(flags=0)
[2026-10-07 06:23:11.741] [thread-id: 136414797116160] [trace] zeDriverGet(pCount, phDrivers)
[2026-10-07 06:23:11.741] [thread-id: 136414797116160] [trace] SUCCESS (ZE_RESULT_SUCCESS) in zeDriverGet(pCount=1, phDrivers=nullptr)
[2026-10-07 06:23:11.741] [thread-id: 136414797116160] [trace] zeDriverGet(pCount, phDrivers)
[2026-10-07 06:23:11.741] [thread-id: 136414797116160] [trace] SUCCESS (ZE_RESULT_SUCCESS) in zeDriverGet(pCount=1, phDrivers=0x16a45670)
[2026-10-07 06:23:11.741] [thread-id: 136414797116160] [trace] zeInitDrivers(pCount, phDrivers, desc)
[2026-10-07 06:23:11.741] [thread-id: 136414797116160] [trace] SUCCESS (ZE_RESULT_SUCCESS) in zeInitDrivers(pCount=1, phDrivers=0x16a4dc10, desc={stype=0x169a7998, flags=1})
[2026-10-07 06:23:11.741] [thread-id: 136414797116160] [trace] zeDriverGetProperties(hDriver, pDriverProperties)
[2026-10-07 06:23:11.741] [thread-id: 136414797116160] [trace] SUCCESS (ZE_RESULT_SUCCESS) in zeDriverGetProperties(hDriver=0x16a2af88, pDriverProperties={stype=0x7ffd00058300, uuid={id=227}, driverVersion=17013219})
[2026-10-07 06:23:11.741] [thread-id: 136414797116160] [trace] zeDriverGetProperties(hDriver, pDriverProperties)
[2026-10-07 06:23:11.741] [thread-id: 136414797116160] [trace] SUCCESS (ZE_RESULT_SUCCESS) in zeDriverGetProperties(hDriver=0x16a2af88, pDriverProperties={stype=0x7ffd000584d0, uuid={id=227}, driverVersion=17013219})
<LEVEL_ZERO>[DEBUG]: zeDriverHandle 0x16a2af88 matched between zeDriverGet and zeInitDrivers. Not adding duplicate driver to list
<LEVEL_ZERO>[DEBUG]: 1 L0 Drivers found.
[2026-10-07 06:23:11.742] [thread-id: 136414797116160] [trace] zeDeviceGet(hDriver, pCount, phDevices)
[2026-10-07 06:23:11.742] [thread-id: 136414797116160] [trace] SUCCESS (ZE_RESULT_SUCCESS) in zeDeviceGet(hDriver=0x16a2af88, pCount=1, phDevices=nullptr)
[2026-10-07 06:23:11.742] [thread-id: 136414797116160] [trace] zeDeviceGet(hDriver, pCount, phDevices)
[2026-10-07 06:23:11.742] [thread-id: 136414797116160] [trace] SUCCESS (ZE_RESULT_SUCCESS) in zeDeviceGet(hDriver=0x16a2af88, pCount=1, phDevices=0x16a4dff0)
[2026-10-07 06:23:11.742] [thread-id: 136414797116160] [trace] zeDeviceGetProperties(hDevice, pDeviceProperties)
[2026-10-07 06:23:11.742] [thread-id: 136414797116160] [trace] SUCCESS (ZE_RESULT_SUCCESS) in zeDeviceGetProperties(hDevice=0x16a2b4e8, pDeviceProperties={stype=0x7ffd00058300, type=0x7ffd00058310, vendorId=32902, deviceId=57868, flags=8, subdeviceId=0, coreClockRate=2750, maxMemAllocSize=10132807680, maxHardwareContexts=65536, maxCommandQueuePriority=0, numThreadsPerEU=8, physicalEUSimdWidth=16, numEUsPerSubslice=8, numSubslicesPerSlice=4, numSlices=5, timerResolution=52, timestampValidBits=64, kernelTimestampValidBits=64, uuid={id=134}, name="Intel(R) Arc(TM) B570 Graphics"})
[2026-10-07 06:23:11.742] [thread-id: 136414797116160] [trace] zeDriverGetApiVersion(hDriver, version)
[2026-10-07 06:23:11.742] [thread-id: 136414797116160] [trace] SUCCESS (ZE_RESULT_SUCCESS) in zeDriverGetApiVersion(hDriver=0x16a2af88, version=65553)
[2026-10-07 06:23:11.742] [thread-id: 136414797116160] [trace] zeDriverGetExtensionProperties(hDriver, pCount, pExtensionProperties)
[2026-10-07 06:23:11.742] [thread-id: 136414797116160] [trace] SUCCESS (ZE_RESULT_SUCCESS) in zeDriverGetExtensionProperties(hDriver=0x16a2af88, pCount=63, pExtensionProperties=nullptr)
[2026-10-07 06:23:11.742] [thread-id: 136414797116160] [trace] zeDriverGetExtensionProperties(hDriver, pCount, pExtensionProperties)
[2026-10-07 06:23:11.742] [thread-id: 136414797116160] [trace] SUCCESS (ZE_RESULT_SUCCESS) in zeDriverGetExtensionProperties(hDriver=0x16a2af88, pCount=63, pExtensionProperties={name="ZE_extension_device_cache_line_size", version=65536})
[2026-10-07 06:23:11.742] [thread-id: 136414797116160] [trace] zeDriverGetExtensionFunctionAddress(hDriver, name, ppFunctionAddress)
[2026-10-07 06:23:11.742] [thread-id: 136414797116160] [trace] SUCCESS (ZE_RESULT_SUCCESS) in zeDriverGetExtensionFunctionAddress(hDriver=0x16a2af88, name="zeIntelGetDriverVersionString", ppFunctionAddress=0x7c1187419c00)
[2026-10-07 06:23:11.742] [thread-id: 136414797116160] [trace] zeDriverGetProperties(hDriver, pDriverProperties)
[2026-10-07 06:23:11.742] [thread-id: 136414797116160] [trace] SUCCESS (ZE_RESULT_SUCCESS) in zeDriverGetProperties(hDriver=0x16a2af88, pDriverProperties={stype=0x7ffd000581c0, uuid={id=227}, driverVersion=17013219})
<LEVEL_ZERO>[DEBUG]: Level Zero Driver version: 1.17.39395+14
[2026-10-07 06:23:11.742] [thread-id: 136414797116160] [trace] zeDriverGetExtensionFunctionAddress(hDriver, name, ppFunctionAddress)
[2026-10-07 06:23:11.742] [thread-id: 136414797116160] [trace] SUCCESS (ZE_RESULT_SUCCESS) in zeDriverGetExtensionFunctionAddress(hDriver=0x16a2af88, name="zexDriverImportExternalPointer", ppFunctionAddress=0x7c1187414a40)
[2026-10-07 06:23:11.742] [thread-id: 136414797116160] [trace] zeDriverGetExtensionFunctionAddress(hDriver, name, ppFunctionAddress)
[2026-10-07 06:23:11.742] [thread-id: 136414797116160] [trace] SUCCESS (ZE_RESULT_SUCCESS) in zeDriverGetExtensionFunctionAddress(hDriver=0x16a2af88, name="zexDriverReleaseImportedPointer", ppFunctionAddress=0x7c118741ce30)
[2026-10-07 06:23:11.742] [thread-id: 136414797116160] [trace] zeDriverGetExtensionFunctionAddress(hDriver, name, ppFunctionAddress)
[2026-10-07 06:23:11.742] [thread-id: 136414797116160] [trace] SUCCESS (ZE_RESULT_SUCCESS) in zeDriverGetExtensionFunctionAddress(hDriver=0x16a2af88, name="zeImageGetDeviceOffsetExp", ppFunctionAddress=0x7c118741e190)
[2026-10-07 06:23:11.742] [thread-id: 136414797116160] [trace] zeDriverGetExtensionFunctionAddress(hDriver, name, ppFunctionAddress)
[2026-10-07 06:23:11.742] [thread-id: 136414797116160] [trace] SUCCESS (ZE_RESULT_SUCCESS) in zeDriverGetExtensionFunctionAddress(hDriver=0x16a2af88, name="zeMemGetPitchFor2dImage", ppFunctionAddress=0x7c1187420550)
[2026-10-07 06:23:11.742] [thread-id: 136414797116160] [trace] zeDriverGetExtensionFunctionAddress(hDriver, name, ppFunctionAddress)
[2026-10-07 06:23:11.742] [thread-id: 136414797116160] [trace] SUCCESS (ZE_RESULT_SUCCESS) in zeDriverGetExtensionFunctionAddress(hDriver=0x16a2af88, name="zeGraphGetIdExt", ppFunctionAddress=0x7c118740edd0)
[2026-10-07 06:23:11.742] [thread-id: 136414797116160] [trace] zeDriverGetExtensionFunctionAddress(hDriver, name, ppFunctionAddress)
[2026-10-07 06:23:11.742] [thread-id: 136414797116160] [trace] SUCCESS (ZE_RESULT_SUCCESS) in zeDriverGetExtensionFunctionAddress(hDriver=0x16a2af88, name="zeCommandListAppendHostFunction", ppFunctionAddress=0x7c11873f2140)
[2026-10-07 06:23:11.742] [thread-id: 136414797116160] [trace] zesDriverGet(pCount, phDrivers)
[2026-10-07 06:23:11.742] [thread-id: 136414797116160] [trace] SUCCESS (ZE_RESULT_SUCCESS) in zesDriverGet(pCount=1, phDrivers=nullptr)
[2026-10-07 06:23:11.742] [thread-id: 136414797116160] [trace] zesDriverGet(pCount, phDrivers)
[2026-10-07 06:23:11.742] [thread-id: 136414797116160] [trace] SUCCESS (ZE_RESULT_SUCCESS) in zesDriverGet(pCount=1, phDrivers=0x16a4ff40)
[2026-10-07 06:23:11.743] [thread-id: 136414797116160] [trace] zesDriverGetDeviceByUuidExp(hDriver, uuid, phDevice, onSubdevice, subdeviceId)
[2026-10-07 06:23:11.743] [thread-id: 136414797116160] [trace] SUCCESS (ZE_RESULT_SUCCESS) in zesDriverGetDeviceByUuidExp(hDriver=0x16a4a728, uuid={id=134}, phDevice=0x16869f68, onSubdevice=0, subdeviceId=0)
<LEVEL_ZERO>[DEBUG]: Initialized 1 platforms
   <--- urAdapterGet(.NumEntries = 0, .phAdapters = nullptr, .pNumAdapters = 0x7c118b22a920 (1)) -> UR_RESULT_SUCCESS;
   ---> urAdapterGet
   <--- urAdapterGet(.NumEntries = 1, .phAdapters = 0x7c118b22a9a0 {0x169a7970}, .pNumAdapters = 0x7c118b22a920 (1)) -> UR_RESULT_SUCCESS;
   ---> urAdapterRelease
   <--- urAdapterRelease(.hAdapter = 0x169a7970) -> UR_RESULT_SUCCESS;
<LOADER>[INFO]: unloaded adapter 0x0x16a43060
<LOADER>[INFO]: ---> urLoaderTearDown() -> UR_RESULT_SUCCESS
