Generated paired original-ggml loops: /home/yayoi/.local/state/strata-sycl/cpu-paired-ggml-gu-probe/paired.c
{
  "scope": "CPU-only paired one-token native gate/up with original ggml arithmetic",
  "validation": [
    {
      "kind": "validation",
      "type": 18,
      "real_expert_cases": 51,
      "raw_checked_floats": 9113760,
      "ff_checked_floats": 1525104,
      "all_bits_equal": true,
      "run": 1
    },
    {
      "kind": "validation",
      "type": 21,
      "real_expert_cases": 30,
      "raw_checked_floats": 7823520,
      "ff_checked_floats": 1309392,
      "all_bits_equal": true,
      "run": 1
    },
    {
      "kind": "validation",
      "type": 22,
      "real_expert_cases": 60,
      "raw_checked_floats": 9666720,
      "ff_checked_floats": 1617552,
      "all_bits_equal": true,
      "run": 1
    },
    {
      "kind": "validation",
      "type": 18,
      "real_expert_cases": 51,
      "raw_checked_floats": 9113760,
      "ff_checked_floats": 1525104,
      "all_bits_equal": true,
      "run": 2
    },
    {
      "kind": "validation",
      "type": 21,
      "real_expert_cases": 30,
      "raw_checked_floats": 7823520,
      "ff_checked_floats": 1309392,
      "all_bits_equal": true,
      "run": 2
    },
    {
      "kind": "validation",
      "type": 22,
      "real_expert_cases": 60,
      "raw_checked_floats": 9666720,
      "ff_checked_floats": 1617552,
      "all_bits_equal": true,
      "run": 2
    },
    {
      "kind": "validation",
      "type": 18,
      "real_expert_cases": 51,
      "raw_checked_floats": 9113760,
      "ff_checked_floats": 1525104,
      "all_bits_equal": true,
      "run": 3
    },
    {
      "kind": "validation",
      "type": 21,
      "real_expert_cases": 30,
      "raw_checked_floats": 7823520,
      "ff_checked_floats": 1309392,
      "all_bits_equal": true,
      "run": 3
    },
    {
      "kind": "validation",
      "type": 22,
      "real_expert_cases": 60,
      "raw_checked_floats": 9666720,
      "ff_checked_floats": 1617552,
      "all_bits_equal": true,
      "run": 3
    }
  ],
  "timings": [
    {
      "type": 18,
      "arm": "gcc",
      "experts": 1,
      "pairs": 27,
      "median_speed_ratio": 0.9875437,
      "process_medians": [
        0.9875437,
        0.952196503,
        0.998377088
      ],
      "min_speed_ratio": 0.632450382,
      "max_speed_ratio": 1.231092541
    },
    {
      "type": 18,
      "arm": "gcc",
      "experts": 96,
      "pairs": 27,
      "median_speed_ratio": 1.004488837,
      "process_medians": [
        1.010291397,
        1.00162734,
        1.003309725
      ],
      "min_speed_ratio": 0.837274934,
      "max_speed_ratio": 1.122829463
    },
    {
      "type": 18,
      "arm": "icx",
      "experts": 1,
      "pairs": 27,
      "median_speed_ratio": 0.962482209,
      "process_medians": [
        0.956570153,
        0.963085755,
        0.967234503
      ],
      "min_speed_ratio": 0.827854731,
      "max_speed_ratio": 1.100899503
    },
    {
      "type": 18,
      "arm": "icx",
      "experts": 96,
      "pairs": 27,
      "median_speed_ratio": 0.968021974,
      "process_medians": [
        0.970101623,
        0.960011154,
        0.982082443
      ],
      "min_speed_ratio": 0.743194404,
      "max_speed_ratio": 1.176384404
    },
    {
      "type": 21,
      "arm": "gcc",
      "experts": 1,
      "pairs": 27,
      "median_speed_ratio": 0.957992781,
      "process_medians": [
        0.966506666,
        0.957992781,
        0.935571321
      ],
      "min_speed_ratio": 0.78964608,
      "max_speed_ratio": 1.159633696
    },
    {
      "type": 21,
      "arm": "gcc",
      "experts": 96,
      "pairs": 27,
      "median_speed_ratio": 0.962501535,
      "process_medians": [
        0.963634877,
        0.989714259,
        0.929821294
      ],
      "min_speed_ratio": 0.707042785,
      "max_speed_ratio": 1.09981694
    },
    {
      "type": 21,
      "arm": "icx",
      "experts": 1,
      "pairs": 27,
      "median_speed_ratio": 1.011572505,
      "process_medians": [
        1.015922487,
        1.030238004,
        0.992077281
      ],
      "min_speed_ratio": 0.942218604,
      "max_speed_ratio": 1.217946538
    },
    {
      "type": 21,
      "arm": "icx",
      "experts": 96,
      "pairs": 27,
      "median_speed_ratio": 0.986816517,
      "process_medians": [
        0.983419368,
        0.992517501,
        0.981684736
      ],
      "min_speed_ratio": 0.900047606,
      "max_speed_ratio": 1.05281223
    },
    {
      "type": 22,
      "arm": "gcc",
      "experts": 1,
      "pairs": 27,
      "median_speed_ratio": 0.867218617,
      "process_medians": [
        0.904249382,
        0.863277473,
        0.84386732
      ],
      "min_speed_ratio": 0.565578281,
      "max_speed_ratio": 1.444262386
    },
    {
      "type": 22,
      "arm": "gcc",
      "experts": 96,
      "pairs": 27,
      "median_speed_ratio": 0.874495805,
      "process_medians": [
        0.871760919,
        0.874146952,
        0.890243797
      ],
      "min_speed_ratio": 0.673662426,
      "max_speed_ratio": 1.257283368
    },
    {
      "type": 22,
      "arm": "icx",
      "experts": 1,
      "pairs": 27,
      "median_speed_ratio": 0.994634442,
      "process_medians": [
        0.985515466,
        0.99731006,
        1.072417102
      ],
      "min_speed_ratio": 0.7347182,
      "max_speed_ratio": 1.382730552
    },
    {
      "type": 22,
      "arm": "icx",
      "experts": 96,
      "pairs": 27,
      "median_speed_ratio": 0.999853644,
      "process_medians": [
        0.988123991,
        1.017977065,
        1.005395495
      ],
      "min_speed_ratio": 0.816785248,
      "max_speed_ratio": 1.299764969
    }
  ]
}
