{
  "scope": "One bounded logged B570 H2D/kernel/D2H probe after the 32-expert queue-wait normal-MTP watchdog-abort cleanup; no reset or service/driver changes",
  "healthy": true,
  "started_utc": "2026-10-07T01:32:51.469028+00:00",
  "boot_id": "0a908c16-e292-4299-80ff-082da39f4bb9",
  "helper_sha256": "2f90005f79d2309747d917cff51dc53d8ee6192d68cb1feca074f84af8b0796c",
  "source_sha256": "8c73710f1b0fa8d9341f26c0e0ca7e6812fc96919255619f0febc58767e08851",
  "NEO_environment": {
    "NEOReadDebugKeys": "1",
    "EnableDirectSubmission": "0"
  },
  "binary_sha256": "7375211a3a97a2b284215dcdad6ba652fc9af2fa2e1a92bc47361e3893931d3b",
  "steps": [
    {
      "label": "health-runtime",
      "argv": [
        "/usr/bin/python3",
        "-c",
        "import ctypes,sys; ctypes.CDLL(sys.argv[1])",
        "/opt/intel/oneapi/compiler/2026.1/lib/libur_adapter_level_zero_v2.so.0"
      ],
      "pid": 1615119,
      "exit_code": 0,
      "timed_out": false,
      "still_alive": false,
      "elapsed_seconds": 0.05115807299807784
    },
    {
      "label": "before-health-cursor",
      "argv": [
        "/usr/bin/journalctl",
        "-k",
        "-n",
        "0",
        "--show-cursor",
        "--no-pager"
      ],
      "pid": 1615130,
      "exit_code": 0,
      "timed_out": false,
      "still_alive": false,
      "elapsed_seconds": 0.050745926000672625
    },
    {
      "label": "health",
      "argv": [
        "/home/yayoi/.local/bin/strata-xe-health",
        "0000:05:00.0"
      ],
      "pid": 1615147,
      "exit_code": 0,
      "timed_out": false,
      "still_alive": false,
      "elapsed_seconds": 0.100945131998742
    },
    {
      "label": "health-kernel",
      "argv": [
        "/usr/bin/journalctl",
        "-k",
        "--after-cursor",
        "s=3ad31c4e321d43ad949846afdb43877a;i=bf03e9c;b=0a908c16e292429980ff082da39f4bb9;m=626b9518c;t=65d3616153849;x=8cbae9384b824a57",
        "--no-pager",
        "-o",
        "short-iso-precise"
      ],
      "pid": 1615162,
      "exit_code": 0,
      "timed_out": false,
      "still_alive": false,
      "elapsed_seconds": 0.05082083700108342
    }
  ],
  "finished_utc": "2026-10-07T01:32:51.740570+00:00"
}
