=thread-group-added,id="i1"
(gdb) 
1^done
(gdb) 
2^done
(gdb) 
3^done
(gdb) 
4^done
(gdb) 
5^done
(gdb) 
6^done
(gdb) 
7^done
(gdb) 
8^done
(gdb) 
=thread-group-started,id="i1",pid="1045496"
=thread-created,id="1",group-id="i1"
=library-loaded,id="/lib64/ld-linux-x86-64.so.2",target-name="/lib64/ld-linux-x86-64.so.2",host-name="/lib64/ld-linux-x86-64.so.2",symbols-loaded="0",thread-group="i1",ranges=[{from="0x00007ffff7fc6000",to="0x00007ffff7ff0195"}]
9^running
*running,thread-id="all"
(gdb) 
=library-loaded,id="/usr/lib/x86_64-linux-gnu/libm.so.6",target-name="/usr/lib/x86_64-linux-gnu/libm.so.6",host-name="/usr/lib/x86_64-linux-gnu/libm.so.6",symbols-loaded="0",thread-group="i1",ranges=[{from="0x00007ffff7ee2420",to="0x00007ffff7f603a6"}]
=library-loaded,id="/usr/lib/x86_64-linux-gnu/libz.so.1",target-name="/usr/lib/x86_64-linux-gnu/libz.so.1",host-name="/usr/lib/x86_64-linux-gnu/libz.so.1",symbols-loaded="0",thread-group="i1",ranges=[{from="0x00007ffff7eb8260",to="0x00007ffff7ec9c60"}]
=library-loaded,id="/usr/lib/x86_64-linux-gnu/libexpat.so.1",target-name="/usr/lib/x86_64-linux-gnu/libexpat.so.1",host-name="/usr/lib/x86_64-linux-gnu/libexpat.so.1",symbols-loaded="0",thread-group="i1",ranges=[{from="0x00007ffff7e8c210",to="0x00007ffff7eaa473"}]
=library-loaded,id="/usr/lib/x86_64-linux-gnu/libc.so.6",target-name="/usr/lib/x86_64-linux-gnu/libc.so.6",host-name="/usr/lib/x86_64-linux-gnu/libc.so.6",symbols-loaded="0",thread-group="i1",ranges=[{from="0x00007ffff7c9d800",to="0x00007ffff7e25039"}]
~"[Thread debugging using libthread_db enabled]\n"
~"Using host libthread_db library \"/usr/lib/x86_64-linux-gnu/libthread_db.so.1\".\n"
=library-loaded,id="/usr/lib/python3.12/lib-dynload/_json.cpython-312-x86_64-linux-gnu.so",target-name="/usr/lib/python3.12/lib-dynload/_json.cpython-312-x86_64-linux-gnu.so",host-name="/usr/lib/python3.12/lib-dynload/_json.cpython-312-x86_64-linux-gnu.so",symbols-loaded="0",thread-group="i1",ranges=[{from="0x00007ffff75b06a0",to="0x00007ffff75b660d"}]
~"process 1045496 is executing new program: /home/yayoi/.local/state/strata-sycl/post-reboot-tuning-20261007/owned-gdb-pty-cpu-fixed-path/protocol-probe\n"
=library-unloaded,id="/lib64/ld-linux-x86-64.so.2",target-name="/lib64/ld-linux-x86-64.so.2",host-name="/lib64/ld-linux-x86-64.so.2",thread-group="i1"
=library-unloaded,id="/usr/lib/x86_64-linux-gnu/libm.so.6",target-name="/usr/lib/x86_64-linux-gnu/libm.so.6",host-name="/usr/lib/x86_64-linux-gnu/libm.so.6",thread-group="i1"
=library-unloaded,id="/usr/lib/x86_64-linux-gnu/libz.so.1",target-name="/usr/lib/x86_64-linux-gnu/libz.so.1",host-name="/usr/lib/x86_64-linux-gnu/libz.so.1",thread-group="i1"
=library-unloaded,id="/usr/lib/x86_64-linux-gnu/libexpat.so.1",target-name="/usr/lib/x86_64-linux-gnu/libexpat.so.1",host-name="/usr/lib/x86_64-linux-gnu/libexpat.so.1",thread-group="i1"
=library-unloaded,id="/usr/lib/x86_64-linux-gnu/libc.so.6",target-name="/usr/lib/x86_64-linux-gnu/libc.so.6",host-name="/usr/lib/x86_64-linux-gnu/libc.so.6",thread-group="i1"
=library-unloaded,id="/usr/lib/python3.12/lib-dynload/_json.cpython-312-x86_64-linux-gnu.so",target-name="/usr/lib/python3.12/lib-dynload/_json.cpython-312-x86_64-linux-gnu.so",host-name="/usr/lib/python3.12/lib-dynload/_json.cpython-312-x86_64-linux-gnu.so",thread-group="i1"
=library-loaded,id="/lib64/ld-linux-x86-64.so.2",target-name="/lib64/ld-linux-x86-64.so.2",host-name="/lib64/ld-linux-x86-64.so.2",symbols-loaded="0",thread-group="i1",ranges=[{from="0x00007ffff7fc6000",to="0x00007ffff7ff0195"}]
=library-loaded,id="/usr/lib/x86_64-linux-gnu/libc.so.6",target-name="/usr/lib/x86_64-linux-gnu/libc.so.6",host-name="/usr/lib/x86_64-linux-gnu/libc.so.6",symbols-loaded="0",thread-group="i1",ranges=[{from="0x00007ffff7dd0800",to="0x00007ffff7f58039"}]
~"[Thread debugging using libthread_db enabled]\n"
~"Using host libthread_db library \"/usr/lib/x86_64-linux-gnu/libthread_db.so.1\".\n"
10^done
(gdb) 
~"\nProgram"
~" received signal SIGINT, Interrupt.\n"
~"0x00007ffff7ec3d31 in __GI___libc_read (fd=0, buf=0x555555559730, nbytes=1024) at ../sysdeps/unix/sysv/linux/read.c:26\n"
&"warning: 26\t../sysdeps/unix/sysv/linux/read.c: No such file or directory\n"
*stopped,reason="signal-received",signal-name="SIGINT",signal-meaning="Interrupt",frame={addr="0x00007ffff7ec3d31",func="__GI___libc_read",args=[{name="fd",value="0"},{name="buf",value="0x555555559730"},{name="nbytes",value="1024"}],file="../sysdeps/unix/sysv/linux/read.c",fullname="./io/../sysdeps/unix/sysv/linux/read.c",line="26",arch="i386:x86-64"},thread-id="1",stopped-threads="all",core="5"
11^done,threads=[{id="1",target-id="Thread 0x7ffff7da5740 (LWP 1045496)",name="protocol-probe",frame={level="0",addr="0x00007ffff7ec3d31",func="__GI___libc_read",args=[{name="fd",value="0"},{name="buf",value="0x555555559730"},{name="nbytes",value="1024"}],file="../sysdeps/unix/sysv/linux/read.c",fullname="./io/../sysdeps/unix/sysv/linux/read.c",line="26",arch="i386:x86-64"},state="stopped",core="5"}],current-thread-id="1"
(gdb) 
~"\nThread 1 (Thread 0x7ffff7da5740 (LWP 1045496) \"protocol-probe\"):\n"
~"#0  0x00007ffff7ec3d31 in __GI___libc_read (fd=0, buf=0x555555559730, nbytes=1024) at ../sysdeps/unix/sysv/linux/read.c:26\n#1  0x00007ffff7e3a885 in _IO_new_file_underflow (fp=0x7ffff7fac8e0 <_IO_2_1_stdin_>) at ./libio/libioP.h:1030\n#2  0x00007ffff7e2eef0 in __GI___getdelim (lineptr=0x7fffffffd850, n=0x7fffffffd858, delimiter=10, fp=0x7ffff7fac8e0 <_IO_2_1_stdin_>) at ./libio/iogetdelim.c:77\n#3  0x0000555555555330 in main (argc=2, argv=0x7fffffffd9a8) at /home/yayoi/.local/state/strata-sycl/post-reboot-tuning-20261007/owned-gdb-pty-cpu-fixed-path/protocol.c:11\n"
12^done
(gdb) 
~"rax            0xfffffffffffffe00  -512\n"
~"rbx            0x7ffff7fac8e0      140737353795808\n"
~"rcx            0x7ffff7ec3d31      140737352842545\n"
~"rdx            0x400               1024\n"
~"rsi            0x555555559730      93824992253744\n"
~"rdi            0x0                 0\n"
~"rbp            0x7fffffffd7d0      0x7fffffffd7d0\n"
~"rsp            0x7fffffffd798      0x7fffffffd798\n"
~"r8             0x7ffff7facb20      140737353796384\n"
~"r9             0x410               1040\n"
~"r10            0x1                 1\n"
~"r11            0x246               582\n"
~"r12            0x7ffff7fab030      140737353789488\n"
~"r13            0x7ffff7faaee0      140737353789152\n"
~"r14            0x555555558020      93824992247840\n"
~"r15            0x7ffff7fab030      140737353789488\n"
~"rip            0x7ffff7ec3d31      0x7ffff7ec3d31 <__GI___libc_read+17>\n"
~"eflags         0x246               [ PF ZF IF ]\n"
~"cs             0x33                51\n"
~"ss             0x2b                43\n"
~"ds             0x0                 0\n"
~"es             0x0                 0\n"
~"fs             0x0                 0\n"
~"gs             0x0                 0\n"
~"fs_base        0x7ffff7da5740      140737351669568\n"
~"gs_base        0x0                 0\n"
13^done
(gdb) 
~"From                To                  Syms Read   Shared Object Library\n"
~"0x00007ffff7fc6000  0x00007ffff7ff0195  Yes         /lib64/ld-linux-x86-64.so.2\n"
~"0x00007ffff7dd0800  0x00007ffff7f58039  Yes         /usr/lib/x86_64-linux-gnu/libc.so.6\n"
14^done
(gdb) 
15^running
*running,thread-id="all"
(gdb) 
~"[Inferior 1 (process 1045496) exited normally]\n"
=thread-exited,id="1",group-id="i1"
=thread-group-exited,id="i1",exit-code="0"
*stopped,reason="exited-normally"
16^exit
