	linux-vdso.so.1 (0x000075cc45c7a000)
	libze_loader.so.1 => /usr/lib/x86_64-linux-gnu/libze_loader.so.1 (0x000075cc45bb3000)
	libmkl_sycl_blas.so.6 => /opt/intel/oneapi/mkl/2026.1/lib/libmkl_sycl_blas.so.6 (0x000075cc41edc000)
	libmkl_sycl_lapack.so.6 => /opt/intel/oneapi/mkl/2026.1/lib/libmkl_sycl_lapack.so.6 (0x000075cc403e7000)
	libmkl_sycl_dft.so.6 => /opt/intel/oneapi/mkl/2026.1/lib/libmkl_sycl_dft.so.6 (0x000075cc3e140000)
	libmkl_sycl_sparse.so.6 => /opt/intel/oneapi/mkl/2026.1/lib/libmkl_sycl_sparse.so.6 (0x000075cc3aaa4000)
	libmkl_sycl_rng.so.6 => /opt/intel/oneapi/mkl/2026.1/lib/libmkl_sycl_rng.so.6 (0x000075cc36d53000)
	libmkl_sycl_stats.so.6 => /opt/intel/oneapi/mkl/2026.1/lib/libmkl_sycl_stats.so.6 (0x000075cc35fea000)
	libmkl_sycl_vm.so.6 => /opt/intel/oneapi/mkl/2026.1/lib/libmkl_sycl_vm.so.6 (0x000075cc31ec3000)
	libmkl_sycl_data_fitting.so.6 => /opt/intel/oneapi/mkl/2026.1/lib/libmkl_sycl_data_fitting.so.6 (0x000075cc31865000)
	libmkl_intel_lp64.so.3 => /opt/intel/oneapi/mkl/2026.1/lib/libmkl_intel_lp64.so.3 (0x000075cc30860000)
	libmkl_sequential.so.3 => /opt/intel/oneapi/mkl/2026.1/lib/libmkl_sequential.so.3 (0x000075cc2f18a000)
	libmkl_core.so.3 => /opt/intel/oneapi/mkl/2026.1/lib/libmkl_core.so.3 (0x000075cc2ab4d000)
	libstdc++.so.6 => /usr/lib/x86_64-linux-gnu/libstdc++.so.6 (0x000075cc2a8cf000)
	libm.so.6 => /usr/lib/x86_64-linux-gnu/libm.so.6 (0x000075cc2a7e4000)
	libgcc_s.so.1 => /usr/lib/x86_64-linux-gnu/libgcc_s.so.1 (0x000075cc2a7b6000)
	libsycl.so.9 => /opt/intel/oneapi/compiler/2026.1/lib/libsycl.so.9 (0x000075cc2a3da000)
	libOpenCL.so.1 => /opt/intel/oneapi/compiler/2026.1/lib/libOpenCL.so.1 (0x000075cc2a3c6000)
	libc.so.6 => /usr/lib/x86_64-linux-gnu/libc.so.6 (0x000075cc2a1b3000)
	/lib64/ld-linux-x86-64.so.2 (0x000075cc45c7c000)
	libdl.so.2 => /usr/lib/x86_64-linux-gnu/libdl.so.2 (0x000075cc2a1ae000)
	libpthread.so.0 => /usr/lib/x86_64-linux-gnu/libpthread.so.0 (0x000075cc2a1a7000)
	libur_loader.so.0 => /opt/intel/oneapi/compiler/2026.1/lib/libur_loader.so.0 (0x000075cc293e3000)
	libsvml.so => /opt/intel/oneapi/compiler/2026.1/lib/libsvml.so (0x000075cc27c32000)
	libirng.so => /opt/intel/oneapi/compiler/2026.1/lib/libirng.so (0x000075cc27b39000)
	libimf.so => /opt/intel/oneapi/compiler/2026.1/lib/libimf.so (0x000075cc276ea000)
	libintlc.so.5 => /opt/intel/oneapi/compiler/2026.1/lib/libintlc.so.5 (0x000075cc27685000)
	librt.so.1 => /usr/lib/x86_64-linux-gnu/librt.so.1 (0x000075cc27680000)
	libz.so.1 => /usr/lib/x86_64-linux-gnu/libz.so.1 (0x000075cc27664000)
