p1-base start
p1-base request 0 PCIe 0.55 8.442 tok/s
p1-base request 1 PCIe 0.55 7.275 tok/s
p1-base request 2 PCIe 0 15.049 tok/s
p1-base request 3 PCIe 0.1 12.841 tok/s
p1-base request 4 PCIe 0.25 11.729 tok/s
p1-base request 5 PCIe 0.4 7.721 tok/s
p1-base request 6 PCIe 0.4 7.793 tok/s
p1-base request 7 PCIe 0.25 11.719 tok/s
p1-base request 8 PCIe 0.1 12.706 tok/s
p1-base request 9 PCIe 0 14.586 tok/s
p1-base request 10 PCIe 0.55 7.331 tok/s
p1-base PASS full head/IDs/logprobs
p1-thp start
p1-thp request 0 PCIe 0.55 8.618 tok/s
p1-thp request 1 PCIe 0.55 7.384 tok/s
p1-thp request 2 PCIe 0 15.175 tok/s
p1-thp request 3 PCIe 0.1 12.811 tok/s
p1-thp request 4 PCIe 0.25 11.608 tok/s
p1-thp request 5 PCIe 0.4 7.885 tok/s
p1-thp request 6 PCIe 0.4 7.865 tok/s
p1-thp request 7 PCIe 0.25 11.642 tok/s
p1-thp request 8 PCIe 0.1 13.185 tok/s
p1-thp request 9 PCIe 0 15.543 tok/s
p1-thp request 10 PCIe 0.55 7.439 tok/s
p1-thp PASS full head/IDs/logprobs
{"0": {"0": 14.817403107343498, "0.1": 12.773659764931594, "0.25": 11.724298028160334, "0.4": 7.757177898703334, "0.55": 7.303082932676649}, "1": {"0": 15.358950702344549, "0.1": 12.997745736669518, "0.25": 11.624763442891611, "0.4": 7.874803474172214, "0.55": 7.411627978978233}}
