p1-base start
p1-base request 0 14.834 tok/s
p1-base request 1 15.547 tok/s
p1-base request 2 12.228 tok/s
p1-base PASS full head/IDs/logprobs
p1-thp start
p1-thp request 0 14.322 tok/s
p1-thp request 1 15.759 tok/s
p1-thp request 2 15.831 tok/s
p1-thp PASS full head/IDs/logprobs
p1-thp-gather start
p1-thp-gather request 0 18.012 tok/s
p1-thp-gather request 1 15.499 tok/s
p1-thp-gather request 2 15.574 tok/s
p1-thp-gather PASS full head/IDs/logprobs
p2-thp-gather start
p2-thp-gather request 0 16.722 tok/s
p2-thp-gather request 1 15.332 tok/s
p2-thp-gather request 2 15.393 tok/s
p2-thp-gather PASS full head/IDs/logprobs
p2-thp start
p2-thp request 0 17.121 tok/s
p2-thp request 1 16.120 tok/s
p2-thp request 2 15.154 tok/s
p2-thp PASS full head/IDs/logprobs
p2-base start
p2-base request 0 15.930 tok/s
p2-base request 1 15.141 tok/s
p2-base request 2 15.659 tok/s
p2-base PASS full head/IDs/logprobs
p3-base start
p3-base request 0 16.901 tok/s
p3-base request 1 15.235 tok/s
p3-base request 2 15.678 tok/s
p3-base PASS full head/IDs/logprobs
p3-thp start
p3-thp request 0 17.089 tok/s
p3-thp request 1 15.831 tok/s
p3-thp request 2 15.828 tok/s
p3-thp PASS full head/IDs/logprobs
p3-thp-gather start
p3-thp-gather request 0 17.059 tok/s
p3-thp-gather request 1 15.336 tok/s
p3-thp-gather request 2 15.376 tok/s
p3-thp-gather PASS full head/IDs/logprobs
{"(0, 0)": 15.391001885589251, "(1, 0)": 15.829437962560352, "(1, 1)": 15.384250273472976}
