=thread-group-added,id="i1"
(gdb) 
1^done
(gdb) 
2^done
(gdb) 
3^done
(gdb) 
4^done
(gdb) 
5^done
(gdb) 
6^done
(gdb) 
7^done
(gdb) 
8^done
(gdb) 
9^done
(gdb) 
10^done
(gdb) 
=thread-group-started,id="i1",pid="36224"
=thread-created,id="1",group-id="i1"
=library-loaded,id="/lib64/ld-linux-x86-64.so.2",target-name="/lib64/ld-linux-x86-64.so.2",host-name="/lib64/ld-linux-x86-64.so.2",symbols-loaded="0",thread-group="i1",ranges=[{from="0x00007ffff7fc6000",to="0x00007ffff7ff0195"}]
11^running
*running,thread-id="all"
(gdb) 
=library-loaded,id="/usr/lib/x86_64-linux-gnu/libm.so.6",target-name="/usr/lib/x86_64-linux-gnu/libm.so.6",host-name="/usr/lib/x86_64-linux-gnu/libm.so.6",symbols-loaded="0",thread-group="i1",ranges=[{from="0x00007ffff7ee2420",to="0x00007ffff7f603a6"}]
=library-loaded,id="/usr/lib/x86_64-linux-gnu/libz.so.1",target-name="/usr/lib/x86_64-linux-gnu/libz.so.1",host-name="/usr/lib/x86_64-linux-gnu/libz.so.1",symbols-loaded="0",thread-group="i1",ranges=[{from="0x00007ffff7eb8260",to="0x00007ffff7ec9c60"}]
=library-loaded,id="/usr/lib/x86_64-linux-gnu/libexpat.so.1",target-name="/usr/lib/x86_64-linux-gnu/libexpat.so.1",host-name="/usr/lib/x86_64-linux-gnu/libexpat.so.1",symbols-loaded="0",thread-group="i1",ranges=[{from="0x00007ffff7e8c210",to="0x00007ffff7eaa473"}]
=library-loaded,id="/usr/lib/x86_64-linux-gnu/libc.so.6",target-name="/usr/lib/x86_64-linux-gnu/libc.so.6",host-name="/usr/lib/x86_64-linux-gnu/libc.so.6",symbols-loaded="0",thread-group="i1",ranges=[{from="0x00007ffff7c9d800",to="0x00007ffff7e25039"}]
~"[Thread debugging using libthread_db enabled]\n"
~"Using host libthread_db library \"/usr/lib/x86_64-linux-gnu/libthread_db.so.1\".\n"
=library-loaded,id="/usr/lib/python3.12/lib-dynload/_json.cpython-312-x86_64-linux-gnu.so",target-name="/usr/lib/python3.12/lib-dynload/_json.cpython-312-x86_64-linux-gnu.so",host-name="/usr/lib/python3.12/lib-dynload/_json.cpython-312-x86_64-linux-gnu.so",symbols-loaded="0",thread-group="i1",ranges=[{from="0x00007ffff75b06a0",to="0x00007ffff75b660d"}]
~"process 36224 is executing new program: /home/yayoi/ghq/github.com/yqYo1/Strata/.worktree/sync-upstream-2026-10-05/build-sycl-dpct-profile-definition-objects-v1-20261008/strata\n"
=library-unloaded,id="/lib64/ld-linux-x86-64.so.2",target-name="/lib64/ld-linux-x86-64.so.2",host-name="/lib64/ld-linux-x86-64.so.2",thread-group="i1"
=library-unloaded,id="/usr/lib/x86_64-linux-gnu/libm.so.6",target-name="/usr/lib/x86_64-linux-gnu/libm.so.6",host-name="/usr/lib/x86_64-linux-gnu/libm.so.6",thread-group="i1"
=library-unloaded,id="/usr/lib/x86_64-linux-gnu/libz.so.1",target-name="/usr/lib/x86_64-linux-gnu/libz.so.1",host-name="/usr/lib/x86_64-linux-gnu/libz.so.1",thread-group="i1"
=library-unloaded,id="/usr/lib/x86_64-linux-gnu/libexpat.so.1",target-name="/usr/lib/x86_64-linux-gnu/libexpat.so.1",host-name="/usr/lib/x86_64-linux-gnu/libexpat.so.1",thread-group="i1"
=library-unloaded,id="/usr/lib/x86_64-linux-gnu/libc.so.6",target-name="/usr/lib/x86_64-linux-gnu/libc.so.6",host-name="/usr/lib/x86_64-linux-gnu/libc.so.6",thread-group="i1"
=library-unloaded,id="/usr/lib/python3.12/lib-dynload/_json.cpython-312-x86_64-linux-gnu.so",target-name="/usr/lib/python3.12/lib-dynload/_json.cpython-312-x86_64-linux-gnu.so",host-name="/usr/lib/python3.12/lib-dynload/_json.cpython-312-x86_64-linux-gnu.so",thread-group="i1"
=library-loaded,id="/lib64/ld-linux-x86-64.so.2",target-name="/lib64/ld-linux-x86-64.so.2",host-name="/lib64/ld-linux-x86-64.so.2",symbols-loaded="0",thread-group="i1",ranges=[{from="0x00007ffff7fc6000",to="0x00007ffff7ff0195"}]
=library-loaded,id="/usr/lib/x86_64-linux-gnu/libze_loader.so.1",target-name="/usr/lib/x86_64-linux-gnu/libze_loader.so.1",host-name="/usr/lib/x86_64-linux-gnu/libze_loader.so.1",symbols-loaded="0",thread-group="i1",ranges=[{from="0x00007ffff7f14d00",to="0x00007ffff7f99795"}]
=library-loaded,id="/usr/lib/x86_64-linux-gnu/libm.so.6",target-name="/usr/lib/x86_64-linux-gnu/libm.so.6",host-name="/usr/lib/x86_64-linux-gnu/libm.so.6",symbols-loaded="0",thread-group="i1",ranges=[{from="0x00007ffff7e23420",to="0x00007ffff7ea13a6"}]
=library-loaded,id="/opt/intel/oneapi/mkl/2026.1/lib/libmkl_sycl_blas.so.6",target-name="/opt/intel/oneapi/mkl/2026.1/lib/libmkl_sycl_blas.so.6",host-name="/opt/intel/oneapi/mkl/2026.1/lib/libmkl_sycl_blas.so.6",symbols-loaded="0",thread-group="i1",ranges=[{from="0x00007ffff4cf76a0",to="0x00007ffff6a7b502"}]
=library-loaded,id="/opt/intel/oneapi/mkl/2026.1/lib/libmkl_sycl_lapack.so.6",target-name="/opt/intel/oneapi/mkl/2026.1/lib/libmkl_sycl_lapack.so.6",host-name="/opt/intel/oneapi/mkl/2026.1/lib/libmkl_sycl_lapack.so.6",symbols-loaded="0",thread-group="i1",ranges=[{from="0x00007ffff2c122b0",to="0x00007ffff3a50c00"}]
=library-loaded,id="/opt/intel/oneapi/mkl/2026.1/lib/libmkl_sycl_dft.so.6",target-name="/opt/intel/oneapi/mkl/2026.1/lib/libmkl_sycl_dft.so.6",host-name="/opt/intel/oneapi/mkl/2026.1/lib/libmkl_sycl_dft.so.6",symbols-loaded="0",thread-group="i1",ranges=[{from="0x00007ffff04202c0",to="0x00007ffff0787392"}]
=library-loaded,id="/opt/intel/oneapi/mkl/2026.1/lib/libmkl_sycl_sparse.so.6",target-name="/opt/intel/oneapi/mkl/2026.1/lib/libmkl_sycl_sparse.so.6",host-name="/opt/intel/oneapi/mkl/2026.1/lib/libmkl_sycl_sparse.so.6",symbols-loaded="0",thread-group="i1",ranges=[{from="0x00007fffed9f7ce0",to="0x00007fffeeff70e3"}]
=library-loaded,id="/opt/intel/oneapi/mkl/2026.1/lib/libmkl_sycl_rng.so.6",target-name="/opt/intel/oneapi/mkl/2026.1/lib/libmkl_sycl_rng.so.6",host-name="/opt/intel/oneapi/mkl/2026.1/lib/libmkl_sycl_rng.so.6",symbols-loaded="0",thread-group="i1",ranges=[{from="0x00007fffe9e59f40",to="0x00007fffeb51fe42"}]
=library-loaded,id="/opt/intel/oneapi/mkl/2026.1/lib/libmkl_sycl_stats.so.6",target-name="/opt/intel/oneapi/mkl/2026.1/lib/libmkl_sycl_stats.so.6",host-name="/opt/intel/oneapi/mkl/2026.1/lib/libmkl_sycl_stats.so.6",symbols-loaded="0",thread-group="i1",ranges=[{from="0x00007fffe86ad720",to="0x00007fffe8ab88d0"}]
=library-loaded,id="/opt/intel/oneapi/mkl/2026.1/lib/libmkl_sycl_vm.so.6",target-name="/opt/intel/oneapi/mkl/2026.1/lib/libmkl_sycl_vm.so.6",host-name="/opt/intel/oneapi/mkl/2026.1/lib/libmkl_sycl_vm.so.6",symbols-loaded="0",thread-group="i1",ranges=[{from="0x00007fffe534fca0",to="0x00007fffe6b13eb4"}]
=library-loaded,id="/opt/intel/oneapi/mkl/2026.1/lib/libmkl_sycl_data_fitting.so.6",target-name="/opt/intel/oneapi/mkl/2026.1/lib/libmkl_sycl_data_fitting.so.6",host-name="/opt/intel/oneapi/mkl/2026.1/lib/libmkl_sycl_data_fitting.so.6",symbols-loaded="0",thread-group="i1",ranges=[{from="0x00007fffe3e562e0",to="0x00007fffe3efeac3"}]
=library-loaded,id="/opt/intel/oneapi/mkl/2026.1/lib/libmkl_intel_lp64.so.3",target-name="/opt/intel/oneapi/mkl/2026.1/lib/libmkl_intel_lp64.so.3",host-name="/opt/intel/oneapi/mkl/2026.1/lib/libmkl_intel_lp64.so.3",symbols-loaded="0",thread-group="i1",ranges=[{from="0x00007fffe2d4e430",to="0x00007fffe381243f"}]
=library-loaded,id="/opt/intel/oneapi/mkl/2026.1/lib/libmkl_sequential.so.3",target-name="/opt/intel/oneapi/mkl/2026.1/lib/libmkl_sequential.so.3",host-name="/opt/intel/oneapi/mkl/2026.1/lib/libmkl_sequential.so.3",symbols-loaded="0",thread-group="i1",ranges=[{from="0x00007fffe1576b70",to="0x00007fffe28ecdca"}]
=library-loaded,id="/opt/intel/oneapi/mkl/2026.1/lib/libmkl_core.so.3",target-name="/opt/intel/oneapi/mkl/2026.1/lib/libmkl_core.so.3",host-name="/opt/intel/oneapi/mkl/2026.1/lib/libmkl_core.so.3",symbols-loaded="0",thread-group="i1",ranges=[{from="0x00007fffdcfbde00",to="0x00007fffe0e9b03c"}]
=library-loaded,id="/usr/lib/x86_64-linux-gnu/libstdc++.so.6",target-name="/usr/lib/x86_64-linux-gnu/libstdc++.so.6",host-name="/usr/lib/x86_64-linux-gnu/libstdc++.so.6",symbols-loaded="0",thread-group="i1",ranges=[{from="0x00007fffdcbd45c0",to="0x00007fffdcd13ce2"}]
=library-loaded,id="/usr/lib/x86_64-linux-gnu/libgcc_s.so.1",target-name="/usr/lib/x86_64-linux-gnu/libgcc_s.so.1",host-name="/usr/lib/x86_64-linux-gnu/libgcc_s.so.1",symbols-loaded="0",thread-group="i1",ranges=[{from="0x00007fffdcb05780",to="0x00007fffdcb28745"}]
=library-loaded,id="/opt/intel/oneapi/compiler/2026.1/lib/libsycl.so.9",target-name="/opt/intel/oneapi/compiler/2026.1/lib/libsycl.so.9",host-name="/opt/intel/oneapi/compiler/2026.1/lib/libsycl.so.9",symbols-loaded="0",thread-group="i1",ranges=[{from="0x00007fffdc820900",to="0x00007fffdcaf0aae"}]
=library-loaded,id="/opt/intel/oneapi/compiler/2026.1/lib/libOpenCL.so.1",target-name="/opt/intel/oneapi/compiler/2026.1/lib/libOpenCL.so.1",host-name="/opt/intel/oneapi/compiler/2026.1/lib/libOpenCL.so.1",symbols-loaded="0",thread-group="i1",ranges=[{from="0x00007fffdc717b10",to="0x00007fffdc71fe05"}]
=library-loaded,id="/usr/lib/x86_64-linux-gnu/libc.so.6",target-name="/usr/lib/x86_64-linux-gnu/libc.so.6",host-name="/usr/lib/x86_64-linux-gnu/libc.so.6",symbols-loaded="0",thread-group="i1",ranges=[{from="0x00007fffdc524800",to="0x00007fffdc6ac039"}]
=library-loaded,id="/usr/lib/x86_64-linux-gnu/libdl.so.2",target-name="/usr/lib/x86_64-linux-gnu/libdl.so.2",host-name="/usr/lib/x86_64-linux-gnu/libdl.so.2",symbols-loaded="0",thread-group="i1",ranges=[{from="0x00007fffdc4f8040",to="0x00007fffdc4f8105"}]
=library-loaded,id="/usr/lib/x86_64-linux-gnu/libpthread.so.0",target-name="/usr/lib/x86_64-linux-gnu/libpthread.so.0",host-name="/usr/lib/x86_64-linux-gnu/libpthread.so.0",symbols-loaded="0",thread-group="i1",ranges=[{from="0x00007fffdc4f3040",to="0x00007fffdc4f3105"}]
=library-loaded,id="/opt/intel/oneapi/compiler/2026.1/lib/libur_loader.so.0",target-name="/opt/intel/oneapi/compiler/2026.1/lib/libur_loader.so.0",host-name="/opt/intel/oneapi/compiler/2026.1/lib/libur_loader.so.0",symbols-loaded="0",thread-group="i1",ranges=[{from="0x00007fffdbb25840",to="0x00007fffdc49fd24"}]
=library-loaded,id="/opt/intel/oneapi/compiler/2026.1/lib/libsvml.so",target-name="/opt/intel/oneapi/compiler/2026.1/lib/libsvml.so",host-name="/opt/intel/oneapi/compiler/2026.1/lib/libsvml.so",symbols-loaded="0",thread-group="i1",ranges=[{from="0x00007fffdab835c0",to="0x00007fffdb62ba7f"}]
=library-loaded,id="/opt/intel/oneapi/compiler/2026.1/lib/libirng.so",target-name="/opt/intel/oneapi/compiler/2026.1/lib/libirng.so",host-name="/opt/intel/oneapi/compiler/2026.1/lib/libirng.so",symbols-loaded="0",thread-group="i1",ranges=[{from="0x00007fffd9f22c80",to="0x00007fffd9f65f16"}]
=library-loaded,id="/opt/intel/oneapi/compiler/2026.1/lib/libimf.so",target-name="/opt/intel/oneapi/compiler/2026.1/lib/libimf.so",host-name="/opt/intel/oneapi/compiler/2026.1/lib/libimf.so",symbols-loaded="0",thread-group="i1",ranges=[{from="0x00007fffd9ca2170",to="0x00007fffd9e30292"}]
=library-loaded,id="/opt/intel/oneapi/compiler/2026.1/lib/libintlc.so.5",target-name="/opt/intel/oneapi/compiler/2026.1/lib/libintlc.so.5",host-name="/opt/intel/oneapi/compiler/2026.1/lib/libintlc.so.5",symbols-loaded="0",thread-group="i1",ranges=[{from="0x00007fffd99e1240",to="0x00007fffd9a2c1f0"}]
=library-loaded,id="/usr/lib/x86_64-linux-gnu/librt.so.1",target-name="/usr/lib/x86_64-linux-gnu/librt.so.1",host-name="/usr/lib/x86_64-linux-gnu/librt.so.1",symbols-loaded="0",thread-group="i1",ranges=[{from="0x00007fffd99cc080",to="0x00007fffd99cc2b1"}]
=library-loaded,id="/usr/lib/x86_64-linux-gnu/libz.so.1",target-name="/usr/lib/x86_64-linux-gnu/libz.so.1",host-name="/usr/lib/x86_64-linux-gnu/libz.so.1",symbols-loaded="0",thread-group="i1",ranges=[{from="0x00007fffd99af260",to="0x00007fffd99c0c60"}]
&"warning: File \"/opt/intel/oneapi/compiler/2026.1/lib/libsycl.so.9.0.0-gdb.py\" auto-loading has been declined by your `auto-load safe-path' set to \"$debugdir:$datadir/auto-load\".\n"
~"To enable execution of this file add\n\tadd-auto-load-safe-path "
~"/opt/intel/oneapi/compiler/2026.1/lib/libsycl.so.9.0.0-gdb.py\nline to your configuration file \""
~"/home/yayoi/.config/gdb/gdbinit\".\nTo completely disable this security protection add\n\tset auto-load safe-path /\nline to your configuration file \""
~"/home/yayoi/.config/gdb/gdbinit\".\nFor more information about this security protection see the\n\"Auto-loading safe path\" section in the GDB manual.  E.g., run from the shell:\n\tinfo \"(gdb)Auto-loading safe path\"\n"
~"[Thread debugging using libthread_db enabled]\n"
~"Using host libthread_db library \"/usr/lib/x86_64-linux-gnu/libthread_db.so.1\".\n"
=library-loaded,id="/opt/intel/oneapi/compiler/2026.1/lib/libur_adapter_level_zero_v2.so.0",target-name="/opt/intel/oneapi/compiler/2026.1/lib/libur_adapter_level_zero_v2.so.0",host-name="/opt/intel/oneapi/compiler/2026.1/lib/libur_adapter_level_zero_v2.so.0",symbols-loaded="0",thread-group="i1",ranges=[{from="0x00007fec615f0750",to="0x00007fec6174c822"}]
=library-loaded,id="/opt/intel/oneapi/umf/1.1/lib/libumf.so.1",target-name="/opt/intel/oneapi/umf/1.1/lib/libumf.so.1",host-name="/opt/intel/oneapi/umf/1.1/lib/libumf.so.1",symbols-loaded="0",thread-group="i1",ranges=[{from="0x00007fffd99518f0",to="0x00007fffd9974470"}]
=library-loaded,id="/usr/lib/x86_64-linux-gnu/libhwloc.so.15",target-name="/usr/lib/x86_64-linux-gnu/libhwloc.so.15",host-name="/usr/lib/x86_64-linux-gnu/libhwloc.so.15",symbols-loaded="0",thread-group="i1",ranges=[{from="0x00007fec6153fd90",to="0x00007fec61585d2e"}]
=library-loaded,id="/usr/lib/x86_64-linux-gnu/libudev.so.1",target-name="/usr/lib/x86_64-linux-gnu/libudev.so.1",host-name="/usr/lib/x86_64-linux-gnu/libudev.so.1",symbols-loaded="0",thread-group="i1",ranges=[{from="0x00007fffd991d0f0",to="0x00007fffd993d4c0"}]
=library-loaded,id="/usr/lib/x86_64-linux-gnu/libcap.so.2",target-name="/usr/lib/x86_64-linux-gnu/libcap.so.2",host-name="/usr/lib/x86_64-linux-gnu/libcap.so.2",symbols-loaded="0",thread-group="i1",ranges=[{from="0x00007fffd990d9c0",to="0x00007fffd9912607"}]
=library-loaded,id="/usr/lib/x86_64-linux-gnu/libze_intel_gpu.so.1",target-name="/usr/lib/x86_64-linux-gnu/libze_intel_gpu.so.1",host-name="/usr/lib/x86_64-linux-gnu/libze_intel_gpu.so.1",symbols-loaded="0",thread-group="i1",ranges=[{from="0x00007fec5d9f4570",to="0x00007fec5e2ffa32"}]
=library-loaded,id="/usr/lib/x86_64-linux-gnu/libigdgmm.so.12",target-name="/usr/lib/x86_64-linux-gnu/libigdgmm.so.12",host-name="/usr/lib/x86_64-linux-gnu/libigdgmm.so.12",symbols-loaded="0",thread-group="i1",ranges=[{from="0x00007fec5d8692c0",to="0x00007fec5d92ca89"}]
=library-loaded,id="/usr/lib/x86_64-linux-gnu/libze_validation_layer.so.1",target-name="/usr/lib/x86_64-linux-gnu/libze_validation_layer.so.1",host-name="/usr/lib/x86_64-linux-gnu/libze_validation_layer.so.1",symbols-loaded="0",thread-group="i1",ranges=[{from="0x00007fec5d6afc80",to="0x00007fec5d7fe5f5"}]
=library-loaded,id="/usr/lib/x86_64-linux-gnu/libze_tracing_layer.so.1",target-name="/usr/lib/x86_64-linux-gnu/libze_tracing_layer.so.1",host-name="/usr/lib/x86_64-linux-gnu/libze_tracing_layer.so.1",symbols-loaded="0",thread-group="i1",ranges=[{from="0x00007fec5d5b3410",to="0x00007fec5d664570"}]
=library-loaded,id="/usr/lib/x86_64-linux-gnu/libigdfcl.so.2",target-name="/usr/lib/x86_64-linux-gnu/libigdfcl.so.2",host-name="/usr/lib/x86_64-linux-gnu/libigdfcl.so.2",symbols-loaded="0",thread-group="i1",ranges=[{from="0x00007fec5d29ced0",to="0x00007fec5d3fe62d"}]
=library-loaded,id="/usr/lib/x86_64-linux-gnu/libopencl-clang.so.17",target-name="/usr/lib/x86_64-linux-gnu/libopencl-clang.so.17",host-name="/usr/lib/x86_64-linux-gnu/libopencl-clang.so.17",symbols-loaded="0",thread-group="i1",ranges=[{from="0x00007fec55767400",to="0x00007fec59740b62"}]
=library-loaded,id="/usr/lib/x86_64-linux-gnu/libigc.so.2",target-name="/usr/lib/x86_64-linux-gnu/libigc.so.2",host-name="/usr/lib/x86_64-linux-gnu/libigc.so.2",symbols-loaded="0",thread-group="i1",ranges=[{from="0x00007fec4f8e8c00",to="0x00007fec52c85895"}]
=library-loaded,id="/usr/lib/x86_64-linux-gnu/libigdml.so.1",target-name="/usr/lib/x86_64-linux-gnu/libigdml.so.1",host-name="/usr/lib/x86_64-linux-gnu/libigdml.so.1",symbols-loaded="0",thread-group="i1",ranges=[{from="0x00007fec4f4ade20",to="0x00007fec4f5a8888"}]
=library-loaded,id="/usr/lib/x86_64-linux-gnu/libdrm.so.2",target-name="/usr/lib/x86_64-linux-gnu/libdrm.so.2",host-name="/usr/lib/x86_64-linux-gnu/libdrm.so.2",symbols-loaded="0",thread-group="i1",ranges=[{from="0x00007fec4f482780",to="0x00007fec4f48d931"}]
=library-loaded,id="/usr/lib/x86_64-linux-gnu/libnl-genl-3.so.200",target-name="/usr/lib/x86_64-linux-gnu/libnl-genl-3.so.200",host-name="/usr/lib/x86_64-linux-gnu/libnl-genl-3.so.200",symbols-loaded="0",thread-group="i1",ranges=[{from="0x00007fec4f2a7680",to="0x00007fec4f2a920c"}]
=library-loaded,id="/usr/lib/x86_64-linux-gnu/libnl-3.so.200",target-name="/usr/lib/x86_64-linux-gnu/libnl-3.so.200",host-name="/usr/lib/x86_64-linux-gnu/libnl-3.so.200",symbols-loaded="0",thread-group="i1",ranges=[{from="0x00007fec4f28b8c0",to="0x00007fec4f299cb9"}]
=library-unloaded,id="/usr/lib/x86_64-linux-gnu/libnl-genl-3.so.200",target-name="/usr/lib/x86_64-linux-gnu/libnl-genl-3.so.200",host-name="/usr/lib/x86_64-linux-gnu/libnl-genl-3.so.200",thread-group="i1"
=library-unloaded,id="/usr/lib/x86_64-linux-gnu/libnl-3.so.200",target-name="/usr/lib/x86_64-linux-gnu/libnl-3.so.200",host-name="/usr/lib/x86_64-linux-gnu/libnl-3.so.200",thread-group="i1"
=library-loaded,id="/usr/lib/x86_64-linux-gnu/libnl-genl-3.so.200",target-name="/usr/lib/x86_64-linux-gnu/libnl-genl-3.so.200",host-name="/usr/lib/x86_64-linux-gnu/libnl-genl-3.so.200",symbols-loaded="0",thread-group="i1",ranges=[{from="0x00007fec4f2a7680",to="0x00007fec4f2a920c"}]
=library-loaded,id="/usr/lib/x86_64-linux-gnu/libnl-3.so.200",target-name="/usr/lib/x86_64-linux-gnu/libnl-3.so.200",host-name="/usr/lib/x86_64-linux-gnu/libnl-3.so.200",symbols-loaded="0",thread-group="i1",ranges=[{from="0x00007fec4f28b8c0",to="0x00007fec4f299cb9"}]
=thread-created,id="2",group-id="i1"
~"[New Thread 0x7fffd73196c0 (LWP 36522)]\n"
*running,thread-id="2"
=thread-created,id="3",group-id="i1"
~"[New Thread 0x7fffd67186c0 (LWP 36546)]\n"
*running,thread-id="3"
=thread-created,id="4",group-id="i1"
~"[New Thread 0x7fffd5f176c0 (LWP 36547)]\n"
*running,thread-id="4"
=thread-created,id="5",group-id="i1"
~"[New Thread 0x7fffd57166c0 (LWP 36548)]\n"
*running,thread-id="5"
=thread-created,id="6",group-id="i1"
~"[New Thread 0x7fffd4f156c0 (LWP 36549)]\n"
*running,thread-id="6"
=thread-created,id="7",group-id="i1"
~"[New Thread 0x7fffd47146c0 (LWP 36550)]\n"
*running,thread-id="7"
=thread-created,id="8",group-id="i1"
~"[New Thread 0x7fffd3f136c0 (LWP 36551)]\n"
*running,thread-id="8"
=thread-created,id="9",group-id="i1"
~"[New Thread 0x7fffd37126c0 (LWP 36552)]\n"
*running,thread-id="9"
=thread-created,id="10",group-id="i1"
~"[New Thread 0x7fffd2f116c0 (LWP 36553)]\n"
*running,thread-id="10"
=thread-created,id="11",group-id="i1"
~"[New Thread 0x7fffd27106c0 (LWP 36554)]\n"
*running,thread-id="11"
=thread-created,id="12",group-id="i1"
~"[New Thread 0x7fffd1f0f6c0 (LWP 36555)]\n"
*running,thread-id="12"
=thread-created,id="13",group-id="i1"
~"[New Thread 0x7fffd170e6c0 (LWP 36556)]\n"
*running,thread-id="13"
=thread-created,id="14",group-id="i1"
~"[New Thread 0x7fffd0f0d6c0 (LWP 36557)]\n"
*running,thread-id="14"
=thread-created,id="15",group-id="i1"
~"[New Thread 0x7fffd070c6c0 (LWP 36558)]\n"
*running,thread-id="15"
=thread-created,id="16",group-id="i1"
~"[New Thread 0x7fffcff0b6c0 (LWP 36559)]\n"
*running,thread-id="16"
=thread-created,id="17",group-id="i1"
~"[New Thread 0x7fffcf70a6c0 (LWP 36560)]\n"
*running,thread-id="17"
=thread-created,id="18",group-id="i1"
~"[New Thread 0x7fffcef096c0 (LWP 36561)]\n"
*running,thread-id="18"
=thread-created,id="19",group-id="i1"
~"[New Thread 0x7fffce7086c0 (LWP 36562)]\n"
*running,thread-id="19"
=thread-created,id="20",group-id="i1"
~"[New Thread 0x7fffcdf076c0 (LWP 36563)]\n"
*running,thread-id="20"
=thread-created,id="21",group-id="i1"
~"[New Thread 0x7fffcd7066c0 (LWP 36564)]\n"
*running,thread-id="21"
=thread-created,id="22",group-id="i1"
~"[New Thread 0x7fffccf056c0 (LWP 36565)]\n"
*running,thread-id="22"
=thread-created,id="23",group-id="i1"
~"[New Thread 0x7fffcc7046c0 (LWP 36566)]\n"
*running,thread-id="23"
=thread-created,id="24",group-id="i1"
~"[New Thread 0x7fffcbf036c0 (LWP 36567)]\n"
*running,thread-id="24"
=thread-created,id="25",group-id="i1"
~"[New Thread 0x7fffcb7026c0 (LWP 36568)]\n"
*running,thread-id="25"
=thread-created,id="26",group-id="i1"
~"[New Thread 0x7fffcaf016c0 (LWP 36569)]\n"
*running,thread-id="26"
=thread-created,id="27",group-id="i1"
~"[New Thread 0x7fffca7006c0 (LWP 36570)]\n"
*running,thread-id="27"
=thread-created,id="28",group-id="i1"
~"[New Thread 0x7fffc9eff6c0 (LWP 36571)]\n"
*running,thread-id="28"
=thread-created,id="29",group-id="i1"
~"[New Thread 0x7fffc96fe6c0 (LWP 36572)]\n"
*running,thread-id="29"
=thread-created,id="30",group-id="i1"
~"[New Thread 0x7fffc8efd6c0 (LWP 36573)]\n"
*running,thread-id="30"
=thread-created,id="31",group-id="i1"
~"[New Thread 0x7fffc86fc6c0 (LWP 36574)]\n"
*running,thread-id="31"
=thread-created,id="32",group-id="i1"
~"[New Thread 0x7fffc7efb6c0 (LWP 36575)]\n"
*running,thread-id="32"
=thread-created,id="33",group-id="i1"
~"[New Thread 0x7fffc76fa6c0 (LWP 36576)]\n"
*running,thread-id="33"
=thread-created,id="34",group-id="i1"
~"[New Thread 0x7fffc6ef96c0 (LWP 36577)]\n"
*running,thread-id="34"
=thread-created,id="35",group-id="i1"
~"[New Thread 0x7fffc66f86c0 (LWP 36578)]\n"
*running,thread-id="35"
=thread-created,id="36",group-id="i1"
~"[New Thread 0x7fffc5ef76c0 (LWP 36579)]\n"
*running,thread-id="36"
=thread-created,id="37",group-id="i1"
~"[New Thread 0x7fffc56f66c0 (LWP 36580)]\n"
*running,thread-id="37"
=thread-created,id="38",group-id="i1"
~"[New Thread 0x7fffc4ef56c0 (LWP 36581)]\n"
*running,thread-id="38"
=thread-created,id="39",group-id="i1"
~"[New Thread 0x7fffc46f46c0 (LWP 36582)]\n"
*running,thread-id="39"
=thread-created,id="40",group-id="i1"
~"[New Thread 0x7fffc3ef36c0 (LWP 36583)]\n"
*running,thread-id="40"
=thread-created,id="41",group-id="i1"
~"[New Thread 0x7fffc36f26c0 (LWP 36584)]\n"
*running,thread-id="41"
=thread-created,id="42",group-id="i1"
~"[New Thread 0x7fffc2ef16c0 (LWP 36585)]\n"
*running,thread-id="42"
=thread-created,id="43",group-id="i1"
~"[New Thread 0x7fffc26f06c0 (LWP 36586)]\n"
*running,thread-id="43"
=thread-created,id="44",group-id="i1"
~"[New Thread 0x7fffc1eef6c0 (LWP 36587)]\n"
*running,thread-id="44"
=thread-created,id="45",group-id="i1"
~"[New Thread 0x7fffc16ee6c0 (LWP 36588)]\n"
*running,thread-id="45"
=thread-created,id="46",group-id="i1"
~"[New Thread 0x7fffc0eed6c0 (LWP 36589)]\n"
*running,thread-id="46"
=thread-created,id="47",group-id="i1"
~"[New Thread 0x7fffc06ec6c0 (LWP 36590)]\n"
*running,thread-id="47"
=thread-created,id="48",group-id="i1"
~"[New Thread 0x7fffbfeeb6c0 (LWP 36591)]\n"
*running,thread-id="48"
=thread-created,id="49",group-id="i1"
~"[New Thread 0x7fffbf6ea6c0 (LWP 36592)]\n"
*running,thread-id="49"
=thread-created,id="50",group-id="i1"
~"[New Thread 0x7fffbeee96c0 (LWP 36593)]\n"
*running,thread-id="50"
=thread-created,id="51",group-id="i1"
~"[New Thread 0x7fffbe6e86c0 (LWP 36594)]\n"
*running,thread-id="51"
=thread-created,id="52",group-id="i1"
~"[New Thread 0x7fffbdee76c0 (LWP 36595)]\n"
*running,thread-id="52"
=thread-created,id="53",group-id="i1"
~"[New Thread 0x7fffbd6e66c0 (LWP 36596)]\n"
*running,thread-id="53"
=thread-created,id="54",group-id="i1"
~"[New Thread 0x7fffbcee56c0 (LWP 36597)]\n"
*running,thread-id="54"
=thread-created,id="55",group-id="i1"
~"[New Thread 0x7fffbc6e46c0 (LWP 36598)]\n"
*running,thread-id="55"
=thread-created,id="56",group-id="i1"
~"[New Thread 0x7fffbbee36c0 (LWP 36599)]\n"
*running,thread-id="56"
=thread-created,id="57",group-id="i1"
~"[New Thread 0x7fffbb6e26c0 (LWP 36600)]\n"
*running,thread-id="57"
=thread-created,id="58",group-id="i1"
~"[New Thread 0x7fffbaee16c0 (LWP 36601)]\n"
*running,thread-id="58"
=thread-created,id="59",group-id="i1"
~"[New Thread 0x7fffba6e06c0 (LWP 36602)]\n"
*running,thread-id="59"
=thread-created,id="60",group-id="i1"
~"[New Thread 0x7fffb9edf6c0 (LWP 36603)]\n"
*running,thread-id="60"
=thread-created,id="61",group-id="i1"
~"[New Thread 0x7fffb96de6c0 (LWP 36604)]\n"
*running,thread-id="61"
=thread-created,id="62",group-id="i1"
~"[New Thread 0x7fffb8edd6c0 (LWP 36605)]\n"
*running,thread-id="62"
=thread-created,id="63",group-id="i1"
~"[New Thread 0x7fffb86dc6c0 (LWP 36606)]\n"
*running,thread-id="63"
=thread-created,id="64",group-id="i1"
~"[New Thread 0x7fffb7edb6c0 (LWP 36607)]\n"
*running,thread-id="64"
=thread-created,id="65",group-id="i1"
~"[New Thread 0x7fffb76da6c0 (LWP 36608)]\n"
*running,thread-id="65"
=thread-created,id="66",group-id="i1"
~"[New Thread 0x7fffb6ed96c0 (LWP 36609)]\n"
*running,thread-id="66"
=thread-created,id="67",group-id="i1"
~"[New Thread 0x7fffb06d46c0 (LWP 36611)]\n"
*running,thread-id="67"
=thread-created,id="68",group-id="i1"
~"[New Thread 0x7ffed12d16c0 (LWP 36697)]\n"
*running,thread-id="68"
=thread-created,id="69",group-id="i1"
~"[New Thread 0x7ffed0ad06c0 (LWP 36698)]\n"
*running,thread-id="69"
=thread-created,id="70",group-id="i1"
~"[New Thread 0x7ffecb66c6c0 (LWP 36699)]\n"
*running,thread-id="70"
=thread-created,id="71",group-id="i1"
~"[New Thread 0x7ffeca6686c0 (LWP 36700)]\n"
*running,thread-id="71"
=thread-created,id="72",group-id="i1"
~"[New Thread 0x7ffec96646c0 (LWP 36701)]\n"
*running,thread-id="72"
~"[Thread 0x7ffeca6686c0 (LWP 36700) exited]\n"
=thread-exited,id="71",group-id="i1"
~"[Thread 0x7ffed0ad06c0 (LWP 36698) exited]\n"
=thread-exited,id="69",group-id="i1"
~"[Thread 0x7ffec96646c0 (LWP 36701) exited]\n"
=thread-exited,id="72",group-id="i1"
~"[Thread 0x7ffed12d16c0 (LWP 36697) exited]\n"
=thread-exited,id="68",group-id="i1"
~"[Thread 0x7ffecb66c6c0 (LWP 36699) exited]\n"
=thread-exited,id="70",group-id="i1"
=thread-created,id="73",group-id="i1"
~"[New Thread 0x7ffec96646c0 (LWP 37937)]\n"
*running,thread-id="73"
=thread-created,id="74",group-id="i1"
~"[New Thread 0x7ffeca6686c0 (LWP 37938)]\n"
*running,thread-id="74"
=thread-created,id="75",group-id="i1"
~"[New Thread 0x7ffecb66c6c0 (LWP 37939)]\n"
*running,thread-id="75"
=thread-created,id="76",group-id="i1"
~"[New Thread 0x7ffed0ad06c0 (LWP 37940)]\n"
*running,thread-id="76"
=thread-created,id="77",group-id="i1"
~"[New Thread 0x7fffd8e096c0 (LWP 37941)]\n"
*running,thread-id="77"
=thread-created,id="78",group-id="i1"
~"[New Thread 0x7ffeb8fff6c0 (LWP 37946)]\n"
*running,thread-id="78"
=thread-created,id="79",group-id="i1"
~"[New Thread 0x7ffeb3fff6c0 (LWP 37947)]\n"
*running,thread-id="79"
=thread-created,id="80",group-id="i1"
~"[New Thread 0x7ffeb37fe6c0 (LWP 37948)]\n"
*running,thread-id="80"
=thread-created,id="81",group-id="i1"
~"[New Thread 0x7ffeb1dfd6c0 (LWP 37951)]\n"
*running,thread-id="81"
=thread-created,id="82",group-id="i1"
~"[New Thread 0x7ffeb15fc6c0 (LWP 37952)]\n"
*running,thread-id="82"
=thread-created,id="83",group-id="i1"
~"[New Thread 0x7ffeb0dfb6c0 (LWP 37995)]\n"
*running,thread-id="83"
~"[Thread 0x7ffeb0dfb6c0 (LWP 37995) exited]\n"
=thread-exited,id="83",group-id="i1"
=thread-created,id="84",group-id="i1"
~"[New Thread 0x7ffeb0dfb6c0 (LWP 38299)]\n"
*running,thread-id="84"
~"[Thread 0x7ffeb0dfb6c0 (LWP 38299) exited]\n"
=thread-exited,id="84",group-id="i1"
=thread-created,id="85",group-id="i1"
~"[New Thread 0x7ffeb0dfb6c0 (LWP 40878)]\n"
*running,thread-id="85"
~"[Thread 0x7ffeb0dfb6c0 (LWP 40878) exited]\n"
=thread-exited,id="85",group-id="i1"
=thread-created,id="86",group-id="i1"
~"[New Thread 0x7ffeb0dfb6c0 (LWP 43472)]\n"
*running,thread-id="86"
~"[Thread 0x7ffeb0dfb6c0 (LWP 43472) exited]\n"
=thread-exited,id="86",group-id="i1"
=thread-created,id="87",group-id="i1"
~"[New Thread 0x7ffeb0dfb6c0 (LWP 49794)]\n"
*running,thread-id="87"
~"[Thread 0x7ffeb0dfb6c0 (LWP 49794) exited]\n"
=thread-exited,id="87",group-id="i1"
=thread-created,id="88",group-id="i1"
~"[New Thread 0x7ffeb0dfb6c0 (LWP 49842)]\n"
*running,thread-id="88"
~"[Thread 0x7ffeb0dfb6c0 (LWP 49842) exited]\n"
=thread-exited,id="88",group-id="i1"
=thread-created,id="89",group-id="i1"
~"[New Thread 0x7ffeb0dfb6c0 (LWP 52431)]\n"
*running,thread-id="89"
~"[Thread 0x7ffeb0dfb6c0 (LWP 52431) exited]\n"
=thread-exited,id="89",group-id="i1"
=thread-created,id="90",group-id="i1"
~"[New Thread 0x7ffeb0dfb6c0 (LWP 55036)]\n"
*running,thread-id="90"
~"[Thread 0x7ffeb0dfb6c0 (LWP 55036) exited]\n"
=thread-exited,id="90",group-id="i1"
=thread-created,id="91",group-id="i1"
~"[New Thread 0x7ffeb0dfb6c0 (LWP 57698)]\n"
*running,thread-id="91"
~"[Thread 0x7ffeb0dfb6c0 (LWP 57698) exited]\n"
=thread-exited,id="91",group-id="i1"
=thread-created,id="92",group-id="i1"
~"[New Thread 0x7ffeb0dfb6c0 (LWP 60313)]\n"
*running,thread-id="92"
~"[Thread 0x7ffeb0dfb6c0 (LWP 60313) exited]\n"
=thread-exited,id="92",group-id="i1"
=thread-created,id="93",group-id="i1"
~"[New Thread 0x7ffeb0dfb6c0 (LWP 62944)]\n"
*running,thread-id="93"
~"[Thread 0x7ffeb0dfb6c0 (LWP 62944) exited]\n"
=thread-exited,id="93",group-id="i1"
=thread-created,id="94",group-id="i1"
~"[New Thread 0x7ffeb0dfb6c0 (LWP 65497)]\n"
*running,thread-id="94"
~"[Thread 0x7ffeb0dfb6c0 (LWP 65497) exited]\n"
=thread-exited,id="94",group-id="i1"
=thread-created,id="95",group-id="i1"
~"[New Thread 0x7ffeb0dfb6c0 (LWP 68322)]\n"
*running,thread-id="95"
~"[Thread 0x7ffeb0dfb6c0 (LWP 68322) exited]\n"
=thread-exited,id="95",group-id="i1"
=thread-created,id="96",group-id="i1"
~"[New Thread 0x7ffeb0dfb6c0 (LWP 71185)]\n"
*running,thread-id="96"
~"[Thread 0x7ffeb0dfb6c0 (LWP 71185) exited]\n"
=thread-exited,id="96",group-id="i1"
=thread-created,id="97",group-id="i1"
~"[New Thread 0x7ffeb0dfb6c0 (LWP 74047)]\n"
*running,thread-id="97"
~"[Thread 0x7ffeb0dfb6c0 (LWP 74047) exited]\n"
=thread-exited,id="97",group-id="i1"
=thread-created,id="98",group-id="i1"
~"[New Thread 0x7ffeb0dfb6c0 (LWP 76831)]\n"
*running,thread-id="98"
~"[Thread 0x7ffeb0dfb6c0 (LWP 76831) exited]\n"
=thread-exited,id="98",group-id="i1"
=thread-created,id="99",group-id="i1"
~"[New Thread 0x7ffeb0dfb6c0 (LWP 79552)]\n"
*running,thread-id="99"
~"[Thread 0x7ffeb0dfb6c0 (LWP 79552) exited]\n"
=thread-exited,id="99",group-id="i1"
=thread-created,id="100",group-id="i1"
~"[New Thread 0x7ffeb0dfb6c0 (LWP 82422)]\n"
*running,thread-id="100"
~"[Thread 0x7ffeb0dfb6c0 (LWP 82422) exited]\n"
=thread-exited,id="100",group-id="i1"
=thread-created,id="101",group-id="i1"
~"[New Thread 0x7ffeb0dfb6c0 (LWP 85175)]\n"
*running,thread-id="101"
~"[Thread 0x7ffeb0dfb6c0 (LWP 85175) exited]\n"
=thread-exited,id="101",group-id="i1"
=thread-created,id="102",group-id="i1"
~"[New Thread 0x7ffeb0dfb6c0 (LWP 88033)]\n"
*running,thread-id="102"
~"[Thread 0x7ffeb0dfb6c0 (LWP 88033) exited]\n"
=thread-exited,id="102",group-id="i1"
=thread-created,id="103",group-id="i1"
~"[New Thread 0x7ffeb0dfb6c0 (LWP 90951)]\n"
*running,thread-id="103"
~"[Thread 0x7ffeb0dfb6c0 (LWP 90951) exited]\n"
=thread-exited,id="103",group-id="i1"
=thread-created,id="104",group-id="i1"
~"[New Thread 0x7ffeb0dfb6c0 (LWP 93846)]\n"
*running,thread-id="104"
~"[Thread 0x7ffeb0dfb6c0 (LWP 93846) exited]\n"
=thread-exited,id="104",group-id="i1"
=thread-created,id="105",group-id="i1"
~"[New Thread 0x7ffeb0dfb6c0 (LWP 96711)]\n"
*running,thread-id="105"
~"[Thread 0x7ffeb0dfb6c0 (LWP 96711) exited]\n"
=thread-exited,id="105",group-id="i1"
=thread-created,id="106",group-id="i1"
~"[New Thread 0x7ffeb0dfb6c0 (LWP 99688)]\n"
*running,thread-id="106"
~"[Thread 0x7ffeb0dfb6c0 (LWP 99688) exited]\n"
=thread-exited,id="106",group-id="i1"
=thread-created,id="107",group-id="i1"
~"[New Thread 0x7ffeb0dfb6c0 (LWP 102575)]\n"
*running,thread-id="107"
~"[Thread 0x7ffeb0dfb6c0 (LWP 102575) exited]\n"
=thread-exited,id="107",group-id="i1"
=thread-created,id="108",group-id="i1"
~"[New Thread 0x7ffeb0dfb6c0 (LWP 106252)]\n"
*running,thread-id="108"
~"[Thread 0x7ffeb0dfb6c0 (LWP 106252) exited]\n"
=thread-exited,id="108",group-id="i1"
=thread-created,id="109",group-id="i1"
~"[New Thread 0x7ffeb0dfb6c0 (LWP 109256)]\n"
*running,thread-id="109"
~"[Thread 0x7ffeb0dfb6c0 (LWP 109256) exited]\n"
=thread-exited,id="109",group-id="i1"
=thread-created,id="110",group-id="i1"
~"[New Thread 0x7ffeb0dfb6c0 (LWP 112223)]\n"
*running,thread-id="110"
~"[Thread 0x7ffeb0dfb6c0 (LWP 112223) exited]\n"
=thread-exited,id="110",group-id="i1"
=thread-created,id="111",group-id="i1"
~"[New Thread 0x7ffeb0dfb6c0 (LWP 115386)]\n"
*running,thread-id="111"
~"[Thread 0x7ffeb0dfb6c0 (LWP 115386) exited]\n"
=thread-exited,id="111",group-id="i1"
=thread-created,id="112",group-id="i1"
~"[New Thread 0x7ffeb0dfb6c0 (LWP 118423)]\n"
*running,thread-id="112"
~"[Thread 0x7ffeb0dfb6c0 (LWP 118423) exited]\n"
=thread-exited,id="112",group-id="i1"
=thread-created,id="113",group-id="i1"
~"[New Thread 0x7ffeb0dfb6c0 (LWP 121506)]\n"
*running,thread-id="113"
~"[Thread 0x7ffeb0dfb6c0 (LWP 121506) exited]\n"
=thread-exited,id="113",group-id="i1"
=thread-created,id="114",group-id="i1"
~"[New Thread 0x7ffeb0dfb6c0 (LWP 124558)]\n"
*running,thread-id="114"
~"[Thread 0x7ffeb0dfb6c0 (LWP 124558) exited]\n"
=thread-exited,id="114",group-id="i1"
=thread-created,id="115",group-id="i1"
~"[New Thread 0x7ffeb0dfb6c0 (LWP 127813)]\n"
*running,thread-id="115"
~"[Thread 0x7ffeb0dfb6c0 (LWP 127813) exited]\n"
=thread-exited,id="115",group-id="i1"
=thread-created,id="116",group-id="i1"
~"[New Thread 0x7ffeb0dfb6c0 (LWP 130920)]\n"
*running,thread-id="116"
~"[Thread 0x7ffeb0dfb6c0 (LWP 130920) exited]\n"
=thread-exited,id="116",group-id="i1"
=thread-created,id="117",group-id="i1"
~"[New Thread 0x7ffeb0dfb6c0 (LWP 133943)]\n"
*running,thread-id="117"
~"[Thread 0x7ffeb0dfb6c0 (LWP 133943) exited]\n"
=thread-exited,id="117",group-id="i1"
=thread-created,id="118",group-id="i1"
~"[New Thread 0x7ffeb0dfb6c0 (LWP 137075)]\n"
*running,thread-id="118"
~"[Thread 0x7ffeb0dfb6c0 (LWP 137075) exited]\n"
=thread-exited,id="118",group-id="i1"
=thread-created,id="119",group-id="i1"
~"[New Thread 0x7ffeb0dfb6c0 (LWP 145579)]\n"
*running,thread-id="119"
~"[Thread 0x7ffeb0dfb6c0 (LWP 145579) exited]\n"
=thread-exited,id="119",group-id="i1"
=thread-created,id="120",group-id="i1"
~"[New Thread 0x7ffeb0dfb6c0 (LWP 145795)]\n"
*running,thread-id="120"
~"[Thread 0x7ffeb0dfb6c0 (LWP 145795) exited]\n"
=thread-exited,id="120",group-id="i1"
=thread-created,id="121",group-id="i1"
~"[New Thread 0x7ffeb0dfb6c0 (LWP 148275)]\n"
*running,thread-id="121"
~"[Thread 0x7ffeb0dfb6c0 (LWP 148275) exited]\n"
=thread-exited,id="121",group-id="i1"
=thread-created,id="122",group-id="i1"
~"[New Thread 0x7ffeb0dfb6c0 (LWP 150882)]\n"
*running,thread-id="122"
~"[Thread 0x7ffeb0dfb6c0 (LWP 150882) exited]\n"
=thread-exited,id="122",group-id="i1"
=thread-created,id="123",group-id="i1"
~"[New Thread 0x7ffeb0dfb6c0 (LWP 156710)]\n"
*running,thread-id="123"
~"[Thread 0x7ffeb0dfb6c0 (LWP 156710) exited]\n"
=thread-exited,id="123",group-id="i1"
=thread-created,id="124",group-id="i1"
~"[New Thread 0x7ffeb0dfb6c0 (LWP 156785)]\n"
*running,thread-id="124"
~"[Thread 0x7ffeb0dfb6c0 (LWP 156785) exited]\n"
=thread-exited,id="124",group-id="i1"
=thread-created,id="125",group-id="i1"
~"[New Thread 0x7ffeb0dfb6c0 (LWP 159435)]\n"
*running,thread-id="125"
~"[Thread 0x7ffeb0dfb6c0 (LWP 159435) exited]\n"
=thread-exited,id="125",group-id="i1"
=thread-created,id="126",group-id="i1"
~"[New Thread 0x7ffeb0dfb6c0 (LWP 162087)]\n"
*running,thread-id="126"
~"[Thread 0x7ffeb0dfb6c0 (LWP 162087) exited]\n"
=thread-exited,id="126",group-id="i1"
=thread-created,id="127",group-id="i1"
~"[New Thread 0x7ffeb0dfb6c0 (LWP 164625)]\n"
*running,thread-id="127"
~"[Thread 0x7ffeb0dfb6c0 (LWP 164625) exited]\n"
=thread-exited,id="127",group-id="i1"
=thread-created,id="128",group-id="i1"
~"[New Thread 0x7ffeb0dfb6c0 (LWP 167196)]\n"
*running,thread-id="128"
~"[Thread 0x7ffeb0dfb6c0 (LWP 167196) exited]\n"
=thread-exited,id="128",group-id="i1"
=thread-created,id="129",group-id="i1"
~"[New Thread 0x7ffeb0dfb6c0 (LWP 169871)]\n"
*running,thread-id="129"
~"[Thread 0x7ffeb0dfb6c0 (LWP 169871) exited]\n"
=thread-exited,id="129",group-id="i1"
=thread-created,id="130",group-id="i1"
~"[New Thread 0x7ffeb0dfb6c0 (LWP 172603)]\n"
*running,thread-id="130"
~"[Thread 0x7ffeb0dfb6c0 (LWP 172603) exited]\n"
=thread-exited,id="130",group-id="i1"
=thread-created,id="131",group-id="i1"
~"[New Thread 0x7ffeb0dfb6c0 (LWP 175322)]\n"
*running,thread-id="131"
~"[Thread 0x7ffeb0dfb6c0 (LWP 175322) exited]\n"
=thread-exited,id="131",group-id="i1"
=thread-created,id="132",group-id="i1"
~"[New Thread 0x7ffeb0dfb6c0 (LWP 177921)]\n"
*running,thread-id="132"
~"[Thread 0x7ffeb0dfb6c0 (LWP 177921) exited]\n"
=thread-exited,id="132",group-id="i1"
=thread-created,id="133",group-id="i1"
~"[New Thread 0x7ffeb0dfb6c0 (LWP 180605)]\n"
*running,thread-id="133"
~"[Thread 0x7ffeb0dfb6c0 (LWP 180605) exited]\n"
=thread-exited,id="133",group-id="i1"
=thread-created,id="134",group-id="i1"
~"[New Thread 0x7ffeb0dfb6c0 (LWP 183199)]\n"
*running,thread-id="134"
~"[Thread 0x7ffeb0dfb6c0 (LWP 183199) exited]\n"
=thread-exited,id="134",group-id="i1"
=thread-created,id="135",group-id="i1"
~"[New Thread 0x7ffeb0dfb6c0 (LWP 185980)]\n"
*running,thread-id="135"
~"[Thread 0x7ffeb0dfb6c0 (LWP 185980) exited]\n"
=thread-exited,id="135",group-id="i1"
=thread-created,id="136",group-id="i1"
~"[New Thread 0x7ffeb0dfb6c0 (LWP 188596)]\n"
*running,thread-id="136"
~"[Thread 0x7ffeb0dfb6c0 (LWP 188596) exited]\n"
=thread-exited,id="136",group-id="i1"
=thread-created,id="137",group-id="i1"
~"[New Thread 0x7ffeb0dfb6c0 (LWP 191350)]\n"
*running,thread-id="137"
~"[Thread 0x7ffeb0dfb6c0 (LWP 191350) exited]\n"
=thread-exited,id="137",group-id="i1"
=thread-created,id="138",group-id="i1"
~"[New Thread 0x7ffeb0dfb6c0 (LWP 194149)]\n"
*running,thread-id="138"
~"[Thread 0x7ffeb0dfb6c0 (LWP 194149) exited]\n"
=thread-exited,id="138",group-id="i1"
=thread-created,id="139",group-id="i1"
~"[New Thread 0x7ffeb0dfb6c0 (LWP 196919)]\n"
*running,thread-id="139"
~"[Thread 0x7ffeb0dfb6c0 (LWP 196919) exited]\n"
=thread-exited,id="139",group-id="i1"
=thread-created,id="140",group-id="i1"
~"[New Thread 0x7ffeb0dfb6c0 (LWP 200508)]\n"
*running,thread-id="140"
~"[Thread 0x7ffeb0dfb6c0 (LWP 200508) exited]\n"
=thread-exited,id="140",group-id="i1"
=thread-created,id="141",group-id="i1"
~"[New Thread 0x7ffeb0dfb6c0 (LWP 203286)]\n"
*running,thread-id="141"
~"[Thread 0x7ffeb0dfb6c0 (LWP 203286) exited]\n"
=thread-exited,id="141",group-id="i1"
=thread-created,id="142",group-id="i1"
~"[New Thread 0x7ffeb0dfb6c0 (LWP 206138)]\n"
*running,thread-id="142"
~"[Thread 0x7ffeb0dfb6c0 (LWP 206138) exited]\n"
=thread-exited,id="142",group-id="i1"
=thread-created,id="143",group-id="i1"
~"[New Thread 0x7ffeb0dfb6c0 (LWP 208892)]\n"
*running,thread-id="143"
~"[Thread 0x7ffeb0dfb6c0 (LWP 208892) exited]\n"
=thread-exited,id="143",group-id="i1"
=thread-created,id="144",group-id="i1"
~"[New Thread 0x7ffeb0dfb6c0 (LWP 212005)]\n"
*running,thread-id="144"
~"[Thread 0x7ffeb0dfb6c0 (LWP 212005) exited]\n"
=thread-exited,id="144",group-id="i1"
=thread-created,id="145",group-id="i1"
~"[New Thread 0x7ffeb0dfb6c0 (LWP 214902)]\n"
*running,thread-id="145"
~"[Thread 0x7ffeb0dfb6c0 (LWP 214902) exited]\n"
=thread-exited,id="145",group-id="i1"
=thread-created,id="146",group-id="i1"
~"[New Thread 0x7ffeb0dfb6c0 (LWP 217849)]\n"
*running,thread-id="146"
~"[Thread 0x7ffeb0dfb6c0 (LWP 217849) exited]\n"
=thread-exited,id="146",group-id="i1"
=thread-created,id="147",group-id="i1"
~"[New Thread 0x7ffeb0dfb6c0 (LWP 220940)]\n"
*running,thread-id="147"
~"[Thread 0x7ffeb0dfb6c0 (LWP 220940) exited]\n"
=thread-exited,id="147",group-id="i1"
=thread-created,id="148",group-id="i1"
~"[New Thread 0x7ffeb0dfb6c0 (LWP 223908)]\n"
*running,thread-id="148"
~"[Thread 0x7ffeb0dfb6c0 (LWP 223908) exited]\n"
=thread-exited,id="148",group-id="i1"
=thread-created,id="149",group-id="i1"
~"[New Thread 0x7ffeb0dfb6c0 (LWP 226939)]\n"
*running,thread-id="149"
~"[Thread 0x7ffeb0dfb6c0 (LWP 226939) exited]\n"
=thread-exited,id="149",group-id="i1"
=thread-created,id="150",group-id="i1"
~"[New Thread 0x7ffeb0dfb6c0 (LWP 230036)]\n"
*running,thread-id="150"
~"[Thread 0x7ffeb0dfb6c0 (LWP 230036) exited]\n"
=thread-exited,id="150",group-id="i1"
=thread-created,id="151",group-id="i1"
~"[New Thread 0x7ffeb0dfb6c0 (LWP 233091)]\n"
*running,thread-id="151"
~"[Thread 0x7ffeb0dfb6c0 (LWP 233091) exited]\n"
=thread-exited,id="151",group-id="i1"
=thread-created,id="152",group-id="i1"
~"[New Thread 0x7ffeb0dfb6c0 (LWP 236120)]\n"
*running,thread-id="152"
~"[Thread 0x7ffeb0dfb6c0 (LWP 236120) exited]\n"
=thread-exited,id="152",group-id="i1"
=thread-created,id="153",group-id="i1"
~"[New Thread 0x7ffeb0dfb6c0 (LWP 239333)]\n"
*running,thread-id="153"
~"[Thread 0x7ffeb0dfb6c0 (LWP 239333) exited]\n"
=thread-exited,id="153",group-id="i1"
=thread-created,id="154",group-id="i1"
~"[New Thread 0x7ffeb0dfb6c0 (LWP 242450)]\n"
*running,thread-id="154"
~"[Thread 0x7ffeb0dfb6c0 (LWP 242450) exited]\n"
=thread-exited,id="154",group-id="i1"
=thread-created,id="155",group-id="i1"
~"[New Thread 0x7ffeb0dfb6c0 (LWP 252949)]\n"
*running,thread-id="155"
~"[Thread 0x7ffeb0dfb6c0 (LWP 252949) exited]\n"
=thread-exited,id="155",group-id="i1"
=thread-created,id="156",group-id="i1"
~"[New Thread 0x7ffeb0dfb6c0 (LWP 253792)]\n"
*running,thread-id="156"
~"[Thread 0x7ffeb0dfb6c0 (LWP 253792) exited]\n"
=thread-exited,id="156",group-id="i1"
=thread-created,id="157",group-id="i1"
~"[New Thread 0x7ffeb0dfb6c0 (LWP 254022)]\n"
*running,thread-id="157"
~"[Thread 0x7ffeb0dfb6c0 (LWP 254022) exited]\n"
=thread-exited,id="157",group-id="i1"
=thread-created,id="158",group-id="i1"
~"[New Thread 0x7ffeb0dfb6c0 (LWP 256503)]\n"
*running,thread-id="158"
~"[Thread 0x7ffeb0dfb6c0 (LWP 256503) exited]\n"
=thread-exited,id="158",group-id="i1"
=thread-created,id="159",group-id="i1"
~"[New Thread 0x7ffeb0dfb6c0 (LWP 259196)]\n"
*running,thread-id="159"
~"[Thread 0x7ffeb0dfb6c0 (LWP 259196) exited]\n"
=thread-exited,id="159",group-id="i1"
=thread-created,id="160",group-id="i1"
~"[New Thread 0x7ffeb0dfb6c0 (LWP 266664)]\n"
*running,thread-id="160"
~"[Thread 0x7ffeb0dfb6c0 (LWP 266664) exited]\n"
=thread-exited,id="160",group-id="i1"
=thread-created,id="161",group-id="i1"
~"[New Thread 0x7ffeb0dfb6c0 (LWP 267718)]\n"
*running,thread-id="161"
~"[Thread 0x7ffeb0dfb6c0 (LWP 267718) exited]\n"
=thread-exited,id="161",group-id="i1"
=thread-created,id="162",group-id="i1"
~"[New Thread 0x7ffeb0dfb6c0 (LWP 267744)]\n"
*running,thread-id="162"
~"[Thread 0x7ffeb0dfb6c0 (LWP 267744) exited]\n"
=thread-exited,id="162",group-id="i1"
=thread-created,id="163",group-id="i1"
~"[New Thread 0x7ffeb0dfb6c0 (LWP 270299)]\n"
*running,thread-id="163"
~"[Thread 0x7ffeb0dfb6c0 (LWP 270299) exited]\n"
=thread-exited,id="163",group-id="i1"
=thread-created,id="164",group-id="i1"
~"[New Thread 0x7ffeb0dfb6c0 (LWP 272751)]\n"
*running,thread-id="164"
~"[Thread 0x7ffeb0dfb6c0 (LWP 272751) exited]\n"
=thread-exited,id="164",group-id="i1"
~"[Thread 0x7ffeb1dfd6c0 (LWP 37951) exited]\n"
=thread-exited,id="81",group-id="i1"
~"[Thread 0x7ffeb15fc6c0 (LWP 37952) exited]\n"
=thread-exited,id="82",group-id="i1"
~"[Thread 0x7ffeb37fe6c0 (LWP 37948) exited]\n"
=thread-exited,id="80",group-id="i1"
~"[Thread 0x7ffeb3fff6c0 (LWP 37947) exited]\n"
=thread-exited,id="79",group-id="i1"
~"[Thread 0x7ffeb8fff6c0 (LWP 37946) exited]\n"
=thread-exited,id="78",group-id="i1"
~"[Thread 0x7fffd8e096c0 (LWP 37941) exited]\n"
=thread-exited,id="77",group-id="i1"
~"[Thread 0x7ffed0ad06c0 (LWP 37940) exited]\n"
=thread-exited,id="76",group-id="i1"
~"[Thread 0x7ffecb66c6c0 (LWP 37939) exited]\n"
=thread-exited,id="75",group-id="i1"
~"[Thread 0x7ffeca6686c0 (LWP 37938) exited]\n"
=thread-exited,id="74",group-id="i1"
~"[Thread 0x7ffec96646c0 (LWP 37937) exited]\n"
=thread-exited,id="73",group-id="i1"
~"[Thread 0x7fffb06d46c0 (LWP 36611) exited]\n"
=thread-exited,id="67",group-id="i1"
~"[Thread 0x7fffb76da6c0 (LWP 36608) exited]\n"
=thread-exited,id="65",group-id="i1"
~"[Thread 0x7fffb8edd6c0 (LWP 36605) exited]\n"
=thread-exited,id="62",group-id="i1"
~"[Thread 0x7fffbcee56c0 (LWP 36597) exited]\n"
=thread-exited,id="54",group-id="i1"
~"[Thread 0x7fffbc6e46c0 (LWP 36598) exited]\n"
=thread-exited,id="55",group-id="i1"
~"[Thread 0x7fffb86dc6c0 (LWP 36606) exited]\n"
=thread-exited,id="63",group-id="i1"
~"[Thread 0x7fffbe6e86c0 (LWP 36594) exited]\n"
=thread-exited,id="51",group-id="i1"
~"[Thread 0x7fffbeee96c0 (LWP 36593) exited]\n"
=thread-exited,id="50",group-id="i1"
~"[Thread 0x7fffc06ec6c0 (LWP 36590) exited]\n"
=thread-exited,id="47",group-id="i1"
~"[Thread 0x7fffb96de6c0 (LWP 36604) exited]\n"
=thread-exited,id="61",group-id="i1"
~"[Thread 0x7fffc16ee6c0 (LWP 36588) exited]\n"
=thread-exited,id="45",group-id="i1"
~"[Thread 0x7fffc36f26c0 (LWP 36584) exited]\n"
=thread-exited,id="41",group-id="i1"
~"[Thread 0x7fffc26f06c0 (LWP 36586) exited]\n"
=thread-exited,id="43",group-id="i1"
~"[Thread 0x7fffbd6e66c0 (LWP 36596) exited]\n"
=thread-exited,id="53",group-id="i1"
~"[Thread 0x7fffc46f46c0 (LWP 36582) exited]\n"
=thread-exited,id="39",group-id="i1"
~"[Thread 0x7fffc1eef6c0 (LWP 36587) exited]\n"
=thread-exited,id="44",group-id="i1"
~"[Thread 0x7fffbfeeb6c0 (LWP 36591) exited]\n"
=thread-exited,id="48",group-id="i1"
~"[Thread 0x7fffbaee16c0 (LWP 36601) exited]\n"
=thread-exited,id="58",group-id="i1"
~"[Thread 0x7fffc4ef56c0 (LWP 36581) exited]\n"
=thread-exited,id="38",group-id="i1"
~"[Thread 0x7fffc0eed6c0 (LWP 36589) exited]\n"
=thread-exited,id="46",group-id="i1"
~"[Thread 0x7fffba6e06c0 (LWP 36602) exited]\n"
=thread-exited,id="59",group-id="i1"
~"[Thread 0x7fffbf6ea6c0 (LWP 36592) exited]\n"
=thread-exited,id="49",group-id="i1"
~"[Thread 0x7fffb7edb6c0 (LWP 36607) exited]\n"
=thread-exited,id="64",group-id="i1"
~"[Thread 0x7fffc56f66c0 (LWP 36580) exited]\n"
=thread-exited,id="37",group-id="i1"
~"[Thread 0x7fffc2ef16c0 (LWP 36585) exited]\n"
=thread-exited,id="42",group-id="i1"
~"[Thread 0x7fffbbee36c0 (LWP 36599) exited]\n"
=thread-exited,id="56",group-id="i1"
~"[Thread 0x7fffb6ed96c0 (LWP 36609) exited]\n"
=thread-exited,id="66",group-id="i1"
~"[Thread 0x7fffbb6e26c0 (LWP 36600) exited]\n"
=thread-exited,id="57",group-id="i1"
~"[Thread 0x7fffbdee76c0 (LWP 36595) exited]\n"
=thread-exited,id="52",group-id="i1"
~"[Thread 0x7fffc3ef36c0 (LWP 36583) exited]\n"
=thread-exited,id="40",group-id="i1"
~"[Thread 0x7fffc5ef76c0 (LWP 36579) exited]\n"
=thread-exited,id="36",group-id="i1"
~"[Thread 0x7fffc66f86c0 (LWP 36578) exited]\n"
=thread-exited,id="35",group-id="i1"
~"[Thread 0x7fffb9edf6c0 (LWP 36603) exited]\n"
=thread-exited,id="60",group-id="i1"
~"[Thread 0x7fffc6ef96c0 (LWP 36577) exited]\n"
=thread-exited,id="34",group-id="i1"
~"[Thread 0x7fffc76fa6c0 (LWP 36576) exited]\n"
=thread-exited,id="33",group-id="i1"
~"[Thread 0x7fffc7efb6c0 (LWP 36575) exited]\n"
=thread-exited,id="32",group-id="i1"
~"[Thread 0x7fffc86fc6c0 (LWP 36574) exited]\n"
=thread-exited,id="31",group-id="i1"
~"[Thread 0x7fffc8efd6c0 (LWP 36573) exited]\n"
=thread-exited,id="30",group-id="i1"
~"[Thread 0x7fffc96fe6c0 (LWP 36572) exited]\n"
=thread-exited,id="29",group-id="i1"
~"[Thread 0x7fffc9eff6c0 (LWP 36571) exited]\n"
=thread-exited,id="28",group-id="i1"
~"[Thread 0x7fffca7006c0 (LWP 36570) exited]\n"
=thread-exited,id="27",group-id="i1"
~"[Thread 0x7fffcaf016c0 (LWP 36569) exited]\n"
=thread-exited,id="26",group-id="i1"
~"[Thread 0x7fffcb7026c0 (LWP 36568) exited]\n"
=thread-exited,id="25",group-id="i1"
~"[Thread 0x7fffcbf036c0 (LWP 36567) exited]\n"
=thread-exited,id="24",group-id="i1"
~"[Thread 0x7fffcc7046c0 (LWP 36566) exited]\n"
=thread-exited,id="23",group-id="i1"
~"[Thread 0x7fffccf056c0 (LWP 36565) exited]\n"
=thread-exited,id="22",group-id="i1"
~"[Thread 0x7fffcd7066c0 (LWP 36564) exited]\n"
=thread-exited,id="21",group-id="i1"
~"[Thread 0x7fffcdf076c0 (LWP 36563) exited]\n"
=thread-exited,id="20",group-id="i1"
~"[Thread 0x7fffce7086c0 (LWP 36562) exited]\n"
=thread-exited,id="19",group-id="i1"
~"[Thread 0x7fffcef096c0 (LWP 36561) exited]\n"
=thread-exited,id="18",group-id="i1"
~"[Thread 0x7fffcf70a6c0 (LWP 36560) exited]\n"
=thread-exited,id="17",group-id="i1"
~"[Thread 0x7fffcff0b6c0 (LWP 36559) exited]\n"
=thread-exited,id="16",group-id="i1"
~"[Thread 0x7fffd070c6c0 (LWP 36558) exited]\n"
=thread-exited,id="15",group-id="i1"
~"[Thread 0x7fffd0f0d6c0 (LWP 36557) exited]\n"
=thread-exited,id="14",group-id="i1"
~"[Thread 0x7fffd170e6c0 (LWP 36556) exited]\n"
=thread-exited,id="13",group-id="i1"
~"[Thread 0x7fffd1f0f6c0 (LWP 36555) exited]\n"
=thread-exited,id="12",group-id="i1"
~"[Thread 0x7fffd27106c0 (LWP 36554) exited]\n"
=thread-exited,id="11",group-id="i1"
~"[Thread 0x7fffd2f116c0 (LWP 36553) exited]\n"
=thread-exited,id="10",group-id="i1"
~"[Thread 0x7fffd37126c0 (LWP 36552) exited]\n"
=thread-exited,id="9",group-id="i1"
~"[Thread 0x7fffd3f136c0 (LWP 36551) exited]\n"
=thread-exited,id="8",group-id="i1"
~"[Thread 0x7fffd47146c0 (LWP 36550) exited]\n"
=thread-exited,id="7",group-id="i1"
~"[Thread 0x7fffd4f156c0 (LWP 36549) exited]\n"
=thread-exited,id="6",group-id="i1"
~"[Thread 0x7fffd57166c0 (LWP 36548) exited]\n"
=thread-exited,id="5",group-id="i1"
~"[Thread 0x7fffd5f176c0 (LWP 36547) exited]\n"
=thread-exited,id="4",group-id="i1"
~"[Thread 0x7fffd67186c0 (LWP 36546) exited]\n"
=thread-exited,id="3",group-id="i1"
~"[Thread 0x7fffd73196c0 (LWP 36522) exited]\n"
=thread-exited,id="2",group-id="i1"
~"[Inferior 1 (process 36224) exited normally]\n"
=thread-exited,id="1",group-id="i1"
=thread-group-exited,id="i1",exit-code="0"
*stopped,reason="exited-normally"
12^exit
