DIAGNOSTIC_META,pid=3390832,total=32768,chunk=2048,samples=1,warmup_pairs=2,capture_compiled=true,profile_available=true,norm_kernel=gdn_out_norm_keyhead_kernel_43e92c,host_device_not_additive=true,model=false,adopted=false
DIAGNOSTIC_HEADER,phase,pair,order,position,arm,kernel,offset,live,service_seconds,prevalidation_ns,queue_lookup_ns,admission_ns,recurrence_submit_host_ns,norm_submit_host_ns,recurrence_command_start_ns,recurrence_command_end_ns,recurrence_device_ns,norm_command_start_ns,norm_command_end_ns,norm_device_ns
DIAGNOSTIC,warmup,1,quad-first,1,quad,GdnRecQuadPipelineSG32,0,2048,0.133169473,20,120,89424759,479219,42064444,280947033522916,280947043066041,9543125,280947075633750,280947076708229,1074479
DIAGNOSTIC,warmup,1,quad-first,2,legacy,GdnLegacyPipelineReference,0,2048,0.118219745,30,100,0,112946646,16171,280947189808854,280947194183541,4374687,280947194184062,280947194959270,775208
DIAGNOSTIC,warmup,1,quad-first,1,quad,GdnRecQuadPipelineSG32,2048,2048,0.011472657,371,120,40095,48682,10270,280947730327291,280947740401666,10074375,280947740401979,280947741521666,1119687
DIAGNOSTIC,warmup,1,quad-first,2,legacy,GdnLegacyPipelineReference,2048,2048,0.003624778,20,100,0,36418,11171,280947741602083,280947744443333,2841250,280947744443750,280947745186562,742812
DIAGNOSTIC,warmup,1,quad-first,1,quad,GdnRecQuadPipelineSG32,4096,2048,0.010909972,30,120,39714,64231,10881,280948292529791,280948302050208,9520417,280948302050520,280948303171770,1121250
DIAGNOSTIC,warmup,1,quad-first,2,legacy,GdnLegacyPipelineReference,4096,2048,0.003603488,30,40,0,16301,8005,280948303226562,280948306065833,2839271,280948306066145,280948306809375,743230
DIAGNOSTIC,warmup,1,quad-first,1,quad,GdnRecQuadPipelineSG32,6144,2048,0.009802595,30,121,54392,96922,16000,280948881598020,280948889990000,8391980,280948889990312,280948891112604,1122292
DIAGNOSTIC,warmup,1,quad-first,2,legacy,GdnLegacyPipelineReference,6144,2048,0.003635138,30,190,0,44433,9899,280948891207291,280948894047083,2839792,280948894047395,280948894790416,743021
DIAGNOSTIC,warmup,1,quad-first,1,quad,GdnRecQuadPipelineSG32,8192,2048,0.011046789,20,120,44223,246593,10450,280949453570416,280949463182395,9611979,280949463182812,280949464303333,1120521
DIAGNOSTIC,warmup,1,quad-first,2,legacy,GdnLegacyPipelineReference,8192,2048,0.003630870,30,431,0,38843,8526,280949464388750,280949467231875,2843125,280949467232291,280949467975833,743542
DIAGNOSTIC,warmup,1,quad-first,1,quad,GdnRecQuadPipelineSG32,10240,2048,0.010401859,30,121,45846,68178,11111,280950023835833,280950032848854,9013021,280950032849166,280950033970625,1121459
DIAGNOSTIC,warmup,1,quad-first,2,legacy,GdnLegacyPipelineReference,10240,2048,0.003609691,30,20,0,17923,6423,280950034028125,280950036872291,2844166,280950036872708,280950037616145,743437
DIAGNOSTIC,warmup,1,quad-first,1,quad,GdnRecQuadPipelineSG32,12288,2048,0.010855751,30,120,40125,57438,10419,280950595885312,280950605356458,9471146,280950605356875,280950606479583,1122708
DIAGNOSTIC,warmup,1,quad-first,2,legacy,GdnLegacyPipelineReference,12288,2048,0.003615181,20,30,0,20398,7224,280950606538125,280950609383645,2845520,280950609383958,280950610127083,743125
DIAGNOSTIC,warmup,1,quad-first,1,quad,GdnRecQuadPipelineSG32,14336,2048,0.010732460,30,121,38112,62768,13095,280951166491770,280951175847916,9356146,280951175848229,280951176970520,1122291
DIAGNOSTIC,warmup,1,quad-first,2,legacy,GdnLegacyPipelineReference,14336,2048,0.003601786,30,20,0,15459,6272,280951177022604,280951179862395,2839791,280951179862812,280951180604791,741979
DIAGNOSTIC,warmup,1,quad-first,1,quad,GdnRecQuadPipelineSG32,16384,2048,0.009954220,50,130,43292,80370,12323,280951729612500,280951738177083,8564583,280951738177500,280951739295520,1118020
DIAGNOSTIC,warmup,1,quad-first,2,legacy,GdnLegacyPipelineReference,16384,2048,0.003626772,20,100,0,37641,8135,280951739378645,280951742219375,2840730,280951742219687,280951742962604,742917
DIAGNOSTIC,warmup,1,quad-first,1,quad,GdnRecQuadPipelineSG32,18432,2048,0.010503801,40,130,45265,76353,15329,280952294518541,280952303631979,9113438,280952303632395,280952304754062,1121667
DIAGNOSTIC,warmup,1,quad-first,2,legacy,GdnLegacyPipelineReference,18432,2048,0.003608157,31,50,0,16110,7093,280952304809583,280952307652604,2843021,280952307652916,280952308396145,743229
DIAGNOSTIC,warmup,1,quad-first,1,quad,GdnRecQuadPipelineSG32,20480,2048,0.010819093,90,141,47730,70462,15269,280952857878958,280952867298437,9419479,280952867298750,280952868419895,1121145
DIAGNOSTIC,warmup,1,quad-first,2,legacy,GdnLegacyPipelineReference,20480,2048,0.003601996,20,30,0,17673,6001,280952868474895,280952871313645,2838750,280952871313958,280952872056354,742396
DIAGNOSTIC,warmup,1,quad-first,1,quad,GdnRecQuadPipelineSG32,22528,2048,0.010482852,30,130,44723,75242,16261,280953423337395,280953432434166,9096771,280953432434687,280953433554895,1120208
DIAGNOSTIC,warmup,1,quad-first,2,legacy,GdnLegacyPipelineReference,22528,2048,0.003604321,20,40,0,14076,7885,280953433607291,280953436450520,2843229,280953436450833,280953437194270,743437
DIAGNOSTIC,warmup,1,quad-first,1,quad,GdnRecQuadPipelineSG32,24576,2048,0.010823831,30,121,39604,82204,11802,280953979471875,280953988914166,9442291,280953988914479,280953990034895,1120416
DIAGNOSTIC,warmup,1,quad-first,2,legacy,GdnLegacyPipelineReference,24576,2048,0.003605643,20,100,0,16270,5861,280953990090520,280953992933125,2842605,280953992933541,280953993676145,742604
DIAGNOSTIC,warmup,1,quad-first,1,quad,GdnRecQuadPipelineSG32,26624,2048,0.010655396,61,120,38843,75521,12002,280954532617812,280954541893437,9275625,280954541893750,280954543013125,1119375
DIAGNOSTIC,warmup,1,quad-first,2,legacy,GdnLegacyPipelineReference,26624,2048,0.003599591,20,20,0,8275,4499,280954543056875,280954545898541,2841666,280954545898958,280954546641875,742917
DIAGNOSTIC,warmup,1,quad-first,1,quad,GdnRecQuadPipelineSG32,28672,2048,0.010713886,50,120,39163,68088,17213,280955093559479,280955102886250,9326771,280955102886562,280955104005625,1119063
DIAGNOSTIC,warmup,1,quad-first,2,legacy,GdnLegacyPipelineReference,28672,2048,0.003620211,20,100,0,30106,7645,280955104078854,280955106918854,2840000,280955106919166,280955107663645,744479
DIAGNOSTIC,warmup,1,quad-first,1,quad,GdnRecQuadPipelineSG32,30720,2048,0.010553875,30,120,40476,70823,11432,280955663400416,280955672574375,9173959,280955672574791,280955673695729,1120938
DIAGNOSTIC,warmup,1,quad-first,2,legacy,GdnLegacyPipelineReference,30720,2048,0.003604430,30,20,0,14778,5791,280955673747604,280955676589895,2842291,280955676590312,280955677334062,743750
DIAGNOSTIC,warmup,2,legacy-first,1,legacy,GdnLegacyPipelineReference,0,2048,0.004841602,40,130,0,96461,12974,280956245101770,280956248932291,3830521,280956248932708,280956249716458,783750
DIAGNOSTIC,warmup,2,legacy-first,2,quad,GdnRecQuadPipelineSG32,0,2048,0.007964068,30,40,34805,23704,7153,280956249811979,280956256589166,6777187,280956256589479,280956257712500,1123021
DIAGNOSTIC,warmup,2,legacy-first,1,legacy,GdnLegacyPipelineReference,2048,2048,0.005237304,30,100,0,77556,10349,280956816701666,280956820935416,4233750,280956820935937,280956821709375,773438
DIAGNOSTIC,warmup,2,legacy-first,2,quad,GdnRecQuadPipelineSG32,2048,2048,0.008837236,30,50,43852,29075,10219,280956821825625,280956829457604,7631979,280956829458020,280956830581145,1123125
DIAGNOSTIC,warmup,2,legacy-first,1,legacy,GdnLegacyPipelineReference,4096,2048,0.005244016,30,100,0,63619,10219,280957379245833,280957383496666,4250833,280957383497083,280957384269270,772187
DIAGNOSTIC,warmup,2,legacy-first,2,quad,GdnRecQuadPipelineSG32,4096,2048,0.008819603,41,30,45565,21811,8125,280957384374479,280957392000312,7625833,280957392000625,280957393123541,1122916
DIAGNOSTIC,warmup,2,legacy-first,1,legacy,GdnLegacyPipelineReference,6144,2048,0.005232835,120,130,0,63359,11702,280957940405520,280957944637187,4231667,280957944637708,280957945410625,772917
DIAGNOSTIC,warmup,2,legacy-first,2,quad,GdnRecQuadPipelineSG32,6144,2048,0.008263960,80,40,33052,20478,6082,280957945497916,280957952581666,7083750,280957952581979,280957953704062,1122083
DIAGNOSTIC,warmup,2,legacy-first,1,legacy,GdnLegacyPipelineReference,8192,2048,0.005245429,60,131,0,87814,17943,280958498291875,280958502524687,4232812,280958502525208,280958503296354,771146
DIAGNOSTIC,warmup,2,legacy-first,2,quad,GdnRecQuadPipelineSG32,8192,2048,0.008499042,30,51,33954,19576,6582,280958503401979,280958510721250,7319271,280958510721666,280958511842187,1120521
DIAGNOSTIC,warmup,2,legacy-first,1,legacy,GdnLegacyPipelineReference,10240,2048,0.005237374,30,110,0,88165,14567,280959075129062,280959079360833,4231771,280959079361354,280959080133333,771979
DIAGNOSTIC,warmup,2,legacy-first,2,quad,GdnRecQuadPipelineSG32,10240,2048,0.008241298,81,120,41398,28543,10560,280959080245937,280959087291979,7046042,280959087292291,280959088415416,1123125
DIAGNOSTIC,warmup,2,legacy-first,1,legacy,GdnLegacyPipelineReference,12288,2048,0.005239467,20,100,0,68308,9909,280959633456562,280959637689166,4232604,280959637689687,280959638461458,771771
DIAGNOSTIC,warmup,2,legacy-first,2,quad,GdnRecQuadPipelineSG32,12288,2048,0.008723653,30,30,31710,15228,4849,280959638541562,280959646094375,7552813,280959646094687,280959647215312,1120625
DIAGNOSTIC,warmup,2,legacy-first,1,legacy,GdnLegacyPipelineReference,14336,2048,0.005237113,30,101,0,76323,13826,280960209453541,280960213685000,4231459,280960213685520,280960214455937,770417
DIAGNOSTIC,warmup,2,legacy-first,2,quad,GdnRecQuadPipelineSG32,14336,2048,0.008547934,30,40,34765,20018,6352,280960214547291,280960221913020,7365729,280960221913437,280960223036979,1123542
DIAGNOSTIC,warmup,2,legacy-first,1,legacy,GdnLegacyPipelineReference,16384,2048,0.005244878,50,160,0,83246,14417,280960770493020,280960774726458,4233438,280960774726979,280960775498437,771458
DIAGNOSTIC,warmup,2,legacy-first,2,quad,GdnRecQuadPipelineSG32,16384,2048,0.008445602,30,50,34815,21040,6362,280960775590416,280960782849375,7258959,280960782849791,280960783972083,1122292
DIAGNOSTIC,warmup,2,legacy-first,1,legacy,GdnLegacyPipelineReference,18432,2048,0.005037248,20,100,0,53711,8747,280961343874895,280961347919375,4044480,280961347919895,280961348684583,764688
DIAGNOSTIC,warmup,2,legacy-first,2,quad,GdnRecQuadPipelineSG32,18432,2048,0.008893651,30,40,32902,19797,6152,280961348771250,280961356486562,7715312,280961356486979,280961357609687,1122708
DIAGNOSTIC,warmup,2,legacy-first,1,legacy,GdnLegacyPipelineReference,20480,2048,0.005129271,50,100,0,49423,8716,280961891509375,280961895653750,4144375,280961895654270,280961896422916,768646
DIAGNOSTIC,warmup,2,legacy-first,2,quad,GdnRecQuadPipelineSG32,20480,2048,0.008909822,30,40,32521,19496,5921,280961896508541,280961904241041,7732500,280961904241458,280961905363541,1122083
DIAGNOSTIC,warmup,2,legacy-first,1,legacy,GdnLegacyPipelineReference,22528,2048,0.005116457,20,100,0,55754,10751,280962440503645,280962444626041,4122396,280962444626562,280962445395104,768542
DIAGNOSTIC,warmup,2,legacy-first,2,quad,GdnRecQuadPipelineSG32,22528,2048,0.008933647,30,30,31519,18856,6132,280962445479270,280962453236145,7756875,280962453236458,280962454359583,1123125
DIAGNOSTIC,warmup,2,legacy-first,1,legacy,GdnLegacyPipelineReference,24576,2048,0.005244267,20,140,0,88817,12794,280963008682291,280963012914895,4232604,280963012915416,280963013687604,772188
DIAGNOSTIC,warmup,2,legacy-first,2,quad,GdnRecQuadPipelineSG32,24576,2048,0.008334203,40,60,40967,29325,10771,280963013800520,280963020938750,7138230,280963020939062,280963022061562,1122500
DIAGNOSTIC,warmup,2,legacy-first,1,legacy,GdnLegacyPipelineReference,26624,2048,0.005230411,30,371,0,80431,15509,280963566388645,280963570623229,4234584,280963570623750,280963571393958,770208
DIAGNOSTIC,warmup,2,legacy-first,2,quad,GdnRecQuadPipelineSG32,26624,2048,0.008747377,30,40,33452,18255,5520,280963571479791,280963579047604,7567813,280963579048020,280963580169895,1121875
DIAGNOSTIC,warmup,2,legacy-first,1,legacy,GdnLegacyPipelineReference,28672,2048,0.005247703,31,150,0,78597,17613,280964124366666,280964128615312,4248646,280964128615833,280964129388229,772396
DIAGNOSTIC,warmup,2,legacy-first,2,quad,GdnRecQuadPipelineSG32,28672,2048,0.008724665,80,40,34134,22873,6482,280964129483854,280964137023541,7539687,280964137023958,280964138148333,1124375
DIAGNOSTIC,warmup,2,legacy-first,1,legacy,GdnLegacyPipelineReference,30720,2048,0.005265737,30,101,0,75070,11130,280964690088541,280964694321979,4233438,280964694322500,280964695093125,770625
DIAGNOSTIC,warmup,2,legacy-first,2,quad,GdnRecQuadPipelineSG32,30720,2048,0.008422148,30,40,34595,22352,7193,280964695211354,280964702445625,7234271,280964702445937,280964703571458,1125521
DIAGNOSTIC,sample,1,quad-first,1,quad,GdnRecQuadPipelineSG32,0,2048,0.009250051,40,141,50415,90700,13796,280965297970416,280965305819375,7848959,280965305819687,280965306942604,1122917
DIAGNOSTIC,sample,1,quad-first,2,legacy,GdnLegacyPipelineReference,0,2048,0.003608058,30,40,0,16722,9117,280965306999166,280965309841875,2842709,280965309842187,280965310586354,744167
DIAGNOSTIC,sample,1,quad-first,1,quad,GdnRecQuadPipelineSG32,2048,2048,0.010625411,30,121,37290,59542,13716,280965857052395,280965866303645,9251250,280965866304062,280965867424375,1120313
DIAGNOSTIC,sample,1,quad-first,2,legacy,GdnLegacyPipelineReference,2048,2048,0.003618818,20,100,0,28283,7985,280965867493854,280965870336250,2842396,280965870336666,280965871080312,743646
DIAGNOSTIC,sample,1,quad-first,1,quad,GdnRecQuadPipelineSG32,4096,2048,0.010614861,30,120,37550,54102,10981,280966401405625,280966410641562,9235937,280966410641875,280966411763020,1121145
DIAGNOSTIC,sample,1,quad-first,2,legacy,GdnLegacyPipelineReference,4096,2048,0.003607317,30,40,0,17563,7985,280966411819375,280966414663333,2843958,280966414663750,280966415404791,741041
DIAGNOSTIC,sample,1,quad-first,1,quad,GdnRecQuadPipelineSG32,6144,2048,0.010742701,50,120,39755,61906,12844,280966952411041,280966961777187,9366146,280966961777604,280966962896354,1118750
DIAGNOSTIC,sample,1,quad-first,2,legacy,GdnLegacyPipelineReference,6144,2048,0.003611003,20,30,0,26069,7535,280966962961770,280966965799375,2837605,280966965799791,280966966544166,744375
DIAGNOSTIC,sample,1,quad-first,1,quad,GdnRecQuadPipelineSG32,8192,2048,0.010728925,60,120,39194,59682,11852,280967502693125,280967512045520,9352395,280967512045937,280967513166145,1120208
DIAGNOSTIC,sample,1,quad-first,2,legacy,GdnLegacyPipelineReference,8192,2048,0.003602868,20,30,0,14067,6061,280967513216979,280967516060104,2843125,280967516060520,280967516802916,742396
DIAGNOSTIC,sample,1,quad-first,1,quad,GdnRecQuadPipelineSG32,10240,2048,0.010968966,30,120,36850,55223,10830,280968059535208,280968069130312,9595104,280968069130625,280968070250000,1119375
DIAGNOSTIC,sample,1,quad-first,2,legacy,GdnLegacyPipelineReference,10240,2048,0.003607466,20,30,0,18445,6843,280968070305520,280968073148541,2843021,280968073148854,280968073891666,742812
DIAGNOSTIC,sample,1,quad-first,1,quad,GdnRecQuadPipelineSG32,12288,2048,0.010870371,40,411,38452,62197,11121,280968610028750,280968619521979,9493229,280968619522500,280968620643437,1120937
DIAGNOSTIC,sample,1,quad-first,2,legacy,GdnLegacyPipelineReference,12288,2048,0.003611314,20,30,0,24836,7444,280968620708333,280968623549166,2840833,280968623549479,280968624291666,742187
DIAGNOSTIC,sample,1,quad-first,1,quad,GdnRecQuadPipelineSG32,14336,2048,0.010958917,90,120,37871,54572,11171,280969172747291,280969182323645,9576354,280969182324062,280969183444166,1120104
DIAGNOSTIC,sample,1,quad-first,2,legacy,GdnLegacyPipelineReference,14336,2048,0.003609110,30,20,0,21891,7554,280969183503645,280969186344479,2840834,280969186344895,280969187086458,741563
DIAGNOSTIC,sample,1,quad-first,1,quad,GdnRecQuadPipelineSG32,16384,2048,0.009936349,30,120,40356,90881,19827,280969752383437,280969760927187,8543750,280969760927500,280969762049479,1121979
DIAGNOSTIC,sample,1,quad-first,2,legacy,GdnLegacyPipelineReference,16384,2048,0.003622476,30,50,0,36498,12223,280969762132395,280969764973020,2840625,280969764973437,280969765715937,742500
DIAGNOSTIC,sample,1,quad-first,1,quad,GdnRecQuadPipelineSG32,18432,2048,0.010703217,50,130,38943,60133,10600,280970309295520,280970318619791,9324271,280970318620104,280970319741041,1120937
DIAGNOSTIC,sample,1,quad-first,2,legacy,GdnLegacyPipelineReference,18432,2048,0.003605814,30,20,0,17994,6031,280970319797083,280970322638333,2841250,280970322638750,280970323381562,742812
DIAGNOSTIC,sample,1,quad-first,1,quad,GdnRecQuadPipelineSG32,20480,2048,0.010323265,50,140,43011,70001,16180,280970869952500,280970878867291,8914791,280970878867604,280970879988229,1120625
DIAGNOSTIC,sample,1,quad-first,2,legacy,GdnLegacyPipelineReference,20480,2048,0.003611976,30,40,0,21049,9868,280970880052187,280970882895520,2843333,280970882895833,280970883639687,743854
DIAGNOSTIC,sample,1,quad-first,1,quad,GdnRecQuadPipelineSG32,22528,2048,0.009739870,40,130,47118,72426,13244,280971458278958,280971466615416,8336458,280971466615833,280971467736979,1121146
DIAGNOSTIC,sample,1,quad-first,2,legacy,GdnLegacyPipelineReference,22528,2048,0.003615081,20,30,0,25167,8526,280971467802291,280971470644270,2841979,280971470644687,280971471387916,743229
DIAGNOSTIC,sample,1,quad-first,1,quad,GdnRecQuadPipelineSG32,24576,2048,0.010870762,30,121,38312,66846,11091,280972036647187,280972046137291,9490104,280972046137604,280972047260520,1122916
DIAGNOSTIC,sample,1,quad-first,2,legacy,GdnLegacyPipelineReference,24576,2048,0.003607748,20,20,0,18745,7324,280972047317708,280972050160208,2842500,280972050160625,280972050903229,742604
DIAGNOSTIC,sample,1,quad-first,1,quad,GdnRecQuadPipelineSG32,26624,2048,0.011202694,30,120,38101,63680,11612,280972591318125,280972601139479,9821354,280972601139791,280972602260208,1120417
DIAGNOSTIC,sample,1,quad-first,2,legacy,GdnLegacyPipelineReference,26624,2048,0.003614230,30,90,0,25548,7724,280972602327187,280972605169062,2841875,280972605169375,280972605912500,743125
DIAGNOSTIC,sample,1,quad-first,1,quad,GdnRecQuadPipelineSG32,28672,2048,0.011004993,40,120,38973,70873,11922,280973151035416,280973160626145,9590729,280973160626458,280973161747500,1121042
DIAGNOSTIC,sample,1,quad-first,2,legacy,GdnLegacyPipelineReference,28672,2048,0.003620742,30,21,0,30346,8205,280973161818437,280973164660416,2841979,280973164660937,280973165402604,741667
DIAGNOSTIC,sample,1,quad-first,1,quad,GdnRecQuadPipelineSG32,30720,2048,0.010974286,40,120,38442,74039,12173,280973708608333,280973718196354,9588021,280973718196770,280973719317187,1120417
DIAGNOSTIC,sample,1,quad-first,2,legacy,GdnLegacyPipelineReference,30720,2048,0.003626483,20,100,0,39645,8446,280973719401770,280973722239583,2837813,280973722240000,280973722984479,744479
DIAGNOSTIC_PREFIX_HEADER,phase,pair,order,position,arm,total,chunk,chunks,service_seconds,tokens,recurrence_calls,admission_attempts,norm_calls,initial_state_fnv,final_state_fnv,guarded_fp32_chunk_chain_fnv,guarded_fp16_chunk_chain_fnv,compiled_sg,private_known,private,spill_known,spill,exact
TIMING,diagnostic_warmup,1,quad-first,1,quad,32768,2048,16,0.292898510,32768,16,16,16,df831868a37d0545,00f5954c743f5800,35338fde7ba09a31,2e5ef19bdf4418c1,32,1,0,1,5056,pass
TIMING,diagnostic_warmup,1,quad-first,2,legacy,32768,2048,16,0.172411798,32768,16,0,16,df831868a37d0545,00f5954c743f5800,35338fde7ba09a31,2e5ef19bdf4418c1,0,0,0,0,0,pass
TIMING,diagnostic_warmup,2,legacy-first,1,legacy,32768,2048,16,0.083031112,32768,16,0,16,df831868a37d0545,00f5954c743f5800,35338fde7ba09a31,2e5ef19bdf4418c1,0,0,0,0,0,pass
TIMING,diagnostic_warmup,2,legacy-first,2,quad,32768,2048,16,0.137307909,32768,16,16,16,df831868a37d0545,00f5954c743f5800,35338fde7ba09a31,2e5ef19bdf4418c1,32,1,0,1,5056,pass
TIMING,diagnostic_sample,1,quad-first,1,quad,32768,2048,16,0.169515639,32768,16,16,16,df831868a37d0545,00f5954c743f5800,35338fde7ba09a31,2e5ef19bdf4418c1,32,1,0,1,5056,pass
TIMING,diagnostic_sample,1,quad-first,2,legacy,32768,2048,16,0.057800504,32768,16,0,16,df831868a37d0545,00f5954c743f5800,35338fde7ba09a31,2e5ef19bdf4418c1,0,0,0,0,0,pass
DIAGNOSTIC_SUMMARY,rows=96,recorded_pairs=1,exact_paired_chunks=true,profile_available=true,normal_buffers_released=true,host_device_not_additive=true,model=false,full_lifecycle=false,adopted=false,pass
