DIAGNOSTIC_META,pid=3388712,total=32768,chunk=2048,samples=1,warmup_pairs=2,capture_compiled=true,profile_available=true,norm_kernel=gdn_out_norm_keyhead_kernel_43e92c,host_device_not_additive=true,model=false,adopted=false
DIAGNOSTIC_HEADER,phase,pair,order,position,arm,kernel,offset,live,service_seconds,prevalidation_ns,queue_lookup_ns,admission_ns,recurrence_submit_host_ns,norm_submit_host_ns,recurrence_command_start_ns,recurrence_command_end_ns,recurrence_device_ns,norm_command_start_ns,norm_command_end_ns,norm_device_ns
DIAGNOSTIC,warmup,1,legacy-first,1,legacy,GdnLegacyPipelineReference,0,2048,0.170986919,20,100,0,125283117,44853648,280919211821875,280919215761875,3940000,280919256684687,280919257423125,738438
DIAGNOSTIC,warmup,1,legacy-first,2,quad,GdnRecQuadPipelineSG32,0,2048,0.088915081,20,110,76576524,521187,22432,280919334616875,280919345237916,10621041,280919345238333,280919346371458,1133125
DIAGNOSTIC,warmup,1,legacy-first,1,legacy,GdnLegacyPipelineReference,2048,2048,0.005633403,40,101,0,76483,12353,280919891586770,280919896198854,4612084,280919896199375,280919896987395,788020
DIAGNOSTIC,warmup,1,legacy-first,2,quad,GdnRecQuadPipelineSG32,2048,2048,0.008195619,71,50,41427,22523,6522,280919897091979,280919904089895,6997916,280919904090312,280919905216041,1125729
DIAGNOSTIC,warmup,1,legacy-first,1,legacy,GdnLegacyPipelineReference,4096,2048,0.005119269,30,110,0,59000,12173,280920453794687,280920457917916,4123229,280920457918437,280920458684375,765938
DIAGNOSTIC,warmup,1,legacy-first,2,quad,GdnRecQuadPipelineSG32,4096,2048,0.009230369,70,40,33482,14357,4398,280920458765416,280920466820937,8055521,280920466821354,280920467942812,1121458
DIAGNOSTIC,warmup,1,legacy-first,1,legacy,GdnLegacyPipelineReference,6144,2048,0.005233033,20,100,0,70613,9868,280921012506979,280921016741875,4234896,280921016742395,280921017512708,770313
DIAGNOSTIC,warmup,1,legacy-first,2,quad,GdnRecQuadPipelineSG32,6144,2048,0.009047586,30,40,33673,16991,4989,280921017601666,280921025471458,7869792,280921025471875,280921026594375,1122500
DIAGNOSTIC,warmup,1,legacy-first,1,legacy,GdnLegacyPipelineReference,8192,2048,0.005278688,40,100,0,232606,9307,280921576664791,280921580917187,4252396,280921580917708,280921581687916,770208
DIAGNOSTIC,warmup,1,legacy-first,2,quad,GdnRecQuadPipelineSG32,8192,2048,0.008083889,30,30,33913,17864,5651,280921581771875,280921588677708,6905833,280921588678125,280921589799791,1121666
DIAGNOSTIC,warmup,1,legacy-first,1,legacy,GdnLegacyPipelineReference,10240,2048,0.005228425,20,100,0,58800,12603,280922144750416,280922148983333,4232917,280922148983854,280922149754791,770937
DIAGNOSTIC,warmup,1,legacy-first,2,quad,GdnRecQuadPipelineSG32,10240,2048,0.008921580,30,30,33323,16110,5170,280922149837812,280922157584687,7746875,280922157585000,280922158706979,1121979
DIAGNOSTIC,warmup,1,legacy-first,1,legacy,GdnLegacyPipelineReference,12288,2048,0.005227072,50,100,0,65383,10459,280922695158333,280922699390833,4232500,280922699391250,280922700163541,772291
DIAGNOSTIC,warmup,1,legacy-first,2,quad,GdnRecQuadPipelineSG32,12288,2048,0.009092270,30,30,32251,17933,5540,280922700248333,280922708164166,7915833,280922708164583,280922709286458,1121875
DIAGNOSTIC,warmup,1,legacy-first,1,legacy,GdnLegacyPipelineReference,14336,2048,0.005222433,30,100,0,51226,9017,280923239956250,280923244189687,4233437,280923244190208,280923244961562,771354
DIAGNOSTIC,warmup,1,legacy-first,2,quad,GdnRecQuadPipelineSG32,14336,2048,0.009115945,30,50,42991,24706,8216,280923245067083,280923252990208,7923125,280923252990625,280923254111875,1121250
DIAGNOSTIC,warmup,1,legacy-first,1,legacy,GdnLegacyPipelineReference,16384,2048,0.005225970,90,100,0,67417,9307,280923788028958,280923792261562,4232604,280923792261979,280923793033437,771458
DIAGNOSTIC,warmup,1,legacy-first,2,quad,GdnRecQuadPipelineSG32,16384,2048,0.009148696,30,40,32782,16000,5360,280923793116562,280923801087604,7971042,280923801088020,280923802211458,1123438
DIAGNOSTIC,warmup,1,legacy-first,1,legacy,GdnLegacyPipelineReference,18432,2048,0.005242440,80,100,0,61024,9138,280924340031250,280924344278645,4247395,280924344279166,280924345050416,771250
DIAGNOSTIC,warmup,1,legacy-first,2,quad,GdnRecQuadPipelineSG32,18432,2048,0.009027649,30,40,32241,14467,4339,280924345129687,280924352983437,7853750,280924352983750,280924354107500,1123750
DIAGNOSTIC,warmup,1,legacy-first,1,legacy,GdnLegacyPipelineReference,20480,2048,0.005237522,40,101,0,72065,9718,280924907769687,280924912001979,4232292,280924912002500,280924912775104,772604
DIAGNOSTIC,warmup,1,legacy-first,2,quad,GdnRecQuadPipelineSG32,20480,2048,0.008832373,30,40,32711,18525,5611,280924912861666,280924920515937,7654271,280924920516354,280924921638645,1122291
DIAGNOSTIC,warmup,1,legacy-first,1,legacy,GdnLegacyPipelineReference,22528,2048,0.005231020,20,110,0,61495,11562,280925456626354,280925460860312,4233958,280925460860833,280925461632916,772083
DIAGNOSTIC,warmup,1,legacy-first,2,quad,GdnRecQuadPipelineSG32,22528,2048,0.009286925,80,30,32551,15159,4989,280925461713541,280925469828020,8114479,280925469828333,280925470948958,1120625
DIAGNOSTIC,warmup,1,legacy-first,1,legacy,GdnLegacyPipelineReference,24576,2048,0.005257410,150,120,0,54182,9538,280926004962500,280926009220000,4257500,280926009220520,280926009992916,772396
DIAGNOSTIC,warmup,1,legacy-first,2,quad,GdnRecQuadPipelineSG32,24576,2048,0.009066092,30,160,33944,18104,6332,280926010079270,280926017965625,7886355,280926017966041,280926019089583,1123542
DIAGNOSTIC,warmup,1,legacy-first,1,legacy,GdnLegacyPipelineReference,26624,2048,0.005219468,20,100,0,54612,8667,280926557004062,280926561233958,4229896,280926561234479,280926562005416,770937
DIAGNOSTIC,warmup,1,legacy-first,2,quad,GdnRecQuadPipelineSG32,26624,2048,0.009249365,20,40,33603,19657,6452,280926562094062,280926570163437,8069375,280926570163854,280926571288333,1124479
DIAGNOSTIC,warmup,1,legacy-first,1,legacy,GdnLegacyPipelineReference,28672,2048,0.005260315,30,130,0,82425,12804,280927125039375,280927129290416,4251041,280927129290937,280927130062916,771979
DIAGNOSTIC,warmup,1,legacy-first,2,quad,GdnRecQuadPipelineSG32,28672,2048,0.008938522,40,121,44564,31569,12393,280927130181875,280927137916979,7735104,280927137917395,280927139040208,1122813
DIAGNOSTIC,warmup,1,legacy-first,1,legacy,GdnLegacyPipelineReference,30720,2048,0.005252590,20,110,0,63299,9307,280927689234687,280927693489687,4255000,280927693490208,280927694262395,772187
DIAGNOSTIC,warmup,1,legacy-first,2,quad,GdnRecQuadPipelineSG32,30720,2048,0.008904849,31,30,39213,16972,6051,280927694352708,280927702074270,7721562,280927702074687,280927703197916,1123229
DIAGNOSTIC,warmup,2,quad-first,1,quad,GdnRecQuadPipelineSG32,0,2048,0.010073802,30,120,40205,64732,10500,280928254979062,280928263667916,8688854,280928263668229,280928264790104,1121875
DIAGNOSTIC,warmup,2,quad-first,2,legacy,GdnLegacyPipelineReference,0,2048,0.003605050,30,20,0,16621,6583,280928264842604,280928267685208,2842604,280928267685625,280928268427812,742187
DIAGNOSTIC,warmup,2,quad-first,1,quad,GdnRecQuadPipelineSG32,2048,2048,0.010908106,30,121,41397,79399,13695,280928822455312,280928831972812,9517500,280928831973229,280928833092708,1119479
DIAGNOSTIC,warmup,2,quad-first,2,legacy,GdnLegacyPipelineReference,2048,2048,0.003619899,20,51,0,28814,10509,280928833164687,280928836009062,2844375,280928836009479,280928836751458,741979
DIAGNOSTIC,warmup,2,quad-first,1,quad,GdnRecQuadPipelineSG32,4096,2048,0.010736955,111,130,38402,54302,11492,280929391348854,280929400711666,9362812,280929400711979,280929401833125,1121146
DIAGNOSTIC,warmup,2,quad-first,2,legacy,GdnLegacyPipelineReference,4096,2048,0.003599690,20,20,0,13195,5480,280929401880937,280929404719687,2838750,280929404720104,280929405462604,742500
DIAGNOSTIC,warmup,2,quad-first,1,quad,GdnRecQuadPipelineSG32,6144,2048,0.010786047,30,120,39484,66054,11612,280929950497500,280929959902812,9405312,280929959903229,280929961022500,1119271
DIAGNOSTIC,warmup,2,quad-first,2,legacy,GdnLegacyPipelineReference,6144,2048,0.003609138,20,30,0,17633,7174,280929961078229,280929963921458,2843229,280929963921770,280929964666250,744480
DIAGNOSTIC,warmup,2,quad-first,1,quad,GdnRecQuadPipelineSG32,8192,2048,0.010884562,30,120,38482,60403,11492,280930510288229,280930519795208,9506979,280930519795520,280930520917395,1121875
DIAGNOSTIC,warmup,2,quad-first,2,legacy,GdnLegacyPipelineReference,8192,2048,0.003597797,20,20,0,9678,4629,280930520961250,280930523801875,2840625,280930523802395,280930524545000,742605
DIAGNOSTIC,warmup,2,quad-first,1,quad,GdnRecQuadPipelineSG32,10240,2048,0.009597047,30,130,45816,83186,16441,280931073274375,280931081475000,8200625,280931081475312,280931082598750,1123438
DIAGNOSTIC,warmup,2,quad-first,2,legacy,GdnLegacyPipelineReference,10240,2048,0.003628515,30,50,0,36318,10360,280931082680625,280931085524062,2843437,280931085524375,280931086268541,744166
DIAGNOSTIC,warmup,2,quad-first,1,quad,GdnRecQuadPipelineSG32,12288,2048,0.010721847,30,121,40436,67547,10851,280931628272395,280931637610104,9337709,280931637610416,280931638731562,1121146
DIAGNOSTIC,warmup,2,quad-first,2,legacy,GdnLegacyPipelineReference,12288,2048,0.003610150,30,20,0,16702,6782,280931638785416,280931641631770,2846354,280931641632187,280931642375208,743021
DIAGNOSTIC,warmup,2,quad-first,1,quad,GdnRecQuadPipelineSG32,14336,2048,0.010872269,30,110,38813,61335,11261,280932201696770,280932211189895,9493125,280932211190208,280932212312187,1121979
DIAGNOSTIC,warmup,2,quad-first,2,legacy,GdnLegacyPipelineReference,14336,2048,0.003601695,20,20,0,16180,6282,280932212365729,280932215203437,2837708,280932215203958,280932215948229,744271
DIAGNOSTIC,warmup,2,quad-first,1,quad,GdnRecQuadPipelineSG32,16384,2048,0.010923044,30,120,39113,63339,17182,280932763283020,280932772823541,9540521,280932772823958,280932773943750,1119792
DIAGNOSTIC,warmup,2,quad-first,2,legacy,GdnLegacyPipelineReference,16384,2048,0.003620189,20,20,0,31399,8166,280932774019062,280932776859895,2840833,280932776860208,280932777604166,743958
DIAGNOSTIC,warmup,2,quad-first,1,quad,GdnRecQuadPipelineSG32,18432,2048,0.010493810,30,120,41328,72886,12223,280933320058125,280933329166041,9107916,280933329166354,280933330288854,1122500
DIAGNOSTIC,warmup,2,quad-first,2,legacy,GdnLegacyPipelineReference,18432,2048,0.003605141,20,20,0,16511,5991,280933330342812,280933333183645,2840833,280933333184062,280933333927708,743646
DIAGNOSTIC,warmup,2,quad-first,1,quad,GdnRecQuadPipelineSG32,20480,2048,0.010991854,30,120,35517,56255,10329,280933887794479,280933897409895,9615416,280933897410208,280933898532500,1122292
DIAGNOSTIC,warmup,2,quad-first,2,legacy,GdnLegacyPipelineReference,20480,2048,0.003608467,20,30,0,19626,7645,280933898590312,280933901429895,2839583,280933901430416,280933902174687,744271
DIAGNOSTIC,warmup,2,quad-first,1,quad,GdnRecQuadPipelineSG32,22528,2048,0.010623994,30,120,53781,78858,15559,280934445322500,280934454545729,9223229,280934454546041,280934455667604,1121563
DIAGNOSTIC,warmup,2,quad-first,2,legacy,GdnLegacyPipelineReference,22528,2048,0.003609970,30,50,0,22702,9958,280934455732500,280934458571458,2838958,280934458571875,280934459314270,742395
DIAGNOSTIC,warmup,2,quad-first,1,quad,GdnRecQuadPipelineSG32,24576,2048,0.010689838,40,120,38612,67898,13275,280935005233020,280935014539895,9306875,280935014540208,280935015660625,1120417
DIAGNOSTIC,warmup,2,quad-first,2,legacy,GdnLegacyPipelineReference,24576,2048,0.003629286,30,50,0,39835,12273,280935015748750,280935018591979,2843229,280935018592395,280935019334479,742084
DIAGNOSTIC,warmup,2,quad-first,1,quad,GdnRecQuadPipelineSG32,26624,2048,0.010602543,40,130,42991,68669,11441,280935562603750,280935571814687,9210937,280935571815104,280935572935312,1120208
DIAGNOSTIC,warmup,2,quad-first,2,legacy,GdnLegacyPipelineReference,26624,2048,0.003612374,30,50,0,22813,11501,280935573001041,280935575843333,2842292,280935575843645,280935576586562,742917
DIAGNOSTIC,warmup,2,quad-first,1,quad,GdnRecQuadPipelineSG32,28672,2048,0.010645454,50,140,39815,67567,10891,280936121685937,280936130942604,9256667,280936130943020,280936132063645,1120625
DIAGNOSTIC,warmup,2,quad-first,2,legacy,GdnLegacyPipelineReference,28672,2048,0.003611392,20,30,0,26660,7384,280936132131666,280936134970208,2838542,280936134970520,280936135713750,743230
DIAGNOSTIC,warmup,2,quad-first,1,quad,GdnRecQuadPipelineSG32,30720,2048,0.010616971,30,121,46617,74590,12012,280936683950729,280936693180208,9229479,280936693180520,280936694302395,1121875
DIAGNOSTIC,warmup,2,quad-first,2,legacy,GdnLegacyPipelineReference,30720,2048,0.003610781,30,50,0,24136,9417,280936694368645,280936697209270,2840625,280936697209687,280936697952291,742604
DIAGNOSTIC,sample,1,legacy-first,1,legacy,GdnLegacyPipelineReference,0,2048,0.004807646,31,110,0,57417,8966,280937263356770,280937267186250,3829480,280937267186666,280937267945312,758646
DIAGNOSTIC,sample,1,legacy-first,2,quad,GdnRecQuadPipelineSG32,0,2048,0.008701238,30,40,46668,17953,7153,280937268045729,280937275556458,7510729,280937275556875,280937276679166,1122291
DIAGNOSTIC,sample,1,legacy-first,1,legacy,GdnLegacyPipelineReference,2048,2048,0.005240518,30,131,0,72175,12754,280937832345104,280937836575104,4230000,280937836575625,280937837347604,771979
DIAGNOSTIC,sample,1,legacy-first,2,quad,GdnRecQuadPipelineSG32,2048,2048,0.008766140,30,50,48771,28604,10229,280937837462916,280937845025312,7562396,280937845025729,280937846148437,1122708
DIAGNOSTIC,sample,1,legacy-first,1,legacy,GdnLegacyPipelineReference,4096,2048,0.005228576,20,100,0,62848,8917,280938392404791,280938396637604,4232813,280938396638020,280938397408750,770730
DIAGNOSTIC,sample,1,legacy-first,2,quad,GdnRecQuadPipelineSG32,4096,2048,0.008849336,30,40,36759,16921,5390,280938397495729,280938405162604,7666875,280938405162916,280938406285520,1122604
DIAGNOSTIC,sample,1,legacy-first,1,legacy,GdnLegacyPipelineReference,6144,2048,0.005229698,20,100,0,59572,8666,280938964045937,280938968277500,4231563,280938968278020,280938969050729,772709
DIAGNOSTIC,sample,1,legacy-first,2,quad,GdnRecQuadPipelineSG32,6144,2048,0.008745301,30,30,32802,15199,4769,280938969132187,280938976704166,7571979,280938976704583,280938977825625,1121042
DIAGNOSTIC,sample,1,legacy-first,1,legacy,GdnLegacyPipelineReference,8192,2048,0.005223045,30,100,0,64191,9838,280939521819166,280939526051875,4232709,280939526052291,280939526822291,770000
DIAGNOSTIC,sample,1,legacy-first,2,quad,GdnRecQuadPipelineSG32,8192,2048,0.008758406,30,30,33743,20038,7885,280939526911770,280939534488958,7577188,280939534489375,280939535613333,1123958
DIAGNOSTIC,sample,1,legacy-first,1,legacy,GdnLegacyPipelineReference,10240,2048,0.005239236,20,110,0,72827,11251,280940080630520,280940084862812,4232292,280940084863333,280940085636458,773125
DIAGNOSTIC,sample,1,legacy-first,2,quad,GdnRecQuadPipelineSG32,10240,2048,0.008521932,30,50,33052,18214,5190,280940085721562,280940093063437,7341875,280940093063854,280940094189062,1125208
DIAGNOSTIC,sample,1,legacy-first,1,legacy,GdnLegacyPipelineReference,12288,2048,0.005264543,40,100,0,74580,10420,280940652165833,280940656415312,4249479,280940656415833,280940657202500,786667
DIAGNOSTIC,sample,1,legacy-first,2,quad,GdnRecQuadPipelineSG32,12288,2048,0.007994884,30,50,42250,27862,10480,280940657312604,280940664109166,6796562,280940664109583,280940665231458,1121875
DIAGNOSTIC,sample,1,legacy-first,1,legacy,GdnLegacyPipelineReference,14336,2048,0.005232142,40,100,0,72096,12924,280941219080104,280941223313958,4233854,280941223314479,280941224086145,771666
DIAGNOSTIC,sample,1,legacy-first,2,quad,GdnRecQuadPipelineSG32,14336,2048,0.008772592,30,30,33703,17332,5330,280941224171979,280941231763541,7591562,280941231763958,280941232888333,1124375
DIAGNOSTIC,sample,1,legacy-first,1,legacy,GdnLegacyPipelineReference,16384,2048,0.005260225,50,131,0,79048,12664,280941785961770,280941790194375,4232605,280941790194895,280941790988958,794063
DIAGNOSTIC,sample,1,legacy-first,2,quad,GdnRecQuadPipelineSG32,16384,2048,0.008033207,30,40,38462,18114,7333,280941791081041,280941797931562,6850521,280941797931979,280941799054479,1122500
DIAGNOSTIC,sample,1,legacy-first,1,legacy,GdnLegacyPipelineReference,18432,2048,0.005225951,20,110,0,71985,10159,280942366483229,280942370713958,4230729,280942370714479,280942371485729,771250
DIAGNOSTIC,sample,1,legacy-first,2,quad,GdnRecQuadPipelineSG32,18432,2048,0.008533103,40,40,39735,19486,7854,280942371583645,280942378931354,7347709,280942378931770,280942380055000,1123230
DIAGNOSTIC,sample,1,legacy-first,1,legacy,GdnLegacyPipelineReference,20480,2048,0.005229368,50,100,0,63669,10099,280942919185208,280942923416458,4231250,280942923416979,280942924188541,771562
DIAGNOSTIC,sample,1,legacy-first,2,quad,GdnRecQuadPipelineSG32,20480,2048,0.008836012,20,50,32521,19156,5931,280942924275208,280942931935208,7660000,280942931935625,280942933056979,1121354
DIAGNOSTIC,sample,1,legacy-first,1,legacy,GdnLegacyPipelineReference,22528,2048,0.005236060,20,311,0,88536,12233,280943479161979,280943483392604,4230625,280943483393020,280943484164895,771875
DIAGNOSTIC,sample,1,legacy-first,2,quad,GdnRecQuadPipelineSG32,22528,2048,0.008625767,30,30,32381,17903,5089,280943484249375,280943491696562,7447187,280943491696979,280943492819062,1122083
DIAGNOSTIC,sample,1,legacy-first,1,legacy,GdnLegacyPipelineReference,24576,2048,0.005243304,30,90,0,63259,8937,280944036210729,280944040441979,4231250,280944040442500,280944041214375,771875
DIAGNOSTIC,sample,1,legacy-first,2,quad,GdnRecQuadPipelineSG32,24576,2048,0.008694636,30,50,33253,20879,6673,280944041304479,280944048815208,7510729,280944048815520,280944049940000,1124480
DIAGNOSTIC,sample,1,legacy-first,1,legacy,GdnLegacyPipelineReference,26624,2048,0.005772817,90,101,0,81983,10751,280944630935625,280944635670833,4735208,280944635671354,280944636467500,796146
DIAGNOSTIC,sample,1,legacy-first,2,quad,GdnRecQuadPipelineSG32,26624,2048,0.008336354,20,40,33874,18044,6211,280944636555833,280944643709687,7153854,280944643710000,280944644833854,1123854
DIAGNOSTIC,sample,1,legacy-first,1,legacy,GdnLegacyPipelineReference,28672,2048,0.005232123,341,100,0,76464,10790,280945206467500,280945210698958,4231458,280945210699479,280945211471145,771666
DIAGNOSTIC,sample,1,legacy-first,2,quad,GdnRecQuadPipelineSG32,28672,2048,0.008285089,20,41,39664,16521,5350,280945211562187,280945218663125,7100938,280945218663437,280945219785937,1122500
DIAGNOSTIC,sample,1,legacy-first,1,legacy,GdnLegacyPipelineReference,30720,2048,0.005237614,70,100,0,65603,10360,280945755567395,280945759803645,4236250,280945759804166,280945760575000,770834
DIAGNOSTIC,sample,1,legacy-first,2,quad,GdnRecQuadPipelineSG32,30720,2048,0.008682514,30,30,34325,15389,4919,280945760660104,280945768164687,7504583,280945768165104,280945769288750,1123646
DIAGNOSTIC_PREFIX_HEADER,phase,pair,order,position,arm,total,chunk,chunks,service_seconds,tokens,recurrence_calls,admission_attempts,norm_calls,initial_state_fnv,final_state_fnv,guarded_fp32_chunk_chain_fnv,guarded_fp16_chunk_chain_fnv,compiled_sg,private_known,private,spill_known,spill,exact
TIMING,diagnostic_warmup,1,legacy-first,1,legacy,32768,2048,16,0.249855977,32768,16,0,16,df831868a37d0545,00f5954c743f5800,35338fde7ba09a31,2e5ef19bdf4418c1,0,0,0,0,0,pass
TIMING,diagnostic_warmup,1,legacy-first,2,quad,32768,2048,16,0.223056810,32768,16,16,16,df831868a37d0545,00f5954c743f5800,35338fde7ba09a31,2e5ef19bdf4418c1,32,1,0,1,5056,pass
TIMING,diagnostic_warmup,2,quad-first,1,quad,32768,2048,16,0.170168143,32768,16,16,16,df831868a37d0545,00f5954c743f5800,35338fde7ba09a31,2e5ef19bdf4418c1,32,1,0,1,5056,pass
TIMING,diagnostic_warmup,2,quad-first,2,legacy,32768,2048,16,0.057779534,32768,16,0,16,df831868a37d0545,00f5954c743f5800,35338fde7ba09a31,2e5ef19bdf4418c1,0,0,0,0,0,pass
TIMING,diagnostic_sample,1,legacy-first,1,legacy,32768,2048,16,0.083902866,32768,16,0,16,df831868a37d0545,00f5954c743f5800,35338fde7ba09a31,2e5ef19bdf4418c1,0,0,0,0,0,pass
TIMING,diagnostic_sample,1,legacy-first,2,quad,32768,2048,16,0.137136511,32768,16,16,16,df831868a37d0545,00f5954c743f5800,35338fde7ba09a31,2e5ef19bdf4418c1,32,1,0,1,5056,pass
DIAGNOSTIC_SUMMARY,rows=96,recorded_pairs=1,exact_paired_chunks=true,profile_available=true,normal_buffers_released=true,host_device_not_additive=true,model=false,full_lifecycle=false,adopted=false,pass
