=thread-group-added,id="i1"
(gdb) 
1^done
(gdb) 
2^done
(gdb) 
3^done
(gdb) 
4^done
(gdb) 
5^done
(gdb) 
6^done
(gdb) 
7^done
(gdb) 
8^done
(gdb) 
=thread-group-started,id="i1",pid="7369"
=thread-created,id="1",group-id="i1"
=library-loaded,id="/lib64/ld-linux-x86-64.so.2",target-name="/lib64/ld-linux-x86-64.so.2",host-name="/lib64/ld-linux-x86-64.so.2",symbols-loaded="0",thread-group="i1",ranges=[{from="0x00007ffff7fc6000",to="0x00007ffff7ff0195"}]
9^running
*running,thread-id="all"
(gdb) 
=library-loaded,id="/lib/x86_64-linux-gnu/libm.so.6",target-name="/lib/x86_64-linux-gnu/libm.so.6",host-name="/lib/x86_64-linux-gnu/libm.so.6",symbols-loaded="0",thread-group="i1",ranges=[{from="0x00007ffff7ec5420",to="0x00007ffff7f433a6"}]
=library-loaded,id="/lib/x86_64-linux-gnu/libz.so.1",target-name="/lib/x86_64-linux-gnu/libz.so.1",host-name="/lib/x86_64-linux-gnu/libz.so.1",symbols-loaded="0",thread-group="i1",ranges=[{from="0x00007ffff7e9b260",to="0x00007ffff7eacc60"}]
=library-loaded,id="/lib/x86_64-linux-gnu/libexpat.so.1",target-name="/lib/x86_64-linux-gnu/libexpat.so.1",host-name="/lib/x86_64-linux-gnu/libexpat.so.1",symbols-loaded="0",thread-group="i1",ranges=[{from="0x00007ffff7e6f210",to="0x00007ffff7e8d473"}]
=library-loaded,id="/lib/x86_64-linux-gnu/libc.so.6",target-name="/lib/x86_64-linux-gnu/libc.so.6",host-name="/lib/x86_64-linux-gnu/libc.so.6",symbols-loaded="0",thread-group="i1",ranges=[{from="0x00007ffff7c80800",to="0x00007ffff7e08039"}]
~"[Thread debugging using libthread_db enabled]\n"
~"Using host libthread_db library \"/lib/x86_64-linux-gnu/libthread_db.so.1\".\n"
=library-loaded,id="/usr/lib/python3.12/lib-dynload/_json.cpython-312-x86_64-linux-gnu.so",target-name="/usr/lib/python3.12/lib-dynload/_json.cpython-312-x86_64-linux-gnu.so",host-name="/usr/lib/python3.12/lib-dynload/_json.cpython-312-x86_64-linux-gnu.so",symbols-loaded="0",thread-group="i1",ranges=[{from="0x00007ffff7fa56a0",to="0x00007ffff7fab60d"}]
~"process 7369 is executing new program: /home/yayoi/.local/state/strata-sycl/post-reboot-tuning-20261007/owned-native-counter-v01402-cpu-v1/fixture\n"
=library-unloaded,id="/lib64/ld-linux-x86-64.so.2",target-name="/lib64/ld-linux-x86-64.so.2",host-name="/lib64/ld-linux-x86-64.so.2",thread-group="i1"
=library-unloaded,id="/lib/x86_64-linux-gnu/libm.so.6",target-name="/lib/x86_64-linux-gnu/libm.so.6",host-name="/lib/x86_64-linux-gnu/libm.so.6",thread-group="i1"
=library-unloaded,id="/lib/x86_64-linux-gnu/libz.so.1",target-name="/lib/x86_64-linux-gnu/libz.so.1",host-name="/lib/x86_64-linux-gnu/libz.so.1",thread-group="i1"
=library-unloaded,id="/lib/x86_64-linux-gnu/libexpat.so.1",target-name="/lib/x86_64-linux-gnu/libexpat.so.1",host-name="/lib/x86_64-linux-gnu/libexpat.so.1",thread-group="i1"
=library-unloaded,id="/lib/x86_64-linux-gnu/libc.so.6",target-name="/lib/x86_64-linux-gnu/libc.so.6",host-name="/lib/x86_64-linux-gnu/libc.so.6",thread-group="i1"
=library-unloaded,id="/usr/lib/python3.12/lib-dynload/_json.cpython-312-x86_64-linux-gnu.so",target-name="/usr/lib/python3.12/lib-dynload/_json.cpython-312-x86_64-linux-gnu.so",host-name="/usr/lib/python3.12/lib-dynload/_json.cpython-312-x86_64-linux-gnu.so",thread-group="i1"
=library-loaded,id="/lib64/ld-linux-x86-64.so.2",target-name="/lib64/ld-linux-x86-64.so.2",host-name="/lib64/ld-linux-x86-64.so.2",symbols-loaded="0",thread-group="i1",ranges=[{from="0x00007ffff7fc6000",to="0x00007ffff7ff0195"}]
=library-loaded,id="/usr/lib/x86_64-linux-gnu/libc.so.6",target-name="/usr/lib/x86_64-linux-gnu/libc.so.6",host-name="/usr/lib/x86_64-linux-gnu/libc.so.6",symbols-loaded="0",thread-group="i1",ranges=[{from="0x00007ffff7dd0800",to="0x00007ffff7f58039"}]
~"[Thread debugging using libthread_db enabled]\n"
~"Using host libthread_db library \"/lib/x86_64-linux-gnu/libthread_db.so.1\".\n"
~"\nProgram"
~" received signal SIGTRAP, Trace/breakpoint trap.\n"
~"__pthread_kill_implementation (no_tid=0, signo=5, threadid=<optimized out>) at ./nptl/pthread_kill.c:44\n"
&"warning: 44\t./nptl/pthread_kill.c: No such file or directory\n"
*stopped,reason="signal-received",signal-name="SIGTRAP",signal-meaning="Trace/breakpoint trap",frame={addr="0x00007ffff7e46c0c",func="__pthread_kill_implementation",args=[{name="no_tid",value="0"},{name="signo",value="5"},{name="threadid",value="<optimized out>"}],file="./nptl/pthread_kill.c",fullname="./nptl/./nptl/pthread_kill.c",line="44",arch="i386:x86-64"},thread-id="1",stopped-threads="all",core="6"
10^done,threads=[{id="1",target-id="Thread 0x7ffff7da5740 (LWP 7369)",name="fixture",frame={level="0",addr="0x00007ffff7e46c0c",func="__pthread_kill_implementation",args=[{name="no_tid",value="0"},{name="signo",value="5"},{name="threadid",value="<optimized out>"}],file="./nptl/pthread_kill.c",fullname="./nptl/./nptl/pthread_kill.c",line="44",arch="i386:x86-64"},state="stopped",core="6"}],current-thread-id="1"
(gdb) 
~"\nThread 1 (Thread 0x7ffff7da5740 (LWP 7369) \"fixture\"):\n"
~"#0  __pthread_kill_implementation (no_tid=0, signo=5, threadid=<optimized out>) at ./nptl/pthread_kill.c:44\n#1  __pthread_kill_internal (signo=5, threadid=<optimized out>) at ./nptl/pthread_kill.c:78\n#2  __GI___pthread_kill (threadid=<optimized out>, signo=signo@entry=5) at ./nptl/pthread_kill.c:89\n#3  0x00007ffff7ded27e in __GI_raise (sig=5) at ../sysdeps/posix/raise.c:26\n#4  0x0000555555555268 in L0::EventImp<unsigned long>::queryCounterBasedEventStatus (this=0x7fffffffd1e0, timeSinceWait=0) at /home/yayoi/.local/state/strata-sycl/post-reboot-tuning-20261007/owned-native-counter-v01402-cpu-v1/fixture.cpp:13\n#5  0x0000555555555232 in main (argc=2, argv=0x7fffffffd348) at /home/yayoi/.local/state/strata-sycl/post-reboot-tuning-20261007/owned-native-counter-v01402-cpu-v1/fixture.cpp:20\n"
11^done
(gdb) 
~"rax            0x0                 0\n"
~"rbx            0x1cc9              7369\n"
~"rcx            0x7ffff7e46c0c      140737352330252\n"
~"rdx            0x5                 5\n"
~"rsi            0x1cc9              7369\n"
~"rdi            0x1cc9              7369\n"
~"rbp            0x7fffffffd160      0x7fffffffd160\n"
~"rsp            0x7fffffffd120      0x7fffffffd120\n"
~"r8             0x1999999999999999  1844674407370955161\n"
~"r9             0x0                 0\n"
~"r10            0x7ffff7f5afc0      140737353461696\n"
~"r11            0x246               582\n"
~"r12            0x5                 5\n"
~"r13            0x0                 0\n"
~"r14            0x16                22\n"
~"r15            0x7ffff7ffd000      140737354125312\n"
~"rip            0x7ffff7e46c0c      0x7ffff7e46c0c <__GI___pthread_kill+284>\n"
~"eflags         0x246               [ PF ZF IF ]\n"
~"cs             0x33                51\n"
~"ss             0x2b                43\n"
~"ds             0x0                 0\n"
~"es             0x0                 0\n"
~"fs             0x0                 0\n"
~"gs             0x0                 0\n"
~"fs_base        0x7ffff7da5740      140737351669568\n"
~"gs_base        0x0                 0\n"
12^done
(gdb) 
~"From                To                  Syms Read   Shared Object Library\n"
~"0x00007ffff7fc6000  0x00007ffff7ff0195  Yes         /lib64/ld-linux-x86-64.so.2\n"
~"0x00007ffff7dd0800  0x00007ffff7f58039  Yes         /usr/lib/x86_64-linux-gnu/libc.so.6\n"
13^done
(gdb) 
14^done,new-thread-id="1",frame={level="0",addr="0x00007ffff7e46c0c",func="__pthread_kill_implementation",args=[{name="no_tid",value="0"},{name="signo",value="5"},{name="threadid",value="<optimized out>"}],file="./nptl/pthread_kill.c",fullname="./nptl/./nptl/pthread_kill.c",line="44",arch="i386:x86-64"}
(gdb) 
~"strata diagnostic: main thread 1\n"
15^done
(gdb) 
~"rax            0x0                 0\n"
~"rbx            0x1cc9              7369\n"
~"rcx            0x7ffff7e46c0c      140737352330252\n"
~"rdx            0x5                 5\n"
~"rsi            0x1cc9              7369\n"
~"rdi            0x1cc9              7369\n"
~"rbp            0x7fffffffd160      0x7fffffffd160\n"
~"rsp            0x7fffffffd120      0x7fffffffd120\n"
~"r8             0x1999999999999999  1844674407370955161\n"
~"r9             0x0                 0\n"
~"r10            0x7ffff7f5afc0      140737353461696\n"
~"r11            0x246               582\n"
~"r12            0x5                 5\n"
~"r13            0x0                 0\n"
~"r14            0x16                22\n"
~"r15            0x7ffff7ffd000      140737354125312\n"
~"rip            0x7ffff7e46c0c      0x7ffff7e46c0c <__GI___pthread_kill+284>\n"
~"eflags         0x246               [ PF ZF IF ]\n"
~"cs             0x33                51\n"
~"ss             0x2b                43\n"
~"ds             0x0                 0\n"
~"es             0x0                 0\n"
~"fs             0x0                 0\n"
~"gs             0x0                 0\n"
~"fs_base        0x7ffff7da5740      140737351669568\n"
~"gs_base        0x0                 0\n"
16^done
(gdb) 
~"0x7fffffffd120:\t0x00007ffff7fc5000\t0x96e6f3c5544c1f00\n"
~"0x7fffffffd130:\t0x00007fffffffd230\t0x0000000000000005\n"
~"0x7fffffffd140:\t0x0000000000000002\t0x0000000000000000\n"
~"0x7fffffffd150:\t0x0000555555557da0\t0x00007ffff7ffd000\n"
~"0x7fffffffd160:\t0x00007fffffffd180\t0x00007ffff7ded27e\n"
~"0x7fffffffd170:\t0x0000000000000008\t0x00007fffffffd348\n"
~"0x7fffffffd180:\t0x00007fffffffd1a0\t0x0000555555555268\n"
~"0x7fffffffd190:\t0x0000000000000000\t0x00007fffffffd1e0\n"
~"0x7fffffffd1a0:\t0x00007fffffffd220\t0x0000555555555232\n"
~"0x7fffffffd1b0:\t0x00007fffffffd348\t0x00000002ffffd1e8\n"
~"0x7fffffffd1c0:\t0x0000000000000011\t0x0000000100000008\n"
~"0x7fffffffd1d0:\t0x00007fff00000001\t0x0000000000000000\n"
17^done
(gdb) 
~"=> 0x7ffff7e46c0c <__GI___pthread_kill+284>:\tmov    %eax,%r14d\n"
~"   0x7ffff7e46c0f <__GI___pthread_kill+287>:\tneg    %r14d\n"
~"   0x7ffff7e46c12 <__GI___pthread_kill+290>:\tcmp    $0xfffff000,%eax\n"
~"   0x7ffff7e46c17 <__GI___pthread_kill+295>:\tmov    $0x0,%eax\n"
~"   0x7ffff7e46c1c <__GI___pthread_kill+300>:\tcmovbe %eax,%r14d\n"
~"   0x7ffff7e46c20 <__GI___pthread_kill+304>:\tjmp    0x7ffff7e46ba0 <__GI___pthread_kill+176>\n"
~"   0x7ffff7e46c25 <__GI___pthread_kill+309>:\tnopl   (%rax)\n"
~"   0x7ffff7e46c28 <__GI___pthread_kill+312>:\tmov    %r13,%rdi\n"
~"   0x7ffff7e46c2b <__GI___pthread_kill+315>:\tcall   0x7ffff7e40fc0 <__GI___lll_lock_wait_private>\n"
~"   0x7ffff7e46c30 <__GI___pthread_kill+320>:\tjmp    0x7ffff7e46b6e <__GI___pthread_kill+126>\n"
~"   0x7ffff7e46c35 <__GI___pthread_kill+325>:\tnopl   (%rax)\n"
~"   0x7ffff7e46c38 <__GI___pthread_kill+328>:\tmov    %r13,%rdi\n"
~"   0x7ffff7e46c3b <__GI___pthread_kill+331>:\tcall   0x7ffff7e41080 <__GI___lll_lock_wake_private>\n"
~"   0x7ffff7e46c40 <__GI___pthread_kill+336>:\tjmp    0x7ffff7e46b89 <__GI___pthread_kill+153>\n"
~"   0x7ffff7e46c45 <__GI___pthread_kill+341>:\tcall   0x7ffff7ee0120 <__stack_chk_fail>\n"
~"   0x7ffff7e46c4a:\tnopw   0x0(%rax,%rax,1)\n"
18^done
(gdb) 
19^done,new-thread-id="1",frame={level="0",addr="0x00007ffff7e46c0c",func="__pthread_kill_implementation",args=[{name="no_tid",value="0"},{name="signo",value="5"},{name="threadid",value="<optimized out>"}],file="./nptl/pthread_kill.c",fullname="./nptl/./nptl/pthread_kill.c",line="44",arch="i386:x86-64"}
(gdb) 
20^done,threads=[{id="1",target-id="Thread 0x7ffff7da5740 (LWP 7369)",name="fixture",frame={level="0",addr="0x00007ffff7e46c0c",func="__pthread_kill_implementation",args=[{name="no_tid",value="0"},{name="signo",value="5"},{name="threadid",value="<optimized out>"}],file="./nptl/pthread_kill.c",fullname="./nptl/./nptl/pthread_kill.c",line="44",arch="i386:x86-64"},state="stopped",core="6"}],current-thread-id="1"
(gdb) 
21^done
(gdb) 
22^done,new-thread-id="1",frame={level="0",addr="0x00007ffff7e46c0c",func="__pthread_kill_implementation",args=[{name="no_tid",value="0"},{name="signo",value="5"},{name="threadid",value="<optimized out>"}],file="./nptl/pthread_kill.c",fullname="./nptl/./nptl/pthread_kill.c",line="44",arch="i386:x86-64"}
(gdb) 
23^done
(gdb) 
24^done,value="140737488343520"
(gdb) 
25^done,value="140737488343488"
(gdb) 
26^done,value="1"
(gdb) 
27^done,value="140737488343552"
(gdb) 
28^done,value="0"
(gdb) 
29^done,value="17"
(gdb) 
30^done,value="8"
(gdb) 
31^done,value="1"
(gdb) 
32^done,value="1"
(gdb) 
33^done,memory=[{begin="0x00007fffffffd208",offset="0x0000000000000000",end="0x00007fffffffd210",contents="0b00000000000000"}]
(gdb) 
34^done,new-thread-id="1",frame={level="0",addr="0x00007ffff7e46c0c",func="__pthread_kill_implementation",args=[{name="no_tid",value="0"},{name="signo",value="5"},{name="threadid",value="<optimized out>"}],file="./nptl/pthread_kill.c",fullname="./nptl/./nptl/pthread_kill.c",line="44",arch="i386:x86-64"}
(gdb) 
35^exit
=thread-exited,id="1",group-id="i1"
=thread-group-exited,id="i1"
