{"kind":"configuration","device":"B570","pci":"0000:05:00.0","profiling":false,"in_order":true,"same_context":true,"independent_operands":true,"mode":"qualify","copy_bytes_per_call":8388608,"copy_calls":4}
{"kind":"sample","role":"GU","M":80,"N":1280,"K":2560,"case":"copy_only","sample":0,"position":0,"seconds":0.005306509,"copy_calls":4,"logical_copy_bytes":33554432,"gemm_calls":0,"dense_flops":0}
{"kind":"sample","role":"GU","M":80,"N":1280,"K":2560,"case":"compute_only","sample":0,"position":1,"seconds":0.008483840,"copy_calls":0,"logical_copy_bytes":0,"gemm_calls":128,"dense_flops":67108864000}
{"kind":"sample","role":"GU","M":80,"N":1280,"K":2560,"case":"serialized","sample":0,"position":2,"seconds":0.014027936,"copy_calls":4,"logical_copy_bytes":33554432,"gemm_calls":128,"dense_flops":67108864000}
{"kind":"sample","role":"GU","M":80,"N":1280,"K":2560,"case":"concurrent","sample":0,"position":3,"seconds":0.010761328,"copy_calls":4,"logical_copy_bytes":33554432,"gemm_calls":128,"dense_flops":67108864000}
{"kind":"validation","role":"GU","M":80,"passed":true,"scope":"all copy words and final GEMM outputs; overwritten products not observed"}
{"kind":"sample","role":"GU","M":160,"N":1280,"K":2560,"case":"copy_only","sample":0,"position":0,"seconds":0.005298074,"copy_calls":4,"logical_copy_bytes":33554432,"gemm_calls":0,"dense_flops":0}
{"kind":"sample","role":"GU","M":160,"N":1280,"K":2560,"case":"compute_only","sample":0,"position":1,"seconds":0.008360778,"copy_calls":0,"logical_copy_bytes":0,"gemm_calls":128,"dense_flops":134217728000}
{"kind":"sample","role":"GU","M":160,"N":1280,"K":2560,"case":"serialized","sample":0,"position":2,"seconds":0.014017897,"copy_calls":4,"logical_copy_bytes":33554432,"gemm_calls":128,"dense_flops":134217728000}
{"kind":"sample","role":"GU","M":160,"N":1280,"K":2560,"case":"concurrent","sample":0,"position":3,"seconds":0.010842290,"copy_calls":4,"logical_copy_bytes":33554432,"gemm_calls":128,"dense_flops":134217728000}
{"kind":"validation","role":"GU","M":160,"passed":true,"scope":"all copy words and final GEMM outputs; overwritten products not observed"}
{"kind":"sample","role":"GU","M":8192,"N":1280,"K":2560,"case":"copy_only","sample":0,"position":0,"seconds":0.005318782,"copy_calls":4,"logical_copy_bytes":33554432,"gemm_calls":0,"dense_flops":0}
{"kind":"sample","role":"GU","M":8192,"N":1280,"K":2560,"case":"compute_only","sample":0,"position":1,"seconds":0.008262183,"copy_calls":0,"logical_copy_bytes":0,"gemm_calls":8,"dense_flops":429496729600}
{"kind":"sample","role":"GU","M":8192,"N":1280,"K":2560,"case":"serialized","sample":0,"position":2,"seconds":0.013605982,"copy_calls":4,"logical_copy_bytes":33554432,"gemm_calls":8,"dense_flops":429496729600}
{"kind":"sample","role":"GU","M":8192,"N":1280,"K":2560,"case":"concurrent","sample":0,"position":3,"seconds":0.013430272,"copy_calls":4,"logical_copy_bytes":33554432,"gemm_calls":8,"dense_flops":429496729600}
{"kind":"validation","role":"GU","M":8192,"passed":true,"scope":"all copy words and final GEMM outputs; overwritten products not observed"}
{"kind":"sample","role":"Down","M":80,"N":2560,"K":640,"case":"copy_only","sample":0,"position":0,"seconds":0.005447485,"copy_calls":4,"logical_copy_bytes":33554432,"gemm_calls":0,"dense_flops":0}
{"kind":"sample","role":"Down","M":80,"N":2560,"K":640,"case":"compute_only","sample":0,"position":1,"seconds":0.008660653,"copy_calls":0,"logical_copy_bytes":0,"gemm_calls":128,"dense_flops":33554432000}
{"kind":"sample","role":"Down","M":80,"N":2560,"K":640,"case":"serialized","sample":0,"position":2,"seconds":0.013505964,"copy_calls":4,"logical_copy_bytes":33554432,"gemm_calls":128,"dense_flops":33554432000}
{"kind":"sample","role":"Down","M":80,"N":2560,"K":640,"case":"concurrent","sample":0,"position":3,"seconds":0.008430640,"copy_calls":4,"logical_copy_bytes":33554432,"gemm_calls":128,"dense_flops":33554432000}
{"kind":"validation","role":"Down","M":80,"passed":true,"scope":"all copy words and final GEMM outputs; overwritten products not observed"}
{"kind":"sample","role":"Down","M":160,"N":2560,"K":640,"case":"copy_only","sample":0,"position":0,"seconds":0.005498341,"copy_calls":4,"logical_copy_bytes":33554432,"gemm_calls":0,"dense_flops":0}
{"kind":"sample","role":"Down","M":160,"N":2560,"K":640,"case":"compute_only","sample":0,"position":1,"seconds":0.009315305,"copy_calls":0,"logical_copy_bytes":0,"gemm_calls":128,"dense_flops":67108864000}
{"kind":"sample","role":"Down","M":160,"N":2560,"K":640,"case":"serialized","sample":0,"position":2,"seconds":0.013639035,"copy_calls":4,"logical_copy_bytes":33554432,"gemm_calls":128,"dense_flops":67108864000}
{"kind":"sample","role":"Down","M":160,"N":2560,"K":640,"case":"concurrent","sample":0,"position":3,"seconds":0.010610604,"copy_calls":4,"logical_copy_bytes":33554432,"gemm_calls":128,"dense_flops":67108864000}
{"kind":"validation","role":"Down","M":160,"passed":true,"scope":"all copy words and final GEMM outputs; overwritten products not observed"}
{"kind":"sample","role":"Down","M":8192,"N":2560,"K":640,"case":"copy_only","sample":0,"position":0,"seconds":0.005368626,"copy_calls":4,"logical_copy_bytes":33554432,"gemm_calls":0,"dense_flops":0}
{"kind":"sample","role":"Down","M":8192,"N":2560,"K":640,"case":"compute_only","sample":0,"position":1,"seconds":0.005281322,"copy_calls":0,"logical_copy_bytes":0,"gemm_calls":8,"dense_flops":214748364800}
{"kind":"sample","role":"Down","M":8192,"N":2560,"K":640,"case":"serialized","sample":0,"position":2,"seconds":0.010601225,"copy_calls":4,"logical_copy_bytes":33554432,"gemm_calls":8,"dense_flops":214748364800}
{"kind":"sample","role":"Down","M":8192,"N":2560,"K":640,"case":"concurrent","sample":0,"position":3,"seconds":0.010605213,"copy_calls":4,"logical_copy_bytes":33554432,"gemm_calls":8,"dense_flops":214748364800}
{"kind":"validation","role":"Down","M":8192,"passed":true,"scope":"all copy words and final GEMM outputs; overwritten products not observed"}
{"kind":"PASS","normal_release":true}
