{
  "scope": "First real normal-MTP context-128 unused-workspace reclamation and trace-memory candidate check using STRATA_PREFILL_SYNC=1, expert wait 0, full Level Zero/UR logging and parameter validation; four complete heads compared to released controls; no timing/capacity/prevention claim",
  "started_utc": "2026-10-07T04:30:41.784227+00:00",
  "boot_id": "0a908c16-e292-4299-80ff-082da39f4bb9",
  "active": false,
  "completed": true,
  "healthy": true,
  "requests": [
    {
      "name": "first",
      "ids": [
        760,
        10849,
        88851,
        2272
      ],
      "logprobs": [
        "LP -0.029362 760:-0.029362 57044:-3.582733 6374:-8.971300 92595:-9.043516 332:-9.416806",
        "LP -0.007869 10849:-0.007869 13071:-6.144162 57040:-7.056762 36600:-7.414969 27163:-7.584670",
        "LP -0.297371 88851:-0.297371 324:-1.971514 22472:-2.495075 76911:-4.114145 46810:-5.263838",
        "LP -0.001446 2272:-0.001446 87070:-7.109512 264:-7.565489 35091:-9.599085 66425:-11.472208"
      ],
      "protocol": [
        "RESUME 0",
        "PP 30 37 24512 1.2",
        "PP 36 37 44401 0.8",
        "REUSED 0",
        "T 760",
        "LP -0.029362 760:-0.029362 57044:-3.582733 6374:-8.971300 92595:-9.043516 332:-9.416806",
        "T 10849",
        "LP -0.007869 10849:-0.007869 13071:-6.144162 57040:-7.056762 36600:-7.414969 27163:-7.584670",
        "T 88851",
        "LP -0.297371 88851:-0.297371 324:-1.971514 22472:-2.495075 76911:-4.114145 46810:-5.263838",
        "T 2272",
        "LP -0.001446 2272:-0.001446 87070:-7.109512 264:-7.565489 35091:-9.599085 66425:-11.472208",
        "DONE 4 37 45395.6 3340.5 length 3 6 0 111 2491 0 0 0.0 37 1829"
      ],
      "head": {
        "bytes": 993280,
        "floats": 248320,
        "sha256": "feb9d9260b435e9efb603b1d5961fa616fbfa7004a639036c18ea535e99b02a4"
      },
      "equality": {
        "ids": true,
        "logprobs": true,
        "head": true
      }
    },
    {
      "name": "repeat",
      "ids": [
        760,
        10849,
        88851,
        2272
      ],
      "logprobs": [
        "LP -0.029362 760:-0.029362 57044:-3.582733 6374:-8.971300 92595:-9.043516 332:-9.416806",
        "LP -0.007869 10849:-0.007869 13071:-6.144162 57040:-7.056762 36600:-7.414969 27163:-7.584670",
        "LP -0.297371 88851:-0.297371 324:-1.971514 22472:-2.495075 76911:-4.114145 46810:-5.263838",
        "LP -0.001446 2272:-0.001446 87070:-7.109512 264:-7.565489 35091:-9.599085 66425:-11.472208"
      ],
      "protocol": [
        "RESUME 30",
        "PP 36 37 19128 0.3",
        "REUSED 30",
        "T 760",
        "LP -0.029362 760:-0.029362 57044:-3.582733 6374:-8.971300 92595:-9.043516 332:-9.416806",
        "T 10849",
        "LP -0.007869 10849:-0.007869 13071:-6.144162 57040:-7.056762 36600:-7.414969 27163:-7.584670",
        "T 88851",
        "LP -0.297371 88851:-0.297371 324:-1.971514 22472:-2.495075 76911:-4.114145 46810:-5.263838",
        "T 2272",
        "LP -0.001446 2272:-0.001446 87070:-7.109512 264:-7.565489 35091:-9.599085 66425:-11.472208",
        "DONE 4 37 20117.8 1023.9 length 3 6 30 111 2491 0 0 0.0 7 1829"
      ],
      "head": {
        "bytes": 993280,
        "floats": 248320,
        "sha256": "feb9d9260b435e9efb603b1d5961fa616fbfa7004a639036c18ea535e99b02a4"
      },
      "equality": {
        "ids": true,
        "logprobs": true,
        "head": true
      }
    },
    {
      "name": "other",
      "ids": [
        760,
        10849,
        88851,
        2272
      ],
      "logprobs": [
        "LP -0.077871 760:-0.077871 57044:-2.671930 332:-6.517687 2:-7.238763 92595:-7.778270",
        "LP -0.009716 10849:-0.009716 13071:-6.334938 36600:-6.721001 57040:-7.317684 27163:-7.625690",
        "LP -0.316179 88851:-0.316179 324:-2.027479 22472:-2.229814 76911:-4.416349 46810:-4.981436",
        "LP -0.001153 2272:-0.001153 264:-7.567292 87070:-7.603449 35091:-9.553897 279:-10.593863"
      ],
      "protocol": [
        "RESUME 0",
        "PP 30 37 25071 1.2",
        "PP 36 37 44951 0.8",
        "REUSED 0",
        "T 760",
        "LP -0.077871 760:-0.077871 57044:-2.671930 332:-6.517687 2:-7.238763 92595:-7.778270",
        "T 10849",
        "LP -0.009716 10849:-0.009716 13071:-6.334938 36600:-6.721001 57040:-7.317684 27163:-7.625690",
        "T 88851",
        "LP -0.316179 88851:-0.316179 324:-2.027479 22472:-2.229814 76911:-4.416349 46810:-4.981436",
        "T 2272",
        "LP -0.001153 2272:-0.001153 264:-7.567292 87070:-7.603449 35091:-9.553897 279:-10.593863",
        "DONE 4 37 45951.3 1040.5 length 3 6 0 110 2499 0 0 0.0 37 1821"
      ],
      "head": {
        "bytes": 993280,
        "floats": 248320,
        "sha256": "a604cb912de32e8cde7abe39837bb4056059c75d6dda212594bd038ac506957b"
      },
      "equality": {
        "ids": true,
        "logprobs": true,
        "head": true
      }
    },
    {
      "name": "restored",
      "ids": [
        760,
        10849,
        88851,
        2272
      ],
      "logprobs": [
        "LP -0.029362 760:-0.029362 57044:-3.582733 6374:-8.971300 92595:-9.043516 332:-9.416806",
        "LP -0.007869 10849:-0.007869 13071:-6.144162 57040:-7.056762 36600:-7.414969 27163:-7.584670",
        "LP -0.297371 88851:-0.297371 324:-1.971514 22472:-2.495075 76911:-4.114145 46810:-5.263838",
        "LP -0.001446 2272:-0.001446 87070:-7.109512 264:-7.565489 35091:-9.599085 66425:-11.472208"
      ],
      "protocol": [
        "RESUME 30",
        "PP 36 37 18886 0.3",
        "REUSED 30",
        "T 760",
        "LP -0.029362 760:-0.029362 57044:-3.582733 6374:-8.971300 92595:-9.043516 332:-9.416806",
        "T 10849",
        "LP -0.007869 10849:-0.007869 13071:-6.144162 57040:-7.056762 36600:-7.414969 27163:-7.584670",
        "T 88851",
        "LP -0.297371 88851:-0.297371 324:-1.971514 22472:-2.495075 76911:-4.114145 46810:-5.263838",
        "T 2272",
        "LP -0.001446 2272:-0.001446 87070:-7.109512 264:-7.565489 35091:-9.599085 66425:-11.472208",
        "DONE 4 37 19914.8 1062.1 length 3 6 30 111 2491 0 0 0.0 7 1829"
      ],
      "head": {
        "bytes": 993280,
        "floats": 248320,
        "sha256": "feb9d9260b435e9efb603b1d5961fa616fbfa7004a639036c18ea535e99b02a4"
      },
      "equality": {
        "ids": true,
        "logprobs": true,
        "head": true
      }
    }
  ],
  "snapshots": [],
  "deadline_seconds": 600,
  "protocol_timeout_seconds": 180,
  "log_limit_bytes": 2147483648,
  "cpu_debugger_guard_sha256": "e9925535b6a1753c89f71c32fe4b67b52c20ae7d423df269cccabe14d3b64d21",
  "preflight_fault_messages": [],
  "helper_gpu_guard_sha256": "b50eb566a1fa3972f95170941a6b1bc0f3a0d37be4bde4e75eefc61a0f90a92b",
  "candidate_build_guard_sha256": "cd2fa859da844c35df32010f6ab7212d7a62cf850f76af2094a5abba49fe2215",
  "binary_sha256": "3f3ed0526848f6c7273a70da8802cbe00389b67791629c000c26399bc50823f2",
  "reference_binary_sha256": "79a4b363d33f66f41d910be6274e609b4eb73f62afb0dc49bca72bf2a538d223",
  "reference_result_sha256": "76ab5a8eeda05824963f8803c8dde7b5b69a7a2768c1fc5f034be7bacef72b62",
  "source_sha256": {
    "/home/yayoi/.local/state/strata-sycl/post-reboot-tuning-20261007/run_owned_workspace_reclaim_short.py": "58f36eb51912c543e23b41f1dc848c2f4726cedaa5de89025acc157968946ee1",
    "/home/yayoi/ghq/github.com/yqYo1/Strata/.worktree/sync-upstream-2026-10-05/sycl/tools/recover-xe.sh": "2f90005f79d2309747d917cff51dc53d8ee6192d68cb1feca074f84af8b0796c",
    "/home/yayoi/ghq/github.com/yqYo1/Strata/.worktree/sync-upstream-2026-10-05/sycl/tools/owned_gdb.py": "61e1d206bf57bb320051cdd65943d23722bc523a602d80c54b7e7a2ad0d3f0d1",
    "/home/yayoi/ghq/github.com/yqYo1/Strata/.worktree/sync-upstream-2026-10-05/sycl/src/prefill/prefill.cpp": "c7ba0822a4f67b9a308eda8024d684e695c5b7ce5ba359143d790e2b9789243c",
    "/home/yayoi/ghq/github.com/yqYo1/Strata/.worktree/sync-upstream-2026-10-05/sycl/src/program/generate.cpp": "4e170cf0c06d6100debd3b447991291fb42431afc43fa0c240fe6559dcb1b4fd",
    "/home/yayoi/ghq/github.com/yqYo1/Strata/.worktree/sync-upstream-2026-10-05/sycl/src/kernels/cuda/qsa_decode_attn.dp.cpp": "8158c41c70901f91cf750515f62c84d44db8131eb737f7fb2b20f2770e99588c",
    "/home/yayoi/.local/state/strata-sycl/post-reboot-tuning-20261007/prefill-workspace-reclaim-build/prefill.cpp": "bdc0dea41753d345f5b5c329d807d3f9013280e2488e39df1d615a3b84506b92"
  },
  "elapsed_seconds": 177.06222188600077,
  "active_request": null,
  "startup": [
    "INFO context=128 kv=fp16 kv_resident=0 expert_slots=600 expert_cache_mib=1523 expert_slots_primary=600 expert_cache_primary_mib=1523 spec=4 mtp_max=0 lookup=0 vram_free_mib=3160 cvec=0 arena_mib=47962 pool_workers=5 pcie_frac=0.55 spec_min_p=0.00 conversation_cache_mib=256 conversation_cache_slots=4 conversation_cache_min_free_mib=2560 tail_role_token=-1 vram_elastic=0 engine=0.1.39-sycl",
    "READY 128 stop"
  ],
  "inferior": {
    "pid": 2252238,
    "start_ticks": 3712123,
    "state": "t"
  },
  "debugger": {
    "pid": 2252212,
    "start_ticks": 3712114,
    "state": "R"
  },
  "expert_wait_batches": [],
  "phase_sync_mark_count": 73692,
  "phase_sync_last_marks": [
    [
      "7273",
      "dequant",
      "0.1"
    ],
    [
      "7274",
      "gather",
      "0.1"
    ],
    [
      "7275",
      "gemm gate/up",
      "0.1"
    ],
    [
      "7276",
      "gemm down",
      "0.1"
    ],
    [
      "7277",
      "dequant",
      "0.1"
    ],
    [
      "7278",
      "gather",
      "0.1"
    ],
    [
      "7279",
      "gemm gate/up",
      "0.1"
    ],
    [
      "7280",
      "gemm down",
      "0.1"
    ],
    [
      "7281",
      "dequant",
      "0.1"
    ],
    [
      "7282",
      "gather",
      "0.1"
    ],
    [
      "7283",
      "gemm gate/up",
      "0.1"
    ],
    [
      "7284",
      "gemm down",
      "0.1"
    ],
    [
      "7285",
      "combine",
      "0.1"
    ],
    [
      "7286",
      "hc write+norm",
      "0.1"
    ],
    [
      "7287",
      "embed+steps",
      "0.1"
    ],
    [
      "7288",
      "embed+steps",
      "0.0"
    ]
  ],
  "release_pairs": {
    "release": 6,
    "restore": 6
  },
  "exit_code": 0,
  "exit_signal": null,
  "cleanup": {
    "forced": false,
    "inferior_survived": false,
    "gdb_survived": false
  },
  "new_fault_messages": [],
  "finished_utc": "2026-10-07T04:33:38.846617+00:00"
}
