=================================================================
==1036992==ERROR: AddressSanitizer: heap-use-after-free on address 0x5020000000b0 at pc 0x00000040280e bp 0x7ffc09044f10 sp 0x7ffc09044f00
READ of size 4 at 0x5020000000b0 thread T0
    #0 0x40280d in operator() /home/yayoi/.local/state/strata-sycl/orderly-serve-shutdown-20261006/host-boundaries-lazy-cpu/control/shutdown/probe.cpp:48
    #1 0x40280d in __invoke_impl<void, main(int, char**)::<lambda()>&> /usr/include/c++/13/bits/invoke.h:61
    #2 0x40280d in __invoke_r<void, main(int, char**)::<lambda()>&> /usr/include/c++/13/bits/invoke.h:111
    #3 0x40280d in _M_invoke /usr/include/c++/13/bits/std_function.h:290
    #4 0x403f62 in std::function<void ()>::operator()() const /usr/include/c++/13/bits/std_function.h:591
    #5 0x403f62 in main /home/yayoi/.local/state/strata-sycl/orderly-serve-shutdown-20261006/host-boundaries-lazy-cpu/control/shutdown/probe.cpp:52
    #6 0x728f453b01c9 in __libc_start_call_main ../sysdeps/nptl/libc_start_call_main.h:58
    #7 0x728f453b028a in __libc_start_main_impl ../csu/libc-start.c:360
    #8 0x4025b4 in _start (/home/yayoi/.local/state/strata-sycl/orderly-serve-shutdown-20261006/host-boundaries-lazy-cpu/control/shutdown/probe+0x4025b4) (BuildId: e4235b6ec063e22402377cd85894256a67f12408)

0x5020000000b0 is located 0 bytes inside of 4-byte region [0x5020000000b0,0x5020000000b4)
freed by thread T0 here:
    #0 0x728f460451f8 in operator delete[](void*) ../../../../src/libsanitizer/asan/asan_new_delete.cpp:155
    #1 0x4032dc in sycl::free(float*, Device&) /home/yayoi/.local/state/strata-sycl/orderly-serve-shutdown-20261006/host-boundaries-lazy-cpu/control/shutdown/probe.cpp:32
    #2 0x403350 in cli_footer() /home/yayoi/.local/state/strata-sycl/orderly-serve-shutdown-20261006/host-boundaries-lazy-cpu/control/shutdown/footer.inc:8
    #3 0x403aed in main /home/yayoi/.local/state/strata-sycl/orderly-serve-shutdown-20261006/host-boundaries-lazy-cpu/control/shutdown/probe.cpp:50
    #4 0x728f453b01c9 in __libc_start_call_main ../sysdeps/nptl/libc_start_call_main.h:58
    #5 0x728f453b028a in __libc_start_main_impl ../csu/libc-start.c:360
    #6 0x4025b4 in _start (/home/yayoi/.local/state/strata-sycl/orderly-serve-shutdown-20261006/host-boundaries-lazy-cpu/control/shutdown/probe+0x4025b4) (BuildId: e4235b6ec063e22402377cd85894256a67f12408)

previously allocated by thread T0 here:
    #0 0x728f460446c8 in operator new[](unsigned long) ../../../../src/libsanitizer/asan/asan_new_delete.cpp:98
    #1 0x40382a in main /home/yayoi/.local/state/strata-sycl/orderly-serve-shutdown-20261006/host-boundaries-lazy-cpu/control/shutdown/probe.cpp:46
    #2 0x728f453b01c9 in __libc_start_call_main ../sysdeps/nptl/libc_start_call_main.h:58
    #3 0x728f453b028a in __libc_start_main_impl ../csu/libc-start.c:360
    #4 0x4025b4 in _start (/home/yayoi/.local/state/strata-sycl/orderly-serve-shutdown-20261006/host-boundaries-lazy-cpu/control/shutdown/probe+0x4025b4) (BuildId: e4235b6ec063e22402377cd85894256a67f12408)

SUMMARY: AddressSanitizer: heap-use-after-free /home/yayoi/.local/state/strata-sycl/orderly-serve-shutdown-20261006/host-boundaries-lazy-cpu/control/shutdown/probe.cpp:48 in operator()
Shadow bytes around the buggy address:
  0x501ffffffe00: 00 00 00 00 00 00 00 00 00 00 00 00 00 00 00 00
  0x501ffffffe80: 00 00 00 00 00 00 00 00 00 00 00 00 00 00 00 00
  0x501fffffff00: 00 00 00 00 00 00 00 00 00 00 00 00 00 00 00 00
  0x501fffffff80: 00 00 00 00 00 00 00 00 00 00 00 00 00 00 00 00
  0x502000000000: fa fa fd fa fa fa fd fa fa fa fd fa fa fa fd fa
=>0x502000000080: fa fa fd fa fa fa[fd]fa fa fa fa fa fa fa fa fa
  0x502000000100: fa fa fa fa fa fa fa fa fa fa fa fa fa fa fa fa
  0x502000000180: fa fa fa fa fa fa fa fa fa fa fa fa fa fa fa fa
  0x502000000200: fa fa fa fa fa fa fa fa fa fa fa fa fa fa fa fa
  0x502000000280: fa fa fa fa fa fa fa fa fa fa fa fa fa fa fa fa
  0x502000000300: fa fa fa fa fa fa fa fa fa fa fa fa fa fa fa fa
Shadow byte legend (one shadow byte represents 8 application bytes):
  Addressable:           00
  Partially addressable: 01 02 03 04 05 06 07 
  Heap left redzone:       fa
  Freed heap region:       fd
  Stack left redzone:      f1
  Stack mid redzone:       f2
  Stack right redzone:     f3
  Stack after return:      f5
  Stack use after scope:   f8
  Global redzone:          f9
  Global init order:       f6
  Poisoned by user:        f7
  Container overflow:      fc
  Array cookie:            ac
  Intra object redzone:    bb
  ASan internal:           fe
  Left alloca redzone:     ca
  Right alloca redzone:    cb
==1036992==ABORTING
