=thread-group-added,id="i1"
(gdb) 
1^done
(gdb) 
2^done
(gdb) 
3^done
(gdb) 
4^done
(gdb) 
5^done
(gdb) 
6^done
(gdb) 
7^done
(gdb) 
8^done
(gdb) 
9^done
(gdb) 
10^done
(gdb) 
=thread-group-started,id="i1",pid="2202007"
=thread-created,id="1",group-id="i1"
=library-loaded,id="/lib64/ld-linux-x86-64.so.2",target-name="/lib64/ld-linux-x86-64.so.2",host-name="/lib64/ld-linux-x86-64.so.2",symbols-loaded="0",thread-group="i1",ranges=[{from="0x00007ffff7fc6000",to="0x00007ffff7ff0195"}]
11^running
*running,thread-id="all"
(gdb) 
=library-loaded,id="/usr/lib/x86_64-linux-gnu/libm.so.6",target-name="/usr/lib/x86_64-linux-gnu/libm.so.6",host-name="/usr/lib/x86_64-linux-gnu/libm.so.6",symbols-loaded="0",thread-group="i1",ranges=[{from="0x00007ffff7ee2420",to="0x00007ffff7f603a6"}]
=library-loaded,id="/usr/lib/x86_64-linux-gnu/libz.so.1",target-name="/usr/lib/x86_64-linux-gnu/libz.so.1",host-name="/usr/lib/x86_64-linux-gnu/libz.so.1",symbols-loaded="0",thread-group="i1",ranges=[{from="0x00007ffff7eb8260",to="0x00007ffff7ec9c60"}]
=library-loaded,id="/usr/lib/x86_64-linux-gnu/libexpat.so.1",target-name="/usr/lib/x86_64-linux-gnu/libexpat.so.1",host-name="/usr/lib/x86_64-linux-gnu/libexpat.so.1",symbols-loaded="0",thread-group="i1",ranges=[{from="0x00007ffff7e8c210",to="0x00007ffff7eaa473"}]
=library-loaded,id="/usr/lib/x86_64-linux-gnu/libc.so.6",target-name="/usr/lib/x86_64-linux-gnu/libc.so.6",host-name="/usr/lib/x86_64-linux-gnu/libc.so.6",symbols-loaded="0",thread-group="i1",ranges=[{from="0x00007ffff7c9d800",to="0x00007ffff7e25039"}]
~"[Thread debugging using libthread_db enabled]\n"
~"Using host libthread_db library \"/usr/lib/x86_64-linux-gnu/libthread_db.so.1\".\n"
=library-loaded,id="/usr/lib/python3.12/lib-dynload/_json.cpython-312-x86_64-linux-gnu.so",target-name="/usr/lib/python3.12/lib-dynload/_json.cpython-312-x86_64-linux-gnu.so",host-name="/usr/lib/python3.12/lib-dynload/_json.cpython-312-x86_64-linux-gnu.so",symbols-loaded="0",thread-group="i1",ranges=[{from="0x00007ffff75b06a0",to="0x00007ffff75b660d"}]
~"process 2202007 is executing new program: /home/yayoi/ghq/github.com/yqYo1/Strata/.worktree/sync-upstream-2026-10-05/build-sycl-event-ack-no-root-prefill-20261008/strata\n"
=library-unloaded,id="/lib64/ld-linux-x86-64.so.2",target-name="/lib64/ld-linux-x86-64.so.2",host-name="/lib64/ld-linux-x86-64.so.2",thread-group="i1"
=library-unloaded,id="/usr/lib/x86_64-linux-gnu/libm.so.6",target-name="/usr/lib/x86_64-linux-gnu/libm.so.6",host-name="/usr/lib/x86_64-linux-gnu/libm.so.6",thread-group="i1"
=library-unloaded,id="/usr/lib/x86_64-linux-gnu/libz.so.1",target-name="/usr/lib/x86_64-linux-gnu/libz.so.1",host-name="/usr/lib/x86_64-linux-gnu/libz.so.1",thread-group="i1"
=library-unloaded,id="/usr/lib/x86_64-linux-gnu/libexpat.so.1",target-name="/usr/lib/x86_64-linux-gnu/libexpat.so.1",host-name="/usr/lib/x86_64-linux-gnu/libexpat.so.1",thread-group="i1"
=library-unloaded,id="/usr/lib/x86_64-linux-gnu/libc.so.6",target-name="/usr/lib/x86_64-linux-gnu/libc.so.6",host-name="/usr/lib/x86_64-linux-gnu/libc.so.6",thread-group="i1"
=library-unloaded,id="/usr/lib/python3.12/lib-dynload/_json.cpython-312-x86_64-linux-gnu.so",target-name="/usr/lib/python3.12/lib-dynload/_json.cpython-312-x86_64-linux-gnu.so",host-name="/usr/lib/python3.12/lib-dynload/_json.cpython-312-x86_64-linux-gnu.so",thread-group="i1"
=library-loaded,id="/lib64/ld-linux-x86-64.so.2",target-name="/lib64/ld-linux-x86-64.so.2",host-name="/lib64/ld-linux-x86-64.so.2",symbols-loaded="0",thread-group="i1",ranges=[{from="0x00007ffff7fc6000",to="0x00007ffff7ff0195"}]
=library-loaded,id="/usr/lib/x86_64-linux-gnu/libze_loader.so.1",target-name="/usr/lib/x86_64-linux-gnu/libze_loader.so.1",host-name="/usr/lib/x86_64-linux-gnu/libze_loader.so.1",symbols-loaded="0",thread-group="i1",ranges=[{from="0x00007ffff7f14d00",to="0x00007ffff7f99795"}]
=library-loaded,id="/usr/lib/x86_64-linux-gnu/libm.so.6",target-name="/usr/lib/x86_64-linux-gnu/libm.so.6",host-name="/usr/lib/x86_64-linux-gnu/libm.so.6",symbols-loaded="0",thread-group="i1",ranges=[{from="0x00007ffff7e23420",to="0x00007ffff7ea13a6"}]
=library-loaded,id="/opt/intel/oneapi/mkl/2026.1/lib/libmkl_sycl_blas.so.6",target-name="/opt/intel/oneapi/mkl/2026.1/lib/libmkl_sycl_blas.so.6",host-name="/opt/intel/oneapi/mkl/2026.1/lib/libmkl_sycl_blas.so.6",symbols-loaded="0",thread-group="i1",ranges=[{from="0x00007ffff4cf76a0",to="0x00007ffff6a7b502"}]
=library-loaded,id="/opt/intel/oneapi/mkl/2026.1/lib/libmkl_sycl_lapack.so.6",target-name="/opt/intel/oneapi/mkl/2026.1/lib/libmkl_sycl_lapack.so.6",host-name="/opt/intel/oneapi/mkl/2026.1/lib/libmkl_sycl_lapack.so.6",symbols-loaded="0",thread-group="i1",ranges=[{from="0x00007ffff2c122b0",to="0x00007ffff3a50c00"}]
=library-loaded,id="/opt/intel/oneapi/mkl/2026.1/lib/libmkl_sycl_dft.so.6",target-name="/opt/intel/oneapi/mkl/2026.1/lib/libmkl_sycl_dft.so.6",host-name="/opt/intel/oneapi/mkl/2026.1/lib/libmkl_sycl_dft.so.6",symbols-loaded="0",thread-group="i1",ranges=[{from="0x00007ffff04202c0",to="0x00007ffff0787392"}]
=library-loaded,id="/opt/intel/oneapi/mkl/2026.1/lib/libmkl_sycl_sparse.so.6",target-name="/opt/intel/oneapi/mkl/2026.1/lib/libmkl_sycl_sparse.so.6",host-name="/opt/intel/oneapi/mkl/2026.1/lib/libmkl_sycl_sparse.so.6",symbols-loaded="0",thread-group="i1",ranges=[{from="0x00007fffed9f7ce0",to="0x00007fffeeff70e3"}]
=library-loaded,id="/opt/intel/oneapi/mkl/2026.1/lib/libmkl_sycl_rng.so.6",target-name="/opt/intel/oneapi/mkl/2026.1/lib/libmkl_sycl_rng.so.6",host-name="/opt/intel/oneapi/mkl/2026.1/lib/libmkl_sycl_rng.so.6",symbols-loaded="0",thread-group="i1",ranges=[{from="0x00007fffe9e59f40",to="0x00007fffeb51fe42"}]
=library-loaded,id="/opt/intel/oneapi/mkl/2026.1/lib/libmkl_sycl_stats.so.6",target-name="/opt/intel/oneapi/mkl/2026.1/lib/libmkl_sycl_stats.so.6",host-name="/opt/intel/oneapi/mkl/2026.1/lib/libmkl_sycl_stats.so.6",symbols-loaded="0",thread-group="i1",ranges=[{from="0x00007fffe86ad720",to="0x00007fffe8ab88d0"}]
=library-loaded,id="/opt/intel/oneapi/mkl/2026.1/lib/libmkl_sycl_vm.so.6",target-name="/opt/intel/oneapi/mkl/2026.1/lib/libmkl_sycl_vm.so.6",host-name="/opt/intel/oneapi/mkl/2026.1/lib/libmkl_sycl_vm.so.6",symbols-loaded="0",thread-group="i1",ranges=[{from="0x00007fffe534fca0",to="0x00007fffe6b13eb4"}]
=library-loaded,id="/opt/intel/oneapi/mkl/2026.1/lib/libmkl_sycl_data_fitting.so.6",target-name="/opt/intel/oneapi/mkl/2026.1/lib/libmkl_sycl_data_fitting.so.6",host-name="/opt/intel/oneapi/mkl/2026.1/lib/libmkl_sycl_data_fitting.so.6",symbols-loaded="0",thread-group="i1",ranges=[{from="0x00007fffe3e562e0",to="0x00007fffe3efeac3"}]
=library-loaded,id="/opt/intel/oneapi/mkl/2026.1/lib/libmkl_intel_lp64.so.3",target-name="/opt/intel/oneapi/mkl/2026.1/lib/libmkl_intel_lp64.so.3",host-name="/opt/intel/oneapi/mkl/2026.1/lib/libmkl_intel_lp64.so.3",symbols-loaded="0",thread-group="i1",ranges=[{from="0x00007fffe2d4e430",to="0x00007fffe381243f"}]
=library-loaded,id="/opt/intel/oneapi/mkl/2026.1/lib/libmkl_sequential.so.3",target-name="/opt/intel/oneapi/mkl/2026.1/lib/libmkl_sequential.so.3",host-name="/opt/intel/oneapi/mkl/2026.1/lib/libmkl_sequential.so.3",symbols-loaded="0",thread-group="i1",ranges=[{from="0x00007fffe1576b70",to="0x00007fffe28ecdca"}]
=library-loaded,id="/opt/intel/oneapi/mkl/2026.1/lib/libmkl_core.so.3",target-name="/opt/intel/oneapi/mkl/2026.1/lib/libmkl_core.so.3",host-name="/opt/intel/oneapi/mkl/2026.1/lib/libmkl_core.so.3",symbols-loaded="0",thread-group="i1",ranges=[{from="0x00007fffdcfbde00",to="0x00007fffe0e9b03c"}]
=library-loaded,id="/usr/lib/x86_64-linux-gnu/libstdc++.so.6",target-name="/usr/lib/x86_64-linux-gnu/libstdc++.so.6",host-name="/usr/lib/x86_64-linux-gnu/libstdc++.so.6",symbols-loaded="0",thread-group="i1",ranges=[{from="0x00007fffdcbd45c0",to="0x00007fffdcd13ce2"}]
=library-loaded,id="/usr/lib/x86_64-linux-gnu/libgcc_s.so.1",target-name="/usr/lib/x86_64-linux-gnu/libgcc_s.so.1",host-name="/usr/lib/x86_64-linux-gnu/libgcc_s.so.1",symbols-loaded="0",thread-group="i1",ranges=[{from="0x00007fffdcb05780",to="0x00007fffdcb28745"}]
=library-loaded,id="/opt/intel/oneapi/compiler/2026.1/lib/libsycl.so.9",target-name="/opt/intel/oneapi/compiler/2026.1/lib/libsycl.so.9",host-name="/opt/intel/oneapi/compiler/2026.1/lib/libsycl.so.9",symbols-loaded="0",thread-group="i1",ranges=[{from="0x00007fffdc820900",to="0x00007fffdcaf0aae"}]
=library-loaded,id="/opt/intel/oneapi/compiler/2026.1/lib/libOpenCL.so.1",target-name="/opt/intel/oneapi/compiler/2026.1/lib/libOpenCL.so.1",host-name="/opt/intel/oneapi/compiler/2026.1/lib/libOpenCL.so.1",symbols-loaded="0",thread-group="i1",ranges=[{from="0x00007fffdc717b10",to="0x00007fffdc71fe05"}]
=library-loaded,id="/usr/lib/x86_64-linux-gnu/libc.so.6",target-name="/usr/lib/x86_64-linux-gnu/libc.so.6",host-name="/usr/lib/x86_64-linux-gnu/libc.so.6",symbols-loaded="0",thread-group="i1",ranges=[{from="0x00007fffdc524800",to="0x00007fffdc6ac039"}]
=library-loaded,id="/usr/lib/x86_64-linux-gnu/libdl.so.2",target-name="/usr/lib/x86_64-linux-gnu/libdl.so.2",host-name="/usr/lib/x86_64-linux-gnu/libdl.so.2",symbols-loaded="0",thread-group="i1",ranges=[{from="0x00007fffdc4f8040",to="0x00007fffdc4f8105"}]
=library-loaded,id="/usr/lib/x86_64-linux-gnu/libpthread.so.0",target-name="/usr/lib/x86_64-linux-gnu/libpthread.so.0",host-name="/usr/lib/x86_64-linux-gnu/libpthread.so.0",symbols-loaded="0",thread-group="i1",ranges=[{from="0x00007fffdc4f3040",to="0x00007fffdc4f3105"}]
=library-loaded,id="/opt/intel/oneapi/compiler/2026.1/lib/libur_loader.so.0",target-name="/opt/intel/oneapi/compiler/2026.1/lib/libur_loader.so.0",host-name="/opt/intel/oneapi/compiler/2026.1/lib/libur_loader.so.0",symbols-loaded="0",thread-group="i1",ranges=[{from="0x00007fffdbb25840",to="0x00007fffdc49fd24"}]
=library-loaded,id="/opt/intel/oneapi/compiler/2026.1/lib/libsvml.so",target-name="/opt/intel/oneapi/compiler/2026.1/lib/libsvml.so",host-name="/opt/intel/oneapi/compiler/2026.1/lib/libsvml.so",symbols-loaded="0",thread-group="i1",ranges=[{from="0x00007fffdab835c0",to="0x00007fffdb62ba7f"}]
=library-loaded,id="/opt/intel/oneapi/compiler/2026.1/lib/libirng.so",target-name="/opt/intel/oneapi/compiler/2026.1/lib/libirng.so",host-name="/opt/intel/oneapi/compiler/2026.1/lib/libirng.so",symbols-loaded="0",thread-group="i1",ranges=[{from="0x00007fffd9f22c80",to="0x00007fffd9f65f16"}]
=library-loaded,id="/opt/intel/oneapi/compiler/2026.1/lib/libimf.so",target-name="/opt/intel/oneapi/compiler/2026.1/lib/libimf.so",host-name="/opt/intel/oneapi/compiler/2026.1/lib/libimf.so",symbols-loaded="0",thread-group="i1",ranges=[{from="0x00007fffd9ca2170",to="0x00007fffd9e30292"}]
=library-loaded,id="/opt/intel/oneapi/compiler/2026.1/lib/libintlc.so.5",target-name="/opt/intel/oneapi/compiler/2026.1/lib/libintlc.so.5",host-name="/opt/intel/oneapi/compiler/2026.1/lib/libintlc.so.5",symbols-loaded="0",thread-group="i1",ranges=[{from="0x00007fffd99e1240",to="0x00007fffd9a2c1f0"}]
=library-loaded,id="/usr/lib/x86_64-linux-gnu/librt.so.1",target-name="/usr/lib/x86_64-linux-gnu/librt.so.1",host-name="/usr/lib/x86_64-linux-gnu/librt.so.1",symbols-loaded="0",thread-group="i1",ranges=[{from="0x00007fffd99cc080",to="0x00007fffd99cc2b1"}]
=library-loaded,id="/usr/lib/x86_64-linux-gnu/libz.so.1",target-name="/usr/lib/x86_64-linux-gnu/libz.so.1",host-name="/usr/lib/x86_64-linux-gnu/libz.so.1",symbols-loaded="0",thread-group="i1",ranges=[{from="0x00007fffd99af260",to="0x00007fffd99c0c60"}]
&"warning: File \"/opt/intel/oneapi/compiler/2026.1/lib/libsycl.so.9.0.0-gdb.py\" auto-loading has been declined by your `auto-load safe-path' set to \"$debugdir:$datadir/auto-load\".\n"
~"To enable execution of this file add\n\tadd-auto-load-safe-path "
~"/opt/intel/oneapi/compiler/2026.1/lib/libsycl.so.9.0.0-gdb.py\nline to your configuration file \""
~"/home/yayoi/.config/gdb/gdbinit\".\nTo completely disable this security protection add\n\tset auto-load safe-path /\nline to your configuration file \""
~"/home/yayoi/.config/gdb/gdbinit\".\nFor more information about this security protection see the\n\"Auto-loading safe path\" section in the GDB manual.  E.g., run from the shell:\n\tinfo \"(gdb)Auto-loading safe path\"\n"
~"[Thread debugging using libthread_db enabled]\n"
~"Using host libthread_db library \"/usr/lib/x86_64-linux-gnu/libthread_db.so.1\".\n"
=library-loaded,id="/opt/intel/oneapi/compiler/2026.1/lib/libur_adapter_level_zero_v2.so.0",target-name="/opt/intel/oneapi/compiler/2026.1/lib/libur_adapter_level_zero_v2.so.0",host-name="/opt/intel/oneapi/compiler/2026.1/lib/libur_adapter_level_zero_v2.so.0",symbols-loaded="0",thread-group="i1",ranges=[{from="0x00007fec615f0750",to="0x00007fec6174c822"}]
=library-loaded,id="/opt/intel/oneapi/umf/1.1/lib/libumf.so.1",target-name="/opt/intel/oneapi/umf/1.1/lib/libumf.so.1",host-name="/opt/intel/oneapi/umf/1.1/lib/libumf.so.1",symbols-loaded="0",thread-group="i1",ranges=[{from="0x00007fffd99518f0",to="0x00007fffd9974470"}]
=library-loaded,id="/usr/lib/x86_64-linux-gnu/libhwloc.so.15",target-name="/usr/lib/x86_64-linux-gnu/libhwloc.so.15",host-name="/usr/lib/x86_64-linux-gnu/libhwloc.so.15",symbols-loaded="0",thread-group="i1",ranges=[{from="0x00007fec6153fd90",to="0x00007fec61585d2e"}]
=library-loaded,id="/usr/lib/x86_64-linux-gnu/libudev.so.1",target-name="/usr/lib/x86_64-linux-gnu/libudev.so.1",host-name="/usr/lib/x86_64-linux-gnu/libudev.so.1",symbols-loaded="0",thread-group="i1",ranges=[{from="0x00007fffd991d0f0",to="0x00007fffd993d4c0"}]
=library-loaded,id="/usr/lib/x86_64-linux-gnu/libcap.so.2",target-name="/usr/lib/x86_64-linux-gnu/libcap.so.2",host-name="/usr/lib/x86_64-linux-gnu/libcap.so.2",symbols-loaded="0",thread-group="i1",ranges=[{from="0x00007fffd990d9c0",to="0x00007fffd9912607"}]
=library-loaded,id="/usr/lib/x86_64-linux-gnu/libze_intel_gpu.so.1",target-name="/usr/lib/x86_64-linux-gnu/libze_intel_gpu.so.1",host-name="/usr/lib/x86_64-linux-gnu/libze_intel_gpu.so.1",symbols-loaded="0",thread-group="i1",ranges=[{from="0x00007fec5d9f4570",to="0x00007fec5e2ffa32"}]
=library-loaded,id="/usr/lib/x86_64-linux-gnu/libigdgmm.so.12",target-name="/usr/lib/x86_64-linux-gnu/libigdgmm.so.12",host-name="/usr/lib/x86_64-linux-gnu/libigdgmm.so.12",symbols-loaded="0",thread-group="i1",ranges=[{from="0x00007fec5d8692c0",to="0x00007fec5d92ca89"}]
=library-loaded,id="/usr/lib/x86_64-linux-gnu/libze_validation_layer.so.1",target-name="/usr/lib/x86_64-linux-gnu/libze_validation_layer.so.1",host-name="/usr/lib/x86_64-linux-gnu/libze_validation_layer.so.1",symbols-loaded="0",thread-group="i1",ranges=[{from="0x00007fec5d6afc80",to="0x00007fec5d7fe5f5"}]
=library-loaded,id="/usr/lib/x86_64-linux-gnu/libze_tracing_layer.so.1",target-name="/usr/lib/x86_64-linux-gnu/libze_tracing_layer.so.1",host-name="/usr/lib/x86_64-linux-gnu/libze_tracing_layer.so.1",symbols-loaded="0",thread-group="i1",ranges=[{from="0x00007fec5d5b3410",to="0x00007fec5d664570"}]
=library-loaded,id="/usr/lib/x86_64-linux-gnu/libigdfcl.so.2",target-name="/usr/lib/x86_64-linux-gnu/libigdfcl.so.2",host-name="/usr/lib/x86_64-linux-gnu/libigdfcl.so.2",symbols-loaded="0",thread-group="i1",ranges=[{from="0x00007fec5d29ced0",to="0x00007fec5d3fe62d"}]
=library-loaded,id="/usr/lib/x86_64-linux-gnu/libopencl-clang.so.17",target-name="/usr/lib/x86_64-linux-gnu/libopencl-clang.so.17",host-name="/usr/lib/x86_64-linux-gnu/libopencl-clang.so.17",symbols-loaded="0",thread-group="i1",ranges=[{from="0x00007fec55767400",to="0x00007fec59740b62"}]
=library-loaded,id="/usr/lib/x86_64-linux-gnu/libigc.so.2",target-name="/usr/lib/x86_64-linux-gnu/libigc.so.2",host-name="/usr/lib/x86_64-linux-gnu/libigc.so.2",symbols-loaded="0",thread-group="i1",ranges=[{from="0x00007fec4f8e8c00",to="0x00007fec52c85895"}]
=library-loaded,id="/usr/lib/x86_64-linux-gnu/libigdml.so.1",target-name="/usr/lib/x86_64-linux-gnu/libigdml.so.1",host-name="/usr/lib/x86_64-linux-gnu/libigdml.so.1",symbols-loaded="0",thread-group="i1",ranges=[{from="0x00007fec4f4ade20",to="0x00007fec4f5a8888"}]
=library-loaded,id="/usr/lib/x86_64-linux-gnu/libdrm.so.2",target-name="/usr/lib/x86_64-linux-gnu/libdrm.so.2",host-name="/usr/lib/x86_64-linux-gnu/libdrm.so.2",symbols-loaded="0",thread-group="i1",ranges=[{from="0x00007fec4f482780",to="0x00007fec4f48d931"}]
=library-loaded,id="/usr/lib/x86_64-linux-gnu/libnl-genl-3.so.200",target-name="/usr/lib/x86_64-linux-gnu/libnl-genl-3.so.200",host-name="/usr/lib/x86_64-linux-gnu/libnl-genl-3.so.200",symbols-loaded="0",thread-group="i1",ranges=[{from="0x00007fec4f2a7680",to="0x00007fec4f2a920c"}]
=library-loaded,id="/usr/lib/x86_64-linux-gnu/libnl-3.so.200",target-name="/usr/lib/x86_64-linux-gnu/libnl-3.so.200",host-name="/usr/lib/x86_64-linux-gnu/libnl-3.so.200",symbols-loaded="0",thread-group="i1",ranges=[{from="0x00007fec4f28b8c0",to="0x00007fec4f299cb9"}]
=library-unloaded,id="/usr/lib/x86_64-linux-gnu/libnl-genl-3.so.200",target-name="/usr/lib/x86_64-linux-gnu/libnl-genl-3.so.200",host-name="/usr/lib/x86_64-linux-gnu/libnl-genl-3.so.200",thread-group="i1"
=library-unloaded,id="/usr/lib/x86_64-linux-gnu/libnl-3.so.200",target-name="/usr/lib/x86_64-linux-gnu/libnl-3.so.200",host-name="/usr/lib/x86_64-linux-gnu/libnl-3.so.200",thread-group="i1"
=library-loaded,id="/usr/lib/x86_64-linux-gnu/libnl-genl-3.so.200",target-name="/usr/lib/x86_64-linux-gnu/libnl-genl-3.so.200",host-name="/usr/lib/x86_64-linux-gnu/libnl-genl-3.so.200",symbols-loaded="0",thread-group="i1",ranges=[{from="0x00007fec4f2a7680",to="0x00007fec4f2a920c"}]
=library-loaded,id="/usr/lib/x86_64-linux-gnu/libnl-3.so.200",target-name="/usr/lib/x86_64-linux-gnu/libnl-3.so.200",host-name="/usr/lib/x86_64-linux-gnu/libnl-3.so.200",symbols-loaded="0",thread-group="i1",ranges=[{from="0x00007fec4f28b8c0",to="0x00007fec4f299cb9"}]
=thread-created,id="2",group-id="i1"
~"[New Thread 0x7fffd73196c0 (LWP 2202271)]\n"
*running,thread-id="2"
=thread-created,id="3",group-id="i1"
~"[New Thread 0x7fffd67186c0 (LWP 2202301)]\n"
*running,thread-id="3"
=thread-created,id="4",group-id="i1"
~"[New Thread 0x7fffd5f176c0 (LWP 2202302)]\n"
*running,thread-id="4"
=thread-created,id="5",group-id="i1"
~"[New Thread 0x7fffd57166c0 (LWP 2202303)]\n"
*running,thread-id="5"
=thread-created,id="6",group-id="i1"
~"[New Thread 0x7fffd4f156c0 (LWP 2202304)]\n"
*running,thread-id="6"
=thread-created,id="7",group-id="i1"
~"[New Thread 0x7fffd47146c0 (LWP 2202305)]\n"
*running,thread-id="7"
=thread-created,id="8",group-id="i1"
~"[New Thread 0x7fffd3f136c0 (LWP 2202306)]\n"
*running,thread-id="8"
=thread-created,id="9",group-id="i1"
~"[New Thread 0x7fffd37126c0 (LWP 2202307)]\n"
*running,thread-id="9"
=thread-created,id="10",group-id="i1"
~"[New Thread 0x7fffd2f116c0 (LWP 2202308)]\n"
*running,thread-id="10"
=thread-created,id="11",group-id="i1"
~"[New Thread 0x7fffd27106c0 (LWP 2202309)]\n"
*running,thread-id="11"
=thread-created,id="12",group-id="i1"
~"[New Thread 0x7fffd1f0f6c0 (LWP 2202310)]\n"
*running,thread-id="12"
=thread-created,id="13",group-id="i1"
~"[New Thread 0x7fffd170e6c0 (LWP 2202311)]\n"
*running,thread-id="13"
=thread-created,id="14",group-id="i1"
~"[New Thread 0x7fffd0f0d6c0 (LWP 2202312)]\n"
*running,thread-id="14"
=thread-created,id="15",group-id="i1"
~"[New Thread 0x7fffd070c6c0 (LWP 2202313)]\n"
*running,thread-id="15"
=thread-created,id="16",group-id="i1"
~"[New Thread 0x7fffcff0b6c0 (LWP 2202314)]\n"
*running,thread-id="16"
=thread-created,id="17",group-id="i1"
~"[New Thread 0x7fffcf70a6c0 (LWP 2202315)]\n"
*running,thread-id="17"
=thread-created,id="18",group-id="i1"
~"[New Thread 0x7fffcef096c0 (LWP 2202316)]\n"
*running,thread-id="18"
=thread-created,id="19",group-id="i1"
~"[New Thread 0x7fffce7086c0 (LWP 2202317)]\n"
*running,thread-id="19"
=thread-created,id="20",group-id="i1"
~"[New Thread 0x7fffcdf076c0 (LWP 2202318)]\n"
*running,thread-id="20"
=thread-created,id="21",group-id="i1"
~"[New Thread 0x7fffcd7066c0 (LWP 2202319)]\n"
*running,thread-id="21"
=thread-created,id="22",group-id="i1"
~"[New Thread 0x7fffccf056c0 (LWP 2202320)]\n"
*running,thread-id="22"
=thread-created,id="23",group-id="i1"
~"[New Thread 0x7fffcc7046c0 (LWP 2202321)]\n"
*running,thread-id="23"
=thread-created,id="24",group-id="i1"
~"[New Thread 0x7fffcbf036c0 (LWP 2202322)]\n"
*running,thread-id="24"
=thread-created,id="25",group-id="i1"
~"[New Thread 0x7fffcb7026c0 (LWP 2202323)]\n"
*running,thread-id="25"
=thread-created,id="26",group-id="i1"
~"[New Thread 0x7fffcaf016c0 (LWP 2202324)]\n"
*running,thread-id="26"
=thread-created,id="27",group-id="i1"
~"[New Thread 0x7fffca7006c0 (LWP 2202325)]\n"
*running,thread-id="27"
=thread-created,id="28",group-id="i1"
~"[New Thread 0x7fffc9eff6c0 (LWP 2202326)]\n"
*running,thread-id="28"
=thread-created,id="29",group-id="i1"
~"[New Thread 0x7fffc96fe6c0 (LWP 2202327)]\n"
*running,thread-id="29"
=thread-created,id="30",group-id="i1"
~"[New Thread 0x7fffc8efd6c0 (LWP 2202328)]\n"
*running,thread-id="30"
=thread-created,id="31",group-id="i1"
~"[New Thread 0x7fffc86fc6c0 (LWP 2202329)]\n"
*running,thread-id="31"
=thread-created,id="32",group-id="i1"
~"[New Thread 0x7fffc7efb6c0 (LWP 2202330)]\n"
*running,thread-id="32"
=thread-created,id="33",group-id="i1"
~"[New Thread 0x7fffc76fa6c0 (LWP 2202331)]\n"
*running,thread-id="33"
=thread-created,id="34",group-id="i1"
~"[New Thread 0x7fffc6ef96c0 (LWP 2202332)]\n"
*running,thread-id="34"
=thread-created,id="35",group-id="i1"
~"[New Thread 0x7fffc66f86c0 (LWP 2202333)]\n"
*running,thread-id="35"
=thread-created,id="36",group-id="i1"
~"[New Thread 0x7fffc5ef76c0 (LWP 2202334)]\n"
*running,thread-id="36"
=thread-created,id="37",group-id="i1"
~"[New Thread 0x7fffc56f66c0 (LWP 2202335)]\n"
*running,thread-id="37"
=thread-created,id="38",group-id="i1"
~"[New Thread 0x7fffc4ef56c0 (LWP 2202336)]\n"
*running,thread-id="38"
=thread-created,id="39",group-id="i1"
~"[New Thread 0x7fffc46f46c0 (LWP 2202337)]\n"
*running,thread-id="39"
=thread-created,id="40",group-id="i1"
~"[New Thread 0x7fffc3ef36c0 (LWP 2202338)]\n"
*running,thread-id="40"
=thread-created,id="41",group-id="i1"
~"[New Thread 0x7fffc36f26c0 (LWP 2202339)]\n"
*running,thread-id="41"
=thread-created,id="42",group-id="i1"
~"[New Thread 0x7fffc2ef16c0 (LWP 2202340)]\n"
*running,thread-id="42"
=thread-created,id="43",group-id="i1"
~"[New Thread 0x7fffc26f06c0 (LWP 2202341)]\n"
*running,thread-id="43"
=thread-created,id="44",group-id="i1"
~"[New Thread 0x7fffc1eef6c0 (LWP 2202342)]\n"
*running,thread-id="44"
=thread-created,id="45",group-id="i1"
~"[New Thread 0x7fffc16ee6c0 (LWP 2202343)]\n"
*running,thread-id="45"
=thread-created,id="46",group-id="i1"
~"[New Thread 0x7fffc0eed6c0 (LWP 2202344)]\n"
*running,thread-id="46"
=thread-created,id="47",group-id="i1"
~"[New Thread 0x7fffc06ec6c0 (LWP 2202345)]\n"
*running,thread-id="47"
=thread-created,id="48",group-id="i1"
~"[New Thread 0x7fffbfeeb6c0 (LWP 2202346)]\n"
*running,thread-id="48"
=thread-created,id="49",group-id="i1"
~"[New Thread 0x7fffbf6ea6c0 (LWP 2202347)]\n"
*running,thread-id="49"
=thread-created,id="50",group-id="i1"
~"[New Thread 0x7fffbeee96c0 (LWP 2202348)]\n"
*running,thread-id="50"
=thread-created,id="51",group-id="i1"
~"[New Thread 0x7fffbe6e86c0 (LWP 2202349)]\n"
*running,thread-id="51"
=thread-created,id="52",group-id="i1"
~"[New Thread 0x7fffbdee76c0 (LWP 2202350)]\n"
*running,thread-id="52"
=thread-created,id="53",group-id="i1"
~"[New Thread 0x7fffbd6e66c0 (LWP 2202351)]\n"
*running,thread-id="53"
=thread-created,id="54",group-id="i1"
~"[New Thread 0x7fffbcee56c0 (LWP 2202352)]\n"
*running,thread-id="54"
=thread-created,id="55",group-id="i1"
~"[New Thread 0x7fffbc6e46c0 (LWP 2202353)]\n"
*running,thread-id="55"
=thread-created,id="56",group-id="i1"
~"[New Thread 0x7fffbbee36c0 (LWP 2202354)]\n"
*running,thread-id="56"
=thread-created,id="57",group-id="i1"
~"[New Thread 0x7fffbb6e26c0 (LWP 2202355)]\n"
*running,thread-id="57"
=thread-created,id="58",group-id="i1"
~"[New Thread 0x7fffbaee16c0 (LWP 2202356)]\n"
*running,thread-id="58"
=thread-created,id="59",group-id="i1"
~"[New Thread 0x7fffba6e06c0 (LWP 2202357)]\n"
*running,thread-id="59"
=thread-created,id="60",group-id="i1"
~"[New Thread 0x7fffb9edf6c0 (LWP 2202358)]\n"
*running,thread-id="60"
=thread-created,id="61",group-id="i1"
~"[New Thread 0x7fffb96de6c0 (LWP 2202359)]\n"
*running,thread-id="61"
=thread-created,id="62",group-id="i1"
~"[New Thread 0x7fffb8edd6c0 (LWP 2202360)]\n"
*running,thread-id="62"
=thread-created,id="63",group-id="i1"
~"[New Thread 0x7fffb86dc6c0 (LWP 2202361)]\n"
*running,thread-id="63"
=thread-created,id="64",group-id="i1"
~"[New Thread 0x7fffb7edb6c0 (LWP 2202362)]\n"
*running,thread-id="64"
=thread-created,id="65",group-id="i1"
~"[New Thread 0x7fffb76da6c0 (LWP 2202363)]\n"
*running,thread-id="65"
=thread-created,id="66",group-id="i1"
~"[New Thread 0x7fffb6ed96c0 (LWP 2202364)]\n"
*running,thread-id="66"
=thread-created,id="67",group-id="i1"
~"[New Thread 0x7fffb06d46c0 (LWP 2202366)]\n"
*running,thread-id="67"
=thread-created,id="68",group-id="i1"
~"[New Thread 0x7fffabc236c0 (LWP 2202432)]\n"
*running,thread-id="68"
=thread-created,id="69",group-id="i1"
~"[New Thread 0x7fffab4226c0 (LWP 2202433)]\n"
*running,thread-id="69"
=thread-created,id="70",group-id="i1"
~"[New Thread 0x7fffaa28e6c0 (LWP 2202434)]\n"
*running,thread-id="70"
=thread-created,id="71",group-id="i1"
~"[New Thread 0x7ff39bdf46c0 (LWP 2202435)]\n"
*running,thread-id="71"
=thread-created,id="72",group-id="i1"
~"[New Thread 0x7ff39adf06c0 (LWP 2202436)]\n"
*running,thread-id="72"
~"[Thread 0x7ff39adf06c0 (LWP 2202436) exited]\n"
=thread-exited,id="72",group-id="i1"
~"[Thread 0x7ff39bdf46c0 (LWP 2202435) exited]\n"
=thread-exited,id="71",group-id="i1"
~"[Thread 0x7fffabc236c0 (LWP 2202432) exited]\n"
=thread-exited,id="68",group-id="i1"
~"[Thread 0x7fffaa28e6c0 (LWP 2202434) exited]\n"
=thread-exited,id="70",group-id="i1"
~"[Thread 0x7fffab4226c0 (LWP 2202433) exited]\n"
=thread-exited,id="69",group-id="i1"
=thread-created,id="73",group-id="i1"
~"[New Thread 0x7ff39adf06c0 (LWP 2203323)]\n"
*running,thread-id="73"
=thread-created,id="74",group-id="i1"
~"[New Thread 0x7ff39bdf46c0 (LWP 2203324)]\n"
*running,thread-id="74"
=thread-created,id="75",group-id="i1"
~"[New Thread 0x7fffaa28e6c0 (LWP 2203325)]\n"
*running,thread-id="75"
=thread-created,id="76",group-id="i1"
~"[New Thread 0x7fffab4226c0 (LWP 2203326)]\n"
*running,thread-id="76"
=thread-created,id="77",group-id="i1"
~"[New Thread 0x7fffd8e096c0 (LWP 2203327)]\n"
*running,thread-id="77"
=thread-created,id="78",group-id="i1"
~"[New Thread 0x7ff3827ff6c0 (LWP 2203330)]\n"
*running,thread-id="78"
=thread-created,id="79",group-id="i1"
~"[New Thread 0x7ff381ffe6c0 (LWP 2203331)]\n"
*running,thread-id="79"
=thread-created,id="80",group-id="i1"
~"[New Thread 0x7ff3817fd6c0 (LWP 2203332)]\n"
*running,thread-id="80"
=thread-created,id="81",group-id="i1"
~"[New Thread 0x7ff380ffc6c0 (LWP 2203340)]\n"
*running,thread-id="81"
=thread-created,id="82",group-id="i1"
~"[New Thread 0x7ff357fff6c0 (LWP 2203341)]\n"
*running,thread-id="82"
=thread-created,id="83",group-id="i1"
~"[New Thread 0x7ff3577fe6c0 (LWP 2203595)]\n"
*running,thread-id="83"
~"[Thread 0x7ff3577fe6c0 (LWP 2203595) exited]\n"
=thread-exited,id="83",group-id="i1"
=thread-created,id="84",group-id="i1"
~"[New Thread 0x7ff3577fe6c0 (LWP 2203961)]\n"
*running,thread-id="84"
~"[Thread 0x7ff3577fe6c0 (LWP 2203961) exited]\n"
=thread-exited,id="84",group-id="i1"
=thread-created,id="85",group-id="i1"
~"[New Thread 0x7ff3577fe6c0 (LWP 2204234)]\n"
*running,thread-id="85"
~"[Thread 0x7ff3577fe6c0 (LWP 2204234) exited]\n"
=thread-exited,id="85",group-id="i1"
~"[Thread 0x7ff380ffc6c0 (LWP 2203340) exited]\n"
=thread-exited,id="81",group-id="i1"
~"[Thread 0x7ff357fff6c0 (LWP 2203341) exited]\n"
=thread-exited,id="82",group-id="i1"
~"[Thread 0x7ff3817fd6c0 (LWP 2203332) exited]\n"
=thread-exited,id="80",group-id="i1"
~"[Thread 0x7ff381ffe6c0 (LWP 2203331) exited]\n"
=thread-exited,id="79",group-id="i1"
~"[Thread 0x7ff3827ff6c0 (LWP 2203330) exited]\n"
=thread-exited,id="78",group-id="i1"
~"[Thread 0x7fffd8e096c0 (LWP 2203327) exited]\n"
=thread-exited,id="77",group-id="i1"
~"[Thread 0x7fffab4226c0 (LWP 2203326) exited]\n"
=thread-exited,id="76",group-id="i1"
~"[Thread 0x7fffaa28e6c0 (LWP 2203325) exited]\n"
=thread-exited,id="75",group-id="i1"
~"[Thread 0x7ff39bdf46c0 (LWP 2203324) exited]\n"
=thread-exited,id="74",group-id="i1"
~"[Thread 0x7ff39adf06c0 (LWP 2203323) exited]\n"
=thread-exited,id="73",group-id="i1"
~"[Thread 0x7fffb06d46c0 (LWP 2202366) exited]\n"
=thread-exited,id="67",group-id="i1"
~"[Thread 0x7fffbb6e26c0 (LWP 2202355) exited]\n"
=thread-exited,id="57",group-id="i1"
~"[Thread 0x7fffbcee56c0 (LWP 2202352) exited]\n"
=thread-exited,id="54",group-id="i1"
~"[Thread 0x7fffbd6e66c0 (LWP 2202351) exited]\n"
=thread-exited,id="53",group-id="i1"
~"[Thread 0x7fffbdee76c0 (LWP 2202350) exited]\n"
=thread-exited,id="52",group-id="i1"
~"[Thread 0x7fffc26f06c0 (LWP 2202341) exited]\n"
=thread-exited,id="43",group-id="i1"
~"[Thread 0x7fffc56f66c0 (LWP 2202335) exited]\n"
=thread-exited,id="37",group-id="i1"
~"[Thread 0x7fffc66f86c0 (LWP 2202333) exited]\n"
=thread-exited,id="35",group-id="i1"
~"[Thread 0x7fffc86fc6c0 (LWP 2202329) exited]\n"
=thread-exited,id="31",group-id="i1"
~"[Thread 0x7fffc16ee6c0 (LWP 2202343) exited]\n"
=thread-exited,id="45",group-id="i1"
~"[Thread 0x7fffb9edf6c0 (LWP 2202358) exited]\n"
=thread-exited,id="60",group-id="i1"
~"[Thread 0x7fffc3ef36c0 (LWP 2202338) exited]\n"
=thread-exited,id="40",group-id="i1"
~"[Thread 0x7fffc46f46c0 (LWP 2202337) exited]\n"
=thread-exited,id="39",group-id="i1"
~"[Thread 0x7fffc8efd6c0 (LWP 2202328) exited]\n"
=thread-exited,id="30",group-id="i1"
~"[Thread 0x7fffc9eff6c0 (LWP 2202326) exited]\n"
=thread-exited,id="28",group-id="i1"
~"[Thread 0x7fffb6ed96c0 (LWP 2202364) exited]\n"
=thread-exited,id="66",group-id="i1"
~"[Thread 0x7fffcaf016c0 (LWP 2202324) exited]\n"
=thread-exited,id="26",group-id="i1"
~"[Thread 0x7fffcb7026c0 (LWP 2202323) exited]\n"
=thread-exited,id="25",group-id="i1"
~"[Thread 0x7fffb8edd6c0 (LWP 2202360) exited]\n"
=thread-exited,id="62",group-id="i1"
~"[Thread 0x7fffbc6e46c0 (LWP 2202353) exited]\n"
=thread-exited,id="55",group-id="i1"
~"[Thread 0x7fffc0eed6c0 (LWP 2202344) exited]\n"
=thread-exited,id="46",group-id="i1"
~"[Thread 0x7fffc36f26c0 (LWP 2202339) exited]\n"
=thread-exited,id="41",group-id="i1"
~"[Thread 0x7fffbbee36c0 (LWP 2202354) exited]\n"
=thread-exited,id="56",group-id="i1"
~"[Thread 0x7fffbe6e86c0 (LWP 2202349) exited]\n"
=thread-exited,id="51",group-id="i1"
~"[Thread 0x7fffc5ef76c0 (LWP 2202334) exited]\n"
=thread-exited,id="36",group-id="i1"
~"[Thread 0x7fffb76da6c0 (LWP 2202363) exited]\n"
=thread-exited,id="65",group-id="i1"
~"[Thread 0x7fffba6e06c0 (LWP 2202357) exited]\n"
=thread-exited,id="59",group-id="i1"
~"[Thread 0x7fffbeee96c0 (LWP 2202348) exited]\n"
=thread-exited,id="50",group-id="i1"
~"[Thread 0x7fffc06ec6c0 (LWP 2202345) exited]\n"
=thread-exited,id="47",group-id="i1"
~"[Thread 0x7fffc1eef6c0 (LWP 2202342) exited]\n"
=thread-exited,id="44",group-id="i1"
~"[Thread 0x7fffc2ef16c0 (LWP 2202340) exited]\n"
=thread-exited,id="42",group-id="i1"
~"[Thread 0x7fffc4ef56c0 (LWP 2202336) exited]\n"
=thread-exited,id="38",group-id="i1"
~"[Thread 0x7fffc6ef96c0 (LWP 2202332) exited]\n"
=thread-exited,id="34",group-id="i1"
~"[Thread 0x7fffb7edb6c0 (LWP 2202362) exited]\n"
=thread-exited,id="64",group-id="i1"
~"[Thread 0x7fffb96de6c0 (LWP 2202359) exited]\n"
=thread-exited,id="61",group-id="i1"
~"[Thread 0x7fffbf6ea6c0 (LWP 2202347) exited]\n"
=thread-exited,id="49",group-id="i1"
~"[Thread 0x7fffc76fa6c0 (LWP 2202331) exited]\n"
=thread-exited,id="33",group-id="i1"
~"[Thread 0x7fffc7efb6c0 (LWP 2202330) exited]\n"
=thread-exited,id="32",group-id="i1"
~"[Thread 0x7fffbfeeb6c0 (LWP 2202346) exited]\n"
=thread-exited,id="48",group-id="i1"
~"[Thread 0x7fffb86dc6c0 (LWP 2202361) exited]\n"
=thread-exited,id="63",group-id="i1"
~"[Thread 0x7fffc96fe6c0 (LWP 2202327) exited]\n"
=thread-exited,id="29",group-id="i1"
~"[Thread 0x7fffca7006c0 (LWP 2202325) exited]\n"
=thread-exited,id="27",group-id="i1"
~"[Thread 0x7fffcbf036c0 (LWP 2202322) exited]\n"
=thread-exited,id="24",group-id="i1"
~"[Thread 0x7fffcc7046c0 (LWP 2202321) exited]\n"
=thread-exited,id="23",group-id="i1"
~"[Thread 0x7fffccf056c0 (LWP 2202320) exited]\n"
=thread-exited,id="22",group-id="i1"
~"[Thread 0x7fffcd7066c0 (LWP 2202319) exited]\n"
=thread-exited,id="21",group-id="i1"
~"[Thread 0x7fffcdf076c0 (LWP 2202318) exited]\n"
=thread-exited,id="20",group-id="i1"
~"[Thread 0x7fffce7086c0 (LWP 2202317) exited]\n"
=thread-exited,id="19",group-id="i1"
~"[Thread 0x7fffcef096c0 (LWP 2202316) exited]\n"
=thread-exited,id="18",group-id="i1"
~"[Thread 0x7fffcff0b6c0 (LWP 2202314) exited]\n"
=thread-exited,id="16",group-id="i1"
~"[Thread 0x7fffd070c6c0 (LWP 2202313) exited]\n"
=thread-exited,id="15",group-id="i1"
~"[Thread 0x7fffd170e6c0 (LWP 2202311) exited]\n"
=thread-exited,id="13",group-id="i1"
~"[Thread 0x7fffd1f0f6c0 (LWP 2202310) exited]\n"
=thread-exited,id="12",group-id="i1"
~"[Thread 0x7fffd27106c0 (LWP 2202309) exited]\n"
=thread-exited,id="11",group-id="i1"
~"[Thread 0x7fffd2f116c0 (LWP 2202308) exited]\n"
=thread-exited,id="10",group-id="i1"
~"[Thread 0x7fffd37126c0 (LWP 2202307) exited]\n"
=thread-exited,id="9",group-id="i1"
~"[Thread 0x7fffd3f136c0 (LWP 2202306) exited]\n"
=thread-exited,id="8",group-id="i1"
~"[Thread 0x7fffd47146c0 (LWP 2202305) exited]\n"
=thread-exited,id="7",group-id="i1"
~"[Thread 0x7fffd4f156c0 (LWP 2202304) exited]\n"
=thread-exited,id="6",group-id="i1"
~"[Thread 0x7fffd57166c0 (LWP 2202303) exited]\n"
=thread-exited,id="5",group-id="i1"
~"[Thread 0x7fffd5f176c0 (LWP 2202302) exited]\n"
=thread-exited,id="4",group-id="i1"
~"[Thread 0x7fffd67186c0 (LWP 2202301) exited]\n"
=thread-exited,id="3",group-id="i1"
~"[Thread 0x7fffbaee16c0 (LWP 2202356) exited]\n"
=thread-exited,id="58",group-id="i1"
~"[Thread 0x7fffcf70a6c0 (LWP 2202315) exited]\n"
=thread-exited,id="17",group-id="i1"
~"[Thread 0x7fffd0f0d6c0 (LWP 2202312) exited]\n"
=thread-exited,id="14",group-id="i1"
~"[Thread 0x7fffd73196c0 (LWP 2202271) exited]\n"
=thread-exited,id="2",group-id="i1"
~"[Inferior 1 (process 2202007) exited normally]\n"
=thread-exited,id="1",group-id="i1"
=thread-group-exited,id="i1",exit-code="0"
*stopped,reason="exited-normally"
12^exit
