=thread-group-added,id="i1"
(gdb) 
1^done
(gdb) 
2^done
(gdb) 
3^done
(gdb) 
4^done
(gdb) 
5^done
(gdb) 
6^done
(gdb) 
7^done
(gdb) 
8^done
(gdb) 
9^done
(gdb) 
=thread-group-started,id="i1",pid="2213249"
=thread-created,id="1",group-id="i1"
=library-loaded,id="/lib64/ld-linux-x86-64.so.2",target-name="/lib64/ld-linux-x86-64.so.2",host-name="/lib64/ld-linux-x86-64.so.2",symbols-loaded="0",thread-group="i1",ranges=[{from="0x00007ffff7fc6000",to="0x00007ffff7ff0195"}]
10^running
*running,thread-id="all"
(gdb) 
=library-loaded,id="/usr/lib/x86_64-linux-gnu/libm.so.6",target-name="/usr/lib/x86_64-linux-gnu/libm.so.6",host-name="/usr/lib/x86_64-linux-gnu/libm.so.6",symbols-loaded="0",thread-group="i1",ranges=[{from="0x00007ffff7ee2420",to="0x00007ffff7f603a6"}]
=library-loaded,id="/usr/lib/x86_64-linux-gnu/libz.so.1",target-name="/usr/lib/x86_64-linux-gnu/libz.so.1",host-name="/usr/lib/x86_64-linux-gnu/libz.so.1",symbols-loaded="0",thread-group="i1",ranges=[{from="0x00007ffff7eb8260",to="0x00007ffff7ec9c60"}]
=library-loaded,id="/usr/lib/x86_64-linux-gnu/libexpat.so.1",target-name="/usr/lib/x86_64-linux-gnu/libexpat.so.1",host-name="/usr/lib/x86_64-linux-gnu/libexpat.so.1",symbols-loaded="0",thread-group="i1",ranges=[{from="0x00007ffff7e8c210",to="0x00007ffff7eaa473"}]
=library-loaded,id="/usr/lib/x86_64-linux-gnu/libc.so.6",target-name="/usr/lib/x86_64-linux-gnu/libc.so.6",host-name="/usr/lib/x86_64-linux-gnu/libc.so.6",symbols-loaded="0",thread-group="i1",ranges=[{from="0x00007ffff7c9d800",to="0x00007ffff7e25039"}]
~"[Thread debugging using libthread_db enabled]\n"
~"Using host libthread_db library \"/usr/lib/x86_64-linux-gnu/libthread_db.so.1\".\n"
=library-loaded,id="/usr/lib/python3.12/lib-dynload/_json.cpython-312-x86_64-linux-gnu.so",target-name="/usr/lib/python3.12/lib-dynload/_json.cpython-312-x86_64-linux-gnu.so",host-name="/usr/lib/python3.12/lib-dynload/_json.cpython-312-x86_64-linux-gnu.so",symbols-loaded="0",thread-group="i1",ranges=[{from="0x00007ffff75b06a0",to="0x00007ffff75b660d"}]
~"process 2213249 is executing new program: /home/yayoi/.local/state/strata-sycl/post-reboot-tuning-20261007/vram-restore-probe-build/probe\n"
=library-unloaded,id="/lib64/ld-linux-x86-64.so.2",target-name="/lib64/ld-linux-x86-64.so.2",host-name="/lib64/ld-linux-x86-64.so.2",thread-group="i1"
=library-unloaded,id="/usr/lib/x86_64-linux-gnu/libm.so.6",target-name="/usr/lib/x86_64-linux-gnu/libm.so.6",host-name="/usr/lib/x86_64-linux-gnu/libm.so.6",thread-group="i1"
=library-unloaded,id="/usr/lib/x86_64-linux-gnu/libz.so.1",target-name="/usr/lib/x86_64-linux-gnu/libz.so.1",host-name="/usr/lib/x86_64-linux-gnu/libz.so.1",thread-group="i1"
=library-unloaded,id="/usr/lib/x86_64-linux-gnu/libexpat.so.1",target-name="/usr/lib/x86_64-linux-gnu/libexpat.so.1",host-name="/usr/lib/x86_64-linux-gnu/libexpat.so.1",thread-group="i1"
=library-unloaded,id="/usr/lib/x86_64-linux-gnu/libc.so.6",target-name="/usr/lib/x86_64-linux-gnu/libc.so.6",host-name="/usr/lib/x86_64-linux-gnu/libc.so.6",thread-group="i1"
=library-unloaded,id="/usr/lib/python3.12/lib-dynload/_json.cpython-312-x86_64-linux-gnu.so",target-name="/usr/lib/python3.12/lib-dynload/_json.cpython-312-x86_64-linux-gnu.so",host-name="/usr/lib/python3.12/lib-dynload/_json.cpython-312-x86_64-linux-gnu.so",thread-group="i1"
=library-loaded,id="/lib64/ld-linux-x86-64.so.2",target-name="/lib64/ld-linux-x86-64.so.2",host-name="/lib64/ld-linux-x86-64.so.2",symbols-loaded="0",thread-group="i1",ranges=[{from="0x00007ffff7fc6000",to="0x00007ffff7ff0195"}]
=library-loaded,id="/usr/lib/x86_64-linux-gnu/libstdc++.so.6",target-name="/usr/lib/x86_64-linux-gnu/libstdc++.so.6",host-name="/usr/lib/x86_64-linux-gnu/libstdc++.so.6",symbols-loaded="0",thread-group="i1",ranges=[{from="0x00007ffff7de25c0",to="0x00007ffff7f21ce2"}]
=library-loaded,id="/usr/lib/x86_64-linux-gnu/libm.so.6",target-name="/usr/lib/x86_64-linux-gnu/libm.so.6",host-name="/usr/lib/x86_64-linux-gnu/libm.so.6",symbols-loaded="0",thread-group="i1",ranges=[{from="0x00007ffff7c64420",to="0x00007ffff7ce23a6"}]
=library-loaded,id="/usr/lib/x86_64-linux-gnu/libgcc_s.so.1",target-name="/usr/lib/x86_64-linux-gnu/libgcc_s.so.1",host-name="/usr/lib/x86_64-linux-gnu/libgcc_s.so.1",symbols-loaded="0",thread-group="i1",ranges=[{from="0x00007ffff7c2a780",to="0x00007ffff7c4d745"}]
=library-loaded,id="/opt/intel/oneapi/compiler/2026.1/lib/libsycl.so.9",target-name="/opt/intel/oneapi/compiler/2026.1/lib/libsycl.so.9",host-name="/opt/intel/oneapi/compiler/2026.1/lib/libsycl.so.9",symbols-loaded="0",thread-group="i1",ranges=[{from="0x00007ffff7947900",to="0x00007ffff7c17aae"}]
=library-loaded,id="/usr/lib/x86_64-linux-gnu/libc.so.6",target-name="/usr/lib/x86_64-linux-gnu/libc.so.6",host-name="/usr/lib/x86_64-linux-gnu/libc.so.6",symbols-loaded="0",thread-group="i1",ranges=[{from="0x00007ffff765f800",to="0x00007ffff77e7039"}]
=library-loaded,id="/usr/lib/x86_64-linux-gnu/libdl.so.2",target-name="/usr/lib/x86_64-linux-gnu/libdl.so.2",host-name="/usr/lib/x86_64-linux-gnu/libdl.so.2",symbols-loaded="0",thread-group="i1",ranges=[{from="0x00007ffff7631040",to="0x00007ffff7631105"}]
=library-loaded,id="/opt/intel/oneapi/compiler/2026.1/lib/libur_loader.so.0",target-name="/opt/intel/oneapi/compiler/2026.1/lib/libur_loader.so.0",host-name="/opt/intel/oneapi/compiler/2026.1/lib/libur_loader.so.0",symbols-loaded="0",thread-group="i1",ranges=[{from="0x00007ffff6c63840",to="0x00007ffff75ddd24"}]
=library-loaded,id="/usr/lib/x86_64-linux-gnu/libpthread.so.0",target-name="/usr/lib/x86_64-linux-gnu/libpthread.so.0",host-name="/usr/lib/x86_64-linux-gnu/libpthread.so.0",symbols-loaded="0",thread-group="i1",ranges=[{from="0x00007ffff6868040",to="0x00007ffff6868105"}]
=library-loaded,id="/usr/lib/x86_64-linux-gnu/librt.so.1",target-name="/usr/lib/x86_64-linux-gnu/librt.so.1",host-name="/usr/lib/x86_64-linux-gnu/librt.so.1",symbols-loaded="0",thread-group="i1",ranges=[{from="0x00007ffff6863080",to="0x00007ffff68632b1"}]
=library-loaded,id="/opt/intel/oneapi/compiler/2026.1/lib/libimf.so",target-name="/opt/intel/oneapi/compiler/2026.1/lib/libimf.so",host-name="/opt/intel/oneapi/compiler/2026.1/lib/libimf.so",symbols-loaded="0",thread-group="i1",ranges=[{from="0x00007ffff6682170",to="0x00007ffff6810292"}]
=library-loaded,id="/usr/lib/x86_64-linux-gnu/libz.so.1",target-name="/usr/lib/x86_64-linux-gnu/libz.so.1",host-name="/usr/lib/x86_64-linux-gnu/libz.so.1",symbols-loaded="0",thread-group="i1",ranges=[{from="0x00007ffff63f7260",to="0x00007ffff6408c60"}]
=library-loaded,id="/opt/intel/oneapi/compiler/2026.1/lib/libsvml.so",target-name="/opt/intel/oneapi/compiler/2026.1/lib/libsvml.so",host-name="/opt/intel/oneapi/compiler/2026.1/lib/libsvml.so",symbols-loaded="0",thread-group="i1",ranges=[{from="0x00007ffff584c5c0",to="0x00007ffff62f4a7f"}]
=library-loaded,id="/opt/intel/oneapi/compiler/2026.1/lib/libirng.so",target-name="/opt/intel/oneapi/compiler/2026.1/lib/libirng.so",host-name="/opt/intel/oneapi/compiler/2026.1/lib/libirng.so",symbols-loaded="0",thread-group="i1",ranges=[{from="0x00007ffff4bebc80",to="0x00007ffff4c2ef16"}]
=library-loaded,id="/opt/intel/oneapi/compiler/2026.1/lib/libintlc.so.5",target-name="/opt/intel/oneapi/compiler/2026.1/lib/libintlc.so.5",host-name="/opt/intel/oneapi/compiler/2026.1/lib/libintlc.so.5",symbols-loaded="0",thread-group="i1",ranges=[{from="0x00007ffff4af9240",to="0x00007ffff4b441f0"}]
&"warning: File \"/opt/intel/oneapi/compiler/2026.1/lib/libsycl.so.9.0.0-gdb.py\" auto-loading has been declined by your `auto-load safe-path' set to \"$debugdir:$datadir/auto-load\".\n"
~"To enable execution of this file add\n\tadd-auto-load-safe-path "
~"/opt/intel/oneapi/compiler/2026.1/lib/libsycl.so.9.0.0-gdb.py\nline to your configuration file \""
~"/home/yayoi/.config/gdb/gdbinit\".\nTo completely disable this security protection add\n\tset auto-load safe-path /\nline to your configuration file \""
~"/home/yayoi/.config/gdb/gdbinit\".\nFor more information about this security protection see the\n\"Auto-loading safe path\" section in the GDB manual.  E.g., run from the shell:\n\tinfo \"(gdb)Auto-loading safe path\"\n"
~"[Thread debugging using libthread_db enabled]\n"
~"Using host libthread_db library \"/usr/lib/x86_64-linux-gnu/libthread_db.so.1\".\n"
=library-loaded,id="/opt/intel/oneapi/compiler/2026.1/lib/libur_adapter_level_zero_v2.so.0",target-name="/opt/intel/oneapi/compiler/2026.1/lib/libur_adapter_level_zero_v2.so.0",host-name="/opt/intel/oneapi/compiler/2026.1/lib/libur_adapter_level_zero_v2.so.0",symbols-loaded="0",thread-group="i1",ranges=[{from="0x00007ffff497d750",to="0x00007ffff4ad9822"}]
=library-loaded,id="/opt/intel/oneapi/umf/1.1/lib/libumf.so.1",target-name="/opt/intel/oneapi/umf/1.1/lib/libumf.so.1",host-name="/opt/intel/oneapi/umf/1.1/lib/libumf.so.1",symbols-loaded="0",thread-group="i1",ranges=[{from="0x00007ffff48dc8f0",to="0x00007ffff48ff470"}]
=library-loaded,id="/usr/lib/x86_64-linux-gnu/libhwloc.so.15",target-name="/usr/lib/x86_64-linux-gnu/libhwloc.so.15",host-name="/usr/lib/x86_64-linux-gnu/libhwloc.so.15",symbols-loaded="0",thread-group="i1",ranges=[{from="0x00007ffff487ad90",to="0x00007ffff48c0d2e"}]
=library-loaded,id="/usr/lib/x86_64-linux-gnu/libudev.so.1",target-name="/usr/lib/x86_64-linux-gnu/libudev.so.1",host-name="/usr/lib/x86_64-linux-gnu/libudev.so.1",symbols-loaded="0",thread-group="i1",ranges=[{from="0x00007ffff48470f0",to="0x00007ffff48674c0"}]
=library-loaded,id="/usr/lib/x86_64-linux-gnu/libcap.so.2",target-name="/usr/lib/x86_64-linux-gnu/libcap.so.2",host-name="/usr/lib/x86_64-linux-gnu/libcap.so.2",symbols-loaded="0",thread-group="i1",ranges=[{from="0x00007ffff48379c0",to="0x00007ffff483c607"}]
=library-loaded,id="/usr/lib/x86_64-linux-gnu/libze_loader.so.1",target-name="/usr/lib/x86_64-linux-gnu/libze_loader.so.1",host-name="/usr/lib/x86_64-linux-gnu/libze_loader.so.1",symbols-loaded="0",thread-group="i1",ranges=[{from="0x00007ffff4765d00",to="0x00007ffff47ea795"}]
=library-loaded,id="/usr/lib/x86_64-linux-gnu/libze_intel_gpu.so.1",target-name="/usr/lib/x86_64-linux-gnu/libze_intel_gpu.so.1",host-name="/usr/lib/x86_64-linux-gnu/libze_intel_gpu.so.1",symbols-loaded="0",thread-group="i1",ranges=[{from="0x00007ffff0c1e570",to="0x00007ffff1529a32"}]
=library-loaded,id="/usr/lib/x86_64-linux-gnu/libigdgmm.so.12",target-name="/usr/lib/x86_64-linux-gnu/libigdgmm.so.12",host-name="/usr/lib/x86_64-linux-gnu/libigdgmm.so.12",symbols-loaded="0",thread-group="i1",ranges=[{from="0x00007ffff0a932c0",to="0x00007ffff0b56a89"}]
=library-loaded,id="/usr/lib/x86_64-linux-gnu/libze_validation_layer.so.1",target-name="/usr/lib/x86_64-linux-gnu/libze_validation_layer.so.1",host-name="/usr/lib/x86_64-linux-gnu/libze_validation_layer.so.1",symbols-loaded="0",thread-group="i1",ranges=[{from="0x00007ffff08d9c80",to="0x00007ffff0a285f5"}]
=library-loaded,id="/usr/lib/x86_64-linux-gnu/libze_tracing_layer.so.1",target-name="/usr/lib/x86_64-linux-gnu/libze_tracing_layer.so.1",host-name="/usr/lib/x86_64-linux-gnu/libze_tracing_layer.so.1",symbols-loaded="0",thread-group="i1",ranges=[{from="0x00007ffff07dd410",to="0x00007ffff088e570"}]
=library-loaded,id="/usr/lib/x86_64-linux-gnu/libigdfcl.so.2",target-name="/usr/lib/x86_64-linux-gnu/libigdfcl.so.2",host-name="/usr/lib/x86_64-linux-gnu/libigdfcl.so.2",symbols-loaded="0",thread-group="i1",ranges=[{from="0x00007ffff04c6ed0",to="0x00007ffff062862d"}]
=library-loaded,id="/usr/lib/x86_64-linux-gnu/libopencl-clang.so.17",target-name="/usr/lib/x86_64-linux-gnu/libopencl-clang.so.17",host-name="/usr/lib/x86_64-linux-gnu/libopencl-clang.so.17",symbols-loaded="0",thread-group="i1",ranges=[{from="0x00007fffe8991400",to="0x00007fffec96ab62"}]
=library-loaded,id="/usr/lib/x86_64-linux-gnu/libigc.so.2",target-name="/usr/lib/x86_64-linux-gnu/libigc.so.2",host-name="/usr/lib/x86_64-linux-gnu/libigc.so.2",symbols-loaded="0",thread-group="i1",ranges=[{from="0x00007fffe2b12c00",to="0x00007fffe5eaf895"}]
=library-loaded,id="/usr/lib/x86_64-linux-gnu/libigdml.so.1",target-name="/usr/lib/x86_64-linux-gnu/libigdml.so.1",host-name="/usr/lib/x86_64-linux-gnu/libigdml.so.1",symbols-loaded="0",thread-group="i1",ranges=[{from="0x00007fffe26d7e20",to="0x00007fffe27d2888"}]
=library-loaded,id="/usr/lib/x86_64-linux-gnu/libdrm.so.2",target-name="/usr/lib/x86_64-linux-gnu/libdrm.so.2",host-name="/usr/lib/x86_64-linux-gnu/libdrm.so.2",symbols-loaded="0",thread-group="i1",ranges=[{from="0x00007fffe26ac780",to="0x00007fffe26b7931"}]
=library-loaded,id="/usr/lib/x86_64-linux-gnu/libnl-genl-3.so.200",target-name="/usr/lib/x86_64-linux-gnu/libnl-genl-3.so.200",host-name="/usr/lib/x86_64-linux-gnu/libnl-genl-3.so.200",symbols-loaded="0",thread-group="i1",ranges=[{from="0x00007fffe24d1680",to="0x00007fffe24d320c"}]
=library-loaded,id="/usr/lib/x86_64-linux-gnu/libnl-3.so.200",target-name="/usr/lib/x86_64-linux-gnu/libnl-3.so.200",host-name="/usr/lib/x86_64-linux-gnu/libnl-3.so.200",symbols-loaded="0",thread-group="i1",ranges=[{from="0x00007fffe24b58c0",to="0x00007fffe24c3cb9"}]
=library-unloaded,id="/usr/lib/x86_64-linux-gnu/libnl-genl-3.so.200",target-name="/usr/lib/x86_64-linux-gnu/libnl-genl-3.so.200",host-name="/usr/lib/x86_64-linux-gnu/libnl-genl-3.so.200",thread-group="i1"
=library-unloaded,id="/usr/lib/x86_64-linux-gnu/libnl-3.so.200",target-name="/usr/lib/x86_64-linux-gnu/libnl-3.so.200",host-name="/usr/lib/x86_64-linux-gnu/libnl-3.so.200",thread-group="i1"
=library-loaded,id="/usr/lib/x86_64-linux-gnu/libnl-genl-3.so.200",target-name="/usr/lib/x86_64-linux-gnu/libnl-genl-3.so.200",host-name="/usr/lib/x86_64-linux-gnu/libnl-genl-3.so.200",symbols-loaded="0",thread-group="i1",ranges=[{from="0x00007fffe24d1680",to="0x00007fffe24d320c"}]
=library-loaded,id="/usr/lib/x86_64-linux-gnu/libnl-3.so.200",target-name="/usr/lib/x86_64-linux-gnu/libnl-3.so.200",host-name="/usr/lib/x86_64-linux-gnu/libnl-3.so.200",symbols-loaded="0",thread-group="i1",ranges=[{from="0x00007fffe24b58c0",to="0x00007fffe24c3cb9"}]
=thread-created,id="2",group-id="i1"
~"[New Thread 0x7fffe1e336c0 (LWP 2213375)]\n"
*running,thread-id="2"
~"[Thread 0x7fffe1e336c0 (LWP 2213375) exited]\n"
=thread-exited,id="2",group-id="i1"
~"[Inferior 1 (process 2213249) exited normally]\n"
=thread-exited,id="1",group-id="i1"
=thread-group-exited,id="i1",exit-code="0"
*stopped,reason="exited-normally"
11^exit
