=thread-group-added,id="i1"
(gdb) 
1^done
(gdb) 
2^done
(gdb) 
3^done
(gdb) 
4^done
(gdb) 
5^done
(gdb) 
6^done
(gdb) 
7^done
(gdb) 
8^done
(gdb) 
9^done
(gdb) 
10^done
(gdb) 
=thread-group-started,id="i1",pid="3443574"
=thread-created,id="1",group-id="i1"
=library-loaded,id="/lib64/ld-linux-x86-64.so.2",target-name="/lib64/ld-linux-x86-64.so.2",host-name="/lib64/ld-linux-x86-64.so.2",symbols-loaded="0",thread-group="i1",ranges=[{from="0x00007ffff7fc6000",to="0x00007ffff7ff0195"}]
11^running
*running,thread-id="all"
(gdb) 
=library-loaded,id="/usr/lib/x86_64-linux-gnu/libm.so.6",target-name="/usr/lib/x86_64-linux-gnu/libm.so.6",host-name="/usr/lib/x86_64-linux-gnu/libm.so.6",symbols-loaded="0",thread-group="i1",ranges=[{from="0x00007ffff7ee2420",to="0x00007ffff7f603a6"}]
=library-loaded,id="/usr/lib/x86_64-linux-gnu/libz.so.1",target-name="/usr/lib/x86_64-linux-gnu/libz.so.1",host-name="/usr/lib/x86_64-linux-gnu/libz.so.1",symbols-loaded="0",thread-group="i1",ranges=[{from="0x00007ffff7eb8260",to="0x00007ffff7ec9c60"}]
=library-loaded,id="/usr/lib/x86_64-linux-gnu/libexpat.so.1",target-name="/usr/lib/x86_64-linux-gnu/libexpat.so.1",host-name="/usr/lib/x86_64-linux-gnu/libexpat.so.1",symbols-loaded="0",thread-group="i1",ranges=[{from="0x00007ffff7e8c210",to="0x00007ffff7eaa473"}]
=library-loaded,id="/usr/lib/x86_64-linux-gnu/libc.so.6",target-name="/usr/lib/x86_64-linux-gnu/libc.so.6",host-name="/usr/lib/x86_64-linux-gnu/libc.so.6",symbols-loaded="0",thread-group="i1",ranges=[{from="0x00007ffff7c9d800",to="0x00007ffff7e25039"}]
~"[Thread debugging using libthread_db enabled]\n"
~"Using host libthread_db library \"/usr/lib/x86_64-linux-gnu/libthread_db.so.1\".\n"
=library-loaded,id="/usr/lib/python3.12/lib-dynload/_json.cpython-312-x86_64-linux-gnu.so",target-name="/usr/lib/python3.12/lib-dynload/_json.cpython-312-x86_64-linux-gnu.so",host-name="/usr/lib/python3.12/lib-dynload/_json.cpython-312-x86_64-linux-gnu.so",symbols-loaded="0",thread-group="i1",ranges=[{from="0x00007ffff75b06a0",to="0x00007ffff75b660d"}]
~"process 3443574 is executing new program: /home/yayoi/.local/state/strata-sycl/post-reboot-tuning-20261007/strata-dequant-no-root-refresh-candidate\n"
=library-unloaded,id="/lib64/ld-linux-x86-64.so.2",target-name="/lib64/ld-linux-x86-64.so.2",host-name="/lib64/ld-linux-x86-64.so.2",thread-group="i1"
=library-unloaded,id="/usr/lib/x86_64-linux-gnu/libm.so.6",target-name="/usr/lib/x86_64-linux-gnu/libm.so.6",host-name="/usr/lib/x86_64-linux-gnu/libm.so.6",thread-group="i1"
=library-unloaded,id="/usr/lib/x86_64-linux-gnu/libz.so.1",target-name="/usr/lib/x86_64-linux-gnu/libz.so.1",host-name="/usr/lib/x86_64-linux-gnu/libz.so.1",thread-group="i1"
=library-unloaded,id="/usr/lib/x86_64-linux-gnu/libexpat.so.1",target-name="/usr/lib/x86_64-linux-gnu/libexpat.so.1",host-name="/usr/lib/x86_64-linux-gnu/libexpat.so.1",thread-group="i1"
=library-unloaded,id="/usr/lib/x86_64-linux-gnu/libc.so.6",target-name="/usr/lib/x86_64-linux-gnu/libc.so.6",host-name="/usr/lib/x86_64-linux-gnu/libc.so.6",thread-group="i1"
=library-unloaded,id="/usr/lib/python3.12/lib-dynload/_json.cpython-312-x86_64-linux-gnu.so",target-name="/usr/lib/python3.12/lib-dynload/_json.cpython-312-x86_64-linux-gnu.so",host-name="/usr/lib/python3.12/lib-dynload/_json.cpython-312-x86_64-linux-gnu.so",thread-group="i1"
=library-loaded,id="/lib64/ld-linux-x86-64.so.2",target-name="/lib64/ld-linux-x86-64.so.2",host-name="/lib64/ld-linux-x86-64.so.2",symbols-loaded="0",thread-group="i1",ranges=[{from="0x00007ffff7fc6000",to="0x00007ffff7ff0195"}]
=library-loaded,id="/usr/lib/x86_64-linux-gnu/libm.so.6",target-name="/usr/lib/x86_64-linux-gnu/libm.so.6",host-name="/usr/lib/x86_64-linux-gnu/libm.so.6",symbols-loaded="0",thread-group="i1",ranges=[{from="0x00007ffff7ee2420",to="0x00007ffff7f603a6"}]
=library-loaded,id="/opt/intel/oneapi/mkl/2026.1/lib/libmkl_sycl_blas.so.6",target-name="/opt/intel/oneapi/mkl/2026.1/lib/libmkl_sycl_blas.so.6",host-name="/opt/intel/oneapi/mkl/2026.1/lib/libmkl_sycl_blas.so.6",symbols-loaded="0",thread-group="i1",ranges=[{from="0x00007ffff4db66a0",to="0x00007ffff6b3a502"}]
=library-loaded,id="/opt/intel/oneapi/mkl/2026.1/lib/libmkl_sycl_lapack.so.6",target-name="/opt/intel/oneapi/mkl/2026.1/lib/libmkl_sycl_lapack.so.6",host-name="/opt/intel/oneapi/mkl/2026.1/lib/libmkl_sycl_lapack.so.6",symbols-loaded="0",thread-group="i1",ranges=[{from="0x00007ffff2cd12b0",to="0x00007ffff3b0fc00"}]
=library-loaded,id="/opt/intel/oneapi/mkl/2026.1/lib/libmkl_sycl_dft.so.6",target-name="/opt/intel/oneapi/mkl/2026.1/lib/libmkl_sycl_dft.so.6",host-name="/opt/intel/oneapi/mkl/2026.1/lib/libmkl_sycl_dft.so.6",symbols-loaded="0",thread-group="i1",ranges=[{from="0x00007ffff04df2c0",to="0x00007ffff0846392"}]
=library-loaded,id="/opt/intel/oneapi/mkl/2026.1/lib/libmkl_sycl_sparse.so.6",target-name="/opt/intel/oneapi/mkl/2026.1/lib/libmkl_sycl_sparse.so.6",host-name="/opt/intel/oneapi/mkl/2026.1/lib/libmkl_sycl_sparse.so.6",symbols-loaded="0",thread-group="i1",ranges=[{from="0x00007fffedab8ce0",to="0x00007fffef0b80e3"}]
=library-loaded,id="/opt/intel/oneapi/mkl/2026.1/lib/libmkl_sycl_rng.so.6",target-name="/opt/intel/oneapi/mkl/2026.1/lib/libmkl_sycl_rng.so.6",host-name="/opt/intel/oneapi/mkl/2026.1/lib/libmkl_sycl_rng.so.6",symbols-loaded="0",thread-group="i1",ranges=[{from="0x00007fffe9f18f40",to="0x00007fffeb5dee42"}]
=library-loaded,id="/opt/intel/oneapi/mkl/2026.1/lib/libmkl_sycl_stats.so.6",target-name="/opt/intel/oneapi/mkl/2026.1/lib/libmkl_sycl_stats.so.6",host-name="/opt/intel/oneapi/mkl/2026.1/lib/libmkl_sycl_stats.so.6",symbols-loaded="0",thread-group="i1",ranges=[{from="0x00007fffe876c720",to="0x00007fffe8b778d0"}]
=library-loaded,id="/opt/intel/oneapi/mkl/2026.1/lib/libmkl_sycl_vm.so.6",target-name="/opt/intel/oneapi/mkl/2026.1/lib/libmkl_sycl_vm.so.6",host-name="/opt/intel/oneapi/mkl/2026.1/lib/libmkl_sycl_vm.so.6",symbols-loaded="0",thread-group="i1",ranges=[{from="0x00007fffe540eca0",to="0x00007fffe6bd2eb4"}]
=library-loaded,id="/opt/intel/oneapi/mkl/2026.1/lib/libmkl_sycl_data_fitting.so.6",target-name="/opt/intel/oneapi/mkl/2026.1/lib/libmkl_sycl_data_fitting.so.6",host-name="/opt/intel/oneapi/mkl/2026.1/lib/libmkl_sycl_data_fitting.so.6",symbols-loaded="0",thread-group="i1",ranges=[{from="0x00007fffe3f152e0",to="0x00007fffe3fbdac3"}]
=library-loaded,id="/opt/intel/oneapi/mkl/2026.1/lib/libmkl_intel_lp64.so.3",target-name="/opt/intel/oneapi/mkl/2026.1/lib/libmkl_intel_lp64.so.3",host-name="/opt/intel/oneapi/mkl/2026.1/lib/libmkl_intel_lp64.so.3",symbols-loaded="0",thread-group="i1",ranges=[{from="0x00007fffe2e0f430",to="0x00007fffe38d343f"}]
=library-loaded,id="/opt/intel/oneapi/mkl/2026.1/lib/libmkl_sequential.so.3",target-name="/opt/intel/oneapi/mkl/2026.1/lib/libmkl_sequential.so.3",host-name="/opt/intel/oneapi/mkl/2026.1/lib/libmkl_sequential.so.3",symbols-loaded="0",thread-group="i1",ranges=[{from="0x00007fffe1635b70",to="0x00007fffe29abdca"}]
=library-loaded,id="/opt/intel/oneapi/mkl/2026.1/lib/libmkl_core.so.3",target-name="/opt/intel/oneapi/mkl/2026.1/lib/libmkl_core.so.3",host-name="/opt/intel/oneapi/mkl/2026.1/lib/libmkl_core.so.3",symbols-loaded="0",thread-group="i1",ranges=[{from="0x00007fffdd07ce00",to="0x00007fffe0f5a03c"}]
=library-loaded,id="/usr/lib/x86_64-linux-gnu/libstdc++.so.6",target-name="/usr/lib/x86_64-linux-gnu/libstdc++.so.6",host-name="/usr/lib/x86_64-linux-gnu/libstdc++.so.6",symbols-loaded="0",thread-group="i1",ranges=[{from="0x00007fffdcc935c0",to="0x00007fffdcdd2ce2"}]
=library-loaded,id="/usr/lib/x86_64-linux-gnu/libgcc_s.so.1",target-name="/usr/lib/x86_64-linux-gnu/libgcc_s.so.1",host-name="/usr/lib/x86_64-linux-gnu/libgcc_s.so.1",symbols-loaded="0",thread-group="i1",ranges=[{from="0x00007fffdcbc4780",to="0x00007fffdcbe7745"}]
=library-loaded,id="/opt/intel/oneapi/compiler/2026.1/lib/libsycl.so.9",target-name="/opt/intel/oneapi/compiler/2026.1/lib/libsycl.so.9",host-name="/opt/intel/oneapi/compiler/2026.1/lib/libsycl.so.9",symbols-loaded="0",thread-group="i1",ranges=[{from="0x00007fffdc8e1900",to="0x00007fffdcbb1aae"}]
=library-loaded,id="/opt/intel/oneapi/compiler/2026.1/lib/libOpenCL.so.1",target-name="/opt/intel/oneapi/compiler/2026.1/lib/libOpenCL.so.1",host-name="/opt/intel/oneapi/compiler/2026.1/lib/libOpenCL.so.1",symbols-loaded="0",thread-group="i1",ranges=[{from="0x00007fffdc7d6b10",to="0x00007fffdc7dee05"}]
=library-loaded,id="/usr/lib/x86_64-linux-gnu/libc.so.6",target-name="/usr/lib/x86_64-linux-gnu/libc.so.6",host-name="/usr/lib/x86_64-linux-gnu/libc.so.6",symbols-loaded="0",thread-group="i1",ranges=[{from="0x00007fffdc5e3800",to="0x00007fffdc76b039"}]
=library-loaded,id="/usr/lib/x86_64-linux-gnu/libdl.so.2",target-name="/usr/lib/x86_64-linux-gnu/libdl.so.2",host-name="/usr/lib/x86_64-linux-gnu/libdl.so.2",symbols-loaded="0",thread-group="i1",ranges=[{from="0x00007fffdc5b7040",to="0x00007fffdc5b7105"}]
=library-loaded,id="/usr/lib/x86_64-linux-gnu/libpthread.so.0",target-name="/usr/lib/x86_64-linux-gnu/libpthread.so.0",host-name="/usr/lib/x86_64-linux-gnu/libpthread.so.0",symbols-loaded="0",thread-group="i1",ranges=[{from="0x00007fffdc5b2040",to="0x00007fffdc5b2105"}]
=library-loaded,id="/opt/intel/oneapi/compiler/2026.1/lib/libur_loader.so.0",target-name="/opt/intel/oneapi/compiler/2026.1/lib/libur_loader.so.0",host-name="/opt/intel/oneapi/compiler/2026.1/lib/libur_loader.so.0",symbols-loaded="0",thread-group="i1",ranges=[{from="0x00007fffdbbe4840",to="0x00007fffdc55ed24"}]
=library-loaded,id="/opt/intel/oneapi/compiler/2026.1/lib/libsvml.so",target-name="/opt/intel/oneapi/compiler/2026.1/lib/libsvml.so",host-name="/opt/intel/oneapi/compiler/2026.1/lib/libsvml.so",symbols-loaded="0",thread-group="i1",ranges=[{from="0x00007fffdac445c0",to="0x00007fffdb6eca7f"}]
=library-loaded,id="/opt/intel/oneapi/compiler/2026.1/lib/libirng.so",target-name="/opt/intel/oneapi/compiler/2026.1/lib/libirng.so",host-name="/opt/intel/oneapi/compiler/2026.1/lib/libirng.so",symbols-loaded="0",thread-group="i1",ranges=[{from="0x00007fffd9fe1c80",to="0x00007fffda024f16"}]
=library-loaded,id="/opt/intel/oneapi/compiler/2026.1/lib/libimf.so",target-name="/opt/intel/oneapi/compiler/2026.1/lib/libimf.so",host-name="/opt/intel/oneapi/compiler/2026.1/lib/libimf.so",symbols-loaded="0",thread-group="i1",ranges=[{from="0x00007fffd9d61170",to="0x00007fffd9eef292"}]
=library-loaded,id="/opt/intel/oneapi/compiler/2026.1/lib/libintlc.so.5",target-name="/opt/intel/oneapi/compiler/2026.1/lib/libintlc.so.5",host-name="/opt/intel/oneapi/compiler/2026.1/lib/libintlc.so.5",symbols-loaded="0",thread-group="i1",ranges=[{from="0x00007fffd9aa0240",to="0x00007fffd9aeb1f0"}]
=library-loaded,id="/usr/lib/x86_64-linux-gnu/librt.so.1",target-name="/usr/lib/x86_64-linux-gnu/librt.so.1",host-name="/usr/lib/x86_64-linux-gnu/librt.so.1",symbols-loaded="0",thread-group="i1",ranges=[{from="0x00007fffd9a8b080",to="0x00007fffd9a8b2b1"}]
=library-loaded,id="/usr/lib/x86_64-linux-gnu/libz.so.1",target-name="/usr/lib/x86_64-linux-gnu/libz.so.1",host-name="/usr/lib/x86_64-linux-gnu/libz.so.1",symbols-loaded="0",thread-group="i1",ranges=[{from="0x00007fffd9a70260",to="0x00007fffd9a81c60"}]
&"warning: File \"/opt/intel/oneapi/compiler/2026.1/lib/libsycl.so.9.0.0-gdb.py\" auto-loading has been declined by your `auto-load safe-path' set to \"$debugdir:$datadir/auto-load\".\n"
~"To enable execution of this file add\n\tadd-auto-load-safe-path "
~"/opt/intel/oneapi/compiler/2026.1/lib/libsycl.so.9.0.0-gdb.py\nline to your configuration file \""
~"/home/yayoi/.config/gdb/gdbinit\".\nTo completely disable this security protection add\n\tset auto-load safe-path /\nline to your configuration file \""
~"/home/yayoi/.config/gdb/gdbinit\".\nFor more information about this security protection see the\n\"Auto-loading safe path\" section in the GDB manual.  E.g., run from the shell:\n\tinfo \"(gdb)Auto-loading safe path\"\n"
~"[Thread debugging using libthread_db enabled]\n"
~"Using host libthread_db library \"/usr/lib/x86_64-linux-gnu/libthread_db.so.1\".\n"
=library-loaded,id="/opt/intel/oneapi/compiler/2026.1/lib/libur_adapter_level_zero_v2.so.0",target-name="/opt/intel/oneapi/compiler/2026.1/lib/libur_adapter_level_zero_v2.so.0",host-name="/opt/intel/oneapi/compiler/2026.1/lib/libur_adapter_level_zero_v2.so.0",symbols-loaded="0",thread-group="i1",ranges=[{from="0x00007fec616af750",to="0x00007fec6180b822"}]
=library-loaded,id="/opt/intel/oneapi/umf/1.1/lib/libumf.so.1",target-name="/opt/intel/oneapi/umf/1.1/lib/libumf.so.1",host-name="/opt/intel/oneapi/umf/1.1/lib/libumf.so.1",symbols-loaded="0",thread-group="i1",ranges=[{from="0x00007fffd9a108f0",to="0x00007fffd9a33470"}]
=library-loaded,id="/usr/lib/x86_64-linux-gnu/libhwloc.so.15",target-name="/usr/lib/x86_64-linux-gnu/libhwloc.so.15",host-name="/usr/lib/x86_64-linux-gnu/libhwloc.so.15",symbols-loaded="0",thread-group="i1",ranges=[{from="0x00007fec615fed90",to="0x00007fec61644d2e"}]
=library-loaded,id="/usr/lib/x86_64-linux-gnu/libudev.so.1",target-name="/usr/lib/x86_64-linux-gnu/libudev.so.1",host-name="/usr/lib/x86_64-linux-gnu/libudev.so.1",symbols-loaded="0",thread-group="i1",ranges=[{from="0x00007fffd99dc0f0",to="0x00007fffd99fc4c0"}]
=library-loaded,id="/usr/lib/x86_64-linux-gnu/libcap.so.2",target-name="/usr/lib/x86_64-linux-gnu/libcap.so.2",host-name="/usr/lib/x86_64-linux-gnu/libcap.so.2",symbols-loaded="0",thread-group="i1",ranges=[{from="0x00007fffd99cc9c0",to="0x00007fffd99d1607"}]
=library-loaded,id="/usr/lib/x86_64-linux-gnu/libze_loader.so.1",target-name="/usr/lib/x86_64-linux-gnu/libze_loader.so.1",host-name="/usr/lib/x86_64-linux-gnu/libze_loader.so.1",symbols-loaded="0",thread-group="i1",ranges=[{from="0x00007fec6153bd00",to="0x00007fec615c0795"}]
=library-loaded,id="/usr/lib/x86_64-linux-gnu/libze_intel_gpu.so.1",target-name="/usr/lib/x86_64-linux-gnu/libze_intel_gpu.so.1",host-name="/usr/lib/x86_64-linux-gnu/libze_intel_gpu.so.1",symbols-loaded="0",thread-group="i1",ranges=[{from="0x00007fec5d9f4570",to="0x00007fec5e2ffa32"}]
=library-loaded,id="/usr/lib/x86_64-linux-gnu/libigdgmm.so.12",target-name="/usr/lib/x86_64-linux-gnu/libigdgmm.so.12",host-name="/usr/lib/x86_64-linux-gnu/libigdgmm.so.12",symbols-loaded="0",thread-group="i1",ranges=[{from="0x00007fec5d8692c0",to="0x00007fec5d92ca89"}]
=library-loaded,id="/usr/lib/x86_64-linux-gnu/libze_validation_layer.so.1",target-name="/usr/lib/x86_64-linux-gnu/libze_validation_layer.so.1",host-name="/usr/lib/x86_64-linux-gnu/libze_validation_layer.so.1",symbols-loaded="0",thread-group="i1",ranges=[{from="0x00007fec5d6afc80",to="0x00007fec5d7fe5f5"}]
=library-loaded,id="/usr/lib/x86_64-linux-gnu/libze_tracing_layer.so.1",target-name="/usr/lib/x86_64-linux-gnu/libze_tracing_layer.so.1",host-name="/usr/lib/x86_64-linux-gnu/libze_tracing_layer.so.1",symbols-loaded="0",thread-group="i1",ranges=[{from="0x00007fec5d5b3410",to="0x00007fec5d664570"}]
=library-loaded,id="/usr/lib/x86_64-linux-gnu/libigdfcl.so.2",target-name="/usr/lib/x86_64-linux-gnu/libigdfcl.so.2",host-name="/usr/lib/x86_64-linux-gnu/libigdfcl.so.2",symbols-loaded="0",thread-group="i1",ranges=[{from="0x00007fec5d29ced0",to="0x00007fec5d3fe62d"}]
=library-loaded,id="/usr/lib/x86_64-linux-gnu/libopencl-clang.so.17",target-name="/usr/lib/x86_64-linux-gnu/libopencl-clang.so.17",host-name="/usr/lib/x86_64-linux-gnu/libopencl-clang.so.17",symbols-loaded="0",thread-group="i1",ranges=[{from="0x00007fec55767400",to="0x00007fec59740b62"}]
=library-loaded,id="/usr/lib/x86_64-linux-gnu/libigc.so.2",target-name="/usr/lib/x86_64-linux-gnu/libigc.so.2",host-name="/usr/lib/x86_64-linux-gnu/libigc.so.2",symbols-loaded="0",thread-group="i1",ranges=[{from="0x00007fec4f8e8c00",to="0x00007fec52c85895"}]
=library-loaded,id="/usr/lib/x86_64-linux-gnu/libigdml.so.1",target-name="/usr/lib/x86_64-linux-gnu/libigdml.so.1",host-name="/usr/lib/x86_64-linux-gnu/libigdml.so.1",symbols-loaded="0",thread-group="i1",ranges=[{from="0x00007fec4f4ade20",to="0x00007fec4f5a8888"}]
=library-loaded,id="/usr/lib/x86_64-linux-gnu/libdrm.so.2",target-name="/usr/lib/x86_64-linux-gnu/libdrm.so.2",host-name="/usr/lib/x86_64-linux-gnu/libdrm.so.2",symbols-loaded="0",thread-group="i1",ranges=[{from="0x00007fec4f482780",to="0x00007fec4f48d931"}]
=library-loaded,id="/usr/lib/x86_64-linux-gnu/libnl-genl-3.so.200",target-name="/usr/lib/x86_64-linux-gnu/libnl-genl-3.so.200",host-name="/usr/lib/x86_64-linux-gnu/libnl-genl-3.so.200",symbols-loaded="0",thread-group="i1",ranges=[{from="0x00007fec4f2a7680",to="0x00007fec4f2a920c"}]
=library-loaded,id="/usr/lib/x86_64-linux-gnu/libnl-3.so.200",target-name="/usr/lib/x86_64-linux-gnu/libnl-3.so.200",host-name="/usr/lib/x86_64-linux-gnu/libnl-3.so.200",symbols-loaded="0",thread-group="i1",ranges=[{from="0x00007fec4f28b8c0",to="0x00007fec4f299cb9"}]
=library-unloaded,id="/usr/lib/x86_64-linux-gnu/libnl-genl-3.so.200",target-name="/usr/lib/x86_64-linux-gnu/libnl-genl-3.so.200",host-name="/usr/lib/x86_64-linux-gnu/libnl-genl-3.so.200",thread-group="i1"
=library-unloaded,id="/usr/lib/x86_64-linux-gnu/libnl-3.so.200",target-name="/usr/lib/x86_64-linux-gnu/libnl-3.so.200",host-name="/usr/lib/x86_64-linux-gnu/libnl-3.so.200",thread-group="i1"
=library-loaded,id="/usr/lib/x86_64-linux-gnu/libnl-genl-3.so.200",target-name="/usr/lib/x86_64-linux-gnu/libnl-genl-3.so.200",host-name="/usr/lib/x86_64-linux-gnu/libnl-genl-3.so.200",symbols-loaded="0",thread-group="i1",ranges=[{from="0x00007fec4f2a7680",to="0x00007fec4f2a920c"}]
=library-loaded,id="/usr/lib/x86_64-linux-gnu/libnl-3.so.200",target-name="/usr/lib/x86_64-linux-gnu/libnl-3.so.200",host-name="/usr/lib/x86_64-linux-gnu/libnl-3.so.200",symbols-loaded="0",thread-group="i1",ranges=[{from="0x00007fec4f28b8c0",to="0x00007fec4f299cb9"}]
=thread-created,id="2",group-id="i1"
~"[New Thread 0x7fffd79cb6c0 (LWP 3443885)]\n"
*running,thread-id="2"
=thread-created,id="3",group-id="i1"
~"[New Thread 0x7fffd6cba6c0 (LWP 3443919)]\n"
*running,thread-id="3"
=thread-created,id="4",group-id="i1"
~"[New Thread 0x7fffd64b96c0 (LWP 3443920)]\n"
*running,thread-id="4"
=thread-created,id="5",group-id="i1"
~"[New Thread 0x7fffd5cb86c0 (LWP 3443921)]\n"
*running,thread-id="5"
=thread-created,id="6",group-id="i1"
~"[New Thread 0x7fffd54b76c0 (LWP 3443922)]\n"
*running,thread-id="6"
=thread-created,id="7",group-id="i1"
~"[New Thread 0x7fffd4cb66c0 (LWP 3443923)]\n"
*running,thread-id="7"
=thread-created,id="8",group-id="i1"
~"[New Thread 0x7fffd44b56c0 (LWP 3443924)]\n"
*running,thread-id="8"
=thread-created,id="9",group-id="i1"
~"[New Thread 0x7fffd3cb46c0 (LWP 3443925)]\n"
*running,thread-id="9"
=thread-created,id="10",group-id="i1"
~"[New Thread 0x7fffd34b36c0 (LWP 3443926)]\n"
*running,thread-id="10"
=thread-created,id="11",group-id="i1"
~"[New Thread 0x7fffd2cb26c0 (LWP 3443927)]\n"
*running,thread-id="11"
=thread-created,id="12",group-id="i1"
~"[New Thread 0x7fffd24b16c0 (LWP 3443928)]\n"
*running,thread-id="12"
=thread-created,id="13",group-id="i1"
~"[New Thread 0x7fffd1cb06c0 (LWP 3443929)]\n"
*running,thread-id="13"
=thread-created,id="14",group-id="i1"
~"[New Thread 0x7fffd14af6c0 (LWP 3443930)]\n"
*running,thread-id="14"
=thread-created,id="15",group-id="i1"
~"[New Thread 0x7fffd0cae6c0 (LWP 3443931)]\n"
*running,thread-id="15"
=thread-created,id="16",group-id="i1"
~"[New Thread 0x7fffd04ad6c0 (LWP 3443932)]\n"
*running,thread-id="16"
=thread-created,id="17",group-id="i1"
~"[New Thread 0x7fffcfcac6c0 (LWP 3443933)]\n"
*running,thread-id="17"
=thread-created,id="18",group-id="i1"
~"[New Thread 0x7fffcf4ab6c0 (LWP 3443934)]\n"
*running,thread-id="18"
=thread-created,id="19",group-id="i1"
~"[New Thread 0x7fffcecaa6c0 (LWP 3443935)]\n"
*running,thread-id="19"
=thread-created,id="20",group-id="i1"
~"[New Thread 0x7fffce4a96c0 (LWP 3443936)]\n"
*running,thread-id="20"
=thread-created,id="21",group-id="i1"
~"[New Thread 0x7fffcdca86c0 (LWP 3443937)]\n"
*running,thread-id="21"
=thread-created,id="22",group-id="i1"
~"[New Thread 0x7fffcd4a76c0 (LWP 3443938)]\n"
*running,thread-id="22"
=thread-created,id="23",group-id="i1"
~"[New Thread 0x7fffccca66c0 (LWP 3443939)]\n"
*running,thread-id="23"
=thread-created,id="24",group-id="i1"
~"[New Thread 0x7fffcc4a56c0 (LWP 3443940)]\n"
*running,thread-id="24"
=thread-created,id="25",group-id="i1"
~"[New Thread 0x7fffcbca46c0 (LWP 3443941)]\n"
*running,thread-id="25"
=thread-created,id="26",group-id="i1"
~"[New Thread 0x7fffcb4a36c0 (LWP 3443942)]\n"
*running,thread-id="26"
=thread-created,id="27",group-id="i1"
~"[New Thread 0x7fffcaca26c0 (LWP 3443943)]\n"
*running,thread-id="27"
=thread-created,id="28",group-id="i1"
~"[New Thread 0x7fffca4a16c0 (LWP 3443944)]\n"
*running,thread-id="28"
=thread-created,id="29",group-id="i1"
~"[New Thread 0x7fffc9ca06c0 (LWP 3443945)]\n"
*running,thread-id="29"
=thread-created,id="30",group-id="i1"
~"[New Thread 0x7fffc949f6c0 (LWP 3443946)]\n"
*running,thread-id="30"
=thread-created,id="31",group-id="i1"
~"[New Thread 0x7fffc8c9e6c0 (LWP 3443947)]\n"
*running,thread-id="31"
=thread-created,id="32",group-id="i1"
~"[New Thread 0x7fffc849d6c0 (LWP 3443948)]\n"
*running,thread-id="32"
=thread-created,id="33",group-id="i1"
~"[New Thread 0x7fffc7c9c6c0 (LWP 3443949)]\n"
*running,thread-id="33"
=thread-created,id="34",group-id="i1"
~"[New Thread 0x7fffc749b6c0 (LWP 3443950)]\n"
*running,thread-id="34"
=thread-created,id="35",group-id="i1"
~"[New Thread 0x7fffc6c9a6c0 (LWP 3443951)]\n"
*running,thread-id="35"
=thread-created,id="36",group-id="i1"
~"[New Thread 0x7fffc64996c0 (LWP 3443952)]\n"
*running,thread-id="36"
=thread-created,id="37",group-id="i1"
~"[New Thread 0x7fffc5c986c0 (LWP 3443953)]\n"
*running,thread-id="37"
=thread-created,id="38",group-id="i1"
~"[New Thread 0x7fffc54976c0 (LWP 3443954)]\n"
*running,thread-id="38"
=thread-created,id="39",group-id="i1"
~"[New Thread 0x7fffc4c966c0 (LWP 3443955)]\n"
*running,thread-id="39"
=thread-created,id="40",group-id="i1"
~"[New Thread 0x7fffc44956c0 (LWP 3443956)]\n"
*running,thread-id="40"
=thread-created,id="41",group-id="i1"
~"[New Thread 0x7fffc3c946c0 (LWP 3443957)]\n"
*running,thread-id="41"
=thread-created,id="42",group-id="i1"
~"[New Thread 0x7fffc34936c0 (LWP 3443958)]\n"
*running,thread-id="42"
=thread-created,id="43",group-id="i1"
~"[New Thread 0x7fffc2c926c0 (LWP 3443959)]\n"
*running,thread-id="43"
=thread-created,id="44",group-id="i1"
~"[New Thread 0x7fffc24916c0 (LWP 3443960)]\n"
*running,thread-id="44"
=thread-created,id="45",group-id="i1"
~"[New Thread 0x7fffc1c906c0 (LWP 3443961)]\n"
*running,thread-id="45"
=thread-created,id="46",group-id="i1"
~"[New Thread 0x7fffc148f6c0 (LWP 3443962)]\n"
*running,thread-id="46"
=thread-created,id="47",group-id="i1"
~"[New Thread 0x7fffc0c8e6c0 (LWP 3443963)]\n"
*running,thread-id="47"
=thread-created,id="48",group-id="i1"
~"[New Thread 0x7fffc048d6c0 (LWP 3443964)]\n"
*running,thread-id="48"
=thread-created,id="49",group-id="i1"
~"[New Thread 0x7fffbfc8c6c0 (LWP 3443965)]\n"
*running,thread-id="49"
=thread-created,id="50",group-id="i1"
~"[New Thread 0x7fffbf48b6c0 (LWP 3443966)]\n"
*running,thread-id="50"
=thread-created,id="51",group-id="i1"
~"[New Thread 0x7fffbec8a6c0 (LWP 3443967)]\n"
*running,thread-id="51"
=thread-created,id="52",group-id="i1"
~"[New Thread 0x7fffbe4896c0 (LWP 3443968)]\n"
*running,thread-id="52"
=thread-created,id="53",group-id="i1"
~"[New Thread 0x7fffbdc886c0 (LWP 3443969)]\n"
*running,thread-id="53"
=thread-created,id="54",group-id="i1"
~"[New Thread 0x7fffbd4876c0 (LWP 3443970)]\n"
*running,thread-id="54"
=thread-created,id="55",group-id="i1"
~"[New Thread 0x7fffbcc866c0 (LWP 3443971)]\n"
*running,thread-id="55"
=thread-created,id="56",group-id="i1"
~"[New Thread 0x7fffbc4856c0 (LWP 3443972)]\n"
*running,thread-id="56"
=thread-created,id="57",group-id="i1"
~"[New Thread 0x7fffbbc846c0 (LWP 3443973)]\n"
*running,thread-id="57"
=thread-created,id="58",group-id="i1"
~"[New Thread 0x7fffbb4836c0 (LWP 3443974)]\n"
*running,thread-id="58"
=thread-created,id="59",group-id="i1"
~"[New Thread 0x7fffbac826c0 (LWP 3443975)]\n"
*running,thread-id="59"
=thread-created,id="60",group-id="i1"
~"[New Thread 0x7fffba4816c0 (LWP 3443976)]\n"
*running,thread-id="60"
=thread-created,id="61",group-id="i1"
~"[New Thread 0x7fffb9c806c0 (LWP 3443977)]\n"
*running,thread-id="61"
=thread-created,id="62",group-id="i1"
~"[New Thread 0x7fffb947f6c0 (LWP 3443978)]\n"
*running,thread-id="62"
=thread-created,id="63",group-id="i1"
~"[New Thread 0x7fffb8c7e6c0 (LWP 3443979)]\n"
*running,thread-id="63"
=thread-created,id="64",group-id="i1"
~"[New Thread 0x7fffb847d6c0 (LWP 3443980)]\n"
*running,thread-id="64"
=thread-created,id="65",group-id="i1"
~"[New Thread 0x7fffb7c7c6c0 (LWP 3443981)]\n"
*running,thread-id="65"
=thread-created,id="66",group-id="i1"
~"[New Thread 0x7fffb747b6c0 (LWP 3443982)]\n"
*running,thread-id="66"
=thread-created,id="67",group-id="i1"
~"[New Thread 0x7fffb0c766c0 (LWP 3443985)]\n"
*running,thread-id="67"
=thread-created,id="68",group-id="i1"
~"[New Thread 0x7fffab5456c0 (LWP 3444078)]\n"
*running,thread-id="68"
=thread-created,id="69",group-id="i1"
~"[New Thread 0x7fffaad446c0 (LWP 3444079)]\n"
*running,thread-id="69"
=thread-created,id="70",group-id="i1"
~"[New Thread 0x7fffa9bb06c0 (LWP 3444080)]\n"
*running,thread-id="70"
=thread-created,id="71",group-id="i1"
~"[New Thread 0x7ff39aff16c0 (LWP 3444081)]\n"
*running,thread-id="71"
=thread-created,id="72",group-id="i1"
~"[New Thread 0x7ff399fed6c0 (LWP 3444082)]\n"
*running,thread-id="72"
~"[Thread 0x7ff399fed6c0 (LWP 3444082) exited]\n"
=thread-exited,id="72",group-id="i1"
~"[Thread 0x7fffab5456c0 (LWP 3444078) exited]\n"
=thread-exited,id="68",group-id="i1"
~"[Thread 0x7fffa9bb06c0 (LWP 3444080) exited]\n"
=thread-exited,id="70",group-id="i1"
~"[Thread 0x7ff39aff16c0 (LWP 3444081) exited]\n"
=thread-exited,id="71",group-id="i1"
~"[Thread 0x7fffaad446c0 (LWP 3444079) exited]\n"
=thread-exited,id="69",group-id="i1"
=thread-created,id="73",group-id="i1"
~"[New Thread 0x7ff399fed6c0 (LWP 3444970)]\n"
*running,thread-id="73"
=thread-created,id="74",group-id="i1"
~"[New Thread 0x7ff39aff16c0 (LWP 3444971)]\n"
*running,thread-id="74"
=thread-created,id="75",group-id="i1"
~"[New Thread 0x7fffa9bb06c0 (LWP 3444972)]\n"
*running,thread-id="75"
=thread-created,id="76",group-id="i1"
~"[New Thread 0x7fffaad446c0 (LWP 3444973)]\n"
*running,thread-id="76"
=thread-created,id="77",group-id="i1"
~"[New Thread 0x7fffd962b6c0 (LWP 3444974)]\n"
*running,thread-id="77"
=thread-created,id="78",group-id="i1"
~"[New Thread 0x7ff3803ff6c0 (LWP 3444993)]\n"
*running,thread-id="78"
=thread-created,id="79",group-id="i1"
~"[New Thread 0x7ff37fbfe6c0 (LWP 3444994)]\n"
*running,thread-id="79"
=thread-created,id="80",group-id="i1"
~"[New Thread 0x7ff37f3fd6c0 (LWP 3444995)]\n"
*running,thread-id="80"
=thread-created,id="81",group-id="i1"
~"[New Thread 0x7ff37ebfc6c0 (LWP 3445021)]\n"
*running,thread-id="81"
=thread-created,id="82",group-id="i1"
~"[New Thread 0x7ff37e3fb6c0 (LWP 3445022)]\n"
*running,thread-id="82"
=thread-created,id="83",group-id="i1"
~"[New Thread 0x7ff37dbfa6c0 (LWP 3445082)]\n"
*running,thread-id="83"
=thread-created,id="84",group-id="i1"
~"[New Thread 0x7ff37d3f96c0 (LWP 3445116)]\n"
*running,thread-id="84"
~"[Thread 0x7ff37d3f96c0 (LWP 3445116) exited]\n"
=thread-exited,id="84",group-id="i1"
=thread-created,id="85",group-id="i1"
~"[New Thread 0x7ff37d3f96c0 (LWP 3446531)]\n"
*running,thread-id="85"
~"[Thread 0x7ff37d3f96c0 (LWP 3446531) exited]\n"
=thread-exited,id="85",group-id="i1"
=thread-created,id="86",group-id="i1"
~"[New Thread 0x7ff37d3f96c0 (LWP 3447780)]\n"
*running,thread-id="86"
~"[Thread 0x7ff37d3f96c0 (LWP 3447780) exited]\n"
=thread-exited,id="86",group-id="i1"
=thread-created,id="87",group-id="i1"
~"[New Thread 0x7ff37d3f96c0 (LWP 3449022)]\n"
*running,thread-id="87"
~"[Thread 0x7ff37d3f96c0 (LWP 3449022) exited]\n"
=thread-exited,id="87",group-id="i1"
=thread-created,id="88",group-id="i1"
~"[New Thread 0x7ff37d3f96c0 (LWP 3450558)]\n"
*running,thread-id="88"
~"[Thread 0x7ff37d3f96c0 (LWP 3450558) exited]\n"
=thread-exited,id="88",group-id="i1"
=thread-created,id="89",group-id="i1"
~"[New Thread 0x7ff37d3f96c0 (LWP 3451746)]\n"
*running,thread-id="89"
~"[Thread 0x7ff37d3f96c0 (LWP 3451746) exited]\n"
=thread-exited,id="89",group-id="i1"
~"[Thread 0x7ff37ebfc6c0 (LWP 3445021) exited]\n"
=thread-exited,id="81",group-id="i1"
~"[Thread 0x7ff37e3fb6c0 (LWP 3445022) exited]\n"
=thread-exited,id="82",group-id="i1"
~"[Thread 0x7ff37f3fd6c0 (LWP 3444995) exited]\n"
=thread-exited,id="80",group-id="i1"
~"[Thread 0x7ff37fbfe6c0 (LWP 3444994) exited]\n"
=thread-exited,id="79",group-id="i1"
~"[Thread 0x7ff3803ff6c0 (LWP 3444993) exited]\n"
=thread-exited,id="78",group-id="i1"
~"[Thread 0x7fffd962b6c0 (LWP 3444974) exited]\n"
=thread-exited,id="77",group-id="i1"
~"[Thread 0x7fffaad446c0 (LWP 3444973) exited]\n"
=thread-exited,id="76",group-id="i1"
~"[Thread 0x7fffa9bb06c0 (LWP 3444972) exited]\n"
=thread-exited,id="75",group-id="i1"
~"[Thread 0x7ff39aff16c0 (LWP 3444971) exited]\n"
=thread-exited,id="74",group-id="i1"
~"[Thread 0x7ff399fed6c0 (LWP 3444970) exited]\n"
=thread-exited,id="73",group-id="i1"
~"[Thread 0x7fffb0c766c0 (LWP 3443985) exited]\n"
=thread-exited,id="67",group-id="i1"
~"[Thread 0x7fffb847d6c0 (LWP 3443980) exited]\n"
=thread-exited,id="64",group-id="i1"
~"[Thread 0x7fffb8c7e6c0 (LWP 3443979) exited]\n"
=thread-exited,id="63",group-id="i1"
~"[Thread 0x7fffb7c7c6c0 (LWP 3443981) exited]\n"
=thread-exited,id="65",group-id="i1"
~"[Thread 0x7fffb747b6c0 (LWP 3443982) exited]\n"
=thread-exited,id="66",group-id="i1"
~"[Thread 0x7fffb9c806c0 (LWP 3443977) exited]\n"
=thread-exited,id="61",group-id="i1"
~"[Thread 0x7fffbb4836c0 (LWP 3443974) exited]\n"
=thread-exited,id="58",group-id="i1"
~"[Thread 0x7fffbbc846c0 (LWP 3443973) exited]\n"
=thread-exited,id="57",group-id="i1"
~"[Thread 0x7fffbc4856c0 (LWP 3443972) exited]\n"
=thread-exited,id="56",group-id="i1"
~"[Thread 0x7fffbcc866c0 (LWP 3443971) exited]\n"
=thread-exited,id="55",group-id="i1"
~"[Thread 0x7fffbdc886c0 (LWP 3443969) exited]\n"
=thread-exited,id="53",group-id="i1"
~"[Thread 0x7fffbe4896c0 (LWP 3443968) exited]\n"
=thread-exited,id="52",group-id="i1"
~"[Thread 0x7fffbec8a6c0 (LWP 3443967) exited]\n"
=thread-exited,id="51",group-id="i1"
~"[Thread 0x7fffbfc8c6c0 (LWP 3443965) exited]\n"
=thread-exited,id="49",group-id="i1"
~"[Thread 0x7fffc048d6c0 (LWP 3443964) exited]\n"
=thread-exited,id="48",group-id="i1"
~"[Thread 0x7fffc24916c0 (LWP 3443960) exited]\n"
=thread-exited,id="44",group-id="i1"
~"[Thread 0x7fffc3c946c0 (LWP 3443957) exited]\n"
=thread-exited,id="41",group-id="i1"
~"[Thread 0x7fffc4c966c0 (LWP 3443955) exited]\n"
=thread-exited,id="39",group-id="i1"
~"[Thread 0x7fffc54976c0 (LWP 3443954) exited]\n"
=thread-exited,id="38",group-id="i1"
~"[Thread 0x7fffc6c9a6c0 (LWP 3443951) exited]\n"
=thread-exited,id="35",group-id="i1"
~"[Thread 0x7fffc7c9c6c0 (LWP 3443949) exited]\n"
=thread-exited,id="33",group-id="i1"
~"[Thread 0x7fffc849d6c0 (LWP 3443948) exited]\n"
=thread-exited,id="32",group-id="i1"
~"[Thread 0x7fffca4a16c0 (LWP 3443944) exited]\n"
=thread-exited,id="28",group-id="i1"
~"[Thread 0x7fffcbca46c0 (LWP 3443941) exited]\n"
=thread-exited,id="25",group-id="i1"
~"[Thread 0x7fffcecaa6c0 (LWP 3443935) exited]\n"
=thread-exited,id="19",group-id="i1"
~"[Thread 0x7fffd1cb06c0 (LWP 3443929) exited]\n"
=thread-exited,id="13",group-id="i1"
~"[Thread 0x7fffd34b36c0 (LWP 3443926) exited]\n"
=thread-exited,id="10",group-id="i1"
~"[Thread 0x7fffd44b56c0 (LWP 3443924) exited]\n"
=thread-exited,id="8",group-id="i1"
~"[Thread 0x7fffd5cb86c0 (LWP 3443921) exited]\n"
=thread-exited,id="5",group-id="i1"
~"[Thread 0x7fffd6cba6c0 (LWP 3443919) exited]\n"
=thread-exited,id="3",group-id="i1"
~"[Thread 0x7fffc0c8e6c0 (LWP 3443963) exited]\n"
=thread-exited,id="47",group-id="i1"
~"[Thread 0x7fffb947f6c0 (LWP 3443978) exited]\n"
=thread-exited,id="62",group-id="i1"
~"[Thread 0x7fffc34936c0 (LWP 3443958) exited]\n"
=thread-exited,id="42",group-id="i1"
~"[Thread 0x7fffc749b6c0 (LWP 3443950) exited]\n"
=thread-exited,id="34",group-id="i1"
~"[Thread 0x7fffba4816c0 (LWP 3443976) exited]\n"
=thread-exited,id="60",group-id="i1"
~"[Thread 0x7fffbac826c0 (LWP 3443975) exited]\n"
=thread-exited,id="59",group-id="i1"
~"[Thread 0x7fffbf48b6c0 (LWP 3443966) exited]\n"
=thread-exited,id="50",group-id="i1"
~"[Thread 0x7fffc148f6c0 (LWP 3443962) exited]\n"
=thread-exited,id="46",group-id="i1"
~"[Thread 0x7fffc1c906c0 (LWP 3443961) exited]\n"
=thread-exited,id="45",group-id="i1"
~"[Thread 0x7fffbd4876c0 (LWP 3443970) exited]\n"
=thread-exited,id="54",group-id="i1"
~"[Thread 0x7fffc2c926c0 (LWP 3443959) exited]\n"
=thread-exited,id="43",group-id="i1"
~"[Thread 0x7fffc44956c0 (LWP 3443956) exited]\n"
=thread-exited,id="40",group-id="i1"
~"[Thread 0x7fffc64996c0 (LWP 3443952) exited]\n"
=thread-exited,id="36",group-id="i1"
~"[Thread 0x7fffc949f6c0 (LWP 3443946) exited]\n"
=thread-exited,id="30",group-id="i1"
~"[Thread 0x7fffc9ca06c0 (LWP 3443945) exited]\n"
=thread-exited,id="29",group-id="i1"
~"[Thread 0x7fffcaca26c0 (LWP 3443943) exited]\n"
=thread-exited,id="27",group-id="i1"
~"[Thread 0x7fffcb4a36c0 (LWP 3443942) exited]\n"
=thread-exited,id="26",group-id="i1"
~"[Thread 0x7fffcc4a56c0 (LWP 3443940) exited]\n"
=thread-exited,id="24",group-id="i1"
~"[Thread 0x7fffc8c9e6c0 (LWP 3443947) exited]\n"
=thread-exited,id="31",group-id="i1"
~"[Thread 0x7fffccca66c0 (LWP 3443939) exited]\n"
=thread-exited,id="23",group-id="i1"
~"[Thread 0x7fffcd4a76c0 (LWP 3443938) exited]\n"
=thread-exited,id="22",group-id="i1"
~"[Thread 0x7fffcdca86c0 (LWP 3443937) exited]\n"
=thread-exited,id="21",group-id="i1"
~"[Thread 0x7fffce4a96c0 (LWP 3443936) exited]\n"
=thread-exited,id="20",group-id="i1"
~"[Thread 0x7fffcf4ab6c0 (LWP 3443934) exited]\n"
=thread-exited,id="18",group-id="i1"
~"[Thread 0x7fffcfcac6c0 (LWP 3443933) exited]\n"
=thread-exited,id="17",group-id="i1"
~"[Thread 0x7fffd04ad6c0 (LWP 3443932) exited]\n"
=thread-exited,id="16",group-id="i1"
~"[Thread 0x7fffd0cae6c0 (LWP 3443931) exited]\n"
=thread-exited,id="15",group-id="i1"
~"[Thread 0x7fffd14af6c0 (LWP 3443930) exited]\n"
=thread-exited,id="14",group-id="i1"
~"[Thread 0x7fffd24b16c0 (LWP 3443928) exited]\n"
=thread-exited,id="12",group-id="i1"
~"[Thread 0x7fffd2cb26c0 (LWP 3443927) exited]\n"
=thread-exited,id="11",group-id="i1"
~"[Thread 0x7fffd3cb46c0 (LWP 3443925) exited]\n"
=thread-exited,id="9",group-id="i1"
~"[Thread 0x7fffd4cb66c0 (LWP 3443923) exited]\n"
=thread-exited,id="7",group-id="i1"
~"[Thread 0x7fffd54b76c0 (LWP 3443922) exited]\n"
=thread-exited,id="6",group-id="i1"
~"[Thread 0x7fffd64b96c0 (LWP 3443920) exited]\n"
=thread-exited,id="4",group-id="i1"
~"[Thread 0x7fffc5c986c0 (LWP 3443953) exited]\n"
=thread-exited,id="37",group-id="i1"
~"[Thread 0x7ff37dbfa6c0 (LWP 3445082) exited]\n"
=thread-exited,id="83",group-id="i1"
~"[Thread 0x7fffd79cb6c0 (LWP 3443885) exited]\n"
=thread-exited,id="2",group-id="i1"
~"[Inferior 1 (process 3443574) exited normally]\n"
=thread-exited,id="1",group-id="i1"
=thread-group-exited,id="i1",exit-code="0"
*stopped,reason="exited-normally"
12^exit
