{
  "scope": "First real normal-MTP context-128 check of layer trace build, full diagnostic_environment, owned GDB/PTY and complete heads compared to prior released-weight controls; no timing/full-capacity/prevention claim",
  "started_utc": "2026-10-06T23:55:34.031761+00:00",
  "boot_id": "0a908c16-e292-4299-80ff-082da39f4bb9",
  "active": false,
  "completed": true,
  "healthy": true,
  "requests": [
    {
      "name": "first",
      "ids": [
        760,
        10849,
        88851,
        2272
      ],
      "logprobs": [
        "LP -0.029362 760:-0.029362 57044:-3.582733 6374:-8.971300 92595:-9.043516 332:-9.416806",
        "LP -0.007869 10849:-0.007869 13071:-6.144162 57040:-7.056762 36600:-7.414969 27163:-7.584670",
        "LP -0.297371 88851:-0.297371 324:-1.971514 22472:-2.495075 76911:-4.114145 46810:-5.263838",
        "LP -0.001446 2272:-0.001446 87070:-7.109512 264:-7.565489 35091:-9.599085 66425:-11.472208"
      ],
      "protocol": [
        "RESUME 0",
        "PP 30 37 22806 1.3",
        "PP 36 37 42127 0.9",
        "REUSED 0",
        "T 760",
        "LP -0.029362 760:-0.029362 57044:-3.582733 6374:-8.971300 92595:-9.043516 332:-9.416806",
        "T 10849",
        "LP -0.007869 10849:-0.007869 13071:-6.144162 57040:-7.056762 36600:-7.414969 27163:-7.584670",
        "T 88851",
        "LP -0.297371 88851:-0.297371 324:-1.971514 22472:-2.495075 76911:-4.114145 46810:-5.263838",
        "T 2272",
        "LP -0.001446 2272:-0.001446 87070:-7.109512 264:-7.565489 35091:-9.599085 66425:-11.472208",
        "DONE 4 37 43120.6 3356.4 length 3 6 0 111 2491 0 0 0.0 37 1829"
      ],
      "head": {
        "bytes": 993280,
        "floats": 248320,
        "sha256": "feb9d9260b435e9efb603b1d5961fa616fbfa7004a639036c18ea535e99b02a4"
      },
      "equality": {
        "ids": true,
        "logprobs": true,
        "head": true
      }
    },
    {
      "name": "repeat",
      "ids": [
        760,
        10849,
        88851,
        2272
      ],
      "logprobs": [
        "LP -0.029362 760:-0.029362 57044:-3.582733 6374:-8.971300 92595:-9.043516 332:-9.416806",
        "LP -0.007869 10849:-0.007869 13071:-6.144162 57040:-7.056762 36600:-7.414969 27163:-7.584670",
        "LP -0.297371 88851:-0.297371 324:-1.971514 22472:-2.495075 76911:-4.114145 46810:-5.263838",
        "LP -0.001446 2272:-0.001446 87070:-7.109512 264:-7.565489 35091:-9.599085 66425:-11.472208"
      ],
      "protocol": [
        "RESUME 30",
        "PP 36 37 18400 0.3",
        "REUSED 30",
        "T 760",
        "LP -0.029362 760:-0.029362 57044:-3.582733 6374:-8.971300 92595:-9.043516 332:-9.416806",
        "T 10849",
        "LP -0.007869 10849:-0.007869 13071:-6.144162 57040:-7.056762 36600:-7.414969 27163:-7.584670",
        "T 88851",
        "LP -0.297371 88851:-0.297371 324:-1.971514 22472:-2.495075 76911:-4.114145 46810:-5.263838",
        "T 2272",
        "LP -0.001446 2272:-0.001446 87070:-7.109512 264:-7.565489 35091:-9.599085 66425:-11.472208",
        "DONE 4 37 19404.7 1058.7 length 3 6 30 111 2491 0 0 0.0 7 1829"
      ],
      "head": {
        "bytes": 993280,
        "floats": 248320,
        "sha256": "feb9d9260b435e9efb603b1d5961fa616fbfa7004a639036c18ea535e99b02a4"
      },
      "equality": {
        "ids": true,
        "logprobs": true,
        "head": true
      }
    },
    {
      "name": "other",
      "ids": [
        760,
        10849,
        88851,
        2272
      ],
      "logprobs": [
        "LP -0.077871 760:-0.077871 57044:-2.671930 332:-6.517687 2:-7.238763 92595:-7.778270",
        "LP -0.009716 10849:-0.009716 13071:-6.334938 36600:-6.721001 57040:-7.317684 27163:-7.625690",
        "LP -0.316179 88851:-0.316179 324:-2.027479 22472:-2.229814 76911:-4.416349 46810:-4.981436",
        "LP -0.001153 2272:-0.001153 264:-7.567292 87070:-7.603449 35091:-9.553897 279:-10.593863"
      ],
      "protocol": [
        "RESUME 0",
        "PP 30 37 23297 1.3",
        "PP 36 37 42608 0.8",
        "REUSED 0",
        "T 760",
        "LP -0.077871 760:-0.077871 57044:-2.671930 332:-6.517687 2:-7.238763 92595:-7.778270",
        "T 10849",
        "LP -0.009716 10849:-0.009716 13071:-6.334938 36600:-6.721001 57040:-7.317684 27163:-7.625690",
        "T 88851",
        "LP -0.316179 88851:-0.316179 324:-2.027479 22472:-2.229814 76911:-4.416349 46810:-4.981436",
        "T 2272",
        "LP -0.001153 2272:-0.001153 264:-7.567292 87070:-7.603449 35091:-9.553897 279:-10.593863",
        "DONE 4 37 43623.1 1078.1 length 3 6 0 110 2499 0 0 0.0 37 1821"
      ],
      "head": {
        "bytes": 993280,
        "floats": 248320,
        "sha256": "a604cb912de32e8cde7abe39837bb4056059c75d6dda212594bd038ac506957b"
      },
      "equality": {
        "ids": true,
        "logprobs": true,
        "head": true
      }
    },
    {
      "name": "restored",
      "ids": [
        760,
        10849,
        88851,
        2272
      ],
      "logprobs": [
        "LP -0.029362 760:-0.029362 57044:-3.582733 6374:-8.971300 92595:-9.043516 332:-9.416806",
        "LP -0.007869 10849:-0.007869 13071:-6.144162 57040:-7.056762 36600:-7.414969 27163:-7.584670",
        "LP -0.297371 88851:-0.297371 324:-1.971514 22472:-2.495075 76911:-4.114145 46810:-5.263838",
        "LP -0.001446 2272:-0.001446 87070:-7.109512 264:-7.565489 35091:-9.599085 66425:-11.472208"
      ],
      "protocol": [
        "RESUME 30",
        "PP 36 37 18384 0.3",
        "REUSED 30",
        "T 760",
        "LP -0.029362 760:-0.029362 57044:-3.582733 6374:-8.971300 92595:-9.043516 332:-9.416806",
        "T 10849",
        "LP -0.007869 10849:-0.007869 13071:-6.144162 57040:-7.056762 36600:-7.414969 27163:-7.584670",
        "T 88851",
        "LP -0.297371 88851:-0.297371 324:-1.971514 22472:-2.495075 76911:-4.114145 46810:-5.263838",
        "T 2272",
        "LP -0.001446 2272:-0.001446 87070:-7.109512 264:-7.565489 35091:-9.599085 66425:-11.472208",
        "DONE 4 37 19386.1 1092.7 length 3 6 30 111 2491 0 0 0.0 7 1829"
      ],
      "head": {
        "bytes": 993280,
        "floats": 248320,
        "sha256": "feb9d9260b435e9efb603b1d5961fa616fbfa7004a639036c18ea535e99b02a4"
      },
      "equality": {
        "ids": true,
        "logprobs": true,
        "head": true
      }
    }
  ],
  "snapshots": [],
  "deadline_seconds": 600,
  "protocol_timeout_seconds": 180,
  "log_limit_bytes": 2147483648,
  "preflight_fault_messages": [],
  "binary_sha256": "b81a7d6fbc1c6d524cf3b64e196f5866c91ec56c76e460a66b63b28ce3aed461",
  "reference_binary_sha256": "79a4b363d33f66f41d910be6274e609b4eb73f62afb0dc49bca72bf2a538d223",
  "reference_result_sha256": "76ab5a8eeda05824963f8803c8dde7b5b69a7a2768c1fc5f034be7bacef72b62",
  "source_sha256": {
    "/home/yayoi/.local/state/strata-sycl/post-reboot-tuning-20261007/run_owned_layer_trace_short.py": "fbe7793351fad5a74528ab2a6e58ab96b9ac216e4ff3ded74bac403eb18ee828",
    "/home/yayoi/ghq/github.com/yqYo1/Strata/.worktree/sync-upstream-2026-10-05/sycl/tools/recover-xe.sh": "2f90005f79d2309747d917cff51dc53d8ee6192d68cb1feca074f84af8b0796c",
    "/home/yayoi/ghq/github.com/yqYo1/Strata/.worktree/sync-upstream-2026-10-05/sycl/tools/owned_gdb.py": "547838e423525c824b7c033f7490153f8174d772e7c8f736c2f9255b50de758c",
    "/home/yayoi/ghq/github.com/yqYo1/Strata/.worktree/sync-upstream-2026-10-05/sycl/src/prefill/prefill.cpp": "ebfdf26d292759698b85aa6f219d43345a33b4325b1ba3fcec78171d4b715f51"
  },
  "elapsed_seconds": 169.72981172000073,
  "active_request": null,
  "startup": [
    "INFO context=128 kv=fp16 kv_resident=0 expert_slots=600 expert_cache_mib=1523 expert_slots_primary=600 expert_cache_primary_mib=1523 spec=4 mtp_max=0 lookup=0 vram_free_mib=3120 cvec=0 arena_mib=47962 pool_workers=5 pcie_frac=0.55 spec_min_p=0.00 conversation_cache_mib=256 conversation_cache_slots=4 conversation_cache_min_free_mib=2560 tail_role_token=-1 vram_elastic=0 engine=0.1.39-sycl",
    "READY 128 stop"
  ],
  "inferior": {
    "pid": 1264766,
    "start_ticks": 2061344,
    "state": "t"
  },
  "debugger": {
    "pid": 1264754,
    "start_ticks": 2061334,
    "state": "R"
  },
  "release_pairs": {
    "release": 6,
    "restore": 6
  },
  "exit_code": 0,
  "exit_signal": null,
  "cleanup": {
    "forced": false,
    "inferior_survived": false,
    "gdb_survived": false
  },
  "new_fault_messages": [],
  "finished_utc": "2026-10-06T23:58:23.761726+00:00"
}
