
Dynamic section at offset 0xe3ca0 contains 41 entries:
  Tag        Type                         Name/Value
 0x0000000000000001 (NEEDED)             Shared library: [libze_loader.so.1]
 0x0000000000000001 (NEEDED)             Shared library: [libmkl_sycl_blas.so.6]
 0x0000000000000001 (NEEDED)             Shared library: [libmkl_sycl_lapack.so.6]
 0x0000000000000001 (NEEDED)             Shared library: [libmkl_sycl_dft.so.6]
 0x0000000000000001 (NEEDED)             Shared library: [libmkl_sycl_sparse.so.6]
 0x0000000000000001 (NEEDED)             Shared library: [libmkl_sycl_rng.so.6]
 0x0000000000000001 (NEEDED)             Shared library: [libmkl_sycl_stats.so.6]
 0x0000000000000001 (NEEDED)             Shared library: [libmkl_sycl_vm.so.6]
 0x0000000000000001 (NEEDED)             Shared library: [libmkl_sycl_data_fitting.so.6]
 0x0000000000000001 (NEEDED)             Shared library: [libmkl_intel_lp64.so.3]
 0x0000000000000001 (NEEDED)             Shared library: [libmkl_sequential.so.3]
 0x0000000000000001 (NEEDED)             Shared library: [libmkl_core.so.3]
 0x0000000000000001 (NEEDED)             Shared library: [libstdc++.so.6]
 0x0000000000000001 (NEEDED)             Shared library: [libm.so.6]
 0x0000000000000001 (NEEDED)             Shared library: [libgcc_s.so.1]
 0x0000000000000001 (NEEDED)             Shared library: [libsycl.so.9]
 0x0000000000000001 (NEEDED)             Shared library: [libOpenCL.so.1]
 0x0000000000000001 (NEEDED)             Shared library: [libc.so.6]
 0x000000000000000c (INIT)               0x407000
 0x000000000000000d (FINI)               0x442b3c
 0x0000000000000019 (INIT_ARRAY)         0x4e2610
 0x000000000000001b (INIT_ARRAYSZ)       32 (bytes)
 0x000000000000001a (FINI_ARRAY)         0x4e2630
 0x000000000000001c (FINI_ARRAYSZ)       16 (bytes)
 0x000000006ffffef5 (GNU_HASH)           0x4003b0
 0x0000000000000005 (STRTAB)             0x402698
 0x0000000000000006 (SYMTAB)             0x400910
 0x000000000000000a (STRSZ)              10244 (bytes)
 0x000000000000000b (SYMENT)             24 (bytes)
 0x0000000000000015 (DEBUG)              0x0
 0x0000000000000003 (PLTGOT)             0x4e3fe8
 0x0000000000000002 (PLTRELSZ)           3240 (bytes)
 0x0000000000000014 (PLTREL)             RELA
 0x0000000000000017 (JMPREL)             0x4054a0
 0x0000000000000007 (RELA)               0x4052a8
 0x0000000000000008 (RELASZ)             504 (bytes)
 0x0000000000000009 (RELAENT)            24 (bytes)
 0x000000006ffffffe (VERNEED)            0x405118
 0x000000006fffffff (VERNEEDNUM)         3
 0x000000006ffffff0 (VERSYM)             0x404e9c
 0x0000000000000000 (NULL)               0x0
