HOST_CASE,valid32k
strata IQ4NL census shape layer=0 gu_type=42 down_type=20 n_embd=2560 n_ff=640 n=1638400 arithmetic=native-IQ-to-FP16-then-oneMKL
strata IQ4NL census layer=0 chunks=4 positions=32768 routed_rows=32768 expected_rows=32768 decisions=4 generic_selected=2 generic_returned=2 private_selected=2 private_returned=2 type20_generic_returned=2 type20_private_returned=2 type20_compressed_read_bytes=3686400 type20_fp16_output_bytes=13107200
strata IQ4NL census shape layer=1 gu_type=42 down_type=20 n_embd=2560 n_ff=640 n=1638400 arithmetic=native-IQ-to-FP16-then-oneMKL
strata IQ4NL census layer=1 chunks=4 positions=32768 routed_rows=32768 expected_rows=32768 decisions=4 generic_selected=2 generic_returned=2 private_selected=2 private_returned=2 type20_generic_returned=2 type20_private_returned=2 type20_compressed_read_bytes=3686400 type20_fp16_output_bytes=13107200
strata IQ4NL census shape layer=2 gu_type=42 down_type=20 n_embd=2560 n_ff=640 n=1638400 arithmetic=native-IQ-to-FP16-then-oneMKL
strata IQ4NL census layer=2 chunks=4 positions=32768 routed_rows=32768 expected_rows=32768 decisions=4 generic_selected=2 generic_returned=2 private_selected=2 private_returned=2 type20_generic_returned=2 type20_private_returned=2 type20_compressed_read_bytes=3686400 type20_fp16_output_bytes=13107200
strata IQ4NL census shape layer=3 gu_type=42 down_type=20 n_embd=2560 n_ff=640 n=1638400 arithmetic=native-IQ-to-FP16-then-oneMKL
strata IQ4NL census layer=3 chunks=4 positions=32768 routed_rows=32768 expected_rows=32768 decisions=4 generic_selected=2 generic_returned=2 private_selected=2 private_returned=2 type20_generic_returned=2 type20_private_returned=2 type20_compressed_read_bytes=3686400 type20_fp16_output_bytes=13107200
strata IQ4NL census shape layer=4 gu_type=42 down_type=20 n_embd=2560 n_ff=640 n=1638400 arithmetic=native-IQ-to-FP16-then-oneMKL
strata IQ4NL census layer=4 chunks=4 positions=32768 routed_rows=32768 expected_rows=32768 decisions=4 generic_selected=2 generic_returned=2 private_selected=2 private_returned=2 type20_generic_returned=2 type20_private_returned=2 type20_compressed_read_bytes=3686400 type20_fp16_output_bytes=13107200
strata IQ4NL census shape layer=5 gu_type=42 down_type=20 n_embd=2560 n_ff=640 n=1638400 arithmetic=native-IQ-to-FP16-then-oneMKL
strata IQ4NL census layer=5 chunks=4 positions=32768 routed_rows=32768 expected_rows=32768 decisions=4 generic_selected=2 generic_returned=2 private_selected=2 private_returned=2 type20_generic_returned=2 type20_private_returned=2 type20_compressed_read_bytes=3686400 type20_fp16_output_bytes=13107200
strata IQ4NL census shape layer=6 gu_type=42 down_type=20 n_embd=2560 n_ff=640 n=1638400 arithmetic=native-IQ-to-FP16-then-oneMKL
strata IQ4NL census layer=6 chunks=4 positions=32768 routed_rows=32768 expected_rows=32768 decisions=4 generic_selected=2 generic_returned=2 private_selected=2 private_returned=2 type20_generic_returned=2 type20_private_returned=2 type20_compressed_read_bytes=3686400 type20_fp16_output_bytes=13107200
strata IQ4NL census shape layer=7 gu_type=42 down_type=20 n_embd=2560 n_ff=640 n=1638400 arithmetic=native-IQ-to-FP16-then-oneMKL
strata IQ4NL census layer=7 chunks=4 positions=32768 routed_rows=32768 expected_rows=32768 decisions=4 generic_selected=2 generic_returned=2 private_selected=2 private_returned=2 type20_generic_returned=2 type20_private_returned=2 type20_compressed_read_bytes=3686400 type20_fp16_output_bytes=13107200
strata IQ4NL census shape layer=8 gu_type=42 down_type=20 n_embd=2560 n_ff=640 n=1638400 arithmetic=native-IQ-to-FP16-then-oneMKL
strata IQ4NL census layer=8 chunks=4 positions=32768 routed_rows=32768 expected_rows=32768 decisions=4 generic_selected=2 generic_returned=2 private_selected=2 private_returned=2 type20_generic_returned=2 type20_private_returned=2 type20_compressed_read_bytes=3686400 type20_fp16_output_bytes=13107200
strata IQ4NL census shape layer=9 gu_type=42 down_type=20 n_embd=2560 n_ff=640 n=1638400 arithmetic=native-IQ-to-FP16-then-oneMKL
strata IQ4NL census layer=9 chunks=4 positions=32768 routed_rows=32768 expected_rows=32768 decisions=4 generic_selected=2 generic_returned=2 private_selected=2 private_returned=2 type20_generic_returned=2 type20_private_returned=2 type20_compressed_read_bytes=3686400 type20_fp16_output_bytes=13107200
strata IQ4NL census shape layer=10 gu_type=42 down_type=20 n_embd=2560 n_ff=640 n=1638400 arithmetic=native-IQ-to-FP16-then-oneMKL
strata IQ4NL census layer=10 chunks=4 positions=32768 routed_rows=32768 expected_rows=32768 decisions=4 generic_selected=2 generic_returned=2 private_selected=2 private_returned=2 type20_generic_returned=2 type20_private_returned=2 type20_compressed_read_bytes=3686400 type20_fp16_output_bytes=13107200
strata IQ4NL census shape layer=11 gu_type=42 down_type=20 n_embd=2560 n_ff=640 n=1638400 arithmetic=native-IQ-to-FP16-then-oneMKL
strata IQ4NL census layer=11 chunks=4 positions=32768 routed_rows=32768 expected_rows=32768 decisions=4 generic_selected=2 generic_returned=2 private_selected=2 private_returned=2 type20_generic_returned=2 type20_private_returned=2 type20_compressed_read_bytes=3686400 type20_fp16_output_bytes=13107200
strata IQ4NL census shape layer=12 gu_type=42 down_type=20 n_embd=2560 n_ff=640 n=1638400 arithmetic=native-IQ-to-FP16-then-oneMKL
strata IQ4NL census layer=12 chunks=4 positions=32768 routed_rows=32768 expected_rows=32768 decisions=4 generic_selected=2 generic_returned=2 private_selected=2 private_returned=2 type20_generic_returned=2 type20_private_returned=2 type20_compressed_read_bytes=3686400 type20_fp16_output_bytes=13107200
strata IQ4NL census shape layer=13 gu_type=42 down_type=20 n_embd=2560 n_ff=640 n=1638400 arithmetic=native-IQ-to-FP16-then-oneMKL
strata IQ4NL census layer=13 chunks=4 positions=32768 routed_rows=32768 expected_rows=32768 decisions=4 generic_selected=2 generic_returned=2 private_selected=2 private_returned=2 type20_generic_returned=2 type20_private_returned=2 type20_compressed_read_bytes=3686400 type20_fp16_output_bytes=13107200
strata IQ4NL census shape layer=14 gu_type=42 down_type=20 n_embd=2560 n_ff=640 n=1638400 arithmetic=native-IQ-to-FP16-then-oneMKL
strata IQ4NL census layer=14 chunks=4 positions=32768 routed_rows=32768 expected_rows=32768 decisions=4 generic_selected=2 generic_returned=2 private_selected=2 private_returned=2 type20_generic_returned=2 type20_private_returned=2 type20_compressed_read_bytes=3686400 type20_fp16_output_bytes=13107200
strata IQ4NL census shape layer=15 gu_type=42 down_type=20 n_embd=2560 n_ff=640 n=1638400 arithmetic=native-IQ-to-FP16-then-oneMKL
strata IQ4NL census layer=15 chunks=4 positions=32768 routed_rows=32768 expected_rows=32768 decisions=4 generic_selected=2 generic_returned=2 private_selected=2 private_returned=2 type20_generic_returned=2 type20_private_returned=2 type20_compressed_read_bytes=3686400 type20_fp16_output_bytes=13107200
strata IQ4NL census shape layer=16 gu_type=42 down_type=20 n_embd=2560 n_ff=640 n=1638400 arithmetic=native-IQ-to-FP16-then-oneMKL
strata IQ4NL census layer=16 chunks=4 positions=32768 routed_rows=32768 expected_rows=32768 decisions=4 generic_selected=2 generic_returned=2 private_selected=2 private_returned=2 type20_generic_returned=2 type20_private_returned=2 type20_compressed_read_bytes=3686400 type20_fp16_output_bytes=13107200
strata IQ4NL census shape layer=17 gu_type=42 down_type=20 n_embd=2560 n_ff=640 n=1638400 arithmetic=native-IQ-to-FP16-then-oneMKL
strata IQ4NL census layer=17 chunks=4 positions=32768 routed_rows=32768 expected_rows=32768 decisions=4 generic_selected=2 generic_returned=2 private_selected=2 private_returned=2 type20_generic_returned=2 type20_private_returned=2 type20_compressed_read_bytes=3686400 type20_fp16_output_bytes=13107200
strata IQ4NL census shape layer=18 gu_type=42 down_type=20 n_embd=2560 n_ff=640 n=1638400 arithmetic=native-IQ-to-FP16-then-oneMKL
strata IQ4NL census layer=18 chunks=4 positions=32768 routed_rows=32768 expected_rows=32768 decisions=4 generic_selected=2 generic_returned=2 private_selected=2 private_returned=2 type20_generic_returned=2 type20_private_returned=2 type20_compressed_read_bytes=3686400 type20_fp16_output_bytes=13107200
strata IQ4NL census shape layer=19 gu_type=42 down_type=20 n_embd=2560 n_ff=640 n=1638400 arithmetic=native-IQ-to-FP16-then-oneMKL
strata IQ4NL census layer=19 chunks=4 positions=32768 routed_rows=32768 expected_rows=32768 decisions=4 generic_selected=2 generic_returned=2 private_selected=2 private_returned=2 type20_generic_returned=2 type20_private_returned=2 type20_compressed_read_bytes=3686400 type20_fp16_output_bytes=13107200
strata IQ4NL census shape layer=20 gu_type=42 down_type=20 n_embd=2560 n_ff=640 n=1638400 arithmetic=native-IQ-to-FP16-then-oneMKL
strata IQ4NL census layer=20 chunks=4 positions=32768 routed_rows=32768 expected_rows=32768 decisions=4 generic_selected=2 generic_returned=2 private_selected=2 private_returned=2 type20_generic_returned=2 type20_private_returned=2 type20_compressed_read_bytes=3686400 type20_fp16_output_bytes=13107200
strata IQ4NL census shape layer=21 gu_type=42 down_type=20 n_embd=2560 n_ff=640 n=1638400 arithmetic=native-IQ-to-FP16-then-oneMKL
strata IQ4NL census layer=21 chunks=4 positions=32768 routed_rows=32768 expected_rows=32768 decisions=4 generic_selected=2 generic_returned=2 private_selected=2 private_returned=2 type20_generic_returned=2 type20_private_returned=2 type20_compressed_read_bytes=3686400 type20_fp16_output_bytes=13107200
strata IQ4NL census shape layer=22 gu_type=42 down_type=20 n_embd=2560 n_ff=640 n=1638400 arithmetic=native-IQ-to-FP16-then-oneMKL
strata IQ4NL census layer=22 chunks=4 positions=32768 routed_rows=32768 expected_rows=32768 decisions=4 generic_selected=2 generic_returned=2 private_selected=2 private_returned=2 type20_generic_returned=2 type20_private_returned=2 type20_compressed_read_bytes=3686400 type20_fp16_output_bytes=13107200
strata IQ4NL census shape layer=23 gu_type=42 down_type=20 n_embd=2560 n_ff=640 n=1638400 arithmetic=native-IQ-to-FP16-then-oneMKL
strata IQ4NL census layer=23 chunks=4 positions=32768 routed_rows=32768 expected_rows=32768 decisions=4 generic_selected=2 generic_returned=2 private_selected=2 private_returned=2 type20_generic_returned=2 type20_private_returned=2 type20_compressed_read_bytes=3686400 type20_fp16_output_bytes=13107200
strata IQ4NL census shape layer=24 gu_type=42 down_type=20 n_embd=2560 n_ff=640 n=1638400 arithmetic=native-IQ-to-FP16-then-oneMKL
strata IQ4NL census layer=24 chunks=4 positions=32768 routed_rows=32768 expected_rows=32768 decisions=4 generic_selected=2 generic_returned=2 private_selected=2 private_returned=2 type20_generic_returned=2 type20_private_returned=2 type20_compressed_read_bytes=3686400 type20_fp16_output_bytes=13107200
strata IQ4NL census shape layer=25 gu_type=42 down_type=20 n_embd=2560 n_ff=640 n=1638400 arithmetic=native-IQ-to-FP16-then-oneMKL
strata IQ4NL census layer=25 chunks=4 positions=32768 routed_rows=32768 expected_rows=32768 decisions=4 generic_selected=2 generic_returned=2 private_selected=2 private_returned=2 type20_generic_returned=2 type20_private_returned=2 type20_compressed_read_bytes=3686400 type20_fp16_output_bytes=13107200
strata IQ4NL census shape layer=26 gu_type=42 down_type=20 n_embd=2560 n_ff=640 n=1638400 arithmetic=native-IQ-to-FP16-then-oneMKL
strata IQ4NL census layer=26 chunks=4 positions=32768 routed_rows=32768 expected_rows=32768 decisions=4 generic_selected=2 generic_returned=2 private_selected=2 private_returned=2 type20_generic_returned=2 type20_private_returned=2 type20_compressed_read_bytes=3686400 type20_fp16_output_bytes=13107200
strata IQ4NL census shape layer=27 gu_type=42 down_type=20 n_embd=2560 n_ff=640 n=1638400 arithmetic=native-IQ-to-FP16-then-oneMKL
strata IQ4NL census layer=27 chunks=4 positions=32768 routed_rows=32768 expected_rows=32768 decisions=4 generic_selected=2 generic_returned=2 private_selected=2 private_returned=2 type20_generic_returned=2 type20_private_returned=2 type20_compressed_read_bytes=3686400 type20_fp16_output_bytes=13107200
strata IQ4NL census shape layer=28 gu_type=42 down_type=20 n_embd=2560 n_ff=640 n=1638400 arithmetic=native-IQ-to-FP16-then-oneMKL
strata IQ4NL census layer=28 chunks=4 positions=32768 routed_rows=32768 expected_rows=32768 decisions=4 generic_selected=2 generic_returned=2 private_selected=2 private_returned=2 type20_generic_returned=2 type20_private_returned=2 type20_compressed_read_bytes=3686400 type20_fp16_output_bytes=13107200
strata IQ4NL census shape layer=29 gu_type=42 down_type=20 n_embd=2560 n_ff=640 n=1638400 arithmetic=native-IQ-to-FP16-then-oneMKL
strata IQ4NL census layer=29 chunks=4 positions=32768 routed_rows=32768 expected_rows=32768 decisions=4 generic_selected=2 generic_returned=2 private_selected=2 private_returned=2 type20_generic_returned=2 type20_private_returned=2 type20_compressed_read_bytes=3686400 type20_fp16_output_bytes=13107200
strata IQ4NL census shape layer=30 gu_type=42 down_type=20 n_embd=2560 n_ff=640 n=1638400 arithmetic=native-IQ-to-FP16-then-oneMKL
strata IQ4NL census layer=30 chunks=4 positions=32768 routed_rows=32768 expected_rows=32768 decisions=4 generic_selected=2 generic_returned=2 private_selected=2 private_returned=2 type20_generic_returned=2 type20_private_returned=2 type20_compressed_read_bytes=3686400 type20_fp16_output_bytes=13107200
strata IQ4NL census shape layer=31 gu_type=42 down_type=20 n_embd=2560 n_ff=640 n=1638400 arithmetic=native-IQ-to-FP16-then-oneMKL
strata IQ4NL census layer=31 chunks=4 positions=32768 routed_rows=32768 expected_rows=32768 decisions=4 generic_selected=2 generic_returned=2 private_selected=2 private_returned=2 type20_generic_returned=2 type20_private_returned=2 type20_compressed_read_bytes=3686400 type20_fp16_output_bytes=13107200
strata IQ4NL census shape layer=32 gu_type=42 down_type=20 n_embd=2560 n_ff=640 n=1638400 arithmetic=native-IQ-to-FP16-then-oneMKL
strata IQ4NL census layer=32 chunks=4 positions=32768 routed_rows=32768 expected_rows=32768 decisions=4 generic_selected=2 generic_returned=2 private_selected=2 private_returned=2 type20_generic_returned=2 type20_private_returned=2 type20_compressed_read_bytes=3686400 type20_fp16_output_bytes=13107200
strata IQ4NL census shape layer=33 gu_type=42 down_type=20 n_embd=2560 n_ff=640 n=1638400 arithmetic=native-IQ-to-FP16-then-oneMKL
strata IQ4NL census layer=33 chunks=4 positions=32768 routed_rows=32768 expected_rows=32768 decisions=4 generic_selected=2 generic_returned=2 private_selected=2 private_returned=2 type20_generic_returned=2 type20_private_returned=2 type20_compressed_read_bytes=3686400 type20_fp16_output_bytes=13107200
strata IQ4NL census shape layer=34 gu_type=42 down_type=20 n_embd=2560 n_ff=640 n=1638400 arithmetic=native-IQ-to-FP16-then-oneMKL
strata IQ4NL census layer=34 chunks=4 positions=32768 routed_rows=32768 expected_rows=32768 decisions=4 generic_selected=2 generic_returned=2 private_selected=2 private_returned=2 type20_generic_returned=2 type20_private_returned=2 type20_compressed_read_bytes=3686400 type20_fp16_output_bytes=13107200
strata IQ4NL census shape layer=35 gu_type=42 down_type=20 n_embd=2560 n_ff=640 n=1638400 arithmetic=native-IQ-to-FP16-then-oneMKL
strata IQ4NL census layer=35 chunks=4 positions=32768 routed_rows=32768 expected_rows=32768 decisions=4 generic_selected=2 generic_returned=2 private_selected=2 private_returned=2 type20_generic_returned=2 type20_private_returned=2 type20_compressed_read_bytes=3686400 type20_fp16_output_bytes=13107200
strata IQ4NL census shape layer=36 gu_type=42 down_type=20 n_embd=2560 n_ff=640 n=1638400 arithmetic=native-IQ-to-FP16-then-oneMKL
strata IQ4NL census layer=36 chunks=4 positions=32768 routed_rows=32768 expected_rows=32768 decisions=4 generic_selected=2 generic_returned=2 private_selected=2 private_returned=2 type20_generic_returned=2 type20_private_returned=2 type20_compressed_read_bytes=3686400 type20_fp16_output_bytes=13107200
strata IQ4NL census shape layer=37 gu_type=42 down_type=20 n_embd=2560 n_ff=640 n=1638400 arithmetic=native-IQ-to-FP16-then-oneMKL
strata IQ4NL census layer=37 chunks=4 positions=32768 routed_rows=32768 expected_rows=32768 decisions=4 generic_selected=2 generic_returned=2 private_selected=2 private_returned=2 type20_generic_returned=2 type20_private_returned=2 type20_compressed_read_bytes=3686400 type20_fp16_output_bytes=13107200
strata IQ4NL census shape layer=38 gu_type=42 down_type=20 n_embd=2560 n_ff=640 n=1638400 arithmetic=native-IQ-to-FP16-then-oneMKL
strata IQ4NL census layer=38 chunks=4 positions=32768 routed_rows=32768 expected_rows=32768 decisions=4 generic_selected=2 generic_returned=2 private_selected=2 private_returned=2 type20_generic_returned=2 type20_private_returned=2 type20_compressed_read_bytes=3686400 type20_fp16_output_bytes=13107200
strata IQ4NL census shape layer=39 gu_type=42 down_type=20 n_embd=2560 n_ff=640 n=1638400 arithmetic=native-IQ-to-FP16-then-oneMKL
strata IQ4NL census layer=39 chunks=4 positions=32768 routed_rows=32768 expected_rows=32768 decisions=4 generic_selected=2 generic_returned=2 private_selected=2 private_returned=2 type20_generic_returned=2 type20_private_returned=2 type20_compressed_read_bytes=3686400 type20_fp16_output_bytes=13107200
strata IQ4NL census shape layer=40 gu_type=42 down_type=20 n_embd=2560 n_ff=640 n=1638400 arithmetic=native-IQ-to-FP16-then-oneMKL
strata IQ4NL census layer=40 chunks=4 positions=32768 routed_rows=32768 expected_rows=32768 decisions=4 generic_selected=2 generic_returned=2 private_selected=2 private_returned=2 type20_generic_returned=2 type20_private_returned=2 type20_compressed_read_bytes=3686400 type20_fp16_output_bytes=13107200
strata IQ4NL census shape layer=41 gu_type=42 down_type=20 n_embd=2560 n_ff=640 n=1638400 arithmetic=native-IQ-to-FP16-then-oneMKL
strata IQ4NL census layer=41 chunks=4 positions=32768 routed_rows=32768 expected_rows=32768 decisions=4 generic_selected=2 generic_returned=2 private_selected=2 private_returned=2 type20_generic_returned=2 type20_private_returned=2 type20_compressed_read_bytes=3686400 type20_fp16_output_bytes=13107200
strata IQ4NL census shape layer=42 gu_type=42 down_type=20 n_embd=2560 n_ff=640 n=1638400 arithmetic=native-IQ-to-FP16-then-oneMKL
strata IQ4NL census layer=42 chunks=4 positions=32768 routed_rows=32768 expected_rows=32768 decisions=4 generic_selected=2 generic_returned=2 private_selected=2 private_returned=2 type20_generic_returned=2 type20_private_returned=2 type20_compressed_read_bytes=3686400 type20_fp16_output_bytes=13107200
strata IQ4NL census shape layer=43 gu_type=42 down_type=20 n_embd=2560 n_ff=640 n=1638400 arithmetic=native-IQ-to-FP16-then-oneMKL
strata IQ4NL census layer=43 chunks=4 positions=32768 routed_rows=32768 expected_rows=32768 decisions=4 generic_selected=2 generic_returned=2 private_selected=2 private_returned=2 type20_generic_returned=2 type20_private_returned=2 type20_compressed_read_bytes=3686400 type20_fp16_output_bytes=13107200
strata IQ4NL census shape layer=44 gu_type=42 down_type=20 n_embd=2560 n_ff=640 n=1638400 arithmetic=native-IQ-to-FP16-then-oneMKL
strata IQ4NL census layer=44 chunks=4 positions=32768 routed_rows=32768 expected_rows=32768 decisions=4 generic_selected=2 generic_returned=2 private_selected=2 private_returned=2 type20_generic_returned=2 type20_private_returned=2 type20_compressed_read_bytes=3686400 type20_fp16_output_bytes=13107200
strata IQ4NL census shape layer=45 gu_type=42 down_type=20 n_embd=2560 n_ff=640 n=1638400 arithmetic=native-IQ-to-FP16-then-oneMKL
strata IQ4NL census layer=45 chunks=4 positions=32768 routed_rows=32768 expected_rows=32768 decisions=4 generic_selected=2 generic_returned=2 private_selected=2 private_returned=2 type20_generic_returned=2 type20_private_returned=2 type20_compressed_read_bytes=3686400 type20_fp16_output_bytes=13107200
strata IQ4NL census shape layer=46 gu_type=42 down_type=20 n_embd=2560 n_ff=640 n=1638400 arithmetic=native-IQ-to-FP16-then-oneMKL
strata IQ4NL census layer=46 chunks=4 positions=32768 routed_rows=32768 expected_rows=32768 decisions=4 generic_selected=2 generic_returned=2 private_selected=2 private_returned=2 type20_generic_returned=2 type20_private_returned=2 type20_compressed_read_bytes=3686400 type20_fp16_output_bytes=13107200
strata IQ4NL census shape layer=47 gu_type=42 down_type=20 n_embd=2560 n_ff=640 n=1638400 arithmetic=native-IQ-to-FP16-then-oneMKL
strata IQ4NL census layer=47 chunks=4 positions=32768 routed_rows=32768 expected_rows=32768 decisions=4 generic_selected=2 generic_returned=2 private_selected=2 private_returned=2 type20_generic_returned=2 type20_private_returned=2 type20_compressed_read_bytes=3686400 type20_fp16_output_bytes=13107200
strata IQ4NL census scope=native-direct-down build=1 ledger_bytes=2360864 expert_capacity=24576 layer_capacity=48 n_batched=32768 at_least_32768=1 layer_major=0 private_optin=1 normal_return=1 pipeline_drained=1 overflow=0 invalid=0 unsupported=0 incomplete=0 async_success=UNIMPLEMENTED gate=UNQUALIFIED decode_gate=UNOBSERVED full_context_gate=UNOBSERVED bytes_scope=returned_type20_calls staging_bytes=UNOBSERVED wrapper_return_is_gpu_completion=0
HOST_CASE,full_count_layermajor_HOST_SIMULATION
strata IQ4NL census shape layer=0 gu_type=42 down_type=20 n_embd=2560 n_ff=640 n=1638400 arithmetic=native-IQ-to-FP16-then-oneMKL
strata IQ4NL census layer=0 chunks=32 positions=262144 routed_rows=262144 expected_rows=262144 decisions=32 generic_selected=16 generic_returned=16 private_selected=16 private_returned=16 type20_generic_returned=16 type20_private_returned=16 type20_compressed_read_bytes=29491200 type20_fp16_output_bytes=104857600
strata IQ4NL census shape layer=1 gu_type=42 down_type=20 n_embd=2560 n_ff=640 n=1638400 arithmetic=native-IQ-to-FP16-then-oneMKL
strata IQ4NL census layer=1 chunks=32 positions=262144 routed_rows=262144 expected_rows=262144 decisions=32 generic_selected=16 generic_returned=16 private_selected=16 private_returned=16 type20_generic_returned=16 type20_private_returned=16 type20_compressed_read_bytes=29491200 type20_fp16_output_bytes=104857600
strata IQ4NL census shape layer=2 gu_type=42 down_type=20 n_embd=2560 n_ff=640 n=1638400 arithmetic=native-IQ-to-FP16-then-oneMKL
strata IQ4NL census layer=2 chunks=32 positions=262144 routed_rows=262144 expected_rows=262144 decisions=32 generic_selected=16 generic_returned=16 private_selected=16 private_returned=16 type20_generic_returned=16 type20_private_returned=16 type20_compressed_read_bytes=29491200 type20_fp16_output_bytes=104857600
strata IQ4NL census shape layer=3 gu_type=42 down_type=20 n_embd=2560 n_ff=640 n=1638400 arithmetic=native-IQ-to-FP16-then-oneMKL
strata IQ4NL census layer=3 chunks=32 positions=262144 routed_rows=262144 expected_rows=262144 decisions=32 generic_selected=16 generic_returned=16 private_selected=16 private_returned=16 type20_generic_returned=16 type20_private_returned=16 type20_compressed_read_bytes=29491200 type20_fp16_output_bytes=104857600
strata IQ4NL census shape layer=4 gu_type=42 down_type=20 n_embd=2560 n_ff=640 n=1638400 arithmetic=native-IQ-to-FP16-then-oneMKL
strata IQ4NL census layer=4 chunks=32 positions=262144 routed_rows=262144 expected_rows=262144 decisions=32 generic_selected=16 generic_returned=16 private_selected=16 private_returned=16 type20_generic_returned=16 type20_private_returned=16 type20_compressed_read_bytes=29491200 type20_fp16_output_bytes=104857600
strata IQ4NL census shape layer=5 gu_type=42 down_type=20 n_embd=2560 n_ff=640 n=1638400 arithmetic=native-IQ-to-FP16-then-oneMKL
strata IQ4NL census layer=5 chunks=32 positions=262144 routed_rows=262144 expected_rows=262144 decisions=32 generic_selected=16 generic_returned=16 private_selected=16 private_returned=16 type20_generic_returned=16 type20_private_returned=16 type20_compressed_read_bytes=29491200 type20_fp16_output_bytes=104857600
strata IQ4NL census shape layer=6 gu_type=42 down_type=20 n_embd=2560 n_ff=640 n=1638400 arithmetic=native-IQ-to-FP16-then-oneMKL
strata IQ4NL census layer=6 chunks=32 positions=262144 routed_rows=262144 expected_rows=262144 decisions=32 generic_selected=16 generic_returned=16 private_selected=16 private_returned=16 type20_generic_returned=16 type20_private_returned=16 type20_compressed_read_bytes=29491200 type20_fp16_output_bytes=104857600
strata IQ4NL census shape layer=7 gu_type=42 down_type=20 n_embd=2560 n_ff=640 n=1638400 arithmetic=native-IQ-to-FP16-then-oneMKL
strata IQ4NL census layer=7 chunks=32 positions=262144 routed_rows=262144 expected_rows=262144 decisions=32 generic_selected=16 generic_returned=16 private_selected=16 private_returned=16 type20_generic_returned=16 type20_private_returned=16 type20_compressed_read_bytes=29491200 type20_fp16_output_bytes=104857600
strata IQ4NL census shape layer=8 gu_type=42 down_type=20 n_embd=2560 n_ff=640 n=1638400 arithmetic=native-IQ-to-FP16-then-oneMKL
strata IQ4NL census layer=8 chunks=32 positions=262144 routed_rows=262144 expected_rows=262144 decisions=32 generic_selected=16 generic_returned=16 private_selected=16 private_returned=16 type20_generic_returned=16 type20_private_returned=16 type20_compressed_read_bytes=29491200 type20_fp16_output_bytes=104857600
strata IQ4NL census shape layer=9 gu_type=42 down_type=20 n_embd=2560 n_ff=640 n=1638400 arithmetic=native-IQ-to-FP16-then-oneMKL
strata IQ4NL census layer=9 chunks=32 positions=262144 routed_rows=262144 expected_rows=262144 decisions=32 generic_selected=16 generic_returned=16 private_selected=16 private_returned=16 type20_generic_returned=16 type20_private_returned=16 type20_compressed_read_bytes=29491200 type20_fp16_output_bytes=104857600
strata IQ4NL census shape layer=10 gu_type=42 down_type=20 n_embd=2560 n_ff=640 n=1638400 arithmetic=native-IQ-to-FP16-then-oneMKL
strata IQ4NL census layer=10 chunks=32 positions=262144 routed_rows=262144 expected_rows=262144 decisions=32 generic_selected=16 generic_returned=16 private_selected=16 private_returned=16 type20_generic_returned=16 type20_private_returned=16 type20_compressed_read_bytes=29491200 type20_fp16_output_bytes=104857600
strata IQ4NL census shape layer=11 gu_type=42 down_type=20 n_embd=2560 n_ff=640 n=1638400 arithmetic=native-IQ-to-FP16-then-oneMKL
strata IQ4NL census layer=11 chunks=32 positions=262144 routed_rows=262144 expected_rows=262144 decisions=32 generic_selected=16 generic_returned=16 private_selected=16 private_returned=16 type20_generic_returned=16 type20_private_returned=16 type20_compressed_read_bytes=29491200 type20_fp16_output_bytes=104857600
strata IQ4NL census shape layer=12 gu_type=42 down_type=20 n_embd=2560 n_ff=640 n=1638400 arithmetic=native-IQ-to-FP16-then-oneMKL
strata IQ4NL census layer=12 chunks=32 positions=262144 routed_rows=262144 expected_rows=262144 decisions=32 generic_selected=16 generic_returned=16 private_selected=16 private_returned=16 type20_generic_returned=16 type20_private_returned=16 type20_compressed_read_bytes=29491200 type20_fp16_output_bytes=104857600
strata IQ4NL census shape layer=13 gu_type=42 down_type=20 n_embd=2560 n_ff=640 n=1638400 arithmetic=native-IQ-to-FP16-then-oneMKL
strata IQ4NL census layer=13 chunks=32 positions=262144 routed_rows=262144 expected_rows=262144 decisions=32 generic_selected=16 generic_returned=16 private_selected=16 private_returned=16 type20_generic_returned=16 type20_private_returned=16 type20_compressed_read_bytes=29491200 type20_fp16_output_bytes=104857600
strata IQ4NL census shape layer=14 gu_type=42 down_type=20 n_embd=2560 n_ff=640 n=1638400 arithmetic=native-IQ-to-FP16-then-oneMKL
strata IQ4NL census layer=14 chunks=32 positions=262144 routed_rows=262144 expected_rows=262144 decisions=32 generic_selected=16 generic_returned=16 private_selected=16 private_returned=16 type20_generic_returned=16 type20_private_returned=16 type20_compressed_read_bytes=29491200 type20_fp16_output_bytes=104857600
strata IQ4NL census shape layer=15 gu_type=42 down_type=20 n_embd=2560 n_ff=640 n=1638400 arithmetic=native-IQ-to-FP16-then-oneMKL
strata IQ4NL census layer=15 chunks=32 positions=262144 routed_rows=262144 expected_rows=262144 decisions=32 generic_selected=16 generic_returned=16 private_selected=16 private_returned=16 type20_generic_returned=16 type20_private_returned=16 type20_compressed_read_bytes=29491200 type20_fp16_output_bytes=104857600
strata IQ4NL census shape layer=16 gu_type=42 down_type=20 n_embd=2560 n_ff=640 n=1638400 arithmetic=native-IQ-to-FP16-then-oneMKL
strata IQ4NL census layer=16 chunks=32 positions=262144 routed_rows=262144 expected_rows=262144 decisions=32 generic_selected=16 generic_returned=16 private_selected=16 private_returned=16 type20_generic_returned=16 type20_private_returned=16 type20_compressed_read_bytes=29491200 type20_fp16_output_bytes=104857600
strata IQ4NL census shape layer=17 gu_type=42 down_type=20 n_embd=2560 n_ff=640 n=1638400 arithmetic=native-IQ-to-FP16-then-oneMKL
strata IQ4NL census layer=17 chunks=32 positions=262144 routed_rows=262144 expected_rows=262144 decisions=32 generic_selected=16 generic_returned=16 private_selected=16 private_returned=16 type20_generic_returned=16 type20_private_returned=16 type20_compressed_read_bytes=29491200 type20_fp16_output_bytes=104857600
strata IQ4NL census shape layer=18 gu_type=42 down_type=20 n_embd=2560 n_ff=640 n=1638400 arithmetic=native-IQ-to-FP16-then-oneMKL
strata IQ4NL census layer=18 chunks=32 positions=262144 routed_rows=262144 expected_rows=262144 decisions=32 generic_selected=16 generic_returned=16 private_selected=16 private_returned=16 type20_generic_returned=16 type20_private_returned=16 type20_compressed_read_bytes=29491200 type20_fp16_output_bytes=104857600
strata IQ4NL census shape layer=19 gu_type=42 down_type=20 n_embd=2560 n_ff=640 n=1638400 arithmetic=native-IQ-to-FP16-then-oneMKL
strata IQ4NL census layer=19 chunks=32 positions=262144 routed_rows=262144 expected_rows=262144 decisions=32 generic_selected=16 generic_returned=16 private_selected=16 private_returned=16 type20_generic_returned=16 type20_private_returned=16 type20_compressed_read_bytes=29491200 type20_fp16_output_bytes=104857600
strata IQ4NL census shape layer=20 gu_type=42 down_type=20 n_embd=2560 n_ff=640 n=1638400 arithmetic=native-IQ-to-FP16-then-oneMKL
strata IQ4NL census layer=20 chunks=32 positions=262144 routed_rows=262144 expected_rows=262144 decisions=32 generic_selected=16 generic_returned=16 private_selected=16 private_returned=16 type20_generic_returned=16 type20_private_returned=16 type20_compressed_read_bytes=29491200 type20_fp16_output_bytes=104857600
strata IQ4NL census shape layer=21 gu_type=42 down_type=20 n_embd=2560 n_ff=640 n=1638400 arithmetic=native-IQ-to-FP16-then-oneMKL
strata IQ4NL census layer=21 chunks=32 positions=262144 routed_rows=262144 expected_rows=262144 decisions=32 generic_selected=16 generic_returned=16 private_selected=16 private_returned=16 type20_generic_returned=16 type20_private_returned=16 type20_compressed_read_bytes=29491200 type20_fp16_output_bytes=104857600
strata IQ4NL census shape layer=22 gu_type=42 down_type=20 n_embd=2560 n_ff=640 n=1638400 arithmetic=native-IQ-to-FP16-then-oneMKL
strata IQ4NL census layer=22 chunks=32 positions=262144 routed_rows=262144 expected_rows=262144 decisions=32 generic_selected=16 generic_returned=16 private_selected=16 private_returned=16 type20_generic_returned=16 type20_private_returned=16 type20_compressed_read_bytes=29491200 type20_fp16_output_bytes=104857600
strata IQ4NL census shape layer=23 gu_type=42 down_type=20 n_embd=2560 n_ff=640 n=1638400 arithmetic=native-IQ-to-FP16-then-oneMKL
strata IQ4NL census layer=23 chunks=32 positions=262144 routed_rows=262144 expected_rows=262144 decisions=32 generic_selected=16 generic_returned=16 private_selected=16 private_returned=16 type20_generic_returned=16 type20_private_returned=16 type20_compressed_read_bytes=29491200 type20_fp16_output_bytes=104857600
strata IQ4NL census shape layer=24 gu_type=42 down_type=20 n_embd=2560 n_ff=640 n=1638400 arithmetic=native-IQ-to-FP16-then-oneMKL
strata IQ4NL census layer=24 chunks=32 positions=262144 routed_rows=262144 expected_rows=262144 decisions=32 generic_selected=16 generic_returned=16 private_selected=16 private_returned=16 type20_generic_returned=16 type20_private_returned=16 type20_compressed_read_bytes=29491200 type20_fp16_output_bytes=104857600
strata IQ4NL census shape layer=25 gu_type=42 down_type=20 n_embd=2560 n_ff=640 n=1638400 arithmetic=native-IQ-to-FP16-then-oneMKL
strata IQ4NL census layer=25 chunks=32 positions=262144 routed_rows=262144 expected_rows=262144 decisions=32 generic_selected=16 generic_returned=16 private_selected=16 private_returned=16 type20_generic_returned=16 type20_private_returned=16 type20_compressed_read_bytes=29491200 type20_fp16_output_bytes=104857600
strata IQ4NL census shape layer=26 gu_type=42 down_type=20 n_embd=2560 n_ff=640 n=1638400 arithmetic=native-IQ-to-FP16-then-oneMKL
strata IQ4NL census layer=26 chunks=32 positions=262144 routed_rows=262144 expected_rows=262144 decisions=32 generic_selected=16 generic_returned=16 private_selected=16 private_returned=16 type20_generic_returned=16 type20_private_returned=16 type20_compressed_read_bytes=29491200 type20_fp16_output_bytes=104857600
strata IQ4NL census shape layer=27 gu_type=42 down_type=20 n_embd=2560 n_ff=640 n=1638400 arithmetic=native-IQ-to-FP16-then-oneMKL
strata IQ4NL census layer=27 chunks=32 positions=262144 routed_rows=262144 expected_rows=262144 decisions=32 generic_selected=16 generic_returned=16 private_selected=16 private_returned=16 type20_generic_returned=16 type20_private_returned=16 type20_compressed_read_bytes=29491200 type20_fp16_output_bytes=104857600
strata IQ4NL census shape layer=28 gu_type=42 down_type=20 n_embd=2560 n_ff=640 n=1638400 arithmetic=native-IQ-to-FP16-then-oneMKL
strata IQ4NL census layer=28 chunks=32 positions=262144 routed_rows=262144 expected_rows=262144 decisions=32 generic_selected=16 generic_returned=16 private_selected=16 private_returned=16 type20_generic_returned=16 type20_private_returned=16 type20_compressed_read_bytes=29491200 type20_fp16_output_bytes=104857600
strata IQ4NL census shape layer=29 gu_type=42 down_type=20 n_embd=2560 n_ff=640 n=1638400 arithmetic=native-IQ-to-FP16-then-oneMKL
strata IQ4NL census layer=29 chunks=32 positions=262144 routed_rows=262144 expected_rows=262144 decisions=32 generic_selected=16 generic_returned=16 private_selected=16 private_returned=16 type20_generic_returned=16 type20_private_returned=16 type20_compressed_read_bytes=29491200 type20_fp16_output_bytes=104857600
strata IQ4NL census shape layer=30 gu_type=42 down_type=20 n_embd=2560 n_ff=640 n=1638400 arithmetic=native-IQ-to-FP16-then-oneMKL
strata IQ4NL census layer=30 chunks=32 positions=262144 routed_rows=262144 expected_rows=262144 decisions=32 generic_selected=16 generic_returned=16 private_selected=16 private_returned=16 type20_generic_returned=16 type20_private_returned=16 type20_compressed_read_bytes=29491200 type20_fp16_output_bytes=104857600
strata IQ4NL census shape layer=31 gu_type=42 down_type=20 n_embd=2560 n_ff=640 n=1638400 arithmetic=native-IQ-to-FP16-then-oneMKL
strata IQ4NL census layer=31 chunks=32 positions=262144 routed_rows=262144 expected_rows=262144 decisions=32 generic_selected=16 generic_returned=16 private_selected=16 private_returned=16 type20_generic_returned=16 type20_private_returned=16 type20_compressed_read_bytes=29491200 type20_fp16_output_bytes=104857600
strata IQ4NL census shape layer=32 gu_type=42 down_type=20 n_embd=2560 n_ff=640 n=1638400 arithmetic=native-IQ-to-FP16-then-oneMKL
strata IQ4NL census layer=32 chunks=32 positions=262144 routed_rows=262144 expected_rows=262144 decisions=32 generic_selected=16 generic_returned=16 private_selected=16 private_returned=16 type20_generic_returned=16 type20_private_returned=16 type20_compressed_read_bytes=29491200 type20_fp16_output_bytes=104857600
strata IQ4NL census shape layer=33 gu_type=42 down_type=20 n_embd=2560 n_ff=640 n=1638400 arithmetic=native-IQ-to-FP16-then-oneMKL
strata IQ4NL census layer=33 chunks=32 positions=262144 routed_rows=262144 expected_rows=262144 decisions=32 generic_selected=16 generic_returned=16 private_selected=16 private_returned=16 type20_generic_returned=16 type20_private_returned=16 type20_compressed_read_bytes=29491200 type20_fp16_output_bytes=104857600
strata IQ4NL census shape layer=34 gu_type=42 down_type=20 n_embd=2560 n_ff=640 n=1638400 arithmetic=native-IQ-to-FP16-then-oneMKL
strata IQ4NL census layer=34 chunks=32 positions=262144 routed_rows=262144 expected_rows=262144 decisions=32 generic_selected=16 generic_returned=16 private_selected=16 private_returned=16 type20_generic_returned=16 type20_private_returned=16 type20_compressed_read_bytes=29491200 type20_fp16_output_bytes=104857600
strata IQ4NL census shape layer=35 gu_type=42 down_type=20 n_embd=2560 n_ff=640 n=1638400 arithmetic=native-IQ-to-FP16-then-oneMKL
strata IQ4NL census layer=35 chunks=32 positions=262144 routed_rows=262144 expected_rows=262144 decisions=32 generic_selected=16 generic_returned=16 private_selected=16 private_returned=16 type20_generic_returned=16 type20_private_returned=16 type20_compressed_read_bytes=29491200 type20_fp16_output_bytes=104857600
strata IQ4NL census shape layer=36 gu_type=42 down_type=20 n_embd=2560 n_ff=640 n=1638400 arithmetic=native-IQ-to-FP16-then-oneMKL
strata IQ4NL census layer=36 chunks=32 positions=262144 routed_rows=262144 expected_rows=262144 decisions=32 generic_selected=16 generic_returned=16 private_selected=16 private_returned=16 type20_generic_returned=16 type20_private_returned=16 type20_compressed_read_bytes=29491200 type20_fp16_output_bytes=104857600
strata IQ4NL census shape layer=37 gu_type=42 down_type=20 n_embd=2560 n_ff=640 n=1638400 arithmetic=native-IQ-to-FP16-then-oneMKL
strata IQ4NL census layer=37 chunks=32 positions=262144 routed_rows=262144 expected_rows=262144 decisions=32 generic_selected=16 generic_returned=16 private_selected=16 private_returned=16 type20_generic_returned=16 type20_private_returned=16 type20_compressed_read_bytes=29491200 type20_fp16_output_bytes=104857600
strata IQ4NL census shape layer=38 gu_type=42 down_type=20 n_embd=2560 n_ff=640 n=1638400 arithmetic=native-IQ-to-FP16-then-oneMKL
strata IQ4NL census layer=38 chunks=32 positions=262144 routed_rows=262144 expected_rows=262144 decisions=32 generic_selected=16 generic_returned=16 private_selected=16 private_returned=16 type20_generic_returned=16 type20_private_returned=16 type20_compressed_read_bytes=29491200 type20_fp16_output_bytes=104857600
strata IQ4NL census shape layer=39 gu_type=42 down_type=20 n_embd=2560 n_ff=640 n=1638400 arithmetic=native-IQ-to-FP16-then-oneMKL
strata IQ4NL census layer=39 chunks=32 positions=262144 routed_rows=262144 expected_rows=262144 decisions=32 generic_selected=16 generic_returned=16 private_selected=16 private_returned=16 type20_generic_returned=16 type20_private_returned=16 type20_compressed_read_bytes=29491200 type20_fp16_output_bytes=104857600
strata IQ4NL census shape layer=40 gu_type=42 down_type=20 n_embd=2560 n_ff=640 n=1638400 arithmetic=native-IQ-to-FP16-then-oneMKL
strata IQ4NL census layer=40 chunks=32 positions=262144 routed_rows=262144 expected_rows=262144 decisions=32 generic_selected=16 generic_returned=16 private_selected=16 private_returned=16 type20_generic_returned=16 type20_private_returned=16 type20_compressed_read_bytes=29491200 type20_fp16_output_bytes=104857600
strata IQ4NL census shape layer=41 gu_type=42 down_type=20 n_embd=2560 n_ff=640 n=1638400 arithmetic=native-IQ-to-FP16-then-oneMKL
strata IQ4NL census layer=41 chunks=32 positions=262144 routed_rows=262144 expected_rows=262144 decisions=32 generic_selected=16 generic_returned=16 private_selected=16 private_returned=16 type20_generic_returned=16 type20_private_returned=16 type20_compressed_read_bytes=29491200 type20_fp16_output_bytes=104857600
strata IQ4NL census shape layer=42 gu_type=42 down_type=20 n_embd=2560 n_ff=640 n=1638400 arithmetic=native-IQ-to-FP16-then-oneMKL
strata IQ4NL census layer=42 chunks=32 positions=262144 routed_rows=262144 expected_rows=262144 decisions=32 generic_selected=16 generic_returned=16 private_selected=16 private_returned=16 type20_generic_returned=16 type20_private_returned=16 type20_compressed_read_bytes=29491200 type20_fp16_output_bytes=104857600
strata IQ4NL census shape layer=43 gu_type=42 down_type=20 n_embd=2560 n_ff=640 n=1638400 arithmetic=native-IQ-to-FP16-then-oneMKL
strata IQ4NL census layer=43 chunks=32 positions=262144 routed_rows=262144 expected_rows=262144 decisions=32 generic_selected=16 generic_returned=16 private_selected=16 private_returned=16 type20_generic_returned=16 type20_private_returned=16 type20_compressed_read_bytes=29491200 type20_fp16_output_bytes=104857600
strata IQ4NL census shape layer=44 gu_type=42 down_type=20 n_embd=2560 n_ff=640 n=1638400 arithmetic=native-IQ-to-FP16-then-oneMKL
strata IQ4NL census layer=44 chunks=32 positions=262144 routed_rows=262144 expected_rows=262144 decisions=32 generic_selected=16 generic_returned=16 private_selected=16 private_returned=16 type20_generic_returned=16 type20_private_returned=16 type20_compressed_read_bytes=29491200 type20_fp16_output_bytes=104857600
strata IQ4NL census shape layer=45 gu_type=42 down_type=20 n_embd=2560 n_ff=640 n=1638400 arithmetic=native-IQ-to-FP16-then-oneMKL
strata IQ4NL census layer=45 chunks=32 positions=262144 routed_rows=262144 expected_rows=262144 decisions=32 generic_selected=16 generic_returned=16 private_selected=16 private_returned=16 type20_generic_returned=16 type20_private_returned=16 type20_compressed_read_bytes=29491200 type20_fp16_output_bytes=104857600
strata IQ4NL census shape layer=46 gu_type=42 down_type=20 n_embd=2560 n_ff=640 n=1638400 arithmetic=native-IQ-to-FP16-then-oneMKL
strata IQ4NL census layer=46 chunks=32 positions=262144 routed_rows=262144 expected_rows=262144 decisions=32 generic_selected=16 generic_returned=16 private_selected=16 private_returned=16 type20_generic_returned=16 type20_private_returned=16 type20_compressed_read_bytes=29491200 type20_fp16_output_bytes=104857600
strata IQ4NL census shape layer=47 gu_type=42 down_type=20 n_embd=2560 n_ff=640 n=1638400 arithmetic=native-IQ-to-FP16-then-oneMKL
strata IQ4NL census layer=47 chunks=32 positions=262144 routed_rows=262144 expected_rows=262144 decisions=32 generic_selected=16 generic_returned=16 private_selected=16 private_returned=16 type20_generic_returned=16 type20_private_returned=16 type20_compressed_read_bytes=29491200 type20_fp16_output_bytes=104857600
strata IQ4NL census scope=native-direct-down build=1 ledger_bytes=2360864 expert_capacity=24576 layer_capacity=48 n_batched=262144 at_least_32768=1 layer_major=1 private_optin=1 normal_return=1 pipeline_drained=1 overflow=0 invalid=0 unsupported=0 incomplete=0 async_success=UNIMPLEMENTED gate=UNQUALIFIED decode_gate=UNOBSERVED full_context_gate=UNOBSERVED bytes_scope=returned_type20_calls staging_bytes=UNOBSERVED wrapper_return_is_gpu_completion=0
HOST_CASE,bounds
strata IQ4NL census layer=0 chunks=0 positions=0 routed_rows=0 expected_rows=0 decisions=0 generic_selected=0 generic_returned=0 private_selected=0 private_returned=0 type20_generic_returned=0 type20_private_returned=0 type20_compressed_read_bytes=0 type20_fp16_output_bytes=0
strata IQ4NL census scope=native-direct-down build=1 ledger_bytes=2360864 expert_capacity=24576 layer_capacity=48 n_batched=8192 at_least_32768=0 layer_major=0 private_optin=0 normal_return=0 pipeline_drained=0 overflow=0 invalid=1 unsupported=0 incomplete=1 async_success=UNIMPLEMENTED gate=UNQUALIFIED decode_gate=UNOBSERVED full_context_gate=UNOBSERVED bytes_scope=returned_type20_calls staging_bytes=UNOBSERVED wrapper_return_is_gpu_completion=0
HOST_CASE,chunk_order
strata IQ4NL census layer=0 chunks=0 positions=0 routed_rows=0 expected_rows=0 decisions=0 generic_selected=0 generic_returned=0 private_selected=0 private_returned=0 type20_generic_returned=0 type20_private_returned=0 type20_compressed_read_bytes=0 type20_fp16_output_bytes=0
strata IQ4NL census scope=native-direct-down build=1 ledger_bytes=2360864 expert_capacity=24576 layer_capacity=48 n_batched=8192 at_least_32768=0 layer_major=0 private_optin=0 normal_return=0 pipeline_drained=0 overflow=0 invalid=1 unsupported=0 incomplete=1 async_success=UNIMPLEMENTED gate=UNQUALIFIED decode_gate=UNOBSERVED full_context_gate=UNOBSERVED bytes_scope=returned_type20_calls staging_bytes=UNOBSERVED wrapper_return_is_gpu_completion=0
HOST_CASE,private_wrong_type
strata IQ4NL census shape layer=0 gu_type=42 down_type=42 n_embd=2560 n_ff=640 n=1638400 arithmetic=native-IQ-to-FP16-then-oneMKL
strata IQ4NL census layer=0 chunks=0 positions=0 routed_rows=0 expected_rows=0 decisions=0 generic_selected=0 generic_returned=0 private_selected=1 private_returned=0 type20_generic_returned=0 type20_private_returned=0 type20_compressed_read_bytes=0 type20_fp16_output_bytes=0
strata IQ4NL census scope=native-direct-down build=1 ledger_bytes=2360864 expert_capacity=24576 layer_capacity=48 n_batched=8192 at_least_32768=0 layer_major=0 private_optin=0 normal_return=0 pipeline_drained=0 overflow=0 invalid=1 unsupported=0 incomplete=1 async_success=UNIMPLEMENTED gate=UNQUALIFIED decode_gate=UNOBSERVED full_context_gate=UNOBSERVED bytes_scope=returned_type20_calls staging_bytes=UNOBSERVED wrapper_return_is_gpu_completion=0
HOST_CASE,type20_extent
strata IQ4NL census shape layer=0 gu_type=42 down_type=20 n_embd=1 n_ff=33 n=33 arithmetic=native-IQ-to-FP16-then-oneMKL
strata IQ4NL census layer=0 chunks=0 positions=0 routed_rows=0 expected_rows=0 decisions=0 generic_selected=1 generic_returned=0 private_selected=0 private_returned=0 type20_generic_returned=0 type20_private_returned=0 type20_compressed_read_bytes=0 type20_fp16_output_bytes=0
strata IQ4NL census scope=native-direct-down build=1 ledger_bytes=2360864 expert_capacity=24576 layer_capacity=48 n_batched=8192 at_least_32768=0 layer_major=0 private_optin=0 normal_return=0 pipeline_drained=0 overflow=0 invalid=1 unsupported=0 incomplete=1 async_success=UNIMPLEMENTED gate=UNQUALIFIED decode_gate=UNOBSERVED full_context_gate=UNOBSERVED bytes_scope=returned_type20_calls staging_bytes=UNOBSERVED wrapper_return_is_gpu_completion=0
HOST_CASE,shape_change
strata IQ4NL census shape layer=0 gu_type=42 down_type=20 n_embd=1280 n_ff=640 n=819200 arithmetic=native-IQ-to-FP16-then-oneMKL
strata IQ4NL census layer=0 chunks=0 positions=0 routed_rows=0 expected_rows=0 decisions=0 generic_selected=2 generic_returned=0 private_selected=0 private_returned=0 type20_generic_returned=0 type20_private_returned=0 type20_compressed_read_bytes=0 type20_fp16_output_bytes=0
strata IQ4NL census scope=native-direct-down build=1 ledger_bytes=2360864 expert_capacity=24576 layer_capacity=48 n_batched=8192 at_least_32768=0 layer_major=0 private_optin=0 normal_return=0 pipeline_drained=0 overflow=0 invalid=1 unsupported=0 incomplete=1 async_success=UNIMPLEMENTED gate=UNQUALIFIED decode_gate=UNOBSERVED full_context_gate=UNOBSERVED bytes_scope=returned_type20_calls staging_bytes=UNOBSERVED wrapper_return_is_gpu_completion=0
HOST_CASE,add_overflow
strata IQ4NL census layer=0 chunks=0 positions=0 routed_rows=0 expected_rows=0 decisions=0 generic_selected=0 generic_returned=0 private_selected=0 private_returned=0 type20_generic_returned=0 type20_private_returned=0 type20_compressed_read_bytes=0 type20_fp16_output_bytes=0
strata IQ4NL census scope=native-direct-down build=1 ledger_bytes=2360864 expert_capacity=24576 layer_capacity=48 n_batched=8192 at_least_32768=0 layer_major=0 private_optin=0 normal_return=0 pipeline_drained=0 overflow=1 invalid=1 unsupported=0 incomplete=1 async_success=UNIMPLEMENTED gate=UNQUALIFIED decode_gate=UNOBSERVED full_context_gate=UNOBSERVED bytes_scope=returned_type20_calls staging_bytes=UNOBSERVED wrapper_return_is_gpu_completion=0
HOST_CASE,mul_overflow
strata IQ4NL census layer=0 chunks=0 positions=0 routed_rows=0 expected_rows=0 decisions=0 generic_selected=0 generic_returned=0 private_selected=0 private_returned=0 type20_generic_returned=0 type20_private_returned=0 type20_compressed_read_bytes=0 type20_fp16_output_bytes=0
strata IQ4NL census scope=native-direct-down build=1 ledger_bytes=2360864 expert_capacity=24576 layer_capacity=48 n_batched=8192 at_least_32768=0 layer_major=0 private_optin=0 normal_return=0 pipeline_drained=0 overflow=1 invalid=1 unsupported=0 incomplete=1 async_success=UNIMPLEMENTED gate=UNQUALIFIED decode_gate=UNOBSERVED full_context_gate=UNOBSERVED bytes_scope=returned_type20_calls staging_bytes=UNOBSERVED wrapper_return_is_gpu_completion=0
HOST_CASE,returned_without_selected
strata IQ4NL census layer=0 chunks=1 positions=8192 routed_rows=8192 expected_rows=8192 decisions=1 generic_selected=0 generic_returned=1 private_selected=0 private_returned=0 type20_generic_returned=0 type20_private_returned=0 type20_compressed_read_bytes=0 type20_fp16_output_bytes=0
strata IQ4NL census scope=native-direct-down build=1 ledger_bytes=2360864 expert_capacity=24576 layer_capacity=48 n_batched=8192 at_least_32768=0 layer_major=0 private_optin=0 normal_return=1 pipeline_drained=1 overflow=0 invalid=1 unsupported=0 incomplete=1 async_success=UNIMPLEMENTED gate=UNQUALIFIED decode_gate=UNOBSERVED full_context_gate=UNOBSERVED bytes_scope=returned_type20_calls staging_bytes=UNOBSERVED wrapper_return_is_gpu_completion=0
HOST_CASE,missing_return
strata IQ4NL census shape layer=0 gu_type=42 down_type=20 n_embd=2560 n_ff=640 n=1638400 arithmetic=native-IQ-to-FP16-then-oneMKL
strata IQ4NL census layer=0 chunks=1 positions=8192 routed_rows=8192 expected_rows=8192 decisions=1 generic_selected=1 generic_returned=0 private_selected=0 private_returned=0 type20_generic_returned=0 type20_private_returned=0 type20_compressed_read_bytes=0 type20_fp16_output_bytes=0
strata IQ4NL census scope=native-direct-down build=1 ledger_bytes=2360864 expert_capacity=24576 layer_capacity=48 n_batched=8192 at_least_32768=0 layer_major=0 private_optin=0 normal_return=1 pipeline_drained=1 overflow=0 invalid=0 unsupported=0 incomplete=1 async_success=UNIMPLEMENTED gate=UNQUALIFIED decode_gate=UNOBSERVED full_context_gate=UNOBSERVED bytes_scope=returned_type20_calls staging_bytes=UNOBSERVED wrapper_return_is_gpu_completion=0
HOST_CASE,rows_mismatch
strata IQ4NL census shape layer=0 gu_type=42 down_type=20 n_embd=2560 n_ff=640 n=1638400 arithmetic=native-IQ-to-FP16-then-oneMKL
strata IQ4NL census layer=0 chunks=1 positions=8192 routed_rows=8191 expected_rows=8192 decisions=1 generic_selected=1 generic_returned=1 private_selected=0 private_returned=0 type20_generic_returned=1 type20_private_returned=0 type20_compressed_read_bytes=921600 type20_fp16_output_bytes=3276800
strata IQ4NL census scope=native-direct-down build=1 ledger_bytes=2360864 expert_capacity=24576 layer_capacity=48 n_batched=8192 at_least_32768=0 layer_major=0 private_optin=0 normal_return=1 pipeline_drained=1 overflow=0 invalid=1 unsupported=0 incomplete=0 async_success=UNIMPLEMENTED gate=UNQUALIFIED decode_gate=UNOBSERVED full_context_gate=UNOBSERVED bytes_scope=returned_type20_calls staging_bytes=UNOBSERVED wrapper_return_is_gpu_completion=0
HOST_CASE,unsupported
strata IQ4NL census layer=0 chunks=0 positions=0 routed_rows=0 expected_rows=0 decisions=0 generic_selected=0 generic_returned=0 private_selected=0 private_returned=0 type20_generic_returned=0 type20_private_returned=0 type20_compressed_read_bytes=0 type20_fp16_output_bytes=0
strata IQ4NL census scope=native-direct-down build=1 ledger_bytes=2360864 expert_capacity=24576 layer_capacity=48 n_batched=8192 at_least_32768=0 layer_major=0 private_optin=0 normal_return=0 pipeline_drained=0 overflow=0 invalid=1 unsupported=1 incomplete=1 async_success=UNIMPLEMENTED gate=UNQUALIFIED decode_gate=UNOBSERVED full_context_gate=UNOBSERVED bytes_scope=returned_type20_calls staging_bytes=UNOBSERVED wrapper_return_is_gpu_completion=0
HOST_CASE,pipeline_incomplete
strata IQ4NL census shape layer=0 gu_type=42 down_type=20 n_embd=2560 n_ff=640 n=1638400 arithmetic=native-IQ-to-FP16-then-oneMKL
strata IQ4NL census layer=0 chunks=4 positions=32768 routed_rows=32768 expected_rows=32768 decisions=4 generic_selected=2 generic_returned=2 private_selected=2 private_returned=2 type20_generic_returned=2 type20_private_returned=2 type20_compressed_read_bytes=3686400 type20_fp16_output_bytes=13107200
strata IQ4NL census shape layer=1 gu_type=42 down_type=20 n_embd=2560 n_ff=640 n=1638400 arithmetic=native-IQ-to-FP16-then-oneMKL
strata IQ4NL census layer=1 chunks=4 positions=32768 routed_rows=32768 expected_rows=32768 decisions=4 generic_selected=2 generic_returned=2 private_selected=2 private_returned=2 type20_generic_returned=2 type20_private_returned=2 type20_compressed_read_bytes=3686400 type20_fp16_output_bytes=13107200
strata IQ4NL census shape layer=2 gu_type=42 down_type=20 n_embd=2560 n_ff=640 n=1638400 arithmetic=native-IQ-to-FP16-then-oneMKL
strata IQ4NL census layer=2 chunks=4 positions=32768 routed_rows=32768 expected_rows=32768 decisions=4 generic_selected=2 generic_returned=2 private_selected=2 private_returned=2 type20_generic_returned=2 type20_private_returned=2 type20_compressed_read_bytes=3686400 type20_fp16_output_bytes=13107200
strata IQ4NL census shape layer=3 gu_type=42 down_type=20 n_embd=2560 n_ff=640 n=1638400 arithmetic=native-IQ-to-FP16-then-oneMKL
strata IQ4NL census layer=3 chunks=4 positions=32768 routed_rows=32768 expected_rows=32768 decisions=4 generic_selected=2 generic_returned=2 private_selected=2 private_returned=2 type20_generic_returned=2 type20_private_returned=2 type20_compressed_read_bytes=3686400 type20_fp16_output_bytes=13107200
strata IQ4NL census shape layer=4 gu_type=42 down_type=20 n_embd=2560 n_ff=640 n=1638400 arithmetic=native-IQ-to-FP16-then-oneMKL
strata IQ4NL census layer=4 chunks=4 positions=32768 routed_rows=32768 expected_rows=32768 decisions=4 generic_selected=2 generic_returned=2 private_selected=2 private_returned=2 type20_generic_returned=2 type20_private_returned=2 type20_compressed_read_bytes=3686400 type20_fp16_output_bytes=13107200
strata IQ4NL census shape layer=5 gu_type=42 down_type=20 n_embd=2560 n_ff=640 n=1638400 arithmetic=native-IQ-to-FP16-then-oneMKL
strata IQ4NL census layer=5 chunks=4 positions=32768 routed_rows=32768 expected_rows=32768 decisions=4 generic_selected=2 generic_returned=2 private_selected=2 private_returned=2 type20_generic_returned=2 type20_private_returned=2 type20_compressed_read_bytes=3686400 type20_fp16_output_bytes=13107200
strata IQ4NL census shape layer=6 gu_type=42 down_type=20 n_embd=2560 n_ff=640 n=1638400 arithmetic=native-IQ-to-FP16-then-oneMKL
strata IQ4NL census layer=6 chunks=4 positions=32768 routed_rows=32768 expected_rows=32768 decisions=4 generic_selected=2 generic_returned=2 private_selected=2 private_returned=2 type20_generic_returned=2 type20_private_returned=2 type20_compressed_read_bytes=3686400 type20_fp16_output_bytes=13107200
strata IQ4NL census shape layer=7 gu_type=42 down_type=20 n_embd=2560 n_ff=640 n=1638400 arithmetic=native-IQ-to-FP16-then-oneMKL
strata IQ4NL census layer=7 chunks=4 positions=32768 routed_rows=32768 expected_rows=32768 decisions=4 generic_selected=2 generic_returned=2 private_selected=2 private_returned=2 type20_generic_returned=2 type20_private_returned=2 type20_compressed_read_bytes=3686400 type20_fp16_output_bytes=13107200
strata IQ4NL census shape layer=8 gu_type=42 down_type=20 n_embd=2560 n_ff=640 n=1638400 arithmetic=native-IQ-to-FP16-then-oneMKL
strata IQ4NL census layer=8 chunks=4 positions=32768 routed_rows=32768 expected_rows=32768 decisions=4 generic_selected=2 generic_returned=2 private_selected=2 private_returned=2 type20_generic_returned=2 type20_private_returned=2 type20_compressed_read_bytes=3686400 type20_fp16_output_bytes=13107200
strata IQ4NL census shape layer=9 gu_type=42 down_type=20 n_embd=2560 n_ff=640 n=1638400 arithmetic=native-IQ-to-FP16-then-oneMKL
strata IQ4NL census layer=9 chunks=4 positions=32768 routed_rows=32768 expected_rows=32768 decisions=4 generic_selected=2 generic_returned=2 private_selected=2 private_returned=2 type20_generic_returned=2 type20_private_returned=2 type20_compressed_read_bytes=3686400 type20_fp16_output_bytes=13107200
strata IQ4NL census shape layer=10 gu_type=42 down_type=20 n_embd=2560 n_ff=640 n=1638400 arithmetic=native-IQ-to-FP16-then-oneMKL
strata IQ4NL census layer=10 chunks=4 positions=32768 routed_rows=32768 expected_rows=32768 decisions=4 generic_selected=2 generic_returned=2 private_selected=2 private_returned=2 type20_generic_returned=2 type20_private_returned=2 type20_compressed_read_bytes=3686400 type20_fp16_output_bytes=13107200
strata IQ4NL census shape layer=11 gu_type=42 down_type=20 n_embd=2560 n_ff=640 n=1638400 arithmetic=native-IQ-to-FP16-then-oneMKL
strata IQ4NL census layer=11 chunks=4 positions=32768 routed_rows=32768 expected_rows=32768 decisions=4 generic_selected=2 generic_returned=2 private_selected=2 private_returned=2 type20_generic_returned=2 type20_private_returned=2 type20_compressed_read_bytes=3686400 type20_fp16_output_bytes=13107200
strata IQ4NL census shape layer=12 gu_type=42 down_type=20 n_embd=2560 n_ff=640 n=1638400 arithmetic=native-IQ-to-FP16-then-oneMKL
strata IQ4NL census layer=12 chunks=4 positions=32768 routed_rows=32768 expected_rows=32768 decisions=4 generic_selected=2 generic_returned=2 private_selected=2 private_returned=2 type20_generic_returned=2 type20_private_returned=2 type20_compressed_read_bytes=3686400 type20_fp16_output_bytes=13107200
strata IQ4NL census shape layer=13 gu_type=42 down_type=20 n_embd=2560 n_ff=640 n=1638400 arithmetic=native-IQ-to-FP16-then-oneMKL
strata IQ4NL census layer=13 chunks=4 positions=32768 routed_rows=32768 expected_rows=32768 decisions=4 generic_selected=2 generic_returned=2 private_selected=2 private_returned=2 type20_generic_returned=2 type20_private_returned=2 type20_compressed_read_bytes=3686400 type20_fp16_output_bytes=13107200
strata IQ4NL census shape layer=14 gu_type=42 down_type=20 n_embd=2560 n_ff=640 n=1638400 arithmetic=native-IQ-to-FP16-then-oneMKL
strata IQ4NL census layer=14 chunks=4 positions=32768 routed_rows=32768 expected_rows=32768 decisions=4 generic_selected=2 generic_returned=2 private_selected=2 private_returned=2 type20_generic_returned=2 type20_private_returned=2 type20_compressed_read_bytes=3686400 type20_fp16_output_bytes=13107200
strata IQ4NL census shape layer=15 gu_type=42 down_type=20 n_embd=2560 n_ff=640 n=1638400 arithmetic=native-IQ-to-FP16-then-oneMKL
strata IQ4NL census layer=15 chunks=4 positions=32768 routed_rows=32768 expected_rows=32768 decisions=4 generic_selected=2 generic_returned=2 private_selected=2 private_returned=2 type20_generic_returned=2 type20_private_returned=2 type20_compressed_read_bytes=3686400 type20_fp16_output_bytes=13107200
strata IQ4NL census shape layer=16 gu_type=42 down_type=20 n_embd=2560 n_ff=640 n=1638400 arithmetic=native-IQ-to-FP16-then-oneMKL
strata IQ4NL census layer=16 chunks=4 positions=32768 routed_rows=32768 expected_rows=32768 decisions=4 generic_selected=2 generic_returned=2 private_selected=2 private_returned=2 type20_generic_returned=2 type20_private_returned=2 type20_compressed_read_bytes=3686400 type20_fp16_output_bytes=13107200
strata IQ4NL census shape layer=17 gu_type=42 down_type=20 n_embd=2560 n_ff=640 n=1638400 arithmetic=native-IQ-to-FP16-then-oneMKL
strata IQ4NL census layer=17 chunks=4 positions=32768 routed_rows=32768 expected_rows=32768 decisions=4 generic_selected=2 generic_returned=2 private_selected=2 private_returned=2 type20_generic_returned=2 type20_private_returned=2 type20_compressed_read_bytes=3686400 type20_fp16_output_bytes=13107200
strata IQ4NL census shape layer=18 gu_type=42 down_type=20 n_embd=2560 n_ff=640 n=1638400 arithmetic=native-IQ-to-FP16-then-oneMKL
strata IQ4NL census layer=18 chunks=4 positions=32768 routed_rows=32768 expected_rows=32768 decisions=4 generic_selected=2 generic_returned=2 private_selected=2 private_returned=2 type20_generic_returned=2 type20_private_returned=2 type20_compressed_read_bytes=3686400 type20_fp16_output_bytes=13107200
strata IQ4NL census shape layer=19 gu_type=42 down_type=20 n_embd=2560 n_ff=640 n=1638400 arithmetic=native-IQ-to-FP16-then-oneMKL
strata IQ4NL census layer=19 chunks=4 positions=32768 routed_rows=32768 expected_rows=32768 decisions=4 generic_selected=2 generic_returned=2 private_selected=2 private_returned=2 type20_generic_returned=2 type20_private_returned=2 type20_compressed_read_bytes=3686400 type20_fp16_output_bytes=13107200
strata IQ4NL census shape layer=20 gu_type=42 down_type=20 n_embd=2560 n_ff=640 n=1638400 arithmetic=native-IQ-to-FP16-then-oneMKL
strata IQ4NL census layer=20 chunks=4 positions=32768 routed_rows=32768 expected_rows=32768 decisions=4 generic_selected=2 generic_returned=2 private_selected=2 private_returned=2 type20_generic_returned=2 type20_private_returned=2 type20_compressed_read_bytes=3686400 type20_fp16_output_bytes=13107200
strata IQ4NL census shape layer=21 gu_type=42 down_type=20 n_embd=2560 n_ff=640 n=1638400 arithmetic=native-IQ-to-FP16-then-oneMKL
strata IQ4NL census layer=21 chunks=4 positions=32768 routed_rows=32768 expected_rows=32768 decisions=4 generic_selected=2 generic_returned=2 private_selected=2 private_returned=2 type20_generic_returned=2 type20_private_returned=2 type20_compressed_read_bytes=3686400 type20_fp16_output_bytes=13107200
strata IQ4NL census shape layer=22 gu_type=42 down_type=20 n_embd=2560 n_ff=640 n=1638400 arithmetic=native-IQ-to-FP16-then-oneMKL
strata IQ4NL census layer=22 chunks=4 positions=32768 routed_rows=32768 expected_rows=32768 decisions=4 generic_selected=2 generic_returned=2 private_selected=2 private_returned=2 type20_generic_returned=2 type20_private_returned=2 type20_compressed_read_bytes=3686400 type20_fp16_output_bytes=13107200
strata IQ4NL census shape layer=23 gu_type=42 down_type=20 n_embd=2560 n_ff=640 n=1638400 arithmetic=native-IQ-to-FP16-then-oneMKL
strata IQ4NL census layer=23 chunks=4 positions=32768 routed_rows=32768 expected_rows=32768 decisions=4 generic_selected=2 generic_returned=2 private_selected=2 private_returned=2 type20_generic_returned=2 type20_private_returned=2 type20_compressed_read_bytes=3686400 type20_fp16_output_bytes=13107200
strata IQ4NL census shape layer=24 gu_type=42 down_type=20 n_embd=2560 n_ff=640 n=1638400 arithmetic=native-IQ-to-FP16-then-oneMKL
strata IQ4NL census layer=24 chunks=4 positions=32768 routed_rows=32768 expected_rows=32768 decisions=4 generic_selected=2 generic_returned=2 private_selected=2 private_returned=2 type20_generic_returned=2 type20_private_returned=2 type20_compressed_read_bytes=3686400 type20_fp16_output_bytes=13107200
strata IQ4NL census shape layer=25 gu_type=42 down_type=20 n_embd=2560 n_ff=640 n=1638400 arithmetic=native-IQ-to-FP16-then-oneMKL
strata IQ4NL census layer=25 chunks=4 positions=32768 routed_rows=32768 expected_rows=32768 decisions=4 generic_selected=2 generic_returned=2 private_selected=2 private_returned=2 type20_generic_returned=2 type20_private_returned=2 type20_compressed_read_bytes=3686400 type20_fp16_output_bytes=13107200
strata IQ4NL census shape layer=26 gu_type=42 down_type=20 n_embd=2560 n_ff=640 n=1638400 arithmetic=native-IQ-to-FP16-then-oneMKL
strata IQ4NL census layer=26 chunks=4 positions=32768 routed_rows=32768 expected_rows=32768 decisions=4 generic_selected=2 generic_returned=2 private_selected=2 private_returned=2 type20_generic_returned=2 type20_private_returned=2 type20_compressed_read_bytes=3686400 type20_fp16_output_bytes=13107200
strata IQ4NL census shape layer=27 gu_type=42 down_type=20 n_embd=2560 n_ff=640 n=1638400 arithmetic=native-IQ-to-FP16-then-oneMKL
strata IQ4NL census layer=27 chunks=4 positions=32768 routed_rows=32768 expected_rows=32768 decisions=4 generic_selected=2 generic_returned=2 private_selected=2 private_returned=2 type20_generic_returned=2 type20_private_returned=2 type20_compressed_read_bytes=3686400 type20_fp16_output_bytes=13107200
strata IQ4NL census shape layer=28 gu_type=42 down_type=20 n_embd=2560 n_ff=640 n=1638400 arithmetic=native-IQ-to-FP16-then-oneMKL
strata IQ4NL census layer=28 chunks=4 positions=32768 routed_rows=32768 expected_rows=32768 decisions=4 generic_selected=2 generic_returned=2 private_selected=2 private_returned=2 type20_generic_returned=2 type20_private_returned=2 type20_compressed_read_bytes=3686400 type20_fp16_output_bytes=13107200
strata IQ4NL census shape layer=29 gu_type=42 down_type=20 n_embd=2560 n_ff=640 n=1638400 arithmetic=native-IQ-to-FP16-then-oneMKL
strata IQ4NL census layer=29 chunks=4 positions=32768 routed_rows=32768 expected_rows=32768 decisions=4 generic_selected=2 generic_returned=2 private_selected=2 private_returned=2 type20_generic_returned=2 type20_private_returned=2 type20_compressed_read_bytes=3686400 type20_fp16_output_bytes=13107200
strata IQ4NL census shape layer=30 gu_type=42 down_type=20 n_embd=2560 n_ff=640 n=1638400 arithmetic=native-IQ-to-FP16-then-oneMKL
strata IQ4NL census layer=30 chunks=4 positions=32768 routed_rows=32768 expected_rows=32768 decisions=4 generic_selected=2 generic_returned=2 private_selected=2 private_returned=2 type20_generic_returned=2 type20_private_returned=2 type20_compressed_read_bytes=3686400 type20_fp16_output_bytes=13107200
strata IQ4NL census shape layer=31 gu_type=42 down_type=20 n_embd=2560 n_ff=640 n=1638400 arithmetic=native-IQ-to-FP16-then-oneMKL
strata IQ4NL census layer=31 chunks=4 positions=32768 routed_rows=32768 expected_rows=32768 decisions=4 generic_selected=2 generic_returned=2 private_selected=2 private_returned=2 type20_generic_returned=2 type20_private_returned=2 type20_compressed_read_bytes=3686400 type20_fp16_output_bytes=13107200
strata IQ4NL census shape layer=32 gu_type=42 down_type=20 n_embd=2560 n_ff=640 n=1638400 arithmetic=native-IQ-to-FP16-then-oneMKL
strata IQ4NL census layer=32 chunks=4 positions=32768 routed_rows=32768 expected_rows=32768 decisions=4 generic_selected=2 generic_returned=2 private_selected=2 private_returned=2 type20_generic_returned=2 type20_private_returned=2 type20_compressed_read_bytes=3686400 type20_fp16_output_bytes=13107200
strata IQ4NL census shape layer=33 gu_type=42 down_type=20 n_embd=2560 n_ff=640 n=1638400 arithmetic=native-IQ-to-FP16-then-oneMKL
strata IQ4NL census layer=33 chunks=4 positions=32768 routed_rows=32768 expected_rows=32768 decisions=4 generic_selected=2 generic_returned=2 private_selected=2 private_returned=2 type20_generic_returned=2 type20_private_returned=2 type20_compressed_read_bytes=3686400 type20_fp16_output_bytes=13107200
strata IQ4NL census shape layer=34 gu_type=42 down_type=20 n_embd=2560 n_ff=640 n=1638400 arithmetic=native-IQ-to-FP16-then-oneMKL
strata IQ4NL census layer=34 chunks=4 positions=32768 routed_rows=32768 expected_rows=32768 decisions=4 generic_selected=2 generic_returned=2 private_selected=2 private_returned=2 type20_generic_returned=2 type20_private_returned=2 type20_compressed_read_bytes=3686400 type20_fp16_output_bytes=13107200
strata IQ4NL census shape layer=35 gu_type=42 down_type=20 n_embd=2560 n_ff=640 n=1638400 arithmetic=native-IQ-to-FP16-then-oneMKL
strata IQ4NL census layer=35 chunks=4 positions=32768 routed_rows=32768 expected_rows=32768 decisions=4 generic_selected=2 generic_returned=2 private_selected=2 private_returned=2 type20_generic_returned=2 type20_private_returned=2 type20_compressed_read_bytes=3686400 type20_fp16_output_bytes=13107200
strata IQ4NL census shape layer=36 gu_type=42 down_type=20 n_embd=2560 n_ff=640 n=1638400 arithmetic=native-IQ-to-FP16-then-oneMKL
strata IQ4NL census layer=36 chunks=4 positions=32768 routed_rows=32768 expected_rows=32768 decisions=4 generic_selected=2 generic_returned=2 private_selected=2 private_returned=2 type20_generic_returned=2 type20_private_returned=2 type20_compressed_read_bytes=3686400 type20_fp16_output_bytes=13107200
strata IQ4NL census shape layer=37 gu_type=42 down_type=20 n_embd=2560 n_ff=640 n=1638400 arithmetic=native-IQ-to-FP16-then-oneMKL
strata IQ4NL census layer=37 chunks=4 positions=32768 routed_rows=32768 expected_rows=32768 decisions=4 generic_selected=2 generic_returned=2 private_selected=2 private_returned=2 type20_generic_returned=2 type20_private_returned=2 type20_compressed_read_bytes=3686400 type20_fp16_output_bytes=13107200
strata IQ4NL census shape layer=38 gu_type=42 down_type=20 n_embd=2560 n_ff=640 n=1638400 arithmetic=native-IQ-to-FP16-then-oneMKL
strata IQ4NL census layer=38 chunks=4 positions=32768 routed_rows=32768 expected_rows=32768 decisions=4 generic_selected=2 generic_returned=2 private_selected=2 private_returned=2 type20_generic_returned=2 type20_private_returned=2 type20_compressed_read_bytes=3686400 type20_fp16_output_bytes=13107200
strata IQ4NL census shape layer=39 gu_type=42 down_type=20 n_embd=2560 n_ff=640 n=1638400 arithmetic=native-IQ-to-FP16-then-oneMKL
strata IQ4NL census layer=39 chunks=4 positions=32768 routed_rows=32768 expected_rows=32768 decisions=4 generic_selected=2 generic_returned=2 private_selected=2 private_returned=2 type20_generic_returned=2 type20_private_returned=2 type20_compressed_read_bytes=3686400 type20_fp16_output_bytes=13107200
strata IQ4NL census shape layer=40 gu_type=42 down_type=20 n_embd=2560 n_ff=640 n=1638400 arithmetic=native-IQ-to-FP16-then-oneMKL
strata IQ4NL census layer=40 chunks=4 positions=32768 routed_rows=32768 expected_rows=32768 decisions=4 generic_selected=2 generic_returned=2 private_selected=2 private_returned=2 type20_generic_returned=2 type20_private_returned=2 type20_compressed_read_bytes=3686400 type20_fp16_output_bytes=13107200
strata IQ4NL census shape layer=41 gu_type=42 down_type=20 n_embd=2560 n_ff=640 n=1638400 arithmetic=native-IQ-to-FP16-then-oneMKL
strata IQ4NL census layer=41 chunks=4 positions=32768 routed_rows=32768 expected_rows=32768 decisions=4 generic_selected=2 generic_returned=2 private_selected=2 private_returned=2 type20_generic_returned=2 type20_private_returned=2 type20_compressed_read_bytes=3686400 type20_fp16_output_bytes=13107200
strata IQ4NL census shape layer=42 gu_type=42 down_type=20 n_embd=2560 n_ff=640 n=1638400 arithmetic=native-IQ-to-FP16-then-oneMKL
strata IQ4NL census layer=42 chunks=4 positions=32768 routed_rows=32768 expected_rows=32768 decisions=4 generic_selected=2 generic_returned=2 private_selected=2 private_returned=2 type20_generic_returned=2 type20_private_returned=2 type20_compressed_read_bytes=3686400 type20_fp16_output_bytes=13107200
strata IQ4NL census shape layer=43 gu_type=42 down_type=20 n_embd=2560 n_ff=640 n=1638400 arithmetic=native-IQ-to-FP16-then-oneMKL
strata IQ4NL census layer=43 chunks=4 positions=32768 routed_rows=32768 expected_rows=32768 decisions=4 generic_selected=2 generic_returned=2 private_selected=2 private_returned=2 type20_generic_returned=2 type20_private_returned=2 type20_compressed_read_bytes=3686400 type20_fp16_output_bytes=13107200
strata IQ4NL census shape layer=44 gu_type=42 down_type=20 n_embd=2560 n_ff=640 n=1638400 arithmetic=native-IQ-to-FP16-then-oneMKL
strata IQ4NL census layer=44 chunks=4 positions=32768 routed_rows=32768 expected_rows=32768 decisions=4 generic_selected=2 generic_returned=2 private_selected=2 private_returned=2 type20_generic_returned=2 type20_private_returned=2 type20_compressed_read_bytes=3686400 type20_fp16_output_bytes=13107200
strata IQ4NL census shape layer=45 gu_type=42 down_type=20 n_embd=2560 n_ff=640 n=1638400 arithmetic=native-IQ-to-FP16-then-oneMKL
strata IQ4NL census layer=45 chunks=4 positions=32768 routed_rows=32768 expected_rows=32768 decisions=4 generic_selected=2 generic_returned=2 private_selected=2 private_returned=2 type20_generic_returned=2 type20_private_returned=2 type20_compressed_read_bytes=3686400 type20_fp16_output_bytes=13107200
strata IQ4NL census shape layer=46 gu_type=42 down_type=20 n_embd=2560 n_ff=640 n=1638400 arithmetic=native-IQ-to-FP16-then-oneMKL
strata IQ4NL census layer=46 chunks=4 positions=32768 routed_rows=32768 expected_rows=32768 decisions=4 generic_selected=2 generic_returned=2 private_selected=2 private_returned=2 type20_generic_returned=2 type20_private_returned=2 type20_compressed_read_bytes=3686400 type20_fp16_output_bytes=13107200
strata IQ4NL census shape layer=47 gu_type=42 down_type=20 n_embd=2560 n_ff=640 n=1638400 arithmetic=native-IQ-to-FP16-then-oneMKL
strata IQ4NL census layer=47 chunks=4 positions=32768 routed_rows=32768 expected_rows=32768 decisions=4 generic_selected=2 generic_returned=2 private_selected=2 private_returned=2 type20_generic_returned=2 type20_private_returned=2 type20_compressed_read_bytes=3686400 type20_fp16_output_bytes=13107200
strata IQ4NL census scope=native-direct-down build=1 ledger_bytes=2360864 expert_capacity=24576 layer_capacity=48 n_batched=32768 at_least_32768=1 layer_major=0 private_optin=1 normal_return=1 pipeline_drained=0 overflow=0 invalid=0 unsupported=0 incomplete=1 async_success=UNIMPLEMENTED gate=UNQUALIFIED decode_gate=UNOBSERVED full_context_gate=UNOBSERVED bytes_scope=returned_type20_calls staging_bytes=UNOBSERVED wrapper_return_is_gpu_completion=0
