device 0000:05:00.0: Intel(R) Arc(TM) B570 Graphics
stage empty
drm-total-vram0:	5904 KiB
drm-resident-vram0:	5904 KiB
drm-total-gtt:	2088 KiB
stage anchors-ready
drm-total-vram0:	9049908 KiB
drm-resident-vram0:	9049908 KiB
drm-total-gtt:	2088 KiB
stage initial-physical-ready
drm-total-vram0:	10358084 KiB
drm-resident-vram0:	10358084 KiB
drm-total-gtt:	74088 KiB
stage physical-released
drm-total-vram0:	9047364 KiB
drm-resident-vram0:	9047364 KiB
drm-total-gtt:	74088 KiB
stage temporary-ready
drm-total-vram0:	10378568 KiB
drm-resident-vram0:	10378568 KiB
drm-total-gtt:	74088 KiB
stage temporary-freed
drm-total-vram0:	9047364 KiB
drm-resident-vram0:	9047364 KiB
drm-total-gtt:	74088 KiB
stage physical-restored-or-failed
drm-total-vram0:	10358084 KiB
drm-resident-vram0:	10358084 KiB
drm-total-gtt:	74088 KiB
stage physical-cleaned
drm-total-vram0:	9047364 KiB
drm-resident-vram0:	9047364 KiB
drm-total-gtt:	74088 KiB
stage anchors-freed
drm-total-vram0:	855332 KiB
drm-resident-vram0:	855332 KiB
drm-total-gtt:	8552 KiB
{"restored":true,"anchors_bytes":9261023232,"physical_bytes":1342177280,"temporary_bytes":1363148800,"split":false}
