	linux-vdso.so.1 (0x00007c45c5c08000)
	libze_loader.so.1 => /usr/lib/x86_64-linux-gnu/libze_loader.so.1 (0x00007c45c5b41000)
	libmkl_sycl_blas.so.6 => /opt/intel/oneapi/mkl/2026.1/lib/libmkl_sycl_blas.so.6 (0x00007c45c1e6a000)
	libmkl_sycl_lapack.so.6 => /opt/intel/oneapi/mkl/2026.1/lib/libmkl_sycl_lapack.so.6 (0x00007c45c0375000)
	libmkl_sycl_dft.so.6 => /opt/intel/oneapi/mkl/2026.1/lib/libmkl_sycl_dft.so.6 (0x00007c45be0ce000)
	libmkl_sycl_sparse.so.6 => /opt/intel/oneapi/mkl/2026.1/lib/libmkl_sycl_sparse.so.6 (0x00007c45baa32000)
	libmkl_sycl_rng.so.6 => /opt/intel/oneapi/mkl/2026.1/lib/libmkl_sycl_rng.so.6 (0x00007c45b6ce1000)
	libmkl_sycl_stats.so.6 => /opt/intel/oneapi/mkl/2026.1/lib/libmkl_sycl_stats.so.6 (0x00007c45b5f78000)
	libmkl_sycl_vm.so.6 => /opt/intel/oneapi/mkl/2026.1/lib/libmkl_sycl_vm.so.6 (0x00007c45b1e51000)
	libmkl_sycl_data_fitting.so.6 => /opt/intel/oneapi/mkl/2026.1/lib/libmkl_sycl_data_fitting.so.6 (0x00007c45b17f3000)
	libmkl_intel_lp64.so.3 => /opt/intel/oneapi/mkl/2026.1/lib/libmkl_intel_lp64.so.3 (0x00007c45b07ee000)
	libmkl_sequential.so.3 => /opt/intel/oneapi/mkl/2026.1/lib/libmkl_sequential.so.3 (0x00007c45af118000)
	libmkl_core.so.3 => /opt/intel/oneapi/mkl/2026.1/lib/libmkl_core.so.3 (0x00007c45aaadb000)
	libstdc++.so.6 => /usr/lib/x86_64-linux-gnu/libstdc++.so.6 (0x00007c45aa85d000)
	libm.so.6 => /usr/lib/x86_64-linux-gnu/libm.so.6 (0x00007c45aa772000)
	libgcc_s.so.1 => /usr/lib/x86_64-linux-gnu/libgcc_s.so.1 (0x00007c45aa744000)
	libsycl.so.9 => /opt/intel/oneapi/compiler/2026.1/lib/libsycl.so.9 (0x00007c45aa368000)
	libOpenCL.so.1 => /opt/intel/oneapi/compiler/2026.1/lib/libOpenCL.so.1 (0x00007c45aa354000)
	libc.so.6 => /usr/lib/x86_64-linux-gnu/libc.so.6 (0x00007c45aa141000)
	/lib64/ld-linux-x86-64.so.2 (0x00007c45c5c0a000)
	libdl.so.2 => /usr/lib/x86_64-linux-gnu/libdl.so.2 (0x00007c45aa13c000)
	libpthread.so.0 => /usr/lib/x86_64-linux-gnu/libpthread.so.0 (0x00007c45aa135000)
	libur_loader.so.0 => /opt/intel/oneapi/compiler/2026.1/lib/libur_loader.so.0 (0x00007c45a9371000)
	libsvml.so => /opt/intel/oneapi/compiler/2026.1/lib/libsvml.so (0x00007c45a7bc0000)
	libirng.so => /opt/intel/oneapi/compiler/2026.1/lib/libirng.so (0x00007c45a7ac7000)
	libimf.so => /opt/intel/oneapi/compiler/2026.1/lib/libimf.so (0x00007c45a7678000)
	libintlc.so.5 => /opt/intel/oneapi/compiler/2026.1/lib/libintlc.so.5 (0x00007c45a7613000)
	librt.so.1 => /usr/lib/x86_64-linux-gnu/librt.so.1 (0x00007c45a760e000)
	libz.so.1 => /usr/lib/x86_64-linux-gnu/libz.so.1 (0x00007c45a75f2000)
