IDENTITY,LevelZero,8086,e20c,0000:05:00.0,root,passed
SCOPE,synthetic_real_gdn_component,model,false,performance,false,physical_KV_lifecycle,false,capacity,257
STAGE,initialize
STAGE,prepare
STAGE,log_gates_conv_recurrence
STAGE,factor_gates_conv_recurrence
STAGE,materialized_loggate_exp
STAGE,readback
STAGE,immutable_input_readback
STAGE,immutable_input_readback
STAGE,immutable_input_readback
STAGE,immutable_input_readback
STAGE,immutable_input_readback
STAGE,immutable_input_readback
STAGE,immutable_input_readback
CHUNK_PASS,offset,0,live,1,variant,0,first,log,state,13426755502642160155,conv_history,6262870611713226659,y,7820897481575596401,half,4844328604466707308
STAGE,prepare
STAGE,factor_gates_conv_recurrence
STAGE,log_gates_conv_recurrence
STAGE,materialized_loggate_exp
STAGE,readback
STAGE,immutable_input_readback
STAGE,immutable_input_readback
STAGE,immutable_input_readback
STAGE,immutable_input_readback
STAGE,immutable_input_readback
STAGE,immutable_input_readback
STAGE,immutable_input_readback
CHUNK_PASS,offset,1,live,3,variant,0,first,factor,state,6753403600535807257,conv_history,16853994388083176886,y,16532530657350609066,half,13186958312563156830
STAGE,prepare
STAGE,log_gates_conv_recurrence
STAGE,factor_gates_conv_recurrence
STAGE,materialized_loggate_exp
STAGE,readback
STAGE,immutable_input_readback
STAGE,immutable_input_readback
STAGE,immutable_input_readback
STAGE,immutable_input_readback
STAGE,immutable_input_readback
STAGE,immutable_input_readback
STAGE,immutable_input_readback
CHUNK_PASS,offset,4,live,5,variant,0,first,log,state,16169285267385981746,conv_history,11285315530710600122,y,13828574025835924893,half,8552448215709633041
STAGE,prepare
STAGE,factor_gates_conv_recurrence
STAGE,log_gates_conv_recurrence
STAGE,materialized_loggate_exp
STAGE,readback
STAGE,immutable_input_readback
STAGE,immutable_input_readback
STAGE,immutable_input_readback
STAGE,immutable_input_readback
STAGE,immutable_input_readback
STAGE,immutable_input_readback
STAGE,immutable_input_readback
CHUNK_PASS,offset,9,live,31,variant,0,first,factor,state,2640019075359466241,conv_history,11781170805509289483,y,14900438493165661019,half,2262000443133401861
STAGE,prepare
STAGE,log_gates_conv_recurrence
STAGE,factor_gates_conv_recurrence
STAGE,materialized_loggate_exp
STAGE,readback
STAGE,immutable_input_readback
STAGE,immutable_input_readback
STAGE,immutable_input_readback
STAGE,immutable_input_readback
STAGE,immutable_input_readback
STAGE,immutable_input_readback
STAGE,immutable_input_readback
CHUNK_PASS,offset,40,live,32,variant,0,first,log,state,7729220792876060055,conv_history,11921755767168972679,y,7097351021362598368,half,13831066310447042005
STAGE,prepare
STAGE,factor_gates_conv_recurrence
STAGE,log_gates_conv_recurrence
STAGE,materialized_loggate_exp
STAGE,readback
STAGE,immutable_input_readback
STAGE,immutable_input_readback
STAGE,immutable_input_readback
STAGE,immutable_input_readback
STAGE,immutable_input_readback
STAGE,immutable_input_readback
STAGE,immutable_input_readback
CHUNK_PASS,offset,72,live,33,variant,0,first,factor,state,5285764690573861190,conv_history,3024677866428278606,y,16906979264797448432,half,445774731406976901
STAGE,prepare
STAGE,log_gates_conv_recurrence
STAGE,factor_gates_conv_recurrence
STAGE,materialized_loggate_exp
STAGE,readback
STAGE,immutable_input_readback
STAGE,immutable_input_readback
STAGE,immutable_input_readback
STAGE,immutable_input_readback
STAGE,immutable_input_readback
STAGE,immutable_input_readback
STAGE,immutable_input_readback
CHUNK_PASS,offset,105,live,255,variant,0,first,log,state,18204545563800089156,conv_history,2987935707620554781,y,698383638283143532,half,6468927661435169501
STAGE,prepare
STAGE,factor_gates_conv_recurrence
STAGE,log_gates_conv_recurrence
STAGE,materialized_loggate_exp
STAGE,readback
STAGE,immutable_input_readback
STAGE,immutable_input_readback
STAGE,immutable_input_readback
STAGE,immutable_input_readback
STAGE,immutable_input_readback
STAGE,immutable_input_readback
STAGE,immutable_input_readback
CHUNK_PASS,offset,360,live,256,variant,0,first,factor,state,17333453437065412334,conv_history,6002961698692303262,y,1852500878755489521,half,5922180799169119263
STAGE,prepare
STAGE,log_gates_conv_recurrence
STAGE,factor_gates_conv_recurrence
STAGE,materialized_loggate_exp
STAGE,readback
STAGE,immutable_input_readback
STAGE,immutable_input_readback
STAGE,immutable_input_readback
STAGE,immutable_input_readback
STAGE,immutable_input_readback
STAGE,immutable_input_readback
STAGE,immutable_input_readback
CHUNK_PASS,offset,616,live,257,variant,0,first,log,state,4771547047740341584,conv_history,3959572892444383550,y,15299841204435499452,half,11274727626648178402
STAGE,prepare
STAGE,factor_gates_conv_recurrence
STAGE,log_gates_conv_recurrence
STAGE,materialized_loggate_exp
STAGE,readback
STAGE,immutable_input_readback
STAGE,immutable_input_readback
STAGE,immutable_input_readback
STAGE,immutable_input_readback
STAGE,immutable_input_readback
STAGE,immutable_input_readback
STAGE,immutable_input_readback
CHUNK_PASS,offset,873,live,3,variant,0,first,factor,state,3079857721079618447,conv_history,2987935707620554781,y,11717315014219254113,half,15592745330262419105
STAGE,prepare
STAGE,log_gates_conv_recurrence
STAGE,factor_gates_conv_recurrence
STAGE,materialized_loggate_exp
STAGE,readback
STAGE,immutable_input_readback
STAGE,immutable_input_readback
STAGE,immutable_input_readback
STAGE,immutable_input_readback
STAGE,immutable_input_readback
STAGE,immutable_input_readback
STAGE,immutable_input_readback
CHUNK_PASS,offset,876,live,257,variant,0,first,log,state,8661927939394764739,conv_history,7504961874881527060,y,11833427499046280878,half,17638173069203510162
STAGE,initialize
STAGE,prepare
STAGE,log_gates_conv_recurrence
STAGE,factor_gates_conv_recurrence
STAGE,materialized_loggate_exp
STAGE,readback
STAGE,immutable_input_readback
STAGE,immutable_input_readback
STAGE,immutable_input_readback
STAGE,immutable_input_readback
STAGE,immutable_input_readback
STAGE,immutable_input_readback
STAGE,immutable_input_readback
CHUNK_PASS,offset,0,live,1,variant,0,first,log,state,9623327404516565572,conv_history,2242990881112529898,y,3203386464305830100,half,17451216436515163206
STAGE,prepare
STAGE,factor_gates_conv_recurrence
STAGE,log_gates_conv_recurrence
STAGE,materialized_loggate_exp
STAGE,readback
STAGE,immutable_input_readback
STAGE,immutable_input_readback
STAGE,immutable_input_readback
STAGE,immutable_input_readback
STAGE,immutable_input_readback
STAGE,immutable_input_readback
STAGE,immutable_input_readback
CHUNK_PASS,offset,1,live,3,variant,0,first,factor,state,12556465674967420199,conv_history,16853994388083176886,y,15729389764634633821,half,5865326493712309523
STAGE,prepare
STAGE,log_gates_conv_recurrence
STAGE,factor_gates_conv_recurrence
STAGE,materialized_loggate_exp
STAGE,readback
STAGE,immutable_input_readback
STAGE,immutable_input_readback
STAGE,immutable_input_readback
STAGE,immutable_input_readback
STAGE,immutable_input_readback
STAGE,immutable_input_readback
STAGE,immutable_input_readback
CHUNK_PASS,offset,4,live,5,variant,0,first,log,state,3799999037631328927,conv_history,11285315530710600122,y,14032308876229213227,half,16984551758901027504
STAGE,prepare
STAGE,factor_gates_conv_recurrence
STAGE,log_gates_conv_recurrence
STAGE,materialized_loggate_exp
STAGE,readback
STAGE,immutable_input_readback
STAGE,immutable_input_readback
STAGE,immutable_input_readback
STAGE,immutable_input_readback
STAGE,immutable_input_readback
STAGE,immutable_input_readback
STAGE,immutable_input_readback
CHUNK_PASS,offset,9,live,31,variant,0,first,factor,state,12163542401846237528,conv_history,11781170805509289483,y,8800201984501759460,half,9225964859397804916
STAGE,prepare
STAGE,log_gates_conv_recurrence
STAGE,factor_gates_conv_recurrence
STAGE,materialized_loggate_exp
STAGE,readback
STAGE,immutable_input_readback
STAGE,immutable_input_readback
STAGE,immutable_input_readback
STAGE,immutable_input_readback
STAGE,immutable_input_readback
STAGE,immutable_input_readback
STAGE,immutable_input_readback
CHUNK_PASS,offset,40,live,32,variant,0,first,log,state,715776554796219654,conv_history,11921755767168972679,y,11494287174164532082,half,1743289222425857906
STAGE,prepare
STAGE,factor_gates_conv_recurrence
STAGE,log_gates_conv_recurrence
STAGE,materialized_loggate_exp
STAGE,readback
STAGE,immutable_input_readback
STAGE,immutable_input_readback
STAGE,immutable_input_readback
STAGE,immutable_input_readback
STAGE,immutable_input_readback
STAGE,immutable_input_readback
STAGE,immutable_input_readback
CHUNK_PASS,offset,72,live,33,variant,0,first,factor,state,2575361024472627688,conv_history,3024677866428278606,y,4778079162064945014,half,5368127865271986332
STAGE,prepare
STAGE,log_gates_conv_recurrence
STAGE,factor_gates_conv_recurrence
STAGE,materialized_loggate_exp
STAGE,readback
STAGE,immutable_input_readback
STAGE,immutable_input_readback
STAGE,immutable_input_readback
STAGE,immutable_input_readback
STAGE,immutable_input_readback
STAGE,immutable_input_readback
STAGE,immutable_input_readback
CHUNK_PASS,offset,105,live,255,variant,0,first,log,state,15029627978579322591,conv_history,2987935707620554781,y,11702802109570438903,half,3421227231419238383
STAGE,prepare
STAGE,factor_gates_conv_recurrence
STAGE,log_gates_conv_recurrence
STAGE,materialized_loggate_exp
STAGE,readback
STAGE,immutable_input_readback
STAGE,immutable_input_readback
STAGE,immutable_input_readback
STAGE,immutable_input_readback
STAGE,immutable_input_readback
STAGE,immutable_input_readback
STAGE,immutable_input_readback
CHUNK_PASS,offset,360,live,256,variant,0,first,factor,state,4525187148491594090,conv_history,6002961698692303262,y,15483269082034095555,half,9433256605742232924
STAGE,prepare
STAGE,log_gates_conv_recurrence
STAGE,factor_gates_conv_recurrence
STAGE,materialized_loggate_exp
STAGE,readback
STAGE,immutable_input_readback
STAGE,immutable_input_readback
STAGE,immutable_input_readback
STAGE,immutable_input_readback
STAGE,immutable_input_readback
STAGE,immutable_input_readback
STAGE,immutable_input_readback
CHUNK_PASS,offset,616,live,257,variant,0,first,log,state,1815467699633579634,conv_history,3959572892444383550,y,10507918524284767596,half,10821240000655216327
STAGE,prepare
STAGE,factor_gates_conv_recurrence
STAGE,log_gates_conv_recurrence
STAGE,materialized_loggate_exp
STAGE,readback
STAGE,immutable_input_readback
STAGE,immutable_input_readback
STAGE,immutable_input_readback
STAGE,immutable_input_readback
STAGE,immutable_input_readback
STAGE,immutable_input_readback
STAGE,immutable_input_readback
CHUNK_PASS,offset,873,live,3,variant,0,first,factor,state,12654447477444261749,conv_history,2987935707620554781,y,16006975128075117640,half,15592745330262419105
STAGE,prepare
STAGE,log_gates_conv_recurrence
STAGE,factor_gates_conv_recurrence
STAGE,materialized_loggate_exp
STAGE,readback
STAGE,immutable_input_readback
STAGE,immutable_input_readback
STAGE,immutable_input_readback
STAGE,immutable_input_readback
STAGE,immutable_input_readback
STAGE,immutable_input_readback
STAGE,immutable_input_readback
CHUNK_PASS,offset,876,live,257,variant,0,first,log,state,8399211656056090934,conv_history,7504961874881527060,y,8165760409038870644,half,10895253111850167625
STAGE,final_drain
TERMINAL,pass,real_producer_conv_recurrence_bitwise,synthetic_only,model_unqualified,full_KV_lifecycle_unqualified,adopted_false
