	linux-vdso.so.1 (0x000078222b027000)
	libze_loader.so.1 => /usr/lib/x86_64-linux-gnu/libze_loader.so.1 (0x000078222af60000)
	libmkl_sycl_blas.so.6 => /opt/intel/oneapi/mkl/2026.1/lib/libmkl_sycl_blas.so.6 (0x0000782227289000)
	libmkl_sycl_lapack.so.6 => /opt/intel/oneapi/mkl/2026.1/lib/libmkl_sycl_lapack.so.6 (0x0000782225794000)
	libmkl_sycl_dft.so.6 => /opt/intel/oneapi/mkl/2026.1/lib/libmkl_sycl_dft.so.6 (0x00007822234ed000)
	libmkl_sycl_sparse.so.6 => /opt/intel/oneapi/mkl/2026.1/lib/libmkl_sycl_sparse.so.6 (0x000078221fe51000)
	libmkl_sycl_rng.so.6 => /opt/intel/oneapi/mkl/2026.1/lib/libmkl_sycl_rng.so.6 (0x000078221c100000)
	libmkl_sycl_stats.so.6 => /opt/intel/oneapi/mkl/2026.1/lib/libmkl_sycl_stats.so.6 (0x000078221b397000)
	libmkl_sycl_vm.so.6 => /opt/intel/oneapi/mkl/2026.1/lib/libmkl_sycl_vm.so.6 (0x0000782217270000)
	libmkl_sycl_data_fitting.so.6 => /opt/intel/oneapi/mkl/2026.1/lib/libmkl_sycl_data_fitting.so.6 (0x0000782216c12000)
	libmkl_intel_lp64.so.3 => /opt/intel/oneapi/mkl/2026.1/lib/libmkl_intel_lp64.so.3 (0x0000782215c0d000)
	libmkl_sequential.so.3 => /opt/intel/oneapi/mkl/2026.1/lib/libmkl_sequential.so.3 (0x0000782214537000)
	libmkl_core.so.3 => /opt/intel/oneapi/mkl/2026.1/lib/libmkl_core.so.3 (0x000078220fefa000)
	libstdc++.so.6 => /usr/lib/x86_64-linux-gnu/libstdc++.so.6 (0x000078220fc7c000)
	libm.so.6 => /usr/lib/x86_64-linux-gnu/libm.so.6 (0x000078220fb91000)
	libgcc_s.so.1 => /usr/lib/x86_64-linux-gnu/libgcc_s.so.1 (0x000078220fb63000)
	libsycl.so.9 => /opt/intel/oneapi/compiler/2026.1/lib/libsycl.so.9 (0x000078220f787000)
	libOpenCL.so.1 => /opt/intel/oneapi/compiler/2026.1/lib/libOpenCL.so.1 (0x000078220f773000)
	libc.so.6 => /usr/lib/x86_64-linux-gnu/libc.so.6 (0x000078220f560000)
	/lib64/ld-linux-x86-64.so.2 (0x000078222b029000)
	libdl.so.2 => /usr/lib/x86_64-linux-gnu/libdl.so.2 (0x000078220f55b000)
	libpthread.so.0 => /usr/lib/x86_64-linux-gnu/libpthread.so.0 (0x000078220f554000)
	libur_loader.so.0 => /opt/intel/oneapi/compiler/2026.1/lib/libur_loader.so.0 (0x000078220e790000)
	libsvml.so => /opt/intel/oneapi/compiler/2026.1/lib/libsvml.so (0x000078220cfdf000)
	libirng.so => /opt/intel/oneapi/compiler/2026.1/lib/libirng.so (0x000078220cee6000)
	libimf.so => /opt/intel/oneapi/compiler/2026.1/lib/libimf.so (0x000078220ca97000)
	libintlc.so.5 => /opt/intel/oneapi/compiler/2026.1/lib/libintlc.so.5 (0x000078220ca32000)
	librt.so.1 => /usr/lib/x86_64-linux-gnu/librt.so.1 (0x000078220ca2d000)
	libz.so.1 => /usr/lib/x86_64-linux-gnu/libz.so.1 (0x000078220ca11000)
