=thread-group-added,id="i1"
(gdb) 
1^done
(gdb) 
2^done
(gdb) 
3^done
(gdb) 
4^done
(gdb) 
5^done
(gdb) 
6^done
(gdb) 
7^done
(gdb) 
8^done
(gdb) 
=thread-group-started,id="i1",pid="1045616"
=thread-created,id="1",group-id="i1"
=library-loaded,id="/lib64/ld-linux-x86-64.so.2",target-name="/lib64/ld-linux-x86-64.so.2",host-name="/lib64/ld-linux-x86-64.so.2",symbols-loaded="0",thread-group="i1",ranges=[{from="0x00007ffff7fc6000",to="0x00007ffff7ff0195"}]
9^running
*running,thread-id="all"
(gdb) 
=library-loaded,id="/usr/lib/x86_64-linux-gnu/libm.so.6",target-name="/usr/lib/x86_64-linux-gnu/libm.so.6",host-name="/usr/lib/x86_64-linux-gnu/libm.so.6",symbols-loaded="0",thread-group="i1",ranges=[{from="0x00007ffff7ee2420",to="0x00007ffff7f603a6"}]
=library-loaded,id="/usr/lib/x86_64-linux-gnu/libz.so.1",target-name="/usr/lib/x86_64-linux-gnu/libz.so.1",host-name="/usr/lib/x86_64-linux-gnu/libz.so.1",symbols-loaded="0",thread-group="i1",ranges=[{from="0x00007ffff7eb8260",to="0x00007ffff7ec9c60"}]
=library-loaded,id="/usr/lib/x86_64-linux-gnu/libexpat.so.1",target-name="/usr/lib/x86_64-linux-gnu/libexpat.so.1",host-name="/usr/lib/x86_64-linux-gnu/libexpat.so.1",symbols-loaded="0",thread-group="i1",ranges=[{from="0x00007ffff7e8c210",to="0x00007ffff7eaa473"}]
=library-loaded,id="/usr/lib/x86_64-linux-gnu/libc.so.6",target-name="/usr/lib/x86_64-linux-gnu/libc.so.6",host-name="/usr/lib/x86_64-linux-gnu/libc.so.6",symbols-loaded="0",thread-group="i1",ranges=[{from="0x00007ffff7c9d800",to="0x00007ffff7e25039"}]
~"[Thread debugging using libthread_db enabled]\n"
~"Using host libthread_db library \"/usr/lib/x86_64-linux-gnu/libthread_db.so.1\".\n"
=library-loaded,id="/usr/lib/python3.12/lib-dynload/_json.cpython-312-x86_64-linux-gnu.so",target-name="/usr/lib/python3.12/lib-dynload/_json.cpython-312-x86_64-linux-gnu.so",host-name="/usr/lib/python3.12/lib-dynload/_json.cpython-312-x86_64-linux-gnu.so",symbols-loaded="0",thread-group="i1",ranges=[{from="0x00007ffff75b06a0",to="0x00007ffff75b660d"}]
~"process 1045616 is executing new program: /home/yayoi/.local/state/strata-sycl/post-reboot-tuning-20261007/owned-gdb-pty-cpu-fixed-path/protocol-probe\n"
=library-unloaded,id="/lib64/ld-linux-x86-64.so.2",target-name="/lib64/ld-linux-x86-64.so.2",host-name="/lib64/ld-linux-x86-64.so.2",thread-group="i1"
=library-unloaded,id="/usr/lib/x86_64-linux-gnu/libm.so.6",target-name="/usr/lib/x86_64-linux-gnu/libm.so.6",host-name="/usr/lib/x86_64-linux-gnu/libm.so.6",thread-group="i1"
=library-unloaded,id="/usr/lib/x86_64-linux-gnu/libz.so.1",target-name="/usr/lib/x86_64-linux-gnu/libz.so.1",host-name="/usr/lib/x86_64-linux-gnu/libz.so.1",thread-group="i1"
=library-unloaded,id="/usr/lib/x86_64-linux-gnu/libexpat.so.1",target-name="/usr/lib/x86_64-linux-gnu/libexpat.so.1",host-name="/usr/lib/x86_64-linux-gnu/libexpat.so.1",thread-group="i1"
=library-unloaded,id="/usr/lib/x86_64-linux-gnu/libc.so.6",target-name="/usr/lib/x86_64-linux-gnu/libc.so.6",host-name="/usr/lib/x86_64-linux-gnu/libc.so.6",thread-group="i1"
=library-unloaded,id="/usr/lib/python3.12/lib-dynload/_json.cpython-312-x86_64-linux-gnu.so",target-name="/usr/lib/python3.12/lib-dynload/_json.cpython-312-x86_64-linux-gnu.so",host-name="/usr/lib/python3.12/lib-dynload/_json.cpython-312-x86_64-linux-gnu.so",thread-group="i1"
=library-loaded,id="/lib64/ld-linux-x86-64.so.2",target-name="/lib64/ld-linux-x86-64.so.2",host-name="/lib64/ld-linux-x86-64.so.2",symbols-loaded="0",thread-group="i1",ranges=[{from="0x00007ffff7fc6000",to="0x00007ffff7ff0195"}]
=library-loaded,id="/usr/lib/x86_64-linux-gnu/libc.so.6",target-name="/usr/lib/x86_64-linux-gnu/libc.so.6",host-name="/usr/lib/x86_64-linux-gnu/libc.so.6",symbols-loaded="0",thread-group="i1",ranges=[{from="0x00007ffff7dd0800",to="0x00007ffff7f58039"}]
~"[Thread debugging using libthread_db enabled]\n"
~"Using host libthread_db library \"/usr/lib/x86_64-linux-gnu/libthread_db.so.1\".\n"
10^done
(gdb) 
~"\nProgram"
~" received signal SIGINT, Interrupt.\n"
~"0x00007ffff7ea24d4 in __libc_pause () at ../sysdeps/unix/sysv/linux/pause.c:29\n"
&"warning: 29\t../sysdeps/unix/sysv/linux/pause.c: No such file or directory\n"
*stopped,reason="signal-received",signal-name="SIGINT",signal-meaning="Interrupt",frame={addr="0x00007ffff7ea24d4",func="__libc_pause",args=[],file="../sysdeps/unix/sysv/linux/pause.c",fullname="./posix/../sysdeps/unix/sysv/linux/pause.c",line="29",arch="i386:x86-64"},thread-id="1",stopped-threads="all",core="2"
11^done,threads=[{id="1",target-id="Thread 0x7ffff7da5740 (LWP 1045616)",name="protocol-probe",frame={level="0",addr="0x00007ffff7ea24d4",func="__libc_pause",args=[],file="../sysdeps/unix/sysv/linux/pause.c",fullname="./posix/../sysdeps/unix/sysv/linux/pause.c",line="29",arch="i386:x86-64"},state="stopped",core="2"}],current-thread-id="1"
(gdb) 
~"\nThread 1 (Thread 0x7ffff7da5740 (LWP 1045616) \"protocol-probe\"):\n"
~"#0  0x00007ffff7ea24d4 in __libc_pause () at ../sysdeps/unix/sysv/linux/pause.c:29\n#1  0x0000555555555311 in main (argc=2, argv=0x7fffffffd9a8) at /home/yayoi/.local/state/strata-sycl/post-reboot-tuning-20261007/owned-gdb-pty-cpu-fixed-path/protocol.c:10\n"
12^done
(gdb) 
~"rax            0xfffffffffffffdfe  -514\n"
~"rbx            0x7fffffffd9a8      140737488345512\n"
~"rcx            0x7ffff7ea24d4      140737352705236\n"
~"rdx            0x55555555601c      93824992239644\n"
~"rsi            0x55555555601c      93824992239644\n"
~"rdi            0x7fffffffdf0c      140737488346892\n"
~"rbp            0x7fffffffd880      0x7fffffffd880\n"
~"rsp            0x7fffffffd838      0x7fffffffd838\n"
~"r8             0x7ffff7facb20      140737353796384\n"
~"r9             0x410               1040\n"
~"r10            0x1                 1\n"
~"r11            0x202               514\n"
~"r12            0x2                 2\n"
~"r13            0x0                 0\n"
~"r14            0x555555557d78      93824992247160\n"
~"r15            0x7ffff7ffd000      140737354125312\n"
~"rip            0x7ffff7ea24d4      0x7ffff7ea24d4 <__libc_pause+20>\n"
~"eflags         0x202               [ IF ]\n"
~"cs             0x33                51\n"
~"ss             0x2b                43\n"
~"ds             0x0                 0\n"
~"es             0x0                 0\n"
~"fs             0x0                 0\n"
~"gs             0x0                 0\n"
~"fs_base        0x7ffff7da5740      140737351669568\n"
~"gs_base        0x0                 0\n"
13^done
(gdb) 
~"From                To                  Syms Read   Shared Object Library\n"
~"0x00007ffff7fc6000  0x00007ffff7ff0195  Yes         /lib64/ld-linux-x86-64.so.2\n"
~"0x00007ffff7dd0800  0x00007ffff7f58039  Yes         /usr/lib/x86_64-linux-gnu/libc.so.6\n"
14^done
(gdb) 
15^running
*running,thread-id="all"
(gdb) 
16^exit
=thread-exited,id="1",group-id="i1"
=thread-group-exited,id="i1"
