[1/3] /opt/intel/oneapi/compiler/2026.1/bin/icpx -DSTRATA_VERSION=\"0.1.39-sycl\" -I/home/yayoi/ghq/github.com/yqYo1/Strata/.worktree/sync-upstream-2026-10-05/sycl/../third_party/ggml -I/home/yayoi/ghq/github.com/yqYo1/Strata/.worktree/sync-upstream-2026-10-05/sycl/include -I/home/yayoi/ghq/github.com/yqYo1/Strata/.worktree/sync-upstream-2026-10-05/sycl/../include -O3 -DNDEBUG -std=c++20 -fsycl -fsycl-default-sub-group-size=32 -fsycl-device-code-split=per_kernel -fp-model=precise -Wno-unused-parameter -Wno-unused-variable -Wno-deprecated-declarations -Wall -Wextra -MD -MT CMakeFiles/strata_kernels.dir/src/kernels/cuda/qsa_decode_attn.dp.cpp.o -MF CMakeFiles/strata_kernels.dir/src/kernels/cuda/qsa_decode_attn.dp.cpp.o.d -o CMakeFiles/strata_kernels.dir/src/kernels/cuda/qsa_decode_attn.dp.cpp.o -c /home/yayoi/ghq/github.com/yqYo1/Strata/.worktree/sync-upstream-2026-10-05/sycl/src/kernels/cuda/qsa_decode_attn.dp.cpp
In file included from /home/yayoi/ghq/github.com/yqYo1/Strata/.worktree/sync-upstream-2026-10-05/sycl/src/kernels/cuda/qsa_decode_attn.dp.cpp:4:
In file included from /home/yayoi/ghq/github.com/yqYo1/Strata/.worktree/sync-upstream-2026-10-05/sycl/include/dpct/dpct.hpp:53:
In file included from /home/yayoi/ghq/github.com/yqYo1/Strata/.worktree/sync-upstream-2026-10-05/sycl/include/dpct/image.hpp:14:
In file included from /home/yayoi/ghq/github.com/yqYo1/Strata/.worktree/sync-upstream-2026-10-05/sycl/include/dpct/memory.hpp:112:
/home/yayoi/ghq/github.com/yqYo1/Strata/.worktree/sync-upstream-2026-10-05/sycl/include/dpct/detail/memory_detail.hpp:343:30: warning: unused parameter 'direction' [-Wunused-parameter]
  343 |             memcpy_direction direction,
      |                              ^
/home/yayoi/ghq/github.com/yqYo1/Strata/.worktree/sync-upstream-2026-10-05/sycl/include/dpct/detail/memory_detail.hpp:901:29: warning: unused parameter 'cgh' [-Wunused-parameter]
  901 |   get_access(sycl::handler &cgh) {
      |                             ^
In file included from /home/yayoi/ghq/github.com/yqYo1/Strata/.worktree/sync-upstream-2026-10-05/sycl/src/kernels/cuda/qsa_decode_attn.dp.cpp:4:
In file included from /home/yayoi/ghq/github.com/yqYo1/Strata/.worktree/sync-upstream-2026-10-05/sycl/include/dpct/dpct.hpp:53:
In file included from /home/yayoi/ghq/github.com/yqYo1/Strata/.worktree/sync-upstream-2026-10-05/sycl/include/dpct/image.hpp:14:
/home/yayoi/ghq/github.com/yqYo1/Strata/.worktree/sync-upstream-2026-10-05/sycl/include/dpct/memory.hpp:816:23: warning: comparison of integers of different signs: 'int' and 'unsigned int' [-Wsign-compare]
  816 |     for (int i = 0; i < numAttributes; i++) {
      |                     ~ ^ ~~~~~~~~~~~~~
In file included from /home/yayoi/ghq/github.com/yqYo1/Strata/.worktree/sync-upstream-2026-10-05/sycl/src/kernels/cuda/qsa_decode_attn.dp.cpp:4:
In file included from /home/yayoi/ghq/github.com/yqYo1/Strata/.worktree/sync-upstream-2026-10-05/sycl/include/dpct/dpct.hpp:53:
In file included from /home/yayoi/ghq/github.com/yqYo1/Strata/.worktree/sync-upstream-2026-10-05/sycl/include/dpct/image.hpp:15:
/home/yayoi/ghq/github.com/yqYo1/Strata/.worktree/sync-upstream-2026-10-05/sycl/include/dpct/util.hpp:466:38: warning: unused parameter 'member_mask' [-Wunused-parameter]
  466 | T select_from_sub_group(unsigned int member_mask,
      |                                      ^
/home/yayoi/ghq/github.com/yqYo1/Strata/.worktree/sync-upstream-2026-10-05/sycl/include/dpct/util.hpp:507:37: warning: unused parameter 'member_mask' [-Wunused-parameter]
  507 | T shift_sub_group_left(unsigned int member_mask,
      |                                     ^
/home/yayoi/ghq/github.com/yqYo1/Strata/.worktree/sync-upstream-2026-10-05/sycl/include/dpct/util.hpp:551:38: warning: unused parameter 'member_mask' [-Wunused-parameter]
  551 | T shift_sub_group_right(unsigned int member_mask,
      |                                      ^
/home/yayoi/ghq/github.com/yqYo1/Strata/.worktree/sync-upstream-2026-10-05/sycl/include/dpct/util.hpp:671:41: warning: unused parameter 'member_mask' [-Wunused-parameter]
  671 | T permute_sub_group_by_xor(unsigned int member_mask,
      |                                         ^
/home/yayoi/ghq/github.com/yqYo1/Strata/.worktree/sync-upstream-2026-10-05/sycl/include/dpct/util.hpp:680:47: warning: comparison of integers of different signs: 'unsigned int' and 'int' [-Wsign-compare]
  680 |   unsigned logical_remote_id = (target_offset < logical_sub_group_size) ? start_index + target_offset : id;
      |                                 ~~~~~~~~~~~~~ ^ ~~~~~~~~~~~~~~~~~~~~~~
/home/yayoi/ghq/github.com/yqYo1/Strata/.worktree/sync-upstream-2026-10-05/sycl/include/dpct/util.hpp:959:15: warning: comparison of integers of different signs: 'int' and 'size_t' (aka 'unsigned long') [-Wsign-compare]
  959 |   if (wg_size > max_wg_size) {
      |       ~~~~~~~ ^ ~~~~~~~~~~~
/home/yayoi/ghq/github.com/yqYo1/Strata/.worktree/sync-upstream-2026-10-05/sycl/include/dpct/util.hpp:1021:35: warning: comparison of integers of different signs: 'int' and 'size_t' (aka 'unsigned long') [-Wsign-compare]
 1021 |       max_ws_size_for_device_code >= max_wg_size)
      |       ~~~~~~~~~~~~~~~~~~~~~~~~~~~ ^  ~~~~~~~~~~~
/home/yayoi/ghq/github.com/yqYo1/Strata/.worktree/sync-upstream-2026-10-05/sycl/include/dpct/util.hpp:1291:17: warning: '&' within '|' [-Wbitwise-op-parentheses]
 1291 |     result = (a & b | c) ^ a;
      |               ~~^~~ ~
/home/yayoi/ghq/github.com/yqYo1/Strata/.worktree/sync-upstream-2026-10-05/sycl/include/dpct/util.hpp:1291:17: note: place parentheses around the '&' expression to silence this warning
 1291 |     result = (a & b | c) ^ a;
      |                 ^
      |               (    )
/home/yayoi/ghq/github.com/yqYo1/Strata/.worktree/sync-upstream-2026-10-05/sycl/include/dpct/util.hpp:1315:16: warning: '&' within '|' [-Wbitwise-op-parentheses]
 1315 |     result = a & (b | c) | (b & c);
      |              ~~^~~~~~~~~ ~
/home/yayoi/ghq/github.com/yqYo1/Strata/.worktree/sync-upstream-2026-10-05/sycl/include/dpct/util.hpp:1315:16: note: place parentheses around the '&' expression to silence this warning
 1315 |     result = a & (b | c) | (b & c);
      |                ^
      |              (          )
/home/yayoi/ghq/github.com/yqYo1/Strata/.worktree/sync-upstream-2026-10-05/sycl/include/dpct/util.hpp:1318:16: warning: '&' within '|' [-Wbitwise-op-parentheses]
 1318 |     result = a & b | c;
      |              ~~^~~ ~
/home/yayoi/ghq/github.com/yqYo1/Strata/.worktree/sync-upstream-2026-10-05/sycl/include/dpct/util.hpp:1318:16: note: place parentheses around the '&' expression to silence this warning
 1318 |     result = a & b | c;
      |                ^
      |              (    )
In file included from /home/yayoi/ghq/github.com/yqYo1/Strata/.worktree/sync-upstream-2026-10-05/sycl/src/kernels/cuda/qsa_decode_attn.dp.cpp:4:
In file included from /home/yayoi/ghq/github.com/yqYo1/Strata/.worktree/sync-upstream-2026-10-05/sycl/include/dpct/dpct.hpp:54:
/home/yayoi/ghq/github.com/yqYo1/Strata/.worktree/sync-upstream-2026-10-05/sycl/include/dpct/kernel.hpp:50:57: warning: unused parameter 'function' [-Wunused-parameter]
   50 |                                             const void *function) {
      |                                                         ^
/home/yayoi/ghq/github.com/yqYo1/Strata/.worktree/sync-upstream-2026-10-05/sycl/include/dpct/kernel.hpp:57:38: warning: unused parameter 'function' [-Wunused-parameter]
   57 | get_kernel_function_info(const void *function) {
      |                                      ^
In file included from /home/yayoi/ghq/github.com/yqYo1/Strata/.worktree/sync-upstream-2026-10-05/sycl/src/kernels/cuda/qsa_decode_attn.dp.cpp:4:
In file included from /home/yayoi/ghq/github.com/yqYo1/Strata/.worktree/sync-upstream-2026-10-05/sycl/include/dpct/dpct.hpp:59:
/home/yayoi/ghq/github.com/yqYo1/Strata/.worktree/sync-upstream-2026-10-05/sycl/include/dpct/bindless_images.hpp:629:35: warning: unused parameter 'q' [-Wunused-parameter]
  629 |   void unmap_resource(sycl::queue q) {
      |                                   ^
/home/yayoi/ghq/github.com/yqYo1/Strata/.worktree/sync-upstream-2026-10-05/sycl/include/dpct/bindless_images.hpp:656:9: warning: field '_res_external_mem' will be initialized after field '_res_reg_flags' [-Wreorder-ctor]
  656 |       : _res_external_mem(external_mem), _res_reg_flags(reg_flags) {}
      |         ^~~~~~~~~~~~~~~~~~~~~~~~~~~~~~~  ~~~~~~~~~~~~~~~~~~~~~~~~~
      |         _res_reg_flags(reg_flags)        _res_external_mem(external_mem)
/home/yayoi/ghq/github.com/yqYo1/Strata/.worktree/sync-upstream-2026-10-05/sycl/include/dpct/bindless_images.hpp:1163:24: warning: comparison of integers of different signs: 'size_t' (aka 'unsigned long') and 'int' [-Wsign-compare]
 1163 |   for (size_t i = 0; i < count; ++i) {
      |                      ~ ^ ~~~~~
/home/yayoi/ghq/github.com/yqYo1/Strata/.worktree/sync-upstream-2026-10-05/sycl/include/dpct/bindless_images.hpp:1350:21: warning: comparison of integers of different signs: 'int' and 'unsigned int' [-Wsign-compare]
 1350 |   for (int i = 0; i < numExtSems; i++) {
      |                   ~ ^ ~~~~~~~~~~
/home/yayoi/ghq/github.com/yqYo1/Strata/.worktree/sync-upstream-2026-10-05/sycl/include/dpct/bindless_images.hpp:1393:21: warning: comparison of integers of different signs: 'int' and 'unsigned int' [-Wsign-compare]
 1393 |   for (int i = 0; i < numExtSems; i++) {
      |                   ~ ^ ~~~~~~~~~~
/home/yayoi/ghq/github.com/yqYo1/Strata/.worktree/sync-upstream-2026-10-05/sycl/include/dpct/bindless_images.hpp:1686:60: warning: unused parameter 'channel' [-Wunused-parameter]
 1686 |   void attach(image_mem_wrapper *mem, const image_channel &channel,
      |                                                            ^
/home/yayoi/ghq/github.com/yqYo1/Strata/.worktree/sync-upstream-2026-10-05/sycl/src/kernels/cuda/qsa_decode_attn.dp.cpp:418:34: warning: unused parameter 'item_ct1' [-Wunused-parameter]
  418 |             [=](sycl::nd_item<3> item_ct1) [[sycl::reqd_sub_group_size(32)]] {
      |                                  ^
/home/yayoi/ghq/github.com/yqYo1/Strata/.worktree/sync-upstream-2026-10-05/sycl/src/kernels/cuda/qsa_decode_attn.dp.cpp:434:34: warning: unused parameter 'item_ct1' [-Wunused-parameter]
  434 |             [=](sycl::nd_item<3> item_ct1) [[sycl::reqd_sub_group_size(32)]] {
      |                                  ^
/home/yayoi/ghq/github.com/yqYo1/Strata/.worktree/sync-upstream-2026-10-05/sycl/src/kernels/cuda/qsa_decode_attn.dp.cpp:450:34: warning: unused parameter 'item_ct1' [-Wunused-parameter]
  450 |             [=](sycl::nd_item<3> item_ct1) [[sycl::reqd_sub_group_size(32)]] {
      |                                  ^
/home/yayoi/ghq/github.com/yqYo1/Strata/.worktree/sync-upstream-2026-10-05/sycl/src/kernels/cuda/qsa_decode_attn.dp.cpp:465:34: warning: unused parameter 'item_ct1' [-Wunused-parameter]
  465 |             [=](sycl::nd_item<3> item_ct1) [[sycl::reqd_sub_group_size(32)]] {
      |                                  ^
/home/yayoi/ghq/github.com/yqYo1/Strata/.worktree/sync-upstream-2026-10-05/sycl/src/kernels/cuda/qsa_decode_attn.dp.cpp:480:45: warning: unused parameter 'item_ct1' [-Wunused-parameter]
  480 |             exp_props, [=](sycl::nd_item<3> item_ct1) {
      |                                             ^
/home/yayoi/ghq/github.com/yqYo1/Strata/.worktree/sync-upstream-2026-10-05/sycl/src/kernels/cuda/qsa_decode_attn.dp.cpp:563:34: warning: unused parameter 'item_ct1' [-Wunused-parameter]
  563 |             [=](sycl::nd_item<3> item_ct1) [[sycl::reqd_sub_group_size(32)]] {
      |                                  ^
/home/yayoi/ghq/github.com/yqYo1/Strata/.worktree/sync-upstream-2026-10-05/sycl/src/kernels/cuda/qsa_decode_attn.dp.cpp:579:34: warning: unused parameter 'item_ct1' [-Wunused-parameter]
  579 |             [=](sycl::nd_item<3> item_ct1) [[sycl::reqd_sub_group_size(32)]] {
      |                                  ^
/home/yayoi/ghq/github.com/yqYo1/Strata/.worktree/sync-upstream-2026-10-05/sycl/src/kernels/cuda/qsa_decode_attn.dp.cpp:595:34: warning: unused parameter 'item_ct1' [-Wunused-parameter]
  595 |             [=](sycl::nd_item<3> item_ct1) [[sycl::reqd_sub_group_size(32)]] {
      |                                  ^
/home/yayoi/ghq/github.com/yqYo1/Strata/.worktree/sync-upstream-2026-10-05/sycl/src/kernels/cuda/qsa_decode_attn.dp.cpp:610:34: warning: unused parameter 'item_ct1' [-Wunused-parameter]
  610 |             [=](sycl::nd_item<3> item_ct1) [[sycl::reqd_sub_group_size(32)]] {
      |                                  ^
/home/yayoi/ghq/github.com/yqYo1/Strata/.worktree/sync-upstream-2026-10-05/sycl/src/kernels/cuda/qsa_decode_attn.dp.cpp:624:45: warning: unused parameter 'item_ct1' [-Wunused-parameter]
  624 |             exp_props, [=](sycl::nd_item<3> item_ct1) {
      |                                             ^
In file included from /home/yayoi/ghq/github.com/yqYo1/Strata/.worktree/sync-upstream-2026-10-05/sycl/src/kernels/cuda/qsa_decode_attn.dp.cpp:4:
In file included from /home/yayoi/ghq/github.com/yqYo1/Strata/.worktree/sync-upstream-2026-10-05/sycl/include/dpct/dpct.hpp:53:
In file included from /home/yayoi/ghq/github.com/yqYo1/Strata/.worktree/sync-upstream-2026-10-05/sycl/include/dpct/image.hpp:15:
/home/yayoi/ghq/github.com/yqYo1/Strata/.worktree/sync-upstream-2026-10-05/sycl/include/dpct/util.hpp:680:47: warning: comparison of integers of different signs: 'unsigned int' and 'int' [-Wsign-compare]
  680 |   unsigned logical_remote_id = (target_offset < logical_sub_group_size) ? start_index + target_offset : id;
      |                                 ~~~~~~~~~~~~~ ^ ~~~~~~~~~~~~~~~~~~~~~~
/home/yayoi/ghq/github.com/yqYo1/Strata/.worktree/sync-upstream-2026-10-05/sycl/src/kernels/cuda/qsa_decode_attn.dp.cpp:33:29: note: in instantiation of function template specialization 'dpct::experimental::permute_sub_group_by_xor<float>' requested here
   33 |         dpct::experimental::permute_sub_group_by_xor(
      |                             ^
/home/yayoi/ghq/github.com/yqYo1/Strata/.worktree/sync-upstream-2026-10-05/sycl/src/kernels/cuda/qsa_decode_attn.dp.cpp:229:17: note: in instantiation of function template specialization 'strata::kernels::(anonymous namespace)::warp_sum<32>' requested here
  229 |             s = warp_sum<SG>(s);
      |                 ^
/home/yayoi/ghq/github.com/yqYo1/Strata/.worktree/sync-upstream-2026-10-05/sycl/src/kernels/cuda/qsa_decode_attn.dp.cpp:419:17: note: in instantiation of function template specialization 'strata::kernels::(anonymous namespace)::attn_chunk_kernel<3, 32, false, false>' requested here
  419 |                 attn_chunk_kernel<3>(q, pools, ids, steps, (int)s.n_head_kv,
      |                 ^
/home/yayoi/ghq/github.com/yqYo1/Strata/.worktree/sync-upstream-2026-10-05/sycl/src/kernels/cuda/qsa_decode_attn.dp.cpp:418:46: warning: kernel has both attribute 'sycl::reqd_sub_group_size' and kernel properties; if the kernel properties contains the property "sycl::ext::oneapi::experimental::sub_group_size" it will be ignored [-Wignored-attributes]
  418 |             [=](sycl::nd_item<3> item_ct1) [[sycl::reqd_sub_group_size(32)]] {
      |                                              ^
/home/yayoi/ghq/github.com/yqYo1/Strata/.worktree/sync-upstream-2026-10-05/sycl/src/kernels/cuda/qsa_decode_attn.dp.cpp:434:46: warning: kernel has both attribute 'sycl::reqd_sub_group_size' and kernel properties; if the kernel properties contains the property "sycl::ext::oneapi::experimental::sub_group_size" it will be ignored [-Wignored-attributes]
  434 |             [=](sycl::nd_item<3> item_ct1) [[sycl::reqd_sub_group_size(32)]] {
      |                                              ^
/home/yayoi/ghq/github.com/yqYo1/Strata/.worktree/sync-upstream-2026-10-05/sycl/src/kernels/cuda/qsa_decode_attn.dp.cpp:450:46: warning: kernel has both attribute 'sycl::reqd_sub_group_size' and kernel properties; if the kernel properties contains the property "sycl::ext::oneapi::experimental::sub_group_size" it will be ignored [-Wignored-attributes]
  450 |             [=](sycl::nd_item<3> item_ct1) [[sycl::reqd_sub_group_size(32)]] {
      |                                              ^
/home/yayoi/ghq/github.com/yqYo1/Strata/.worktree/sync-upstream-2026-10-05/sycl/src/kernels/cuda/qsa_decode_attn.dp.cpp:465:46: warning: kernel has both attribute 'sycl::reqd_sub_group_size' and kernel properties; if the kernel properties contains the property "sycl::ext::oneapi::experimental::sub_group_size" it will be ignored [-Wignored-attributes]
  465 |             [=](sycl::nd_item<3> item_ct1) [[sycl::reqd_sub_group_size(32)]] {
      |                                              ^
/home/yayoi/ghq/github.com/yqYo1/Strata/.worktree/sync-upstream-2026-10-05/sycl/src/kernels/cuda/qsa_decode_attn.dp.cpp:368:33: warning: kernel has both attribute 'sycl::reqd_sub_group_size' and kernel properties; if the kernel properties contains the property "sycl::ext::oneapi::experimental::sub_group_size" it will be ignored [-Wignored-attributes]
  368 |         [=](sycl::nd_item<3>) [[sycl::reqd_sub_group_size(SG)]] {
      |                                 ^
/home/yayoi/ghq/github.com/yqYo1/Strata/.worktree/sync-upstream-2026-10-05/sycl/src/kernels/cuda/qsa_decode_attn.dp.cpp:368:33: warning: kernel has both attribute 'sycl::reqd_sub_group_size' and kernel properties; if the kernel properties contains the property "sycl::ext::oneapi::experimental::sub_group_size" it will be ignored [-Wignored-attributes]
/home/yayoi/ghq/github.com/yqYo1/Strata/.worktree/sync-upstream-2026-10-05/sycl/src/kernels/cuda/qsa_decode_attn.dp.cpp:368:33: warning: kernel has both attribute 'sycl::reqd_sub_group_size' and kernel properties; if the kernel properties contains the property "sycl::ext::oneapi::experimental::sub_group_size" it will be ignored [-Wignored-attributes]
/home/yayoi/ghq/github.com/yqYo1/Strata/.worktree/sync-upstream-2026-10-05/sycl/src/kernels/cuda/qsa_decode_attn.dp.cpp:368:33: warning: kernel has both attribute 'sycl::reqd_sub_group_size' and kernel properties; if the kernel properties contains the property "sycl::ext::oneapi::experimental::sub_group_size" it will be ignored [-Wignored-attributes]
/home/yayoi/ghq/github.com/yqYo1/Strata/.worktree/sync-upstream-2026-10-05/sycl/src/kernels/cuda/qsa_decode_attn.dp.cpp:368:33: warning: kernel has both attribute 'sycl::reqd_sub_group_size' and kernel properties; if the kernel properties contains the property "sycl::ext::oneapi::experimental::sub_group_size" it will be ignored [-Wignored-attributes]
/home/yayoi/ghq/github.com/yqYo1/Strata/.worktree/sync-upstream-2026-10-05/sycl/src/kernels/cuda/qsa_decode_attn.dp.cpp:368:33: warning: kernel has both attribute 'sycl::reqd_sub_group_size' and kernel properties; if the kernel properties contains the property "sycl::ext::oneapi::experimental::sub_group_size" it will be ignored [-Wignored-attributes]
/home/yayoi/ghq/github.com/yqYo1/Strata/.worktree/sync-upstream-2026-10-05/sycl/src/kernels/cuda/qsa_decode_attn.dp.cpp:368:33: warning: kernel has both attribute 'sycl::reqd_sub_group_size' and kernel properties; if the kernel properties contains the property "sycl::ext::oneapi::experimental::sub_group_size" it will be ignored [-Wignored-attributes]
/home/yayoi/ghq/github.com/yqYo1/Strata/.worktree/sync-upstream-2026-10-05/sycl/src/kernels/cuda/qsa_decode_attn.dp.cpp:368:33: warning: kernel has both attribute 'sycl::reqd_sub_group_size' and kernel properties; if the kernel properties contains the property "sycl::ext::oneapi::experimental::sub_group_size" it will be ignored [-Wignored-attributes]
/home/yayoi/ghq/github.com/yqYo1/Strata/.worktree/sync-upstream-2026-10-05/sycl/src/kernels/cuda/qsa_decode_attn.dp.cpp:368:33: warning: kernel has both attribute 'sycl::reqd_sub_group_size' and kernel properties; if the kernel properties contains the property "sycl::ext::oneapi::experimental::sub_group_size" it will be ignored [-Wignored-attributes]
/home/yayoi/ghq/github.com/yqYo1/Strata/.worktree/sync-upstream-2026-10-05/sycl/src/kernels/cuda/qsa_decode_attn.dp.cpp:368:33: warning: kernel has both attribute 'sycl::reqd_sub_group_size' and kernel properties; if the kernel properties contains the property "sycl::ext::oneapi::experimental::sub_group_size" it will be ignored [-Wignored-attributes]
/home/yayoi/ghq/github.com/yqYo1/Strata/.worktree/sync-upstream-2026-10-05/sycl/src/kernels/cuda/qsa_decode_attn.dp.cpp:368:33: warning: kernel has both attribute 'sycl::reqd_sub_group_size' and kernel properties; if the kernel properties contains the property "sycl::ext::oneapi::experimental::sub_group_size" it will be ignored [-Wignored-attributes]
/home/yayoi/ghq/github.com/yqYo1/Strata/.worktree/sync-upstream-2026-10-05/sycl/src/kernels/cuda/qsa_decode_attn.dp.cpp:368:33: warning: kernel has both attribute 'sycl::reqd_sub_group_size' and kernel properties; if the kernel properties contains the property "sycl::ext::oneapi::experimental::sub_group_size" it will be ignored [-Wignored-attributes]
/home/yayoi/ghq/github.com/yqYo1/Strata/.worktree/sync-upstream-2026-10-05/sycl/src/kernels/cuda/qsa_decode_attn.dp.cpp:368:33: warning: kernel has both attribute 'sycl::reqd_sub_group_size' and kernel properties; if the kernel properties contains the property "sycl::ext::oneapi::experimental::sub_group_size" it will be ignored [-Wignored-attributes]
/home/yayoi/ghq/github.com/yqYo1/Strata/.worktree/sync-upstream-2026-10-05/sycl/src/kernels/cuda/qsa_decode_attn.dp.cpp:368:33: warning: kernel has both attribute 'sycl::reqd_sub_group_size' and kernel properties; if the kernel properties contains the property "sycl::ext::oneapi::experimental::sub_group_size" it will be ignored [-Wignored-attributes]
/home/yayoi/ghq/github.com/yqYo1/Strata/.worktree/sync-upstream-2026-10-05/sycl/src/kernels/cuda/qsa_decode_attn.dp.cpp:368:33: warning: kernel has both attribute 'sycl::reqd_sub_group_size' and kernel properties; if the kernel properties contains the property "sycl::ext::oneapi::experimental::sub_group_size" it will be ignored [-Wignored-attributes]
/home/yayoi/ghq/github.com/yqYo1/Strata/.worktree/sync-upstream-2026-10-05/sycl/src/kernels/cuda/qsa_decode_attn.dp.cpp:368:33: warning: kernel has both attribute 'sycl::reqd_sub_group_size' and kernel properties; if the kernel properties contains the property "sycl::ext::oneapi::experimental::sub_group_size" it will be ignored [-Wignored-attributes]
/home/yayoi/ghq/github.com/yqYo1/Strata/.worktree/sync-upstream-2026-10-05/sycl/src/kernels/cuda/qsa_decode_attn.dp.cpp:563:46: warning: kernel has both attribute 'sycl::reqd_sub_group_size' and kernel properties; if the kernel properties contains the property "sycl::ext::oneapi::experimental::sub_group_size" it will be ignored [-Wignored-attributes]
  563 |             [=](sycl::nd_item<3> item_ct1) [[sycl::reqd_sub_group_size(32)]] {
      |                                              ^
/home/yayoi/ghq/github.com/yqYo1/Strata/.worktree/sync-upstream-2026-10-05/sycl/src/kernels/cuda/qsa_decode_attn.dp.cpp:579:46: warning: kernel has both attribute 'sycl::reqd_sub_group_size' and kernel properties; if the kernel properties contains the property "sycl::ext::oneapi::experimental::sub_group_size" it will be ignored [-Wignored-attributes]
  579 |             [=](sycl::nd_item<3> item_ct1) [[sycl::reqd_sub_group_size(32)]] {
      |                                              ^
/home/yayoi/ghq/github.com/yqYo1/Strata/.worktree/sync-upstream-2026-10-05/sycl/src/kernels/cuda/qsa_decode_attn.dp.cpp:595:46: warning: kernel has both attribute 'sycl::reqd_sub_group_size' and kernel properties; if the kernel properties contains the property "sycl::ext::oneapi::experimental::sub_group_size" it will be ignored [-Wignored-attributes]
  595 |             [=](sycl::nd_item<3> item_ct1) [[sycl::reqd_sub_group_size(32)]] {
      |                                              ^
/home/yayoi/ghq/github.com/yqYo1/Strata/.worktree/sync-upstream-2026-10-05/sycl/src/kernels/cuda/qsa_decode_attn.dp.cpp:610:46: warning: kernel has both attribute 'sycl::reqd_sub_group_size' and kernel properties; if the kernel properties contains the property "sycl::ext::oneapi::experimental::sub_group_size" it will be ignored [-Wignored-attributes]
  610 |             [=](sycl::nd_item<3> item_ct1) [[sycl::reqd_sub_group_size(32)]] {
      |                                              ^
In file included from /home/yayoi/ghq/github.com/yqYo1/Strata/.worktree/sync-upstream-2026-10-05/sycl/src/kernels/cuda/qsa_decode_attn.dp.cpp:4:
In file included from /home/yayoi/ghq/github.com/yqYo1/Strata/.worktree/sync-upstream-2026-10-05/sycl/include/dpct/dpct.hpp:52:
/home/yayoi/ghq/github.com/yqYo1/Strata/.worktree/sync-upstream-2026-10-05/sycl/include/dpct/device.hpp:86:13: warning: unused function 'destroy_event' [-Wunused-function]
   86 | static void destroy_event(event_ptr event) {
      |             ^~~~~~~~~~~~~
In file included from /home/yayoi/ghq/github.com/yqYo1/Strata/.worktree/sync-upstream-2026-10-05/sycl/src/kernels/cuda/qsa_decode_attn.dp.cpp:4:
In file included from /home/yayoi/ghq/github.com/yqYo1/Strata/.worktree/sync-upstream-2026-10-05/sycl/include/dpct/dpct.hpp:53:
In file included from /home/yayoi/ghq/github.com/yqYo1/Strata/.worktree/sync-upstream-2026-10-05/sycl/include/dpct/image.hpp:14:
/home/yayoi/ghq/github.com/yqYo1/Strata/.worktree/sync-upstream-2026-10-05/sycl/include/dpct/memory.hpp:165:17: warning: 'static' function 'get_buffer' declared in header file should be declared 'static inline' [-Wunneeded-internal-declaration]
  165 | static buffer_t get_buffer(const void *ptr) {
      |                 ^~~~~~~~~~
/home/yayoi/ghq/github.com/yqYo1/Strata/.worktree/sync-upstream-2026-10-05/sycl/include/dpct/memory.hpp:141:36: warning: 'static' function 'get_buffer_and_offset' declared in header file should be declared 'static inline' [-Wunneeded-internal-declaration]
  141 | static std::pair<buffer_t, size_t> get_buffer_and_offset(const void *ptr) {
      |                                    ^~~~~~~~~~~~~~~~~~~~~
/home/yayoi/ghq/github.com/yqYo1/Strata/.worktree/sync-upstream-2026-10-05/sycl/include/dpct/memory.hpp:304:13: warning: unused function 'dpct_memcpy' [-Wunused-function]
  304 | static void dpct_memcpy(void *to_ptr, const void *from_ptr, size_t size,
      |             ^~~~~~~~~~~
/home/yayoi/ghq/github.com/yqYo1/Strata/.worktree/sync-upstream-2026-10-05/sycl/include/dpct/memory.hpp:322:13: warning: unused function 'dpct_memcpy' [-Wunused-function]
  322 | static void dpct_memcpy(void *to_ptr, int to_dev_id, const void *from_ptr,
      |             ^~~~~~~~~~~
/home/yayoi/ghq/github.com/yqYo1/Strata/.worktree/sync-upstream-2026-10-05/sycl/include/dpct/memory.hpp:340:13: warning: unused function 'async_dpct_memcpy' [-Wunused-function]
  340 | static void async_dpct_memcpy(void *to_ptr, const void *from_ptr, size_t size,
      |             ^~~~~~~~~~~~~~~~~
/home/yayoi/ghq/github.com/yqYo1/Strata/.worktree/sync-upstream-2026-10-05/sycl/include/dpct/memory.hpp:358:13: warning: unused function 'async_dpct_memcpy' [-Wunused-function]
  358 | static void async_dpct_memcpy(void *to_ptr, int to_dev_id, const void *from_ptr,
      |             ^~~~~~~~~~~~~~~~~
/home/yayoi/ghq/github.com/yqYo1/Strata/.worktree/sync-upstream-2026-10-05/sycl/include/dpct/memory.hpp:494:13: warning: unused function 'dpct_memset' [-Wunused-function]
  494 | static void dpct_memset(void *dev_ptr, int value, size_t size,
      |             ^~~~~~~~~~~
/home/yayoi/ghq/github.com/yqYo1/Strata/.worktree/sync-upstream-2026-10-05/sycl/include/dpct/memory.hpp:507:13: warning: unused function 'dpct_memset_d16' [-Wunused-function]
  507 | static void dpct_memset_d16(void *dev_ptr, unsigned short value, size_t size,
      |             ^~~~~~~~~~~~~~~
/home/yayoi/ghq/github.com/yqYo1/Strata/.worktree/sync-upstream-2026-10-05/sycl/include/dpct/memory.hpp:519:13: warning: unused function 'dpct_memset_d32' [-Wunused-function]
  519 | static void dpct_memset_d32(void *dev_ptr, unsigned int value, size_t size,
      |             ^~~~~~~~~~~~~~~
/home/yayoi/ghq/github.com/yqYo1/Strata/.worktree/sync-upstream-2026-10-05/sycl/include/dpct/memory.hpp:532:13: warning: unused function 'async_dpct_memset' [-Wunused-function]
  532 | static void async_dpct_memset(void *dev_ptr, int value, size_t size,
      |             ^~~~~~~~~~~~~~~~~
/home/yayoi/ghq/github.com/yqYo1/Strata/.worktree/sync-upstream-2026-10-05/sycl/include/dpct/memory.hpp:544:13: warning: unused function 'async_dpct_memset_d16' [-Wunused-function]
  544 | static void async_dpct_memset_d16(void *dev_ptr, unsigned short value, size_t size,
      |             ^~~~~~~~~~~~~~~~~~~~~
/home/yayoi/ghq/github.com/yqYo1/Strata/.worktree/sync-upstream-2026-10-05/sycl/include/dpct/memory.hpp:556:13: warning: unused function 'async_dpct_memset_d32' [-Wunused-function]
  556 | static void async_dpct_memset_d32(void *dev_ptr, unsigned int value, size_t size,
      |             ^~~~~~~~~~~~~~~~~~~~~
In file included from /home/yayoi/ghq/github.com/yqYo1/Strata/.worktree/sync-upstream-2026-10-05/sycl/src/kernels/cuda/qsa_decode_attn.dp.cpp:4:
In file included from /home/yayoi/ghq/github.com/yqYo1/Strata/.worktree/sync-upstream-2026-10-05/sycl/include/dpct/dpct.hpp:60:
/home/yayoi/ghq/github.com/yqYo1/Strata/.worktree/sync-upstream-2026-10-05/sycl/include/dpct/graph.hpp:136:1: warning: unused function 'add_empty_node' [-Wunused-function]
  136 | add_empty_node(dpct::experimental::node_ptr *newNode,
      | ^~~~~~~~~~~~~~
/home/yayoi/ghq/github.com/yqYo1/Strata/.worktree/sync-upstream-2026-10-05/sycl/include/dpct/graph.hpp:162:13: warning: unused function 'add_dependencies' [-Wunused-function]
  162 | static void add_dependencies(dpct::experimental::command_graph_ptr graph,
      |             ^~~~~~~~~~~~~~~~
/home/yayoi/ghq/github.com/yqYo1/Strata/.worktree/sync-upstream-2026-10-05/sycl/include/dpct/graph.hpp:176:13: warning: unused function 'get_nodes' [-Wunused-function]
  176 | static void get_nodes(dpct::experimental::command_graph_ptr graph,
      |             ^~~~~~~~~
/home/yayoi/ghq/github.com/yqYo1/Strata/.worktree/sync-upstream-2026-10-05/sycl/include/dpct/graph.hpp:187:13: warning: unused function 'get_root_nodes' [-Wunused-function]
  187 | static void get_root_nodes(dpct::experimental::command_graph_ptr graph,
      |             ^~~~~~~~~~~~~~
73 warnings generated.
In file included from /home/yayoi/ghq/github.com/yqYo1/Strata/.worktree/sync-upstream-2026-10-05/sycl/src/kernels/cuda/qsa_decode_attn.dp.cpp:4:
In file included from /home/yayoi/ghq/github.com/yqYo1/Strata/.worktree/sync-upstream-2026-10-05/sycl/include/dpct/dpct.hpp:53:
In file included from /home/yayoi/ghq/github.com/yqYo1/Strata/.worktree/sync-upstream-2026-10-05/sycl/include/dpct/image.hpp:14:
In file included from /home/yayoi/ghq/github.com/yqYo1/Strata/.worktree/sync-upstream-2026-10-05/sycl/include/dpct/memory.hpp:112:
/home/yayoi/ghq/github.com/yqYo1/Strata/.worktree/sync-upstream-2026-10-05/sycl/include/dpct/detail/memory_detail.hpp:343:30: warning: unused parameter 'direction' [-Wunused-parameter]
  343 |             memcpy_direction direction,
      |                              ^
/home/yayoi/ghq/github.com/yqYo1/Strata/.worktree/sync-upstream-2026-10-05/sycl/include/dpct/detail/memory_detail.hpp:901:29: warning: unused parameter 'cgh' [-Wunused-parameter]
  901 |   get_access(sycl::handler &cgh) {
      |                             ^
In file included from /home/yayoi/ghq/github.com/yqYo1/Strata/.worktree/sync-upstream-2026-10-05/sycl/src/kernels/cuda/qsa_decode_attn.dp.cpp:4:
In file included from /home/yayoi/ghq/github.com/yqYo1/Strata/.worktree/sync-upstream-2026-10-05/sycl/include/dpct/dpct.hpp:53:
In file included from /home/yayoi/ghq/github.com/yqYo1/Strata/.worktree/sync-upstream-2026-10-05/sycl/include/dpct/image.hpp:14:
/home/yayoi/ghq/github.com/yqYo1/Strata/.worktree/sync-upstream-2026-10-05/sycl/include/dpct/memory.hpp:816:23: warning: comparison of integers of different signs: 'int' and 'unsigned int' [-Wsign-compare]
  816 |     for (int i = 0; i < numAttributes; i++) {
      |                     ~ ^ ~~~~~~~~~~~~~
In file included from /home/yayoi/ghq/github.com/yqYo1/Strata/.worktree/sync-upstream-2026-10-05/sycl/src/kernels/cuda/qsa_decode_attn.dp.cpp:4:
In file included from /home/yayoi/ghq/github.com/yqYo1/Strata/.worktree/sync-upstream-2026-10-05/sycl/include/dpct/dpct.hpp:53:
In file included from /home/yayoi/ghq/github.com/yqYo1/Strata/.worktree/sync-upstream-2026-10-05/sycl/include/dpct/image.hpp:15:
/home/yayoi/ghq/github.com/yqYo1/Strata/.worktree/sync-upstream-2026-10-05/sycl/include/dpct/util.hpp:959:15: warning: comparison of integers of different signs: 'int' and 'size_t' (aka 'unsigned long') [-Wsign-compare]
  959 |   if (wg_size > max_wg_size) {
      |       ~~~~~~~ ^ ~~~~~~~~~~~
/home/yayoi/ghq/github.com/yqYo1/Strata/.worktree/sync-upstream-2026-10-05/sycl/include/dpct/util.hpp:1021:35: warning: comparison of integers of different signs: 'int' and 'size_t' (aka 'unsigned long') [-Wsign-compare]
 1021 |       max_ws_size_for_device_code >= max_wg_size)
      |       ~~~~~~~~~~~~~~~~~~~~~~~~~~~ ^  ~~~~~~~~~~~
/home/yayoi/ghq/github.com/yqYo1/Strata/.worktree/sync-upstream-2026-10-05/sycl/include/dpct/util.hpp:1291:17: warning: '&' within '|' [-Wbitwise-op-parentheses]
 1291 |     result = (a & b | c) ^ a;
      |               ~~^~~ ~
/home/yayoi/ghq/github.com/yqYo1/Strata/.worktree/sync-upstream-2026-10-05/sycl/include/dpct/util.hpp:1291:17: note: place parentheses around the '&' expression to silence this warning
 1291 |     result = (a & b | c) ^ a;
      |                 ^
      |               (    )
/home/yayoi/ghq/github.com/yqYo1/Strata/.worktree/sync-upstream-2026-10-05/sycl/include/dpct/util.hpp:1315:16: warning: '&' within '|' [-Wbitwise-op-parentheses]
 1315 |     result = a & (b | c) | (b & c);
      |              ~~^~~~~~~~~ ~
/home/yayoi/ghq/github.com/yqYo1/Strata/.worktree/sync-upstream-2026-10-05/sycl/include/dpct/util.hpp:1315:16: note: place parentheses around the '&' expression to silence this warning
 1315 |     result = a & (b | c) | (b & c);
      |                ^
      |              (          )
/home/yayoi/ghq/github.com/yqYo1/Strata/.worktree/sync-upstream-2026-10-05/sycl/include/dpct/util.hpp:1318:16: warning: '&' within '|' [-Wbitwise-op-parentheses]
 1318 |     result = a & b | c;
      |              ~~^~~ ~
/home/yayoi/ghq/github.com/yqYo1/Strata/.worktree/sync-upstream-2026-10-05/sycl/include/dpct/util.hpp:1318:16: note: place parentheses around the '&' expression to silence this warning
 1318 |     result = a & b | c;
      |                ^
      |              (    )
In file included from /home/yayoi/ghq/github.com/yqYo1/Strata/.worktree/sync-upstream-2026-10-05/sycl/src/kernels/cuda/qsa_decode_attn.dp.cpp:4:
In file included from /home/yayoi/ghq/github.com/yqYo1/Strata/.worktree/sync-upstream-2026-10-05/sycl/include/dpct/dpct.hpp:54:
/home/yayoi/ghq/github.com/yqYo1/Strata/.worktree/sync-upstream-2026-10-05/sycl/include/dpct/kernel.hpp:50:57: warning: unused parameter 'function' [-Wunused-parameter]
   50 |                                             const void *function) {
      |                                                         ^
/home/yayoi/ghq/github.com/yqYo1/Strata/.worktree/sync-upstream-2026-10-05/sycl/include/dpct/kernel.hpp:57:38: warning: unused parameter 'function' [-Wunused-parameter]
   57 | get_kernel_function_info(const void *function) {
      |                                      ^
In file included from /home/yayoi/ghq/github.com/yqYo1/Strata/.worktree/sync-upstream-2026-10-05/sycl/src/kernels/cuda/qsa_decode_attn.dp.cpp:4:
In file included from /home/yayoi/ghq/github.com/yqYo1/Strata/.worktree/sync-upstream-2026-10-05/sycl/include/dpct/dpct.hpp:59:
/home/yayoi/ghq/github.com/yqYo1/Strata/.worktree/sync-upstream-2026-10-05/sycl/include/dpct/bindless_images.hpp:629:35: warning: unused parameter 'q' [-Wunused-parameter]
  629 |   void unmap_resource(sycl::queue q) {
      |                                   ^
/home/yayoi/ghq/github.com/yqYo1/Strata/.worktree/sync-upstream-2026-10-05/sycl/include/dpct/bindless_images.hpp:656:9: warning: field '_res_external_mem' will be initialized after field '_res_reg_flags' [-Wreorder-ctor]
  656 |       : _res_external_mem(external_mem), _res_reg_flags(reg_flags) {}
      |         ^~~~~~~~~~~~~~~~~~~~~~~~~~~~~~~  ~~~~~~~~~~~~~~~~~~~~~~~~~
      |         _res_reg_flags(reg_flags)        _res_external_mem(external_mem)
/home/yayoi/ghq/github.com/yqYo1/Strata/.worktree/sync-upstream-2026-10-05/sycl/include/dpct/bindless_images.hpp:1163:24: warning: comparison of integers of different signs: 'size_t' (aka 'unsigned long') and 'int' [-Wsign-compare]
 1163 |   for (size_t i = 0; i < count; ++i) {
      |                      ~ ^ ~~~~~
/home/yayoi/ghq/github.com/yqYo1/Strata/.worktree/sync-upstream-2026-10-05/sycl/include/dpct/bindless_images.hpp:1350:21: warning: comparison of integers of different signs: 'int' and 'unsigned int' [-Wsign-compare]
 1350 |   for (int i = 0; i < numExtSems; i++) {
      |                   ~ ^ ~~~~~~~~~~
/home/yayoi/ghq/github.com/yqYo1/Strata/.worktree/sync-upstream-2026-10-05/sycl/include/dpct/bindless_images.hpp:1393:21: warning: comparison of integers of different signs: 'int' and 'unsigned int' [-Wsign-compare]
 1393 |   for (int i = 0; i < numExtSems; i++) {
      |                   ~ ^ ~~~~~~~~~~
/home/yayoi/ghq/github.com/yqYo1/Strata/.worktree/sync-upstream-2026-10-05/sycl/include/dpct/bindless_images.hpp:1686:60: warning: unused parameter 'channel' [-Wunused-parameter]
 1686 |   void attach(image_mem_wrapper *mem, const image_channel &channel,
      |                                                            ^
/home/yayoi/ghq/github.com/yqYo1/Strata/.worktree/sync-upstream-2026-10-05/sycl/src/kernels/cuda/qsa_decode_attn.dp.cpp:418:34: warning: unused parameter 'item_ct1' [-Wunused-parameter]
  418 |             [=](sycl::nd_item<3> item_ct1) [[sycl::reqd_sub_group_size(32)]] {
      |                                  ^
/home/yayoi/ghq/github.com/yqYo1/Strata/.worktree/sync-upstream-2026-10-05/sycl/src/kernels/cuda/qsa_decode_attn.dp.cpp:434:34: warning: unused parameter 'item_ct1' [-Wunused-parameter]
  434 |             [=](sycl::nd_item<3> item_ct1) [[sycl::reqd_sub_group_size(32)]] {
      |                                  ^
/home/yayoi/ghq/github.com/yqYo1/Strata/.worktree/sync-upstream-2026-10-05/sycl/src/kernels/cuda/qsa_decode_attn.dp.cpp:450:34: warning: unused parameter 'item_ct1' [-Wunused-parameter]
  450 |             [=](sycl::nd_item<3> item_ct1) [[sycl::reqd_sub_group_size(32)]] {
      |                                  ^
/home/yayoi/ghq/github.com/yqYo1/Strata/.worktree/sync-upstream-2026-10-05/sycl/src/kernels/cuda/qsa_decode_attn.dp.cpp:465:34: warning: unused parameter 'item_ct1' [-Wunused-parameter]
  465 |             [=](sycl::nd_item<3> item_ct1) [[sycl::reqd_sub_group_size(32)]] {
      |                                  ^
/home/yayoi/ghq/github.com/yqYo1/Strata/.worktree/sync-upstream-2026-10-05/sycl/src/kernels/cuda/qsa_decode_attn.dp.cpp:480:45: warning: unused parameter 'item_ct1' [-Wunused-parameter]
  480 |             exp_props, [=](sycl::nd_item<3> item_ct1) {
      |                                             ^
/home/yayoi/ghq/github.com/yqYo1/Strata/.worktree/sync-upstream-2026-10-05/sycl/src/kernels/cuda/qsa_decode_attn.dp.cpp:563:34: warning: unused parameter 'item_ct1' [-Wunused-parameter]
  563 |             [=](sycl::nd_item<3> item_ct1) [[sycl::reqd_sub_group_size(32)]] {
      |                                  ^
/home/yayoi/ghq/github.com/yqYo1/Strata/.worktree/sync-upstream-2026-10-05/sycl/src/kernels/cuda/qsa_decode_attn.dp.cpp:579:34: warning: unused parameter 'item_ct1' [-Wunused-parameter]
  579 |             [=](sycl::nd_item<3> item_ct1) [[sycl::reqd_sub_group_size(32)]] {
      |                                  ^
/home/yayoi/ghq/github.com/yqYo1/Strata/.worktree/sync-upstream-2026-10-05/sycl/src/kernels/cuda/qsa_decode_attn.dp.cpp:595:34: warning: unused parameter 'item_ct1' [-Wunused-parameter]
  595 |             [=](sycl::nd_item<3> item_ct1) [[sycl::reqd_sub_group_size(32)]] {
      |                                  ^
/home/yayoi/ghq/github.com/yqYo1/Strata/.worktree/sync-upstream-2026-10-05/sycl/src/kernels/cuda/qsa_decode_attn.dp.cpp:610:34: warning: unused parameter 'item_ct1' [-Wunused-parameter]
  610 |             [=](sycl::nd_item<3> item_ct1) [[sycl::reqd_sub_group_size(32)]] {
      |                                  ^
/home/yayoi/ghq/github.com/yqYo1/Strata/.worktree/sync-upstream-2026-10-05/sycl/src/kernels/cuda/qsa_decode_attn.dp.cpp:624:45: warning: unused parameter 'item_ct1' [-Wunused-parameter]
  624 |             exp_props, [=](sycl::nd_item<3> item_ct1) {
      |                                             ^
In file included from /home/yayoi/ghq/github.com/yqYo1/Strata/.worktree/sync-upstream-2026-10-05/sycl/src/kernels/cuda/qsa_decode_attn.dp.cpp:4:
In file included from /home/yayoi/ghq/github.com/yqYo1/Strata/.worktree/sync-upstream-2026-10-05/sycl/include/dpct/dpct.hpp:52:
/home/yayoi/ghq/github.com/yqYo1/Strata/.worktree/sync-upstream-2026-10-05/sycl/include/dpct/device.hpp:86:13: warning: unused function 'destroy_event' [-Wunused-function]
   86 | static void destroy_event(event_ptr event) {
      |             ^~~~~~~~~~~~~
In file included from /home/yayoi/ghq/github.com/yqYo1/Strata/.worktree/sync-upstream-2026-10-05/sycl/src/kernels/cuda/qsa_decode_attn.dp.cpp:4:
In file included from /home/yayoi/ghq/github.com/yqYo1/Strata/.worktree/sync-upstream-2026-10-05/sycl/include/dpct/dpct.hpp:53:
In file included from /home/yayoi/ghq/github.com/yqYo1/Strata/.worktree/sync-upstream-2026-10-05/sycl/include/dpct/image.hpp:14:
/home/yayoi/ghq/github.com/yqYo1/Strata/.worktree/sync-upstream-2026-10-05/sycl/include/dpct/memory.hpp:165:17: warning: 'static' function 'get_buffer' declared in header file should be declared 'static inline' [-Wunneeded-internal-declaration]
  165 | static buffer_t get_buffer(const void *ptr) {
      |                 ^~~~~~~~~~
/home/yayoi/ghq/github.com/yqYo1/Strata/.worktree/sync-upstream-2026-10-05/sycl/include/dpct/memory.hpp:141:36: warning: 'static' function 'get_buffer_and_offset' declared in header file should be declared 'static inline' [-Wunneeded-internal-declaration]
  141 | static std::pair<buffer_t, size_t> get_buffer_and_offset(const void *ptr) {
      |                                    ^~~~~~~~~~~~~~~~~~~~~
/home/yayoi/ghq/github.com/yqYo1/Strata/.worktree/sync-upstream-2026-10-05/sycl/include/dpct/memory.hpp:304:13: warning: unused function 'dpct_memcpy' [-Wunused-function]
  304 | static void dpct_memcpy(void *to_ptr, const void *from_ptr, size_t size,
      |             ^~~~~~~~~~~
/home/yayoi/ghq/github.com/yqYo1/Strata/.worktree/sync-upstream-2026-10-05/sycl/include/dpct/memory.hpp:322:13: warning: unused function 'dpct_memcpy' [-Wunused-function]
  322 | static void dpct_memcpy(void *to_ptr, int to_dev_id, const void *from_ptr,
      |             ^~~~~~~~~~~
/home/yayoi/ghq/github.com/yqYo1/Strata/.worktree/sync-upstream-2026-10-05/sycl/include/dpct/memory.hpp:340:13: warning: unused function 'async_dpct_memcpy' [-Wunused-function]
  340 | static void async_dpct_memcpy(void *to_ptr, const void *from_ptr, size_t size,
      |             ^~~~~~~~~~~~~~~~~
/home/yayoi/ghq/github.com/yqYo1/Strata/.worktree/sync-upstream-2026-10-05/sycl/include/dpct/memory.hpp:358:13: warning: unused function 'async_dpct_memcpy' [-Wunused-function]
  358 | static void async_dpct_memcpy(void *to_ptr, int to_dev_id, const void *from_ptr,
      |             ^~~~~~~~~~~~~~~~~
/home/yayoi/ghq/github.com/yqYo1/Strata/.worktree/sync-upstream-2026-10-05/sycl/include/dpct/memory.hpp:494:13: warning: unused function 'dpct_memset' [-Wunused-function]
  494 | static void dpct_memset(void *dev_ptr, int value, size_t size,
      |             ^~~~~~~~~~~
/home/yayoi/ghq/github.com/yqYo1/Strata/.worktree/sync-upstream-2026-10-05/sycl/include/dpct/memory.hpp:507:13: warning: unused function 'dpct_memset_d16' [-Wunused-function]
  507 | static void dpct_memset_d16(void *dev_ptr, unsigned short value, size_t size,
      |             ^~~~~~~~~~~~~~~
/home/yayoi/ghq/github.com/yqYo1/Strata/.worktree/sync-upstream-2026-10-05/sycl/include/dpct/memory.hpp:519:13: warning: unused function 'dpct_memset_d32' [-Wunused-function]
  519 | static void dpct_memset_d32(void *dev_ptr, unsigned int value, size_t size,
      |             ^~~~~~~~~~~~~~~
/home/yayoi/ghq/github.com/yqYo1/Strata/.worktree/sync-upstream-2026-10-05/sycl/include/dpct/memory.hpp:532:13: warning: unused function 'async_dpct_memset' [-Wunused-function]
  532 | static void async_dpct_memset(void *dev_ptr, int value, size_t size,
      |             ^~~~~~~~~~~~~~~~~
/home/yayoi/ghq/github.com/yqYo1/Strata/.worktree/sync-upstream-2026-10-05/sycl/include/dpct/memory.hpp:544:13: warning: unused function 'async_dpct_memset_d16' [-Wunused-function]
  544 | static void async_dpct_memset_d16(void *dev_ptr, unsigned short value, size_t size,
      |             ^~~~~~~~~~~~~~~~~~~~~
/home/yayoi/ghq/github.com/yqYo1/Strata/.worktree/sync-upstream-2026-10-05/sycl/include/dpct/memory.hpp:556:13: warning: unused function 'async_dpct_memset_d32' [-Wunused-function]
  556 | static void async_dpct_memset_d32(void *dev_ptr, unsigned int value, size_t size,
      |             ^~~~~~~~~~~~~~~~~~~~~
In file included from /home/yayoi/ghq/github.com/yqYo1/Strata/.worktree/sync-upstream-2026-10-05/sycl/src/kernels/cuda/qsa_decode_attn.dp.cpp:4:
In file included from /home/yayoi/ghq/github.com/yqYo1/Strata/.worktree/sync-upstream-2026-10-05/sycl/include/dpct/dpct.hpp:60:
/home/yayoi/ghq/github.com/yqYo1/Strata/.worktree/sync-upstream-2026-10-05/sycl/include/dpct/graph.hpp:136:1: warning: unused function 'add_empty_node' [-Wunused-function]
  136 | add_empty_node(dpct::experimental::node_ptr *newNode,
      | ^~~~~~~~~~~~~~
/home/yayoi/ghq/github.com/yqYo1/Strata/.worktree/sync-upstream-2026-10-05/sycl/include/dpct/graph.hpp:162:13: warning: unused function 'add_dependencies' [-Wunused-function]
  162 | static void add_dependencies(dpct::experimental::command_graph_ptr graph,
      |             ^~~~~~~~~~~~~~~~
/home/yayoi/ghq/github.com/yqYo1/Strata/.worktree/sync-upstream-2026-10-05/sycl/include/dpct/graph.hpp:176:13: warning: unused function 'get_nodes' [-Wunused-function]
  176 | static void get_nodes(dpct::experimental::command_graph_ptr graph,
      |             ^~~~~~~~~
/home/yayoi/ghq/github.com/yqYo1/Strata/.worktree/sync-upstream-2026-10-05/sycl/include/dpct/graph.hpp:187:13: warning: unused function 'get_root_nodes' [-Wunused-function]
  187 | static void get_root_nodes(dpct::experimental::command_graph_ptr graph,
      |             ^~~~~~~~~~~~~~
43 warnings generated.
[2/3] : && /usr/bin/cmake -E rm -f libstrata_kernels.a && /home/yayoi/.nix-profile/bin/ar qc libstrata_kernels.a  CMakeFiles/strata_kernels.dir/src/kernels/cuda/dequant_s2.dp.cpp.o CMakeFiles/strata_kernels.dir/src/kernels/cuda/s2_gemv.dp.cpp.o CMakeFiles/strata_kernels.dir/src/kernels/cuda/s_gemv.dp.cpp.o CMakeFiles/strata_kernels.dir/src/kernels/cuda/s2_gemv_quads.dp.cpp.o CMakeFiles/strata_kernels.dir/src/kernels/cuda/s2_gemv_fast.dp.cpp.o CMakeFiles/strata_kernels.dir/src/kernels/cuda/router_top10.dp.cpp.o CMakeFiles/strata_kernels.dir/src/kernels/cuda/quantize_act.dp.cpp.o CMakeFiles/strata_kernels.dir/src/kernels/cuda/rope.dp.cpp.o CMakeFiles/strata_kernels.dir/src/kernels/cuda/sampler.dp.cpp.o CMakeFiles/strata_kernels.dir/src/kernels/cuda/s2_gemv_q8.dp.cpp.o CMakeFiles/strata_kernels.dir/src/kernels/cuda/s2_expert_grouped.dp.cpp.o CMakeFiles/strata_kernels.dir/src/kernels/cuda/shared_expert.dp.cpp.o CMakeFiles/strata_kernels.dir/src/kernels/cuda/gr.dp.cpp.o CMakeFiles/strata_kernels.dir/src/kernels/cuda/gdn.dp.cpp.o CMakeFiles/strata_kernels.dir/src/kernels/cuda/qsa.dp.cpp.o CMakeFiles/strata_kernels.dir/src/kernels/cuda/elementwise.dp.cpp.o CMakeFiles/strata_kernels.dir/src/kernels/cuda/bf16_gemv.dp.cpp.o CMakeFiles/strata_kernels.dir/src/kernels/cuda/native_mmvq.dp.cpp.o CMakeFiles/strata_kernels.dir/src/kernels/cuda/native_bf16.dp.cpp.o CMakeFiles/strata_kernels.dir/src/kernels/cuda/native_gr_norm.dp.cpp.o CMakeFiles/strata_kernels.dir/src/kernels/cuda/native_moe.dp.cpp.o CMakeFiles/strata_kernels.dir/src/kernels/cuda/native_gdn.dp.cpp.o CMakeFiles/strata_kernels.dir/src/kernels/cuda/native_gr_postops.dp.cpp.o CMakeFiles/strata_kernels.dir/src/kernels/cuda/native_router.dp.cpp.o CMakeFiles/strata_kernels.dir/src/kernels/cuda/native_gdn_preprocess.dp.cpp.o CMakeFiles/strata_kernels.dir/src/kernels/cuda/native_qsa.dp.cpp.o CMakeFiles/strata_kernels.dir/src/kernels/cuda/native_rope.dp.cpp.o CMakeFiles/strata_kernels.dir/src/kernels/cuda/native_ple_postops.dp.cpp.o CMakeFiles/strata_kernels.dir/src/kernels/cuda/native_flash_attn.dp.cpp.o CMakeFiles/strata_kernels.dir/src/kernels/cuda/native_qsa_indexer.dp.cpp.o CMakeFiles/strata_kernels.dir/src/kernels/cuda/native_qsa_score.dp.cpp.o CMakeFiles/strata_kernels.dir/src/kernels/cuda/ple.dp.cpp.o CMakeFiles/strata_kernels.dir/src/kernels/cuda/kv_q8.dp.cpp.o CMakeFiles/strata_kernels.dir/src/kernels/cuda/kv_stream.dp.cpp.o CMakeFiles/strata_kernels.dir/src/kernels/cuda/kv_q4.dp.cpp.o CMakeFiles/strata_kernels.dir/src/kernels/cuda/fused_gr.dp.cpp.o CMakeFiles/strata_kernels.dir/src/kernels/cuda/cvec.dp.cpp.o CMakeFiles/strata_kernels.dir/src/kernels/cuda/qsa_decode_attn.dp.cpp.o CMakeFiles/strata_kernels.dir/src/kernels/cuda/qsa_prompt_attn.dp.cpp.o CMakeFiles/strata_kernels.dir/src/kernels/cuda/fused_gdn.dp.cpp.o CMakeFiles/strata_kernels.dir/src/kernels/cuda/dequant_bf16.dp.cpp.o CMakeFiles/strata_kernels.dir/src/kernels/cuda/qsa_select.dp.cpp.o CMakeFiles/strata_kernels.dir/src/kernels/cuda/verify_kernels.dp.cpp.o CMakeFiles/strata_kernels.dir/src/kernels/cuda/iq_kernels.dp.cpp.o CMakeFiles/strata_kernels.dir/home/yayoi/ghq/github.com/yqYo1/Strata/.worktree/sync-upstream-2026-10-05/src/kernels/ngram.cpp.o CMakeFiles/strata_kernels.dir/src/ngram/ple_reader.cpp.o CMakeFiles/strata_kernels.dir/src/platform/direct_file.cpp.o CMakeFiles/strata_kernels.dir/src/kernels/cuda/qsa_prompt_attn_xmx.dp.cpp.o && /home/yayoi/.nix-profile/bin/ranlib libstrata_kernels.a && :
[3/3] : && /opt/intel/oneapi/compiler/2026.1/bin/icpx -O3 -DNDEBUG -fsycl -Xsycl-target-backend=spir64 -cl-fp32-correctly-rounded-divide-sqrt -fsycl-device-code-split=per_kernel -qmkl=sequential CMakeFiles/strata.dir/src/program/generate.cpp.o -o strata  libstrata_engine.a  libstrata_prefill.a  libstrata_spec.a  libstrata_engine.a  libstrata_kernels.a  libstrata_core.a  libstrata_kernels_cpu.a  ggml/src/libggml-cpu.a  ggml/src/libggml-base.a  -lm && :
/usr/bin/ld: warning: libsvml.so, needed by /opt/intel/oneapi/compiler/2026.1/bin/compiler/../../lib/libOpenCL.so, not found (try using -rpath or -rpath-link)
/usr/bin/ld: warning: libirng.so, needed by /opt/intel/oneapi/compiler/2026.1/bin/compiler/../../lib/libOpenCL.so, not found (try using -rpath or -rpath-link)
/usr/bin/ld: warning: libimf.so, needed by /opt/intel/oneapi/compiler/2026.1/bin/compiler/../../lib/libOpenCL.so, not found (try using -rpath or -rpath-link)
/usr/bin/ld: warning: libintlc.so.5, needed by /opt/intel/oneapi/compiler/2026.1/bin/compiler/../../lib/libOpenCL.so, not found (try using -rpath or -rpath-link)
